==============================================================
Vitis HLS - High-Level Synthesis from C, C++ and OpenCL v2024.2 (64-bit)
Tool Version Limit: 2024.11
Copyright 1986-2022 Xilinx, Inc. All Rights Reserved.
Copyright 2022-2024 Advanced Micro Devices, Inc. All Rights Reserved.

==============================================================
INFO: [HLS 200-1505] Using flow_target 'vivado'
INFO: [HLS 200-1510] Running: set_part xc7z020clg400-1 
INFO: [HLS 200-1611] Setting target device to 'xc7z020-clg400-1'
INFO: [HLS 200-1510] Running: create_clock -period 7 -name default 
INFO: [SYN 201-201] Setting up clock 'default' with a period of 7ns.
INFO: [HLS 200-1510] Running: csynth_design 
INFO: [HLS 200-111] Finished File checks and directory preparation: CPU user time: 0 seconds. CPU system time: 0 seconds. Elapsed time: 0.062 seconds; current allocated memory: 150.980 MB.
INFO: [HLS 200-10] Analyzing design file 'dwconv7_ip.cpp' ... 
INFO: [HLS 200-111] Finished Source Code Analysis and Preprocessing: CPU user time: 0 seconds. CPU system time: 0 seconds. Elapsed time: 3.16 seconds; current allocated memory: 153.961 MB.
INFO: [HLS 200-777] Using interface defaults for 'Vivado' flow target.
INFO: [HLS 200-1995] There were 851 instructions in the design after the 'Compile/Link' phase of compilation. See the Design Size Report for more details: E:/codes/microzed/fastvit_hls/dwconv7_ip/dwconv7_ip_proj/solution1/syn/report/csynth_design_size.rpt
INFO: [HLS 200-1995] There were 564 instructions in the design after the 'Unroll/Inline (step 1)' phase of compilation. See the Design Size Report for more details: E:/codes/microzed/fastvit_hls/dwconv7_ip/dwconv7_ip_proj/solution1/syn/report/csynth_design_size.rpt
INFO: [HLS 200-1995] There were 490 instructions in the design after the 'Unroll/Inline (step 2)' phase of compilation. See the Design Size Report for more details: E:/codes/microzed/fastvit_hls/dwconv7_ip/dwconv7_ip_proj/solution1/syn/report/csynth_design_size.rpt
INFO: [HLS 200-1995] There were 462 instructions in the design after the 'Unroll/Inline (step 3)' phase of compilation. See the Design Size Report for more details: E:/codes/microzed/fastvit_hls/dwconv7_ip/dwconv7_ip_proj/solution1/syn/report/csynth_design_size.rpt
INFO: [HLS 200-1995] There were 459 instructions in the design after the 'Unroll/Inline (step 4)' phase of compilation. See the Design Size Report for more details: E:/codes/microzed/fastvit_hls/dwconv7_ip/dwconv7_ip_proj/solution1/syn/report/csynth_design_size.rpt
INFO: [HLS 200-1995] There were 645 instructions in the design after the 'Array/Struct (step 1)' phase of compilation. See the Design Size Report for more details: E:/codes/microzed/fastvit_hls/dwconv7_ip/dwconv7_ip_proj/solution1/syn/report/csynth_design_size.rpt
INFO: [HLS 200-1995] There were 582 instructions in the design after the 'Array/Struct (step 2)' phase of compilation. See the Design Size Report for more details: E:/codes/microzed/fastvit_hls/dwconv7_ip/dwconv7_ip_proj/solution1/syn/report/csynth_design_size.rpt
INFO: [HLS 200-1995] There were 582 instructions in the design after the 'Array/Struct (step 3)' phase of compilation. See the Design Size Report for more details: E:/codes/microzed/fastvit_hls/dwconv7_ip/dwconv7_ip_proj/solution1/syn/report/csynth_design_size.rpt
INFO: [HLS 200-1995] There were 572 instructions in the design after the 'Array/Struct (step 4)' phase of compilation. See the Design Size Report for more details: E:/codes/microzed/fastvit_hls/dwconv7_ip/dwconv7_ip_proj/solution1/syn/report/csynth_design_size.rpt
INFO: [HLS 200-1995] There were 583 instructions in the design after the 'Array/Struct (step 5)' phase of compilation. See the Design Size Report for more details: E:/codes/microzed/fastvit_hls/dwconv7_ip/dwconv7_ip_proj/solution1/syn/report/csynth_design_size.rpt
INFO: [HLS 200-1995] There were 580 instructions in the design after the 'Performance (step 1)' phase of compilation. See the Design Size Report for more details: E:/codes/microzed/fastvit_hls/dwconv7_ip/dwconv7_ip_proj/solution1/syn/report/csynth_design_size.rpt
INFO: [HLS 200-1995] There were 580 instructions in the design after the 'Performance (step 2)' phase of compilation. See the Design Size Report for more details: E:/codes/microzed/fastvit_hls/dwconv7_ip/dwconv7_ip_proj/solution1/syn/report/csynth_design_size.rpt
INFO: [HLS 200-1995] There were 693 instructions in the design after the 'Performance (step 3)' phase of compilation. See the Design Size Report for more details: E:/codes/microzed/fastvit_hls/dwconv7_ip/dwconv7_ip_proj/solution1/syn/report/csynth_design_size.rpt
INFO: [HLS 200-1995] There were 662 instructions in the design after the 'Performance (step 4)' phase of compilation. See the Design Size Report for more details: E:/codes/microzed/fastvit_hls/dwconv7_ip/dwconv7_ip_proj/solution1/syn/report/csynth_design_size.rpt
INFO: [HLS 200-1995] There were 692 instructions in the design after the 'HW Transforms (step 1)' phase of compilation. See the Design Size Report for more details: E:/codes/microzed/fastvit_hls/dwconv7_ip/dwconv7_ip_proj/solution1/syn/report/csynth_design_size.rpt
INFO: [HLS 200-1995] There were 730 instructions in the design after the 'HW Transforms (step 2)' phase of compilation. See the Design Size Report for more details: E:/codes/microzed/fastvit_hls/dwconv7_ip/dwconv7_ip_proj/solution1/syn/report/csynth_design_size.rpt
INFO: [HLS 214-131] Inlining function 'apply_act(ap_int<32>, int, int)' into 'dwconv7_ip(ap_int<8>*, ap_int<8>*, ap_int<32>*, ap_int<8>*, int, int, int, int, int)' (dwconv7_ip.cpp:169:33)
INFO: [HLS 214-291] Loop 'VITIS_LOOP_85_2' is marked as complete unroll implied by the pipeline pragma (dwconv7_ip.cpp:85:19)
INFO: [HLS 214-291] Loop 'VITIS_LOOP_115_4' is marked as complete unroll implied by the pipeline pragma (dwconv7_ip.cpp:115:20)
INFO: [HLS 214-291] Loop 'VITIS_LOOP_131_6' is marked as complete unroll implied by the pipeline pragma (dwconv7_ip.cpp:131:20)
INFO: [HLS 214-291] Loop 'COMPUTE_DW7_TN' is marked as complete unroll implied by the pipeline pragma (dwconv7_ip.cpp:149:33)
INFO: [HLS 214-291] Loop 'VITIS_LOOP_166_8' is marked as complete unroll implied by the pipeline pragma (dwconv7_ip.cpp:166:20)
WARNING: [HLS 214-398] Updating loop lower bound from 7 to 10 for loop 'VITIS_LOOP_112_3' (dwconv7_ip.cpp:112:39) in function 'dwconv7_ip'. (dwconv7_ip.cpp:46:0)
INFO: [HLS 214-186] Unrolling loop 'VITIS_LOOP_85_2' (dwconv7_ip.cpp:85:19) in function 'dwconv7_ip' completely with a factor of 7 (dwconv7_ip.cpp:46:0)
INFO: [HLS 214-186] Unrolling loop 'VITIS_LOOP_115_4' (dwconv7_ip.cpp:115:20) in function 'dwconv7_ip' completely with a factor of 10 (dwconv7_ip.cpp:46:0)
INFO: [HLS 214-186] Unrolling loop 'VITIS_LOOP_131_6' (dwconv7_ip.cpp:131:20) in function 'dwconv7_ip' completely with a factor of 4 (dwconv7_ip.cpp:46:0)
INFO: [HLS 214-186] Unrolling loop 'COMPUTE_DW7_TN' (dwconv7_ip.cpp:149:33) in function 'dwconv7_ip' completely with a factor of 2 (dwconv7_ip.cpp:46:0)
INFO: [HLS 214-248] Applying array_partition to '_ZL11dw7_out_buf': Complete partitioning on dimension 1. (dwconv7_ip.cpp:23:0)
INFO: [HLS 214-248] Applying array_partition to '_ZL10dw7_wt_buf': Complete partitioning on dimension 1. (dwconv7_ip.cpp:22:0)
INFO: [HLS 214-248] Applying array_partition to '_ZL10dw7_in_buf': Complete partitioning on dimension 1. (dwconv7_ip.cpp:21:0)
INFO: [HLS 214-270] Inferring pragma 'array_partition type=complete dim=2' for array '_ZL11dw7_out_buf_0' due to pipeline pragma (dwconv7_ip.cpp:130:9)
INFO: [HLS 214-270] Inferring pragma 'array_partition type=complete dim=2' for array '_ZL11dw7_out_buf_1' due to pipeline pragma (dwconv7_ip.cpp:130:9)
INFO: [HLS 214-248] Applying array_partition to '_ZL11dw7_out_buf_1': Complete partitioning on dimension 2.
INFO: [HLS 214-248] Applying array_partition to '_ZL11dw7_out_buf_0': Complete partitioning on dimension 2.
INFO: [HLS 214-115] Multiple burst writes of variable length and bit width 8 in loop 'VITIS_LOOP_166_8'(dwconv7_ip.cpp:166:20) has been inferred on bundle 'gmem3'. These burst requests might be further partitioned into multiple requests during RTL generation, based on max_read_burst_length or max_write_burst_length settings. (dwconv7_ip.cpp:166:20)
INFO: [HLS 214-115] Multiple burst reads of length 5 and bit width 8 has been inferred on bundle 'gmem1'. These burst requests might be further partitioned into multiple requests during RTL generation, based on max_read_burst_length or max_write_burst_length settings. (dwconv7_ip.cpp:87:25)
INFO: [HLS 214-115] Multiple burst reads of length 2 and bit width 8 has been inferred on bundle 'gmem1'. These burst requests might be further partitioned into multiple requests during RTL generation, based on max_read_burst_length or max_write_burst_length settings. (dwconv7_ip.cpp:87:25)
WARNING: [HLS 214-187] Cannot unroll loop 'VITIS_LOOP_166_8' (dwconv7_ip.cpp:166:20) in function 'dwconv7_ip' as it has a variable trip count (dwconv7_ip.cpp:166:20)
INFO: [HLS 200-111] Finished Compiling Optimization and Transform: CPU user time: 1 seconds. CPU system time: 0 seconds. Elapsed time: 9.435 seconds; current allocated memory: 156.078 MB.
INFO: [HLS 200-111] Finished Checking Pragmas: CPU user time: 0 seconds. CPU system time: 0 seconds. Elapsed time: 0.002 seconds; current allocated memory: 156.082 MB.
INFO: [HLS 200-10] Starting code transformations ...
INFO: [HLS 200-111] Finished Standard Transforms: CPU user time: 0 seconds. CPU system time: 0 seconds. Elapsed time: 0.064 seconds; current allocated memory: 162.223 MB.
INFO: [HLS 200-10] Checking synthesizability ...
INFO: [HLS 200-111] Finished Checking Synthesizability: CPU user time: 0 seconds. CPU system time: 0 seconds. Elapsed time: 0.065 seconds; current allocated memory: 164.254 MB.
INFO: [XFORM 203-11] Balancing expressions in function 'dwconv7_ip' (dwconv7_ip.cpp:27:39)...10 expression(s) balanced.
INFO: [HLS 200-111] Finished Loop, function and other optimizations: CPU user time: 0 seconds. CPU system time: 0 seconds. Elapsed time: 0.273 seconds; current allocated memory: 188.453 MB.
INFO: [HLS 200-2061] Successfully converted nested loops 'LOAD_DW7_WT'(dwconv7_ip.cpp:81:9) and 'VITIS_LOOP_83_1'(dwconv7_ip.cpp:83:30) in function 'dwconv7_ip' into perfectly nested loops.
INFO: [HLS 200-2061] Successfully converted nested loops 'LOAD_DW7_IN'(dwconv7_ip.cpp:110:17) and 'VITIS_LOOP_112_3'(dwconv7_ip.cpp:112:39) in function 'dwconv7_ip' into perfectly nested loops.
INFO: [HLS 200-2061] Successfully converted nested loops 'CLEAR_DW7_OUT'(dwconv7_ip.cpp:128:17) and 'VITIS_LOOP_129_5'(dwconv7_ip.cpp:129:39) in function 'dwconv7_ip' into perfectly nested loops.
INFO: [HLS 200-2061] Successfully converted nested loops 'COMPUTE_DW7_TR'(dwconv7_ip.cpp:144:25) and 'COMPUTE_DW7_TC'(dwconv7_ip.cpp:146:29) in function 'dwconv7_ip' into perfectly nested loops.
INFO: [HLS 200-2061] Successfully converted nested loops 'COMPUTE_DW7_KW'(dwconv7_ip.cpp:142:21) and 'COMPUTE_DW7_TR'(dwconv7_ip.cpp:144:25) in function 'dwconv7_ip' into perfectly nested loops.
INFO: [HLS 200-2061] Successfully converted nested loops 'COMPUTE_DW7_KH'(dwconv7_ip.cpp:140:17) and 'COMPUTE_DW7_KW'(dwconv7_ip.cpp:142:21) in function 'dwconv7_ip' into perfectly nested loops.
INFO: [XFORM 203-541] Flattening a loop nest 'LOAD_DW7_WT' (dwconv7_ip.cpp:81:9) in function 'dwconv7_ip'.
INFO: [XFORM 203-541] Flattening a loop nest 'LOAD_DW7_IN' (dwconv7_ip.cpp:110:17) in function 'dwconv7_ip'.
INFO: [XFORM 203-541] Flattening a loop nest 'CLEAR_DW7_OUT' (dwconv7_ip.cpp:128:17) in function 'dwconv7_ip'.
INFO: [XFORM 203-541] Flattening a loop nest 'COMPUTE_DW7_TR' (dwconv7_ip.cpp:144:25) in function 'dwconv7_ip'.
INFO: [XFORM 203-541] Flattening a loop nest 'COMPUTE_DW7_KW' (dwconv7_ip.cpp:142:21) in function 'dwconv7_ip'.
INFO: [XFORM 203-541] Flattening a loop nest 'COMPUTE_DW7_KH' (dwconv7_ip.cpp:140:17) in function 'dwconv7_ip'.
INFO: [XFORM 203-541] Flattening a loop nest 'WRITE_DW7_OUT' (dwconv7_ip.cpp:162:17) in function 'dwconv7_ip'.
INFO: [HLS 200-111] Finished Architecture Synthesis: CPU user time: 0 seconds. CPU system time: 0 seconds. Elapsed time: 0.393 seconds; current allocated memory: 218.723 MB.
INFO: [HLS 200-10] Starting hardware synthesis ...
INFO: [HLS 200-10] Synthesizing 'dwconv7_ip' ...
INFO: [HLS 200-10] ----------------------------------------------------------------
INFO: [HLS 200-42] -- Implementing module 'dwconv7_ip_Pipeline_LOAD_DW7_WT_VITIS_LOOP_83_1' 
INFO: [HLS 200-10] ----------------------------------------------------------------
INFO: [SCHED 204-11] Starting scheduling ...
INFO: [SCHED 204-61] Pipelining loop 'LOAD_DW7_WT_VITIS_LOOP_83_1'.
WARNING: [HLS 200-880] The II Violation in module 'dwconv7_ip_Pipeline_LOAD_DW7_WT_VITIS_LOOP_83_1' (loop 'LOAD_DW7_WT_VITIS_LOOP_83_1'): Unable to enforce a carried dependence constraint (II = 1, distance = 1, offset = 1) between bus read operation ('gmem1_addr_read_4', dwconv7_ip.cpp:87) on port 'gmem1' (dwconv7_ip.cpp:87) and bus read operation ('gmem1_addr_read', dwconv7_ip.cpp:87) on port 'gmem1' (dwconv7_ip.cpp:87).
WARNING: [HLS 200-880] The II Violation in module 'dwconv7_ip_Pipeline_LOAD_DW7_WT_VITIS_LOOP_83_1' (loop 'LOAD_DW7_WT_VITIS_LOOP_83_1'): Unable to enforce a carried dependence constraint (II = 2, distance = 1, offset = 1) between bus read operation ('gmem1_addr_read_4', dwconv7_ip.cpp:87) on port 'gmem1' (dwconv7_ip.cpp:87) and bus read operation ('gmem1_addr_read', dwconv7_ip.cpp:87) on port 'gmem1' (dwconv7_ip.cpp:87).
WARNING: [HLS 200-880] The II Violation in module 'dwconv7_ip_Pipeline_LOAD_DW7_WT_VITIS_LOOP_83_1' (loop 'LOAD_DW7_WT_VITIS_LOOP_83_1'): Unable to enforce a carried dependence constraint (II = 3, distance = 1, offset = 1) between bus read operation ('gmem1_addr_read_4', dwconv7_ip.cpp:87) on port 'gmem1' (dwconv7_ip.cpp:87) and bus read operation ('gmem1_addr_read', dwconv7_ip.cpp:87) on port 'gmem1' (dwconv7_ip.cpp:87).
WARNING: [HLS 200-880] The II Violation in module 'dwconv7_ip_Pipeline_LOAD_DW7_WT_VITIS_LOOP_83_1' (loop 'LOAD_DW7_WT_VITIS_LOOP_83_1'): Unable to enforce a carried dependence constraint (II = 4, distance = 1, offset = 1) between bus read operation ('gmem1_addr_read_4', dwconv7_ip.cpp:87) on port 'gmem1' (dwconv7_ip.cpp:87) and bus read operation ('gmem1_addr_read', dwconv7_ip.cpp:87) on port 'gmem1' (dwconv7_ip.cpp:87).
WARNING: [HLS 200-880] The II Violation in module 'dwconv7_ip_Pipeline_LOAD_DW7_WT_VITIS_LOOP_83_1' (loop 'LOAD_DW7_WT_VITIS_LOOP_83_1'): Unable to enforce a carried dependence constraint (II = 5, distance = 1, offset = 1) between bus request operation ('empty_34', dwconv7_ip.cpp:87) on port 'gmem1' (dwconv7_ip.cpp:87) and bus request operation ('empty_35', dwconv7_ip.cpp:87) on port 'gmem1' (dwconv7_ip.cpp:87).
WARNING: [HLS 200-885] The II Violation in module 'dwconv7_ip_Pipeline_LOAD_DW7_WT_VITIS_LOOP_83_1' (loop 'LOAD_DW7_WT_VITIS_LOOP_83_1'): Unable to schedule bus read operation ('gmem1_addr_1_read_1', dwconv7_ip.cpp:87) on port 'gmem1' (dwconv7_ip.cpp:87) due to limited memory ports (II = 6). Please consider using a memory core with more ports or partitioning the array.
INFO: [HLS 200-1470] Pipelining result : Target II = 1, Final II = 7, Depth = 21, loop 'LOAD_DW7_WT_VITIS_LOOP_83_1'
INFO: [SCHED 204-11] Finished scheduling.
INFO: [HLS 200-111] Finished Scheduling: CPU user time: 1 seconds. CPU system time: 0 seconds. Elapsed time: 0.353 seconds; current allocated memory: 223.383 MB.
INFO: [BIND 205-100] Starting micro-architecture generation ...
INFO: [BIND 205-101] Performing variable lifetime analysis.
INFO: [BIND 205-101] Exploring resource sharing.
INFO: [BIND 205-101] Binding ...
INFO: [BIND 205-100] Finished micro-architecture generation.
INFO: [HLS 200-111] Finished Binding: CPU user time: 0 seconds. CPU system time: 0 seconds. Elapsed time: 0.072 seconds; current allocated memory: 224.520 MB.
INFO: [HLS 200-10] ----------------------------------------------------------------
INFO: [HLS 200-42] -- Implementing module 'dwconv7_ip_Pipeline_LOAD_DW7_IN_VITIS_LOOP_112_3' 
INFO: [HLS 200-10] ----------------------------------------------------------------
INFO: [SCHED 204-11] Starting scheduling ...
INFO: [SCHED 204-61] Pipelining loop 'LOAD_DW7_IN_VITIS_LOOP_112_3'.
WARNING: [HLS 200-885] The II Violation in module 'dwconv7_ip_Pipeline_LOAD_DW7_IN_VITIS_LOOP_112_3' (loop 'LOAD_DW7_IN_VITIS_LOOP_112_3'): Unable to schedule bus request operation ('gmem0_load_1_req', dwconv7_ip.cpp:121) on port 'gmem0' (dwconv7_ip.cpp:121) due to limited memory ports (II = 1). Please consider using a memory core with more ports or partitioning the array.
WARNING: [HLS 200-885] The II Violation in module 'dwconv7_ip_Pipeline_LOAD_DW7_IN_VITIS_LOOP_112_3' (loop 'LOAD_DW7_IN_VITIS_LOOP_112_3'): Unable to schedule bus request operation ('gmem0_load_2_req', dwconv7_ip.cpp:121) on port 'gmem0' (dwconv7_ip.cpp:121) due to limited memory ports (II = 2). Please consider using a memory core with more ports or partitioning the array.
WARNING: [HLS 200-885] The II Violation in module 'dwconv7_ip_Pipeline_LOAD_DW7_IN_VITIS_LOOP_112_3' (loop 'LOAD_DW7_IN_VITIS_LOOP_112_3'): Unable to schedule bus request operation ('gmem0_load_3_req', dwconv7_ip.cpp:121) on port 'gmem0' (dwconv7_ip.cpp:121) due to limited memory ports (II = 3). Please consider using a memory core with more ports or partitioning the array.
WARNING: [HLS 200-885] The II Violation in module 'dwconv7_ip_Pipeline_LOAD_DW7_IN_VITIS_LOOP_112_3' (loop 'LOAD_DW7_IN_VITIS_LOOP_112_3'): Unable to schedule bus request operation ('gmem0_load_4_req', dwconv7_ip.cpp:121) on port 'gmem0' (dwconv7_ip.cpp:121) due to limited memory ports (II = 4). Please consider using a memory core with more ports or partitioning the array.
WARNING: [HLS 200-885] The II Violation in module 'dwconv7_ip_Pipeline_LOAD_DW7_IN_VITIS_LOOP_112_3' (loop 'LOAD_DW7_IN_VITIS_LOOP_112_3'): Unable to schedule bus request operation ('gmem0_load_7_req', dwconv7_ip.cpp:121) on port 'gmem0' (dwconv7_ip.cpp:121) due to limited memory ports (II = 7). Please consider using a memory core with more ports or partitioning the array.
WARNING: [HLS 200-885] The II Violation in module 'dwconv7_ip_Pipeline_LOAD_DW7_IN_VITIS_LOOP_112_3' (loop 'LOAD_DW7_IN_VITIS_LOOP_112_3'): Unable to schedule bus request operation ('gmem0_load_9_req', dwconv7_ip.cpp:121) on port 'gmem0' (dwconv7_ip.cpp:121) due to limited memory ports (II = 9). Please consider using a memory core with more ports or partitioning the array.
INFO: [HLS 200-1470] Pipelining result : Target II = 1, Final II = 10, Depth = 34, loop 'LOAD_DW7_IN_VITIS_LOOP_112_3'
WARNING: [HLS 200-871] Estimated clock period (6.978 ns) exceeds the target (target clock period: 7.000 ns, clock uncertainty: 1.890 ns, effective delay budget: 5.110 ns).
WARNING: [HLS 200-1016] The critical path in module 'dwconv7_ip_Pipeline_LOAD_DW7_IN_VITIS_LOOP_112_3' consists of the following:
	'mul' operation 64 bit ('empty_40', dwconv7_ip.cpp:110) [185]  (6.978 ns)

INFO: [SCHED 204-11] Finished scheduling.
INFO: [HLS 200-111] Finished Scheduling: CPU user time: 0 seconds. CPU system time: 0 seconds. Elapsed time: 0.532 seconds; current allocated memory: 228.914 MB.
INFO: [BIND 205-100] Starting micro-architecture generation ...
INFO: [BIND 205-101] Performing variable lifetime analysis.
INFO: [BIND 205-101] Exploring resource sharing.
INFO: [BIND 205-101] Binding ...
INFO: [BIND 205-100] Finished micro-architecture generation.
INFO: [HLS 200-111] Finished Binding: CPU user time: 0 seconds. CPU system time: 0 seconds. Elapsed time: 0.111 seconds; current allocated memory: 229.180 MB.
INFO: [HLS 200-10] ----------------------------------------------------------------
INFO: [HLS 200-42] -- Implementing module 'dwconv7_ip_Pipeline_CLEAR_DW7_OUT_VITIS_LOOP_129_5' 
INFO: [HLS 200-10] ----------------------------------------------------------------
INFO: [SCHED 204-11] Starting scheduling ...
INFO: [SCHED 204-61] Pipelining loop 'CLEAR_DW7_OUT_VITIS_LOOP_129_5'.
INFO: [HLS 200-1470] Pipelining result : Target II = 1, Final II = 1, Depth = 13, loop 'CLEAR_DW7_OUT_VITIS_LOOP_129_5'
WARNING: [HLS 200-871] Estimated clock period (5.868 ns) exceeds the target (target clock period: 7.000 ns, clock uncertainty: 1.890 ns, effective delay budget: 5.110 ns).
WARNING: [HLS 200-1016] The critical path in module 'dwconv7_ip_Pipeline_CLEAR_DW7_OUT_VITIS_LOOP_129_5' consists of the following:
	'load' operation 3 bit ('r_load', dwconv7_ip.cpp:129) on local variable 'r', dwconv7_ip.cpp:129 [31]  (0.000 ns)
	'icmp' operation 1 bit ('icmp_ln129', dwconv7_ip.cpp:129) [36]  (1.650 ns)
	'select' operation 3 bit ('select_ln128', dwconv7_ip.cpp:128) [37]  (0.980 ns)
	'add' operation 3 bit ('add_ln129', dwconv7_ip.cpp:129) [76]  (1.650 ns)
	'store' operation 0 bit ('r_write_ln129', dwconv7_ip.cpp:129) of variable 'add_ln129', dwconv7_ip.cpp:129 on local variable 'r', dwconv7_ip.cpp:129 [79]  (1.588 ns)

INFO: [SCHED 204-11] Finished scheduling.
INFO: [HLS 200-111] Finished Scheduling: CPU user time: 0 seconds. CPU system time: 0 seconds. Elapsed time: 0.157 seconds; current allocated memory: 229.492 MB.
INFO: [BIND 205-100] Starting micro-architecture generation ...
INFO: [BIND 205-101] Performing variable lifetime analysis.
INFO: [BIND 205-101] Exploring resource sharing.
INFO: [BIND 205-101] Binding ...
INFO: [BIND 205-100] Finished micro-architecture generation.
INFO: [HLS 200-111] Finished Binding: CPU user time: 0 seconds. CPU system time: 0 seconds. Elapsed time: 0.058 seconds; current allocated memory: 229.641 MB.
INFO: [HLS 200-10] ----------------------------------------------------------------
INFO: [HLS 200-42] -- Implementing module 'dwconv7_ip_Pipeline_COMPUTE_DW7_KH_COMPUTE_DW7_KW_COMPUTE_DW7_TR_COMPUTE_DW7_TC' 
INFO: [HLS 200-10] ----------------------------------------------------------------
INFO: [SCHED 204-11] Starting scheduling ...
INFO: [HLS 200-486] Changing DSP latency (root=add_ln151_1) to 3 in order to utilize available DSP registers.
INFO: [HLS 200-486] Changing DSP latency (root=add_ln151) to 3 in order to utilize available DSP registers.
INFO: [SCHED 204-61] Pipelining loop 'COMPUTE_DW7_KH_COMPUTE_DW7_KW_COMPUTE_DW7_TR_COMPUTE_DW7_TC'.
INFO: [HLS 200-1470] Pipelining result : Target II = 1, Final II = 1, Depth = 8, loop 'COMPUTE_DW7_KH_COMPUTE_DW7_KW_COMPUTE_DW7_TR_COMPUTE_DW7_TC'
WARNING: [HLS 200-871] Estimated clock period (6.846 ns) exceeds the target (target clock period: 7.000 ns, clock uncertainty: 1.890 ns, effective delay budget: 5.110 ns).
WARNING: [HLS 200-1016] The critical path in module 'dwconv7_ip_Pipeline_COMPUTE_DW7_KH_COMPUTE_DW7_KW_COMPUTE_DW7_TR_COMPUTE_DW7_TC' consists of the following:
	'load' operation 3 bit ('c_load', dwconv7_ip.cpp:146) on local variable 'c', dwconv7_ip.cpp:146 [36]  (0.000 ns)
	'icmp' operation 1 bit ('icmp_ln146', dwconv7_ip.cpp:146) [46]  (1.650 ns)
	'and' operation 1 bit ('icmp_ln146_mid232', dwconv7_ip.cpp:140) [56]  (0.978 ns)
	'or' operation 1 bit ('empty_41', dwconv7_ip.cpp:140) [59]  (0.000 ns)
	'or' operation 1 bit ('empty_42', dwconv7_ip.cpp:140) [60]  (0.000 ns)
	'select' operation 3 bit ('c_1_mid2', dwconv7_ip.cpp:140) [61]  (0.980 ns)
	'add' operation 3 bit ('add_ln146', dwconv7_ip.cpp:146) [139]  (1.650 ns)
	'store' operation 0 bit ('c_write_ln146', dwconv7_ip.cpp:146) of variable 'add_ln146', dwconv7_ip.cpp:146 on local variable 'c', dwconv7_ip.cpp:146 [150]  (1.588 ns)

INFO: [SCHED 204-11] Finished scheduling.
INFO: [HLS 200-111] Finished Scheduling: CPU user time: 1 seconds. CPU system time: 0 seconds. Elapsed time: 0.16 seconds; current allocated memory: 230.422 MB.
INFO: [BIND 205-100] Starting micro-architecture generation ...
INFO: [BIND 205-101] Performing variable lifetime analysis.
INFO: [BIND 205-101] Exploring resource sharing.
INFO: [BIND 205-101] Binding ...
INFO: [BIND 205-100] Finished micro-architecture generation.
INFO: [HLS 200-111] Finished Binding: CPU user time: 0 seconds. CPU system time: 0 seconds. Elapsed time: 0.087 seconds; current allocated memory: 230.582 MB.
INFO: [HLS 200-10] ----------------------------------------------------------------
INFO: [HLS 200-42] -- Implementing module 'dwconv7_ip' 
INFO: [HLS 200-10] ----------------------------------------------------------------
INFO: [SCHED 204-11] Starting scheduling ...
WARNING: [SCHED 204-65] Unable to satisfy pipeline directive for loop 'WRITE_DW7_OUT_VITIS_LOOP_164_7': contains subloop(s) that are not unrolled or flattened.
WARNING: [HLS 200-871] Estimated clock period (6.978 ns) exceeds the target (target clock period: 7.000 ns, clock uncertainty: 1.890 ns, effective delay budget: 5.110 ns).
WARNING: [HLS 200-1016] The critical path in module 'dwconv7_ip' consists of the following:
	'mul' operation 64 bit ('tmp5', dwconv7_ip.cpp:164) [252]  (6.978 ns)

INFO: [SCHED 204-11] Finished scheduling.
INFO: [HLS 200-111] Finished Scheduling: CPU user time: 0 seconds. CPU system time: 0 seconds. Elapsed time: 0.209 seconds; current allocated memory: 232.320 MB.
INFO: [BIND 205-100] Starting micro-architecture generation ...
INFO: [BIND 205-101] Performing variable lifetime analysis.
INFO: [BIND 205-101] Exploring resource sharing.
INFO: [BIND 205-101] Binding ...
INFO: [BIND 205-100] Finished micro-architecture generation.
INFO: [HLS 200-111] Finished Binding: CPU user time: 0 seconds. CPU system time: 0 seconds. Elapsed time: 0.098 seconds; current allocated memory: 233.301 MB.
INFO: [HLS 200-10] ----------------------------------------------------------------
INFO: [HLS 200-10] -- Generating RTL for module 'dwconv7_ip_Pipeline_LOAD_DW7_WT_VITIS_LOOP_83_1' 
INFO: [HLS 200-10] ----------------------------------------------------------------
INFO: [HLS 200-1030] Apply Unified Pipeline Control on module 'dwconv7_ip_Pipeline_LOAD_DW7_WT_VITIS_LOOP_83_1' pipeline 'LOAD_DW7_WT_VITIS_LOOP_83_1' pipeline type 'loop pipeline'
INFO: [RTGEN 206-100] Finished creating RTL model for 'dwconv7_ip_Pipeline_LOAD_DW7_WT_VITIS_LOOP_83_1'.
INFO: [HLS 200-111] Finished Creating RTL model: CPU user time: 0 seconds. CPU system time: 0 seconds. Elapsed time: 0.166 seconds; current allocated memory: 235.961 MB.
INFO: [HLS 200-10] ----------------------------------------------------------------
INFO: [HLS 200-10] -- Generating RTL for module 'dwconv7_ip_Pipeline_LOAD_DW7_IN_VITIS_LOOP_112_3' 
INFO: [HLS 200-10] ----------------------------------------------------------------
INFO: [HLS 200-1030] Apply Unified Pipeline Control on module 'dwconv7_ip_Pipeline_LOAD_DW7_IN_VITIS_LOOP_112_3' pipeline 'LOAD_DW7_IN_VITIS_LOOP_112_3' pipeline type 'loop pipeline'
INFO: [RTGEN 206-100] Generating core module 'mul_32ns_32s_64_5_1': 1 instance(s).
INFO: [RTGEN 206-100] Generating core module 'mul_64s_32s_64_5_1': 1 instance(s).
INFO: [RTGEN 206-100] Finished creating RTL model for 'dwconv7_ip_Pipeline_LOAD_DW7_IN_VITIS_LOOP_112_3'.
INFO: [HLS 200-111] Finished Creating RTL model: CPU user time: 0 seconds. CPU system time: 0 seconds. Elapsed time: 0.402 seconds; current allocated memory: 241.562 MB.
INFO: [HLS 200-10] ----------------------------------------------------------------
INFO: [HLS 200-10] -- Generating RTL for module 'dwconv7_ip_Pipeline_CLEAR_DW7_OUT_VITIS_LOOP_129_5' 
INFO: [HLS 200-10] ----------------------------------------------------------------
INFO: [HLS 200-1030] Apply Unified Pipeline Control on module 'dwconv7_ip_Pipeline_CLEAR_DW7_OUT_VITIS_LOOP_129_5' pipeline 'CLEAR_DW7_OUT_VITIS_LOOP_129_5' pipeline type 'loop pipeline'
INFO: [RTGEN 206-100] Finished creating RTL model for 'dwconv7_ip_Pipeline_CLEAR_DW7_OUT_VITIS_LOOP_129_5'.
INFO: [HLS 200-111] Finished Creating RTL model: CPU user time: 0 seconds. CPU system time: 0 seconds. Elapsed time: 0.471 seconds; current allocated memory: 248.703 MB.
INFO: [HLS 200-10] ----------------------------------------------------------------
INFO: [HLS 200-10] -- Generating RTL for module 'dwconv7_ip_Pipeline_COMPUTE_DW7_KH_COMPUTE_DW7_KW_COMPUTE_DW7_TR_COMPUTE_DW7_TC' 
INFO: [HLS 200-10] ----------------------------------------------------------------
INFO: [HLS 200-1030] Apply Unified Pipeline Control on module 'dwconv7_ip_Pipeline_COMPUTE_DW7_KH_COMPUTE_DW7_KW_COMPUTE_DW7_TR_COMPUTE_DW7_TC' pipeline 'COMPUTE_DW7_KH_COMPUTE_DW7_KW_COMPUTE_DW7_TR_COMPUTE_DW7_TC' pipeline type 'loop pipeline'
INFO: [RTGEN 206-100] Generating core module 'mac_muladd_8s_8s_32s_32_4_1': 2 instance(s).
INFO: [RTGEN 206-100] Generating core module 'sparsemux_9_2_32_1_1': 2 instance(s).
INFO: [RTGEN 206-100] Finished creating RTL model for 'dwconv7_ip_Pipeline_COMPUTE_DW7_KH_COMPUTE_DW7_KW_COMPUTE_DW7_TR_COMPUTE_DW7_TC'.
INFO: [HLS 200-111] Finished Creating RTL model: CPU user time: 1 seconds. CPU system time: 0 seconds. Elapsed time: 0.206 seconds; current allocated memory: 250.504 MB.
INFO: [HLS 200-10] ----------------------------------------------------------------
INFO: [HLS 200-10] -- Generating RTL for module 'dwconv7_ip' 
INFO: [HLS 200-10] ----------------------------------------------------------------
WARNING: [RTGEN 206-101] Design contains AXI ports. Reset is fixed to synchronous and active low.
INFO: [RTGEN 206-500] Setting interface mode on port 'dwconv7_ip/gmem0' to 'm_axi'.
INFO: [RTGEN 206-500] Setting interface mode on port 'dwconv7_ip/gmem1' to 'm_axi'.
INFO: [RTGEN 206-500] Setting interface mode on port 'dwconv7_ip/gmem2' to 'm_axi'.
INFO: [RTGEN 206-500] Setting interface mode on port 'dwconv7_ip/gmem3' to 'm_axi'.
INFO: [RTGEN 206-500] Setting interface mode on port 'dwconv7_ip/feat_in' to 's_axilite & ap_none'.
INFO: [RTGEN 206-500] Setting interface mode on port 'dwconv7_ip/weight' to 's_axilite & ap_none'.
INFO: [RTGEN 206-500] Setting interface mode on port 'dwconv7_ip/bias' to 's_axilite & ap_none'.
INFO: [RTGEN 206-500] Setting interface mode on port 'dwconv7_ip/feat_out' to 's_axilite & ap_none'.
INFO: [RTGEN 206-500] Setting interface mode on port 'dwconv7_ip/CHin' to 's_axilite & ap_none'.
INFO: [RTGEN 206-500] Setting interface mode on port 'dwconv7_ip/Hin' to 's_axilite & ap_none'.
INFO: [RTGEN 206-500] Setting interface mode on port 'dwconv7_ip/Win' to 's_axilite & ap_none'.
INFO: [RTGEN 206-500] Setting interface mode on port 'dwconv7_ip/act_mode' to 's_axilite & ap_none'.
INFO: [RTGEN 206-500] Setting interface mode on port 'dwconv7_ip/out_shift' to 's_axilite & ap_none'.
INFO: [RTGEN 206-500] Setting interface mode on function 'dwconv7_ip' to 's_axilite & ap_ctrl_hs'.
INFO: [RTGEN 206-100] Bundling port 'feat_in', 'weight', 'bias' and 'feat_out' to AXI-Lite port control.
INFO: [RTGEN 206-100] Bundling port 'CHin', 'Hin', 'Win', 'act_mode', 'out_shift' and 'return' to AXI-Lite port ctrl.
INFO: [RTGEN 206-100] Generating core module 'mul_31ns_31ns_62_5_1': 1 instance(s).
INFO: [RTGEN 206-100] Generating core module 'mul_32ns_32s_64_5_1': 1 instance(s).
INFO: [RTGEN 206-100] Generating core module 'mul_64s_32s_64_5_1': 1 instance(s).
INFO: [RTGEN 206-100] Generating core module 'sparsemux_9_2_32_1_1': 2 instance(s).
INFO: [RTGEN 206-100] Finished creating RTL model for 'dwconv7_ip'.
INFO: [RTMG 210-278] Implementing memory 'dwconv7_ip_p_ZL10dw7_wt_buf_0_RAM_AUTO_1R1W' using auto RAMs.
INFO: [RTMG 210-278] Implementing memory 'dwconv7_ip_p_ZL10dw7_in_buf_0_RAM_AUTO_1R1W' using auto RAMs.
INFO: [RTMG 210-278] Implementing memory 'dwconv7_ip_p_ZL11dw7_out_buf_0_0_RAM_AUTO_1R1W' using auto RAMs.
INFO: [HLS 200-111] Finished Creating RTL model: CPU user time: 0 seconds. CPU system time: 0 seconds. Elapsed time: 0.499 seconds; current allocated memory: 259.531 MB.
INFO: [HLS 200-111] Finished Generating all RTL models: CPU user time: 0 seconds. CPU system time: 0 seconds. Elapsed time: 0.936 seconds; current allocated memory: 267.820 MB.
INFO: [HLS 200-1603] Design has inferred MAXI bursts and missed bursts, see Vitis HLS GUI synthesis summary report for detailed information.
INFO: [HLS 200-111] Finished Updating report files: CPU user time: 1 seconds. CPU system time: 1 seconds. Elapsed time: 1.16 seconds; current allocated memory: 279.777 MB.
INFO: [VHDL 208-304] Generating VHDL RTL for dwconv7_ip.
INFO: [VLOG 209-307] Generating Verilog RTL for dwconv7_ip.
INFO: [HLS 200-790] **** Loop Constraint Status: All loop constraints were NOT satisfied.
INFO: [HLS 200-789] **** Estimated Fmax: 143.31 MHz
INFO: [HLS 200-2161] Finished Command csynth_design Elapsed time: 00:00:19; Allocated memory: 129.027 MB.
INFO: [HLS 200-1510] Running: export_design -format ip_catalog -display_name FastVIT_DWConv7_IP -description K=7 DW Conv TN=2, 7ns -vendor user.org -version 1.0 
INFO: [IMPL 213-8] Exporting RTL as a Vivado IP.
INFO: [HLS 200-802] Generated output file dwconv7_ip_proj/solution1/impl/export.zip
INFO: [HLS 200-2161] Finished Command export_design Elapsed time: 00:00:14; Allocated memory: 4.031 MB.
INFO: [HLS 200-1510] Running: close_project 
