Copyright 1986-2022 Xilinx, Inc. All Rights Reserved. Copyright 2022-2024 Advanced Micro Devices, Inc. All Rights Reserved.
---------------------------------------------------------------------------------------------------------------------------------------------
| Tool Version : Vivado v.2024.2 (win64) Build 5239630 Fri Nov 08 22:35:27 MST 2024
| Date         : Mon Jul 27 23:32:28 2026
| Host         : DESKTOP-GBLH5MP running 64-bit major release  (build 9200)
| Command      : report_utilization -hierarchical -hierarchical_depth 4 -file diag_hier_util.rpt
| Design       : fastvit_bd_wrapper
| Device       : xc7z020clg400-1
| Speed File   : -1
| Design State : Optimized
---------------------------------------------------------------------------------------------------------------------------------------------

Utilization Design Information

Table of Contents
-----------------
1. Utilization by Hierarchy

1. Utilization by Hierarchy
---------------------------

+---------------------------------------------------------------------------------+---------------------------------------------------------------------------------------------+------------+------------+---------+------+-------+--------+--------+------------+
|                                     Instance                                    |                                            Module                                           | Total LUTs | Logic LUTs | LUTRAMs | SRLs |  FFs  | RAMB36 | RAMB18 | DSP Blocks |
+---------------------------------------------------------------------------------+---------------------------------------------------------------------------------------------+------------+------------+---------+------+-------+--------+--------+------------+
| fastvit_bd_wrapper                                                              |                                                                                       (top) |      55107 |      47631 |    4014 | 3462 | 65374 |      4 |     51 |        121 |
|   fastvit_bd_i                                                                  |                                                                                  fastvit_bd |      55107 |      47631 |    4014 | 3462 | 65374 |      4 |     51 |        121 |
|     (fastvit_bd_i)                                                              |                                                                                  fastvit_bd |          0 |          0 |       0 |    0 |     0 |      0 |      0 |          0 |
|     add_ip_0                                                                    |                                                                       fastvit_bd_add_ip_0_0 |       3213 |       2508 |       0 |  705 |  4167 |      2 |      1 |          6 |
|       (add_ip_0)                                                                |                                                                       fastvit_bd_add_ip_0_0 |          0 |          0 |       0 |    0 |     0 |      0 |      0 |          0 |
|       inst                                                                      |                                                                fastvit_bd_add_ip_0_0_add_ip |       3213 |       2508 |       0 |  705 |  4167 |      2 |      1 |          6 |
|         (inst)                                                                  |                                                                fastvit_bd_add_ip_0_0_add_ip |         19 |         17 |       0 |    2 |   347 |      0 |      0 |          0 |
|         control_s_axi_U                                                         |                                                  fastvit_bd_add_ip_0_0_add_ip_control_s_axi |        205 |        205 |       0 |    0 |   233 |      0 |      0 |          0 |
|         ctrl_s_axi_U                                                            |                                                     fastvit_bd_add_ip_0_0_add_ip_ctrl_s_axi |        119 |        119 |       0 |    0 |   149 |      0 |      0 |          0 |
|         gmem0_m_axi_U                                                           |                                                    fastvit_bd_add_ip_0_0_add_ip_gmem0_m_axi |        698 |        599 |       0 |   99 |   992 |      1 |      0 |          0 |
|         gmem1_m_axi_U                                                           |                                                    fastvit_bd_add_ip_0_0_add_ip_gmem1_m_axi |        698 |        599 |       0 |   99 |   992 |      1 |      0 |          0 |
|         gmem2_m_axi_U                                                           |                                                    fastvit_bd_add_ip_0_0_add_ip_gmem2_m_axi |       1369 |        864 |       0 |  505 |  1322 |      0 |      1 |          0 |
|         grp_add_ip_Pipeline_ADD_LOOP_fu_141                                     |                                       fastvit_bd_add_ip_0_0_add_ip_add_ip_Pipeline_ADD_LOOP |        105 |        105 |       0 |    0 |    64 |      0 |      0 |          0 |
|         mul_32s_32s_32_5_1_U8                                                   |                                             fastvit_bd_add_ip_0_0_add_ip_mul_32s_32s_32_5_1 |          0 |          0 |       0 |    0 |    34 |      0 |      0 |          3 |
|         mul_32s_32s_32_5_1_U9                                                   |                                           fastvit_bd_add_ip_0_0_add_ip_mul_32s_32s_32_5_1_0 |          0 |          0 |       0 |    0 |    34 |      0 |      0 |          3 |
|     conv_ip_0                                                                   |                                                                      fastvit_bd_conv_ip_0_0 |       9009 |       7973 |     512 |  524 | 11755 |      0 |     10 |         28 |
|       (conv_ip_0)                                                               |                                                                      fastvit_bd_conv_ip_0_0 |          0 |          0 |       0 |    0 |     0 |      0 |      0 |          0 |
|       inst                                                                      |                                                              fastvit_bd_conv_ip_0_0_conv_ip |       9009 |       7973 |     512 |  524 | 11755 |      0 |     10 |         28 |
|         (inst)                                                                  |                                                              fastvit_bd_conv_ip_0_0_conv_ip |       1363 |       1360 |       0 |    3 |  3231 |      0 |      0 |          0 |
|         control_s_axi_U                                                         |                                                fastvit_bd_conv_ip_0_0_conv_ip_control_s_axi |        211 |        211 |       0 |    0 |   297 |      0 |      0 |          0 |
|         ctrl_s_axi_U                                                            |                                                   fastvit_bd_conv_ip_0_0_conv_ip_ctrl_s_axi |        367 |        367 |       0 |    0 |   374 |      0 |      0 |          0 |
|         gmem0_m_axi_U                                                           |                                                  fastvit_bd_conv_ip_0_0_conv_ip_gmem0_m_axi |        601 |        532 |       0 |   69 |   863 |      0 |      1 |          0 |
|         gmem1_m_axi_U                                                           |                                                  fastvit_bd_conv_ip_0_0_conv_ip_gmem1_m_axi |        606 |        536 |       0 |   70 |   870 |      0 |      1 |          0 |
|         gmem2_m_axi_U                                                           |                                                  fastvit_bd_conv_ip_0_0_conv_ip_gmem2_m_axi |        477 |        414 |       0 |   63 |   727 |      0 |      1 |          0 |
|         gmem3_m_axi_U                                                           |                                                  fastvit_bd_conv_ip_0_0_conv_ip_gmem3_m_axi |        847 |        639 |       0 |  208 |  1161 |      0 |      1 |          0 |
|         grp_conv_ip_Pipeline_COMPUTE_KH_COMPUTE_KW_COMPUTE_TR_COMPUTE_TC_fu_507 | fastvit_bd_conv_ip_0_0_conv_ip_conv_ip_Pipeline_COMPUTE_KH_COMPUTE_KW_COMPUTE_TR_COMPUTE_TC |        241 |        234 |       0 |    7 |    91 |      0 |      0 |          4 |
|         grp_conv_ip_Pipeline_INIT_OUT_VITIS_LOOP_121_1_fu_407                   |                   fastvit_bd_conv_ip_0_0_conv_ip_conv_ip_Pipeline_INIT_OUT_VITIS_LOOP_121_1 |         91 |         87 |       0 |    4 |   125 |      0 |      0 |          0 |
|         grp_conv_ip_Pipeline_LOAD_IN_VITIS_LOOP_144_3_fu_432                    |                    fastvit_bd_conv_ip_0_0_conv_ip_conv_ip_Pipeline_LOAD_IN_VITIS_LOOP_144_3 |       1406 |       1342 |       0 |   64 |  1269 |      0 |      0 |          7 |
|         grp_conv_ip_Pipeline_LOAD_WT_VITIS_LOOP_163_5_VITIS_LOOP_164_6_fu_488   |   fastvit_bd_conv_ip_0_0_conv_ip_conv_ip_Pipeline_LOAD_WT_VITIS_LOOP_163_5_VITIS_LOOP_164_6 |        378 |        344 |       0 |   34 |   431 |      0 |      0 |          0 |
|         grp_conv_ip_Pipeline_VITIS_LOOP_218_8_fu_541                            |                            fastvit_bd_conv_ip_0_0_conv_ip_conv_ip_Pipeline_VITIS_LOOP_218_8 |       1398 |       1396 |       0 |    2 |  1201 |      0 |      0 |          7 |
|         mul_29ns_30s_30_5_1_U130                                                |                                          fastvit_bd_conv_ip_0_0_conv_ip_mul_29ns_30s_30_5_1 |          0 |          0 |       0 |    0 |    34 |      0 |      0 |          3 |
|         mul_32ns_32s_63_5_1_U131                                                |                                          fastvit_bd_conv_ip_0_0_conv_ip_mul_32ns_32s_63_5_1 |          2 |          2 |       0 |    0 |    51 |      0 |      0 |          4 |
|         mul_32s_32s_32_5_1_U132                                                 |                                           fastvit_bd_conv_ip_0_0_conv_ip_mul_32s_32s_32_5_1 |         32 |         32 |       0 |    0 |    34 |      0 |      0 |          3 |
|         p_ZL6in_buf_0_U                                                         |                                  fastvit_bd_conv_ip_0_0_conv_ip_p_ZL6in_buf_0_RAM_AUTO_1R1W |          0 |          0 |       0 |    0 |     0 |      0 |      1 |          0 |
|         p_ZL6in_buf_1_U                                                         |                                fastvit_bd_conv_ip_0_0_conv_ip_p_ZL6in_buf_0_RAM_AUTO_1R1W_0 |          0 |          0 |       0 |    0 |     0 |      0 |      1 |          0 |
|         p_ZL6wt_buf_0_0_U                                                       |                                fastvit_bd_conv_ip_0_0_conv_ip_p_ZL6wt_buf_0_0_RAM_AUTO_1R1W |          0 |          0 |       0 |    0 |     0 |      0 |      1 |          0 |
|         p_ZL6wt_buf_0_1_U                                                       |                              fastvit_bd_conv_ip_0_0_conv_ip_p_ZL6wt_buf_0_0_RAM_AUTO_1R1W_1 |          0 |          0 |       0 |    0 |     0 |      0 |      1 |          0 |
|         p_ZL6wt_buf_1_0_U                                                       |                              fastvit_bd_conv_ip_0_0_conv_ip_p_ZL6wt_buf_0_0_RAM_AUTO_1R1W_2 |          0 |          0 |       0 |    0 |     0 |      0 |      1 |          0 |
|         p_ZL6wt_buf_1_1_U                                                       |                              fastvit_bd_conv_ip_0_0_conv_ip_p_ZL6wt_buf_0_0_RAM_AUTO_1R1W_3 |          0 |          0 |       0 |    0 |     0 |      0 |      1 |          0 |
|         p_ZL7out_buf_0_0_U                                                      |                               fastvit_bd_conv_ip_0_0_conv_ip_p_ZL7out_buf_0_0_RAM_AUTO_1R1W |         64 |          0 |      64 |    0 |    64 |      0 |      0 |          0 |
|         p_ZL7out_buf_0_1_U                                                      |                             fastvit_bd_conv_ip_0_0_conv_ip_p_ZL7out_buf_0_0_RAM_AUTO_1R1W_4 |         64 |          0 |      64 |    0 |    64 |      0 |      0 |          0 |
|         p_ZL7out_buf_0_2_U                                                      |                             fastvit_bd_conv_ip_0_0_conv_ip_p_ZL7out_buf_0_0_RAM_AUTO_1R1W_5 |         64 |          0 |      64 |    0 |    64 |      0 |      0 |          0 |
|         p_ZL7out_buf_0_3_U                                                      |                             fastvit_bd_conv_ip_0_0_conv_ip_p_ZL7out_buf_0_0_RAM_AUTO_1R1W_6 |         64 |          0 |      64 |    0 |    64 |      0 |      0 |          0 |
|         p_ZL7out_buf_1_0_U                                                      |                             fastvit_bd_conv_ip_0_0_conv_ip_p_ZL7out_buf_0_0_RAM_AUTO_1R1W_7 |         81 |         17 |      64 |    0 |    64 |      0 |      0 |          0 |
|         p_ZL7out_buf_1_1_U                                                      |                             fastvit_bd_conv_ip_0_0_conv_ip_p_ZL7out_buf_0_0_RAM_AUTO_1R1W_8 |         80 |         16 |      64 |    0 |    64 |      0 |      0 |          0 |
|         p_ZL7out_buf_1_2_U                                                      |                             fastvit_bd_conv_ip_0_0_conv_ip_p_ZL7out_buf_0_0_RAM_AUTO_1R1W_9 |         80 |         16 |      64 |    0 |    64 |      0 |      0 |          0 |
|         p_ZL7out_buf_1_3_U                                                      |                            fastvit_bd_conv_ip_0_0_conv_ip_p_ZL7out_buf_0_0_RAM_AUTO_1R1W_10 |         80 |         16 |      64 |    0 |    64 |      0 |      0 |          0 |
|         sdiv_32ns_32s_32_36_seq_1_U133                                          |                                    fastvit_bd_conv_ip_0_0_conv_ip_sdiv_32ns_32s_32_36_seq_1 |        206 |        206 |       0 |    0 |   260 |      0 |      0 |          0 |
|         sdiv_32ns_32s_32_36_seq_1_U134                                          |                                 fastvit_bd_conv_ip_0_0_conv_ip_sdiv_32ns_32s_32_36_seq_1_11 |        206 |        206 |       0 |    0 |   224 |      0 |      0 |          0 |
|     dwconv_ip_0                                                                 |                                                                    fastvit_bd_dwconv_ip_0_0 |      13420 |      12080 |       0 | 1340 | 13522 |      2 |     34 |         39 |
|       (dwconv_ip_0)                                                             |                                                                    fastvit_bd_dwconv_ip_0_0 |          0 |          0 |       0 |    0 |     0 |      0 |      0 |          0 |
|       inst                                                                      |                                                          fastvit_bd_dwconv_ip_0_0_dwconv_ip |      13420 |      12080 |       0 | 1340 | 13522 |      2 |     34 |         39 |
|         (inst)                                                                  |                                                          fastvit_bd_dwconv_ip_0_0_dwconv_ip |       1468 |       1465 |       0 |    3 |  5729 |      0 |      0 |          0 |
|         control_s_axi_U                                                         |                                            fastvit_bd_dwconv_ip_0_0_dwconv_ip_control_s_axi |        211 |        211 |       0 |    0 |   297 |      0 |      0 |          0 |
|         ctrl_s_axi_U                                                            |                                               fastvit_bd_dwconv_ip_0_0_dwconv_ip_ctrl_s_axi |        546 |        546 |       0 |    0 |   438 |      0 |      0 |          0 |
|         gmem0_m_axi_U                                                           |                                              fastvit_bd_dwconv_ip_0_0_dwconv_ip_gmem0_m_axi |        873 |        591 |       0 |  282 |   872 |      1 |      0 |          0 |
|         gmem1_m_axi_U                                                           |                                              fastvit_bd_dwconv_ip_0_0_dwconv_ip_gmem1_m_axi |       1100 |        808 |       0 |  292 |  1004 |      1 |      0 |          0 |
|         gmem2_m_axi_U                                                           |                                              fastvit_bd_dwconv_ip_0_0_dwconv_ip_gmem2_m_axi |        619 |        525 |       0 |   94 |   850 |      0 |      1 |          0 |
|         gmem3_m_axi_U                                                           |                                              fastvit_bd_dwconv_ip_0_0_dwconv_ip_gmem3_m_axi |       1464 |        806 |       0 |  658 |  1133 |      0 |      1 |          0 |
|         grp_dwconv_ip_Pipeline_COMPUTE_DW_KH_COMPUTE_DW_KW_fu_1498              |           fastvit_bd_dwconv_ip_0_0_dwconv_ip_dwconv_ip_Pipeline_COMPUTE_DW_KH_COMPUTE_DW_KW |       4161 |       4157 |       0 |    4 |  1521 |      0 |      0 |          8 |
|         grp_dwconv_ip_Pipeline_LOAD_DW_IN_fu_1068                               |                            fastvit_bd_dwconv_ip_0_0_dwconv_ip_dwconv_ip_Pipeline_LOAD_DW_IN |       1011 |       1005 |       0 |    6 |   124 |      0 |      0 |          2 |
|         grp_dwconv_ip_Pipeline_PRELOAD_IN_fu_1028                               |                            fastvit_bd_dwconv_ip_0_0_dwconv_ip_dwconv_ip_Pipeline_PRELOAD_IN |         78 |         78 |       0 |    0 |    87 |      0 |      0 |          0 |
|         grp_dwconv_ip_Pipeline_STORE_DW_OUT_fu_1760                             |                          fastvit_bd_dwconv_ip_0_0_dwconv_ip_dwconv_ip_Pipeline_STORE_DW_OUT |       1342 |       1342 |       0 |    0 |   528 |      0 |      0 |          1 |
|         grp_dwconv_ip_Pipeline_WRITEBACK_OUT_fu_1827                            |                         fastvit_bd_dwconv_ip_0_0_dwconv_ip_dwconv_ip_Pipeline_WRITEBACK_OUT |         99 |         99 |       0 |    0 |    68 |      0 |      0 |          0 |
|         mul_29ns_30s_30_5_1_U696                                                |                                      fastvit_bd_dwconv_ip_0_0_dwconv_ip_mul_29ns_30s_30_5_1 |          0 |          0 |       0 |    0 |    34 |      0 |      0 |          3 |
|         mul_31ns_31ns_62_5_1_U697                                               |                                     fastvit_bd_dwconv_ip_0_0_dwconv_ip_mul_31ns_31ns_62_5_1 |         34 |         34 |       0 |    0 |    85 |      0 |      0 |          4 |
|         mul_32ns_32ns_61_5_1_U698                                               |                                     fastvit_bd_dwconv_ip_0_0_dwconv_ip_mul_32ns_32ns_61_5_1 |          0 |          0 |       0 |    0 |    34 |      0 |      0 |          3 |
|         mul_32ns_32ns_64_5_1_U699                                               |                                     fastvit_bd_dwconv_ip_0_0_dwconv_ip_mul_32ns_32ns_64_5_1 |          0 |          0 |       0 |    0 |    34 |      0 |      0 |          3 |
|         mul_32ns_32ns_64_5_1_U700                                               |                                   fastvit_bd_dwconv_ip_0_0_dwconv_ip_mul_32ns_32ns_64_5_1_0 |          0 |          0 |       0 |    0 |    34 |      0 |      0 |          3 |
|         mul_32ns_32ns_64_5_1_U701                                               |                                   fastvit_bd_dwconv_ip_0_0_dwconv_ip_mul_32ns_32ns_64_5_1_1 |          0 |          0 |       0 |    0 |    34 |      0 |      0 |          3 |
|         mul_32s_32s_32_5_1_U702                                                 |                                       fastvit_bd_dwconv_ip_0_0_dwconv_ip_mul_32s_32s_32_5_1 |          0 |          0 |       0 |    0 |    34 |      0 |      0 |          3 |
|         mul_64s_32ns_64_5_1_U703                                                |                                      fastvit_bd_dwconv_ip_0_0_dwconv_ip_mul_64s_32ns_64_5_1 |          0 |          0 |       0 |    0 |    49 |      0 |      0 |          3 |
|         mul_64s_64s_64_5_1_U704                                                 |                                       fastvit_bd_dwconv_ip_0_0_dwconv_ip_mul_64s_64s_64_5_1 |          0 |          0 |       0 |    0 |    49 |      0 |      0 |          3 |
|         p_ZL10ch_out_buf_0_U                                                    |                        fastvit_bd_dwconv_ip_0_0_dwconv_ip_p_ZL9ch_in_buf_0_RAM_1P_BRAM_1R1W |          0 |          0 |       0 |    0 |     0 |      0 |      1 |          0 |
|         p_ZL10ch_out_buf_10_U                                                   |                      fastvit_bd_dwconv_ip_0_0_dwconv_ip_p_ZL9ch_in_buf_0_RAM_1P_BRAM_1R1W_2 |          0 |          0 |       0 |    0 |     0 |      0 |      1 |          0 |
|         p_ZL10ch_out_buf_11_U                                                   |                      fastvit_bd_dwconv_ip_0_0_dwconv_ip_p_ZL9ch_in_buf_0_RAM_1P_BRAM_1R1W_3 |          0 |          0 |       0 |    0 |     0 |      0 |      1 |          0 |
|         p_ZL10ch_out_buf_12_U                                                   |                      fastvit_bd_dwconv_ip_0_0_dwconv_ip_p_ZL9ch_in_buf_0_RAM_1P_BRAM_1R1W_4 |          0 |          0 |       0 |    0 |     0 |      0 |      1 |          0 |
|         p_ZL10ch_out_buf_13_U                                                   |                      fastvit_bd_dwconv_ip_0_0_dwconv_ip_p_ZL9ch_in_buf_0_RAM_1P_BRAM_1R1W_5 |          0 |          0 |       0 |    0 |     0 |      0 |      1 |          0 |
|         p_ZL10ch_out_buf_14_U                                                   |                      fastvit_bd_dwconv_ip_0_0_dwconv_ip_p_ZL9ch_in_buf_0_RAM_1P_BRAM_1R1W_6 |          0 |          0 |       0 |    0 |     0 |      0 |      1 |          0 |
|         p_ZL10ch_out_buf_15_U                                                   |                      fastvit_bd_dwconv_ip_0_0_dwconv_ip_p_ZL9ch_in_buf_0_RAM_1P_BRAM_1R1W_7 |          0 |          0 |       0 |    0 |     0 |      0 |      1 |          0 |
|         p_ZL10ch_out_buf_1_U                                                    |                      fastvit_bd_dwconv_ip_0_0_dwconv_ip_p_ZL9ch_in_buf_0_RAM_1P_BRAM_1R1W_8 |          0 |          0 |       0 |    0 |     0 |      0 |      1 |          0 |
|         p_ZL10ch_out_buf_2_U                                                    |                      fastvit_bd_dwconv_ip_0_0_dwconv_ip_p_ZL9ch_in_buf_0_RAM_1P_BRAM_1R1W_9 |          0 |          0 |       0 |    0 |     0 |      0 |      1 |          0 |
|         p_ZL10ch_out_buf_3_U                                                    |                     fastvit_bd_dwconv_ip_0_0_dwconv_ip_p_ZL9ch_in_buf_0_RAM_1P_BRAM_1R1W_10 |          0 |          0 |       0 |    0 |     0 |      0 |      1 |          0 |
|         p_ZL10ch_out_buf_4_U                                                    |                     fastvit_bd_dwconv_ip_0_0_dwconv_ip_p_ZL9ch_in_buf_0_RAM_1P_BRAM_1R1W_11 |          0 |          0 |       0 |    0 |     0 |      0 |      1 |          0 |
|         p_ZL10ch_out_buf_5_U                                                    |                     fastvit_bd_dwconv_ip_0_0_dwconv_ip_p_ZL9ch_in_buf_0_RAM_1P_BRAM_1R1W_12 |          0 |          0 |       0 |    0 |     0 |      0 |      1 |          0 |
|         p_ZL10ch_out_buf_6_U                                                    |                     fastvit_bd_dwconv_ip_0_0_dwconv_ip_p_ZL9ch_in_buf_0_RAM_1P_BRAM_1R1W_13 |          0 |          0 |       0 |    0 |     0 |      0 |      1 |          0 |
|         p_ZL10ch_out_buf_7_U                                                    |                     fastvit_bd_dwconv_ip_0_0_dwconv_ip_p_ZL9ch_in_buf_0_RAM_1P_BRAM_1R1W_14 |          0 |          0 |       0 |    0 |     0 |      0 |      1 |          0 |
|         p_ZL10ch_out_buf_8_U                                                    |                     fastvit_bd_dwconv_ip_0_0_dwconv_ip_p_ZL9ch_in_buf_0_RAM_1P_BRAM_1R1W_15 |          0 |          0 |       0 |    0 |     0 |      0 |      1 |          0 |
|         p_ZL10ch_out_buf_9_U                                                    |                     fastvit_bd_dwconv_ip_0_0_dwconv_ip_p_ZL9ch_in_buf_0_RAM_1P_BRAM_1R1W_16 |          0 |          0 |       0 |    0 |     0 |      0 |      1 |          0 |
|         p_ZL9ch_in_buf_0_U                                                      |                     fastvit_bd_dwconv_ip_0_0_dwconv_ip_p_ZL9ch_in_buf_0_RAM_1P_BRAM_1R1W_17 |          0 |          0 |       0 |    0 |     0 |      0 |      1 |          0 |
|         p_ZL9ch_in_buf_10_U                                                     |                     fastvit_bd_dwconv_ip_0_0_dwconv_ip_p_ZL9ch_in_buf_0_RAM_1P_BRAM_1R1W_18 |          0 |          0 |       0 |    0 |     0 |      0 |      1 |          0 |
|         p_ZL9ch_in_buf_11_U                                                     |                     fastvit_bd_dwconv_ip_0_0_dwconv_ip_p_ZL9ch_in_buf_0_RAM_1P_BRAM_1R1W_19 |          0 |          0 |       0 |    0 |     0 |      0 |      1 |          0 |
|         p_ZL9ch_in_buf_12_U                                                     |                     fastvit_bd_dwconv_ip_0_0_dwconv_ip_p_ZL9ch_in_buf_0_RAM_1P_BRAM_1R1W_20 |          0 |          0 |       0 |    0 |     0 |      0 |      1 |          0 |
|         p_ZL9ch_in_buf_13_U                                                     |                     fastvit_bd_dwconv_ip_0_0_dwconv_ip_p_ZL9ch_in_buf_0_RAM_1P_BRAM_1R1W_21 |          0 |          0 |       0 |    0 |     0 |      0 |      1 |          0 |
|         p_ZL9ch_in_buf_14_U                                                     |                     fastvit_bd_dwconv_ip_0_0_dwconv_ip_p_ZL9ch_in_buf_0_RAM_1P_BRAM_1R1W_22 |          0 |          0 |       0 |    0 |     0 |      0 |      1 |          0 |
|         p_ZL9ch_in_buf_15_U                                                     |                     fastvit_bd_dwconv_ip_0_0_dwconv_ip_p_ZL9ch_in_buf_0_RAM_1P_BRAM_1R1W_23 |          0 |          0 |       0 |    0 |     0 |      0 |      1 |          0 |
|         p_ZL9ch_in_buf_1_U                                                      |                     fastvit_bd_dwconv_ip_0_0_dwconv_ip_p_ZL9ch_in_buf_0_RAM_1P_BRAM_1R1W_24 |          0 |          0 |       0 |    0 |     0 |      0 |      1 |          0 |
|         p_ZL9ch_in_buf_2_U                                                      |                     fastvit_bd_dwconv_ip_0_0_dwconv_ip_p_ZL9ch_in_buf_0_RAM_1P_BRAM_1R1W_25 |          0 |          0 |       0 |    0 |     0 |      0 |      1 |          0 |
|         p_ZL9ch_in_buf_3_U                                                      |                     fastvit_bd_dwconv_ip_0_0_dwconv_ip_p_ZL9ch_in_buf_0_RAM_1P_BRAM_1R1W_26 |          0 |          0 |       0 |    0 |     0 |      0 |      1 |          0 |
|         p_ZL9ch_in_buf_4_U                                                      |                     fastvit_bd_dwconv_ip_0_0_dwconv_ip_p_ZL9ch_in_buf_0_RAM_1P_BRAM_1R1W_27 |          0 |          0 |       0 |    0 |     0 |      0 |      1 |          0 |
|         p_ZL9ch_in_buf_5_U                                                      |                     fastvit_bd_dwconv_ip_0_0_dwconv_ip_p_ZL9ch_in_buf_0_RAM_1P_BRAM_1R1W_28 |          0 |          0 |       0 |    0 |     0 |      0 |      1 |          0 |
|         p_ZL9ch_in_buf_6_U                                                      |                     fastvit_bd_dwconv_ip_0_0_dwconv_ip_p_ZL9ch_in_buf_0_RAM_1P_BRAM_1R1W_29 |          0 |          0 |       0 |    0 |     0 |      0 |      1 |          0 |
|         p_ZL9ch_in_buf_7_U                                                      |                     fastvit_bd_dwconv_ip_0_0_dwconv_ip_p_ZL9ch_in_buf_0_RAM_1P_BRAM_1R1W_30 |          0 |          0 |       0 |    0 |     0 |      0 |      1 |          0 |
|         p_ZL9ch_in_buf_8_U                                                      |                     fastvit_bd_dwconv_ip_0_0_dwconv_ip_p_ZL9ch_in_buf_0_RAM_1P_BRAM_1R1W_31 |          0 |          0 |       0 |    0 |     0 |      0 |      1 |          0 |
|         p_ZL9ch_in_buf_9_U                                                      |                     fastvit_bd_dwconv_ip_0_0_dwconv_ip_p_ZL9ch_in_buf_0_RAM_1P_BRAM_1R1W_32 |          0 |          0 |       0 |    0 |     0 |      0 |      1 |          0 |
|         sdiv_32ns_32s_32_36_seq_1_U705                                          |                                fastvit_bd_dwconv_ip_0_0_dwconv_ip_sdiv_32ns_32s_32_36_seq_1 |        206 |        206 |       0 |    0 |   224 |      0 |      0 |          0 |
|         sdiv_32ns_32s_32_36_seq_1_U706                                          |                             fastvit_bd_dwconv_ip_0_0_dwconv_ip_sdiv_32ns_32s_32_36_seq_1_33 |        208 |        207 |       0 |    1 |   260 |      0 |      0 |          0 |
|     hp0_sc_a                                                                    |                                                                       fastvit_bd_hp0_sc_a_0 |       5816 |       4477 |    1312 |   27 |  7479 |      0 |      0 |          0 |
|       inst                                                                      |                                                               fastvit_bd_hp0_sc_a_0_bd_bac5 |       5816 |       4477 |    1312 |   27 |  7479 |      0 |      0 |          0 |
|         clk_map                                                                 |                                                   fastvit_bd_hp0_sc_a_0_clk_map_imp_1TGHXGI |         13 |         12 |       0 |    1 |    22 |      0 |      0 |          0 |
|         m00_exit_pipeline                                                       |                                          fastvit_bd_hp0_sc_a_0_m00_exit_pipeline_imp_5CHPQ1 |        227 |        227 |       0 |    0 |   719 |      0 |      0 |          0 |
|         m00_nodes                                                               |                                                  fastvit_bd_hp0_sc_a_0_m00_nodes_imp_IPMFKL |        748 |        466 |     280 |    2 |   697 |      0 |      0 |          0 |
|         m00_sc2axi                                                              |                                                      fastvit_bd_hp0_sc_a_0_bd_bac5_m00s2a_0 |          0 |          0 |       0 |    0 |     0 |      0 |      0 |          0 |
|         s00_axi2sc                                                              |                                                      fastvit_bd_hp0_sc_a_0_bd_bac5_s00a2s_0 |          0 |          0 |       0 |    0 |     0 |      0 |      0 |          0 |
|         s00_entry_pipeline                                                      |                                        fastvit_bd_hp0_sc_a_0_s00_entry_pipeline_imp_142M9OA |        219 |        219 |       0 |    0 |   372 |      0 |      0 |          0 |
|         s00_nodes                                                               |                                                 fastvit_bd_hp0_sc_a_0_s00_nodes_imp_114UIJK |        309 |        181 |     128 |    0 |   284 |      0 |      0 |          0 |
|         s01_axi2sc                                                              |                                                      fastvit_bd_hp0_sc_a_0_bd_bac5_s01a2s_0 |          0 |          0 |       0 |    0 |     0 |      0 |      0 |          0 |
|         s01_entry_pipeline                                                      |                                         fastvit_bd_hp0_sc_a_0_s01_entry_pipeline_imp_333JXQ |        219 |        219 |       0 |    0 |   372 |      0 |      0 |          0 |
|         s01_nodes                                                               |                                                  fastvit_bd_hp0_sc_a_0_s01_nodes_imp_6W8K5Y |        309 |        181 |     128 |    0 |   284 |      0 |      0 |          0 |
|         s02_axi2sc                                                              |                                                      fastvit_bd_hp0_sc_a_0_bd_bac5_s02a2s_0 |          0 |          0 |       0 |    0 |     0 |      0 |      0 |          0 |
|         s02_entry_pipeline                                                      |                                         fastvit_bd_hp0_sc_a_0_s02_entry_pipeline_imp_YYD0UR |        219 |        219 |       0 |    0 |   372 |      0 |      0 |          0 |
|         s02_nodes                                                               |                                                  fastvit_bd_hp0_sc_a_0_s02_nodes_imp_RY6D3H |        309 |        181 |     128 |    0 |   284 |      0 |      0 |          0 |
|         s03_axi2sc                                                              |                                                      fastvit_bd_hp0_sc_a_0_bd_bac5_s03a2s_0 |          0 |          0 |       0 |    0 |     0 |      0 |      0 |          0 |
|         s03_entry_pipeline                                                      |                                        fastvit_bd_hp0_sc_a_0_s03_entry_pipeline_imp_1RYRS5J |        250 |        238 |       0 |   12 |   408 |      0 |      0 |          0 |
|         s03_nodes                                                               |                                                 fastvit_bd_hp0_sc_a_0_s03_nodes_imp_1XA8WJF |        359 |        227 |     132 |    0 |   436 |      0 |      0 |          0 |
|         s04_axi2sc                                                              |                                                      fastvit_bd_hp0_sc_a_0_bd_bac5_s04a2s_0 |          0 |          0 |       0 |    0 |     0 |      0 |      0 |          0 |
|         s04_entry_pipeline                                                      |                                        fastvit_bd_hp0_sc_a_0_s04_entry_pipeline_imp_14094A1 |        229 |        229 |       0 |    0 |   388 |      0 |      0 |          0 |
|         s04_nodes                                                               |                                                 fastvit_bd_hp0_sc_a_0_s04_nodes_imp_17EZBEJ |        309 |        181 |     128 |    0 |   284 |      0 |      0 |          0 |
|         s05_axi2sc                                                              |                                                      fastvit_bd_hp0_sc_a_0_bd_bac5_s05a2s_0 |          0 |          0 |       0 |    0 |     0 |      0 |      0 |          0 |
|         s05_entry_pipeline                                                      |                                         fastvit_bd_hp0_sc_a_0_s05_entry_pipeline_imp_34J03H |        229 |        229 |       0 |    0 |   388 |      0 |      0 |          0 |
|         s05_nodes                                                               |                                                   fastvit_bd_hp0_sc_a_0_s05_nodes_imp_EM7T9 |        309 |        181 |     128 |    0 |   284 |      0 |      0 |          0 |
|         s06_axi2sc                                                              |                                                      fastvit_bd_hp0_sc_a_0_bd_bac5_s06a2s_0 |          0 |          0 |       0 |    0 |     0 |      0 |      0 |          0 |
|         s06_entry_pipeline                                                      |                                         fastvit_bd_hp0_sc_a_0_s06_entry_pipeline_imp_YV3JSW |        219 |        219 |       0 |    0 |   372 |      0 |      0 |          0 |
|         s06_nodes                                                               |                                                  fastvit_bd_hp0_sc_a_0_s06_nodes_imp_YPIKT2 |        309 |        181 |     128 |    0 |   284 |      0 |      0 |          0 |
|         s07_axi2sc                                                              |                                                      fastvit_bd_hp0_sc_a_0_bd_bac5_s07a2s_0 |          0 |          0 |       0 |    0 |     0 |      0 |      0 |          0 |
|         s07_entry_pipeline                                                      |                                        fastvit_bd_hp0_sc_a_0_s07_entry_pipeline_imp_1S1Q09G |        260 |        248 |       0 |   12 |   424 |      0 |      0 |          0 |
|         s07_nodes                                                               |                                                 fastvit_bd_hp0_sc_a_0_s07_nodes_imp_1Q6F9GG |        359 |        227 |     132 |    0 |   436 |      0 |      0 |          0 |
|         switchboards                                                            |                                              fastvit_bd_hp0_sc_a_0_switchboards_imp_1U2NSZ8 |        412 |        412 |       0 |    0 |   369 |      0 |      0 |          0 |
|     hp0_sc_b                                                                    |                                                                       fastvit_bd_hp0_sc_b_0 |       6512 |       5046 |    1426 |   40 |  8335 |      0 |      0 |          0 |
|       inst                                                                      |                                                               fastvit_bd_hp0_sc_b_0_bd_ba35 |       6512 |       5046 |    1426 |   40 |  8335 |      0 |      0 |          0 |
|         clk_map                                                                 |                                                    fastvit_bd_hp0_sc_b_0_clk_map_imp_MK94HI |         13 |         12 |       0 |    1 |    22 |      0 |      0 |          0 |
|         m00_exit_pipeline                                                       |                                         fastvit_bd_hp0_sc_b_0_m00_exit_pipeline_imp_1B6065P |        228 |        228 |       0 |    0 |   713 |      0 |      0 |          0 |
|         m00_nodes                                                               |                                                 fastvit_bd_hp0_sc_b_0_m00_nodes_imp_1XB4LC1 |        769 |        488 |     278 |    3 |   713 |      0 |      0 |          0 |
|         m00_sc2axi                                                              |                                                      fastvit_bd_hp0_sc_b_0_bd_ba35_m00s2a_0 |          0 |          0 |       0 |    0 |     0 |      0 |      0 |          0 |
|         s00_axi2sc                                                              |                                                      fastvit_bd_hp0_sc_b_0_bd_ba35_s00a2s_0 |          0 |          0 |       0 |    0 |     0 |      0 |      0 |          0 |
|         s00_entry_pipeline                                                      |                                         fastvit_bd_hp0_sc_b_0_s00_entry_pipeline_imp_BVY6NI |        219 |        219 |       0 |    0 |   372 |      0 |      0 |          0 |
|         s00_nodes                                                               |                                                  fastvit_bd_hp0_sc_b_0_s00_nodes_imp_HLLVLG |        304 |        180 |     124 |    0 |   284 |      0 |      0 |          0 |
|         s01_axi2sc                                                              |                                                      fastvit_bd_hp0_sc_b_0_bd_ba35_s01a2s_0 |          0 |          0 |       0 |    0 |     0 |      0 |      0 |          0 |
|         s01_entry_pipeline                                                      |                                        fastvit_bd_hp0_sc_b_0_s01_entry_pipeline_imp_1DAEK8Q |        219 |        219 |       0 |    0 |   372 |      0 |      0 |          0 |
|         s01_nodes                                                               |                                                 fastvit_bd_hp0_sc_b_0_s01_nodes_imp_191YWCI |        304 |        180 |     124 |    0 |   284 |      0 |      0 |          0 |
|         s02_axi2sc                                                              |                                                      fastvit_bd_hp0_sc_b_0_bd_ba35_s02a2s_0 |          0 |          0 |       0 |    0 |     0 |      0 |      0 |          0 |
|         s02_entry_pipeline                                                      |                                        fastvit_bd_hp0_sc_b_0_s02_entry_pipeline_imp_1JAAS3R |        219 |        219 |       0 |    0 |   372 |      0 |      0 |          0 |
|         s02_nodes                                                               |                                                 fastvit_bd_hp0_sc_b_0_s02_nodes_imp_1PLIFMH |        304 |        180 |     124 |    0 |   284 |      0 |      0 |          0 |
|         s03_axi2sc                                                              |                                                      fastvit_bd_hp0_sc_b_0_bd_ba35_s03a2s_0 |          0 |          0 |       0 |    0 |     0 |      0 |      0 |          0 |
|         s03_entry_pipeline                                                      |                                         fastvit_bd_hp0_sc_b_0_s03_entry_pipeline_imp_PKY2AB |        250 |        238 |       0 |   12 |   408 |      0 |      0 |          0 |
|         s03_nodes                                                               |                                                  fastvit_bd_hp0_sc_b_0_s03_nodes_imp_ILUMEN |        367 |        227 |     140 |    0 |   443 |      0 |      0 |          0 |
|         s04_axi2sc                                                              |                                                      fastvit_bd_hp0_sc_b_0_bd_ba35_s04a2s_0 |          0 |          0 |       0 |    0 |     0 |      0 |      0 |          0 |
|         s04_entry_pipeline                                                      |                                         fastvit_bd_hp0_sc_b_0_s04_entry_pipeline_imp_BSYJST |        219 |        219 |       0 |    0 |   372 |      0 |      0 |          0 |
|         s04_nodes                                                               |                                                  fastvit_bd_hp0_sc_b_0_s04_nodes_imp_AR59NZ |        305 |        181 |     124 |    0 |   284 |      0 |      0 |          0 |
|         s05_axi2sc                                                              |                                                      fastvit_bd_hp0_sc_b_0_bd_ba35_s05a2s_0 |          0 |          0 |       0 |    0 |     0 |      0 |      0 |          0 |
|         s05_entry_pipeline                                                      |                                        fastvit_bd_hp0_sc_b_0_s05_entry_pipeline_imp_1DDPF8P |        250 |        238 |       0 |   12 |   408 |      0 |      0 |          0 |
|         s05_nodes                                                               |                                                 fastvit_bd_hp0_sc_b_0_s05_nodes_imp_1G3X3DL |        359 |        227 |     132 |    0 |   436 |      0 |      0 |          0 |
|         s06_axi2sc                                                              |                                                      fastvit_bd_hp0_sc_b_0_bd_ba35_s06a2s_0 |          0 |          0 |       0 |    0 |     0 |      0 |      0 |          0 |
|         s06_entry_pipeline                                                      |                                        fastvit_bd_hp0_sc_b_0_s06_entry_pipeline_imp_1J8WQQC |        229 |        229 |       0 |    0 |   388 |      0 |      0 |          0 |
|         s06_nodes                                                               |                                                 fastvit_bd_hp0_sc_b_0_s06_nodes_imp_1JEI2KI |        305 |        181 |     124 |    0 |   284 |      0 |      0 |          0 |
|         s07_axi2sc                                                              |                                                      fastvit_bd_hp0_sc_b_0_bd_ba35_s07a2s_0 |          0 |          0 |       0 |    0 |     0 |      0 |      0 |          0 |
|         s07_entry_pipeline                                                      |                                         fastvit_bd_hp0_sc_b_0_s07_entry_pipeline_imp_PN9TOG |        229 |        229 |       0 |    0 |   388 |      0 |      0 |          0 |
|         s07_nodes                                                               |                                                  fastvit_bd_hp0_sc_b_0_s07_nodes_imp_P5CGDW |        305 |        181 |     124 |    0 |   284 |      0 |      0 |          0 |
|         s08_axi2sc                                                              |                                                      fastvit_bd_hp0_sc_b_0_bd_ba35_s08a2s_0 |          0 |          0 |       0 |    0 |     0 |      0 |      0 |          0 |
|         s08_entry_pipeline                                                      |                                         fastvit_bd_hp0_sc_b_0_s08_entry_pipeline_imp_BRUCJS |        260 |        248 |       0 |   12 |   424 |      0 |      0 |          0 |
|         s08_nodes                                                               |                                                  fastvit_bd_hp0_sc_b_0_s08_nodes_imp_3E1CZM |        359 |        227 |     132 |    0 |   436 |      0 |      0 |          0 |
|         switchboards                                                            |                                               fastvit_bd_hp0_sc_b_0_switchboards_imp_NH0ZKW |        496 |        496 |       0 |    0 |   364 |      0 |      0 |          0 |
|     hp0_sc_top                                                                  |                                                                     fastvit_bd_hp0_sc_top_0 |       3226 |       2428 |     764 |   34 |  4693 |      0 |      0 |          0 |
|       (hp0_sc_top)                                                              |                                                                     fastvit_bd_hp0_sc_top_0 |          0 |          0 |       0 |    0 |     0 |      0 |      0 |          0 |
|       inst                                                                      |                                                             fastvit_bd_hp0_sc_top_0_bd_10e8 |       3226 |       2428 |     764 |   34 |  4693 |      0 |      0 |          0 |
|         clk_map                                                                 |                                                  fastvit_bd_hp0_sc_top_0_clk_map_imp_X8FLUA |         13 |         12 |       0 |    1 |    22 |      0 |      0 |          0 |
|         m00_exit_pipeline                                                       |                                       fastvit_bd_hp0_sc_top_0_m00_exit_pipeline_imp_13SGKG9 |        694 |        663 |       0 |   31 |   996 |      0 |      0 |          0 |
|         m00_nodes                                                               |                                               fastvit_bd_hp0_sc_top_0_m00_nodes_imp_1PZ44H1 |        704 |        450 |     252 |    2 |   658 |      0 |      0 |          0 |
|         m00_sc2axi                                                              |                                                    fastvit_bd_hp0_sc_top_0_bd_10e8_m00s2a_0 |          0 |          0 |       0 |    0 |     0 |      0 |      0 |          0 |
|         s00_axi2sc                                                              |                                                    fastvit_bd_hp0_sc_top_0_bd_10e8_s00a2s_0 |          0 |          0 |       0 |    0 |     0 |      0 |      0 |          0 |
|         s00_entry_pipeline                                                      |                                       fastvit_bd_hp0_sc_top_0_s00_entry_pipeline_imp_3EF5HM |        204 |        204 |       0 |    0 |   722 |      0 |      0 |          0 |
|         s00_nodes                                                               |                                                fastvit_bd_hp0_sc_top_0_s00_nodes_imp_77FC7K |        640 |        384 |     256 |    0 |   618 |      0 |      0 |          0 |
|         s01_axi2sc                                                              |                                                    fastvit_bd_hp0_sc_top_0_bd_10e8_s01a2s_0 |          0 |          0 |       0 |    0 |     0 |      0 |      0 |          0 |
|         s01_entry_pipeline                                                      |                                      fastvit_bd_hp0_sc_top_0_s01_entry_pipeline_imp_15Y9HZY |        205 |        205 |       0 |    0 |   716 |      0 |      0 |          0 |
|         s01_nodes                                                               |                                               fastvit_bd_hp0_sc_top_0_s01_nodes_imp_10W5M92 |        640 |        384 |     256 |    0 |   615 |      0 |      0 |          0 |
|         switchboards                                                            |                                             fastvit_bd_hp0_sc_top_0_switchboards_imp_VNB5HG |        126 |        126 |       0 |    0 |   346 |      0 |      0 |          0 |
|     pool_ip_0                                                                   |                                                                      fastvit_bd_pool_ip_0_0 |       2776 |       2437 |       0 |  339 |  3753 |      0 |      2 |          9 |
|       (pool_ip_0)                                                               |                                                                      fastvit_bd_pool_ip_0_0 |          0 |          0 |       0 |    0 |     0 |      0 |      0 |          0 |
|       inst                                                                      |                                                              fastvit_bd_pool_ip_0_0_pool_ip |       2776 |       2437 |       0 |  339 |  3753 |      0 |      2 |          9 |
|         (inst)                                                                  |                                                              fastvit_bd_pool_ip_0_0_pool_ip |        198 |        197 |       0 |    1 |   713 |      0 |      0 |          0 |
|         control_s_axi_U                                                         |                                                fastvit_bd_pool_ip_0_0_pool_ip_control_s_axi |        110 |        110 |       0 |    0 |   169 |      0 |      0 |          0 |
|         ctrl_s_axi_U                                                            |                                                   fastvit_bd_pool_ip_0_0_pool_ip_ctrl_s_axi |        424 |        424 |       0 |    0 |   406 |      0 |      0 |          0 |
|         gmem0_m_axi_U                                                           |                                                  fastvit_bd_pool_ip_0_0_pool_ip_gmem0_m_axi |        764 |        664 |       0 |  100 |   987 |      0 |      1 |          0 |
|         gmem1_m_axi_U                                                           |                                                  fastvit_bd_pool_ip_0_0_pool_ip_gmem1_m_axi |        955 |        717 |       0 |  238 |  1284 |      0 |      1 |          0 |
|         grp_pool_ip_Pipeline_LOOP_H_LOOP_W_fu_207                               |                               fastvit_bd_pool_ip_0_0_pool_ip_pool_ip_Pipeline_LOOP_H_LOOP_W |        248 |        248 |       0 |    0 |   109 |      0 |      0 |          0 |
|         mul_31ns_31ns_62_2_1_U5                                                 |                                         fastvit_bd_pool_ip_0_0_pool_ip_mul_31ns_31ns_62_2_1 |         47 |         47 |       0 |    0 |    68 |      0 |      0 |          4 |
|         mul_32ns_32ns_63_2_1_U6                                                 |                                         fastvit_bd_pool_ip_0_0_pool_ip_mul_32ns_32ns_63_2_1 |         15 |         15 |       0 |    0 |     0 |      0 |      0 |          2 |
|         mul_32s_32s_32_2_1_U7                                                   |                                           fastvit_bd_pool_ip_0_0_pool_ip_mul_32s_32s_32_2_1 |         15 |         15 |       0 |    0 |    17 |      0 |      0 |          3 |
|     ps7_0                                                                       |                                                                          fastvit_bd_ps7_0_0 |          0 |          0 |       0 |    0 |     0 |      0 |      0 |          0 |
|       inst                                                                      |                               fastvit_bd_ps7_0_0_processing_system7_v5_5_processing_system7 |          0 |          0 |       0 |    0 |     0 |      0 |      0 |          0 |
|     ps_ctrl_ic                                                                  |                                                                     fastvit_bd_ps_ctrl_ic_0 |        717 |        652 |       0 |   65 |   622 |      0 |      0 |          0 |
|       s00_couplers                                                              |                                                                     s00_couplers_imp_XWRLGY |        390 |        325 |       0 |   65 |   494 |      0 |      0 |          0 |
|         auto_pc                                                                 |                                                         fastvit_bd_ps_ctrl_ic_imp_auto_pc_0 |        390 |        325 |       0 |   65 |   494 |      0 |      0 |          0 |
|       xbar                                                                      |                                                            fastvit_bd_ps_ctrl_ic_imp_xbar_0 |        327 |        327 |       0 |    0 |   128 |      0 |      0 |          0 |
|         inst                                                                    |                          fastvit_bd_ps_ctrl_ic_imp_xbar_0_axi_crossbar_v2_1_34_axi_crossbar |        327 |        327 |       0 |    0 |   128 |      0 |      0 |          0 |
|     pwconv_ip_0                                                                 |                                                                    fastvit_bd_pwconv_ip_0_0 |      10401 |      10014 |       0 |  387 | 11015 |      0 |      4 |         39 |
|       (pwconv_ip_0)                                                             |                                                                    fastvit_bd_pwconv_ip_0_0 |          0 |          0 |       0 |    0 |     0 |      0 |      0 |          0 |
|       inst                                                                      |                                                          fastvit_bd_pwconv_ip_0_0_pwconv_ip |      10401 |      10014 |       0 |  387 | 11015 |      0 |      4 |         39 |
|         (inst)                                                                  |                                                          fastvit_bd_pwconv_ip_0_0_pwconv_ip |       1223 |       1220 |       0 |    3 |  5175 |      0 |      0 |          0 |
|         control_s_axi_U                                                         |                                            fastvit_bd_pwconv_ip_0_0_pwconv_ip_control_s_axi |        211 |        211 |       0 |    0 |   297 |      0 |      0 |          0 |
|         ctrl_s_axi_U                                                            |                                               fastvit_bd_pwconv_ip_0_0_pwconv_ip_ctrl_s_axi |        217 |        217 |       0 |    0 |   245 |      0 |      0 |          0 |
|         gmem0_m_axi_U                                                           |                                              fastvit_bd_pwconv_ip_0_0_pwconv_ip_gmem0_m_axi |        473 |        410 |       0 |   63 |   727 |      0 |      1 |          0 |
|         gmem1_m_axi_U                                                           |                                              fastvit_bd_pwconv_ip_0_0_pwconv_ip_gmem1_m_axi |        610 |        541 |       0 |   69 |   863 |      0 |      1 |          0 |
|         gmem2_m_axi_U                                                           |                                              fastvit_bd_pwconv_ip_0_0_pwconv_ip_gmem2_m_axi |        809 |        746 |       0 |   63 |   727 |      0 |      1 |          0 |
|         gmem3_m_axi_U                                                           |                                              fastvit_bd_pwconv_ip_0_0_pwconv_ip_gmem3_m_axi |        679 |        507 |       0 |  172 |   949 |      0 |      1 |          0 |
|         grp_pwconv_ip_Pipeline_COMPUTE_PW_S_fu_932                              |                          fastvit_bd_pwconv_ip_0_0_pwconv_ip_pwconv_ip_Pipeline_COMPUTE_PW_S |       3859 |       3858 |       0 |    1 |   382 |      0 |      0 |         24 |
|         grp_pwconv_ip_Pipeline_LOAD_PW_IN_VITIS_LOOP_114_3_fu_857               |           fastvit_bd_pwconv_ip_0_0_pwconv_ip_pwconv_ip_Pipeline_LOAD_PW_IN_VITIS_LOOP_114_3 |        131 |        122 |       0 |    9 |   223 |      0 |      0 |          2 |
|         grp_pwconv_ip_Pipeline_LOAD_PW_WT_fu_778                                |                            fastvit_bd_pwconv_ip_0_0_pwconv_ip_pwconv_ip_Pipeline_LOAD_PW_WT |        512 |        507 |       0 |    5 |   824 |      0 |      0 |          4 |
|         grp_pwconv_ip_Pipeline_WRITE_PW_OUT_VITIS_LOOP_155_4_fu_1129            |         fastvit_bd_pwconv_ip_0_0_pwconv_ip_pwconv_ip_Pipeline_WRITE_PW_OUT_VITIS_LOOP_155_4 |       1677 |       1675 |       0 |    2 |   501 |      0 |      0 |          0 |
|         mul_28ns_29s_29_5_1_U340                                                |                                      fastvit_bd_pwconv_ip_0_0_pwconv_ip_mul_28ns_29s_29_5_1 |          0 |          0 |       0 |    0 |    34 |      0 |      0 |          3 |
|         mul_30s_29ns_30_5_1_U341                                                |                                      fastvit_bd_pwconv_ip_0_0_pwconv_ip_mul_30s_29ns_30_5_1 |          0 |          0 |       0 |    0 |    34 |      0 |      0 |          3 |
|         mul_32s_32s_32_5_1_U342                                                 |                                       fastvit_bd_pwconv_ip_0_0_pwconv_ip_mul_32s_32s_32_5_1 |          0 |          0 |       0 |    0 |    34 |      0 |      0 |          3 |
|     rst_ps7_0_100M                                                              |                                                                 fastvit_bd_rst_ps7_0_100M_0 |         17 |         16 |       0 |    1 |    33 |      0 |      0 |          0 |
|       U0                                                                        |                                                  fastvit_bd_rst_ps7_0_100M_0_proc_sys_reset |         17 |         16 |       0 |    1 |    33 |      0 |      0 |          0 |
|         (U0)                                                                    |                                                  fastvit_bd_rst_ps7_0_100M_0_proc_sys_reset |          0 |          0 |       0 |    0 |     1 |      0 |      0 |          0 |
|         EXT_LPF                                                                 |                                                             fastvit_bd_rst_ps7_0_100M_0_lpf |          5 |          4 |       0 |    1 |    17 |      0 |      0 |          0 |
|         SEQ                                                                     |                                                    fastvit_bd_rst_ps7_0_100M_0_sequence_psr |         12 |         12 |       0 |    0 |    15 |      0 |      0 |          0 |
+---------------------------------------------------------------------------------+---------------------------------------------------------------------------------------------+------------+------------+---------+------+-------+--------+--------+------------+


