
****** Vivado v2024.2 (64-bit)
  **** SW Build 5239630 on Fri Nov 08 22:35:27 MST 2024
  **** IP Build 5239520 on Sun Nov 10 16:12:51 MST 2024
  **** SharedData Build 5239561 on Fri Nov 08 14:39:27 MST 2024
  **** Start of session at: Thu Aug  6 23:20:18 2026
    ** Copyright 1986-2022 Xilinx, Inc. All Rights Reserved.
    ** Copyright 2022-2024 Advanced Micro Devices, Inc. All Rights Reserved.

source package_pwconv_only_ip.tcl
# set_param general.maxThreads 1
# set script_dir [file normalize [file dirname [info script]]]
# set rtl_dir    "$script_dir/../fastvit_ip_w8a4/tier_b_single"
# set proj_name  "pwconv_only_pack_proj"
# set proj_dir   "$script_dir/$proj_name"
# set ip_dir     [file normalize "$script_dir/../fastvit_ip_w8a4/tier_b_single_ip/pwconv"]
# create_project $proj_name $proj_dir -part xc7z020clg400-1 -force
# set v_files [glob -nocomplain "$rtl_dir/*.v"]
# add_files -norecurse $v_files
# set_property top pwconv_only_top [current_fileset]
# update_compile_order -fileset sources_1
# file mkdir $ip_dir
# ipx::package_project -root_dir E:/codes/microzed/fastvit_hls/fastvit_ip_w8a4/tier_b_single_ip/pwconv -vendor user.org -library hls -taxonomy /UserIP -import_files -set_current true -force
WARNING: [IP_Flow 19-3833] Unreferenced file from the top module is not packaged: 'E:/codes/microzed/fastvit_hls/fastvit_ip_w8a4/tier_b_single/add_only_top.v'.
WARNING: [IP_Flow 19-3833] Unreferenced file from the top module is not packaged: 'E:/codes/microzed/fastvit_hls/fastvit_ip_w8a4/tier_b_single/conv_only_top.v'.
WARNING: [IP_Flow 19-3833] Unreferenced file from the top module is not packaged: 'E:/codes/microzed/fastvit_hls/fastvit_ip_w8a4/tier_b_single/dwconv_only_top.v'.
WARNING: [IP_Flow 19-3833] Unreferenced file from the top module is not packaged: 'E:/codes/microzed/fastvit_hls/fastvit_ip_w8a4/tier_b_single/fastvit_ip_add_worker.v'.
WARNING: [IP_Flow 19-3833] Unreferenced file from the top module is not packaged: 'E:/codes/microzed/fastvit_hls/fastvit_ip_w8a4/tier_b_single/fastvit_ip_add_worker_Pipeline_ADD_LOOP.v'.
WARNING: [IP_Flow 19-3833] Unreferenced file from the top module is not packaged: 'E:/codes/microzed/fastvit_hls/fastvit_ip_w8a4/tier_b_single/fastvit_ip_am_addmul_3ns_12ns_12s_12_4_1.v'.
WARNING: [IP_Flow 19-3833] Unreferenced file from the top module is not packaged: 'E:/codes/microzed/fastvit_hls/fastvit_ip_w8a4/tier_b_single/fastvit_ip_conv_worker.v'.
WARNING: [IP_Flow 19-3833] Unreferenced file from the top module is not packaged: 'E:/codes/microzed/fastvit_hls/fastvit_ip_w8a4/tier_b_single/fastvit_ip_conv_worker_Pipeline_COMPUTE_KH_COMPUTE_KW_COMPUTE_TR_COMPUTE_TC.v'.
WARNING: [IP_Flow 19-3833] Unreferenced file from the top module is not packaged: 'E:/codes/microzed/fastvit_hls/fastvit_ip_w8a4/tier_b_single/fastvit_ip_conv_worker_Pipeline_INIT_OUT_VITIS_LOOP_122_1.v'.
WARNING: [IP_Flow 19-3833] Unreferenced file from the top module is not packaged: 'E:/codes/microzed/fastvit_hls/fastvit_ip_w8a4/tier_b_single/fastvit_ip_conv_worker_Pipeline_LOAD_IN_VITIS_LOOP_140_3.v'.
WARNING: [IP_Flow 19-3833] Unreferenced file from the top module is not packaged: 'E:/codes/microzed/fastvit_hls/fastvit_ip_w8a4/tier_b_single/fastvit_ip_conv_worker_Pipeline_LOAD_WT_VITIS_LOOP_157_5_VITIS_LOOP_158_6.v'.
WARNING: [IP_Flow 19-3833] Unreferenced file from the top module is not packaged: 'E:/codes/microzed/fastvit_hls/fastvit_ip_w8a4/tier_b_single/fastvit_ip_conv_worker_Pipeline_VITIS_LOOP_215_8.v'.
WARNING: [IP_Flow 19-3833] Unreferenced file from the top module is not packaged: 'E:/codes/microzed/fastvit_hls/fastvit_ip_w8a4/tier_b_single/fastvit_ip_conv_worker_p_ZL6in_buf_0_RAM_AUTO_1R1W.v'.
WARNING: [IP_Flow 19-3833] Unreferenced file from the top module is not packaged: 'E:/codes/microzed/fastvit_hls/fastvit_ip_w8a4/tier_b_single/fastvit_ip_conv_worker_p_ZL6wt_buf_0_0_RAM_AUTO_1R1W.v'.
WARNING: [IP_Flow 19-3833] Unreferenced file from the top module is not packaged: 'E:/codes/microzed/fastvit_hls/fastvit_ip_w8a4/tier_b_single/fastvit_ip_conv_worker_p_ZL7out_buf_0_0_RAM_AUTO_1R1W.v'.
WARNING: [IP_Flow 19-3833] Unreferenced file from the top module is not packaged: 'E:/codes/microzed/fastvit_hls/fastvit_ip_w8a4/tier_b_single/fastvit_ip_dwconv_worker.v'.
WARNING: [IP_Flow 19-3833] Unreferenced file from the top module is not packaged: 'E:/codes/microzed/fastvit_hls/fastvit_ip_w8a4/tier_b_single/fastvit_ip_dwconv_worker_Pipeline_COMPUTE_DW_KW.v'.
WARNING: [IP_Flow 19-3833] Unreferenced file from the top module is not packaged: 'E:/codes/microzed/fastvit_hls/fastvit_ip_w8a4/tier_b_single/fastvit_ip_dwconv_worker_Pipeline_LOAD_DW_IN.v'.
WARNING: [IP_Flow 19-3833] Unreferenced file from the top module is not packaged: 'E:/codes/microzed/fastvit_hls/fastvit_ip_w8a4/tier_b_single/fastvit_ip_dwconv_worker_Pipeline_PRELOAD_IN.v'.
WARNING: [IP_Flow 19-3833] Unreferenced file from the top module is not packaged: 'E:/codes/microzed/fastvit_hls/fastvit_ip_w8a4/tier_b_single/fastvit_ip_dwconv_worker_Pipeline_STORE_DW_OUT.v'.
WARNING: [IP_Flow 19-3833] Unreferenced file from the top module is not packaged: 'E:/codes/microzed/fastvit_hls/fastvit_ip_w8a4/tier_b_single/fastvit_ip_dwconv_worker_Pipeline_WRITEBACK_OUT.v'.
WARNING: [IP_Flow 19-3833] Unreferenced file from the top module is not packaged: 'E:/codes/microzed/fastvit_hls/fastvit_ip_w8a4/tier_b_single/fastvit_ip_dwconv_worker_p_ZL9ch_in_buf_0_RAM_1P_BRAM_1R1W.v'.
WARNING: [IP_Flow 19-3833] Unreferenced file from the top module is not packaged: 'E:/codes/microzed/fastvit_hls/fastvit_ip_w8a4/tier_b_single/fastvit_ip_mul_12s_12s_12_2_1.v'.
WARNING: [IP_Flow 19-3833] Unreferenced file from the top module is not packaged: 'E:/codes/microzed/fastvit_hls/fastvit_ip_w8a4/tier_b_single/fastvit_ip_mul_29ns_30s_30_5_1.v'.
WARNING: [IP_Flow 19-3833] Unreferenced file from the top module is not packaged: 'E:/codes/microzed/fastvit_hls/fastvit_ip_w8a4/tier_b_single/fastvit_ip_mul_2ns_32s_32_5_1.v'.
WARNING: [IP_Flow 19-3833] Unreferenced file from the top module is not packaged: 'E:/codes/microzed/fastvit_hls/fastvit_ip_w8a4/tier_b_single/fastvit_ip_mul_31ns_32s_32_5_1.v'.
WARNING: [IP_Flow 19-3833] Unreferenced file from the top module is not packaged: 'E:/codes/microzed/fastvit_hls/fastvit_ip_w8a4/tier_b_single/fastvit_ip_mul_32ns_32ns_60_5_1.v'.
WARNING: [IP_Flow 19-3833] Unreferenced file from the top module is not packaged: 'E:/codes/microzed/fastvit_hls/fastvit_ip_w8a4/tier_b_single/fastvit_ip_mul_32ns_32ns_64_5_1.v'.
WARNING: [IP_Flow 19-3833] Unreferenced file from the top module is not packaged: 'E:/codes/microzed/fastvit_hls/fastvit_ip_w8a4/tier_b_single/fastvit_ip_mul_3ns_4s_4_1_1.v'.
WARNING: [IP_Flow 19-3833] Unreferenced file from the top module is not packaged: 'E:/codes/microzed/fastvit_hls/fastvit_ip_w8a4/tier_b_single/fastvit_ip_mul_64s_32ns_64_5_1.v'.
WARNING: [IP_Flow 19-3833] Unreferenced file from the top module is not packaged: 'E:/codes/microzed/fastvit_hls/fastvit_ip_w8a4/tier_b_single/fastvit_ip_mul_64s_64s_64_5_1.v'.
WARNING: [IP_Flow 19-3833] Unreferenced file from the top module is not packaged: 'E:/codes/microzed/fastvit_hls/fastvit_ip_w8a4/tier_b_single/fastvit_ip_partselect_4ns_32ns_32ns_4_1_1.v'.
WARNING: [IP_Flow 19-3833] Unreferenced file from the top module is not packaged: 'E:/codes/microzed/fastvit_hls/fastvit_ip_w8a4/tier_b_single/fastvit_ip_sdiv_32ns_32s_32_36_seq_1.v'.
WARNING: [IP_Flow 19-3833] Unreferenced file from the top module is not packaged: 'E:/codes/microzed/fastvit_hls/fastvit_ip_w8a4/tier_b_single/fastvit_ip_sparsemux_15_3_8_1_1.v'.
WARNING: [IP_Flow 19-3833] Unreferenced file from the top module is not packaged: 'E:/codes/microzed/fastvit_hls/fastvit_ip_w8a4/tier_b_single/fastvit_ip_sparsemux_15_4_8_1_1.v'.
WARNING: [IP_Flow 19-3833] Unreferenced file from the top module is not packaged: 'E:/codes/microzed/fastvit_hls/fastvit_ip_w8a4/tier_b_single/fastvit_ip_sparsemux_27_4_4_1_1.v'.
WARNING: [IP_Flow 19-3833] Unreferenced file from the top module is not packaged: 'E:/codes/microzed/fastvit_hls/fastvit_ip_w8a4/tier_b_single/fastvit_ip_sparsemux_33_4_4_1_1.v'.
WARNING: [IP_Flow 19-3833] Unreferenced file from the top module is not packaged: 'E:/codes/microzed/fastvit_hls/fastvit_ip_w8a4/tier_b_single/fastvit_ip_sparsemux_9_2_32_1_1.v'.
INFO: [IP_Flow 19-234] Refreshing IP repositories
INFO: [IP_Flow 19-1704] No user IP repositories specified
INFO: [IP_Flow 19-2313] Loaded Vivado IP repository 'E:/Xilinx/Vivado/2024.2/data/ip'.
INFO: [IP_Flow 19-5107] Inferred bus interface 'm_axi_pwconv_gmem0' of definition 'xilinx.com:interface:aximm:1.0' (from Xilinx Repository).
INFO: [IP_Flow 19-5107] Inferred bus interface 'm_axi_pwconv_gmem1' of definition 'xilinx.com:interface:aximm:1.0' (from Xilinx Repository).
INFO: [IP_Flow 19-5107] Inferred bus interface 'm_axi_pwconv_gmem2' of definition 'xilinx.com:interface:aximm:1.0' (from Xilinx Repository).
INFO: [IP_Flow 19-5107] Inferred bus interface 'm_axi_pwconv_gmem3' of definition 'xilinx.com:interface:aximm:1.0' (from Xilinx Repository).
INFO: [IP_Flow 19-5107] Inferred bus interface 's_axi_control' of definition 'xilinx.com:interface:aximm:1.0' (from Xilinx Repository).
INFO: [IP_Flow 19-5107] Inferred bus interface 's_axi_ctrl' of definition 'xilinx.com:interface:aximm:1.0' (from Xilinx Repository).
INFO: [IP_Flow 19-5107] Inferred bus interface 'ap_rst_n' of definition 'xilinx.com:signal:reset:1.0' (from Xilinx Repository).
INFO: [IP_Flow 19-5107] Inferred bus interface 'ap_clk' of definition 'xilinx.com:signal:clock:1.0' (from Xilinx Repository).
INFO: [IP_Flow 19-5107] Inferred bus interface 'interrupt' of definition 'xilinx.com:signal:interrupt:1.0' (from Xilinx Repository).
INFO: [IP_Flow 19-4728] Bus Interface 'ap_rst_n': Added interface parameter 'POLARITY' with value 'ACTIVE_LOW'.
INFO: [IP_Flow 19-4728] Bus Interface 'interrupt': Added interface parameter 'SENSITIVITY' with value 'LEVEL_HIGH'.
INFO: [IP_Flow 19-4728] Bus Interface 'ap_clk': Added interface parameter 'ASSOCIATED_RESET' with value 'ap_rst_n'.
WARNING: [IP_Flow 19-11888] Component Definition 'user.org:hls:pwconv_only_top:1.0 (pwconv_only_top_v1_0)': IP description "pwconv_only_top_v1_0" is not meaningful: same as name or display name
WARNING: [IP_Flow 19-3158] Bus Interface 'm_axi_pwconv_gmem0': FREQ_HZ bus parameter missing from AXI interface when interface is not associated to a clock.
WARNING: [IP_Flow 19-3158] Bus Interface 'm_axi_pwconv_gmem1': FREQ_HZ bus parameter missing from AXI interface when interface is not associated to a clock.
WARNING: [IP_Flow 19-3158] Bus Interface 'm_axi_pwconv_gmem2': FREQ_HZ bus parameter missing from AXI interface when interface is not associated to a clock.
WARNING: [IP_Flow 19-3158] Bus Interface 'm_axi_pwconv_gmem3': FREQ_HZ bus parameter missing from AXI interface when interface is not associated to a clock.
WARNING: [IP_Flow 19-3158] Bus Interface 's_axi_control': FREQ_HZ bus parameter missing from AXI interface when interface is not associated to a clock.
WARNING: [IP_Flow 19-3158] Bus Interface 's_axi_ctrl': FREQ_HZ bus parameter missing from AXI interface when interface is not associated to a clock.
WARNING: [IP_Flow 19-5661] Bus Interface 'ap_clk' does not have any bus interfaces associated with it.
WARNING: [IP_Flow 19-11770] Clock interface 'ap_clk' has no FREQ_HZ parameter.
INFO: [IP_Flow 19-2181] Payment is not required for this core.
WARNING: [IP_Flow 19-2187] The Product Guide file is missing.
# set core [ipx::current_core]
# set_property name        pwconv_only_top   $core
# set_property display_name "FastVIT pwconv Only (Tier B isolation test)" $core
# set_property description "Standalone pwconv_worker + private AXI4 adapters, isolated from all other workers, for a minimal-harness 200MHz timing test" $core
# set_property version "1.0" $core
# ipx::merge_project_changes files $core
WARNING: [IP_Flow 19-3833] Unreferenced file from the top module is not packaged: 'E:/codes/microzed/fastvit_hls/fastvit_ip_w8a4/tier_b_single/add_only_top.v'.
WARNING: [IP_Flow 19-3833] Unreferenced file from the top module is not packaged: 'E:/codes/microzed/fastvit_hls/fastvit_ip_w8a4/tier_b_single/conv_only_top.v'.
WARNING: [IP_Flow 19-3833] Unreferenced file from the top module is not packaged: 'E:/codes/microzed/fastvit_hls/fastvit_ip_w8a4/tier_b_single/dwconv_only_top.v'.
WARNING: [IP_Flow 19-3833] Unreferenced file from the top module is not packaged: 'E:/codes/microzed/fastvit_hls/fastvit_ip_w8a4/tier_b_single/fastvit_ip_add_worker.v'.
WARNING: [IP_Flow 19-3833] Unreferenced file from the top module is not packaged: 'E:/codes/microzed/fastvit_hls/fastvit_ip_w8a4/tier_b_single/fastvit_ip_add_worker_Pipeline_ADD_LOOP.v'.
WARNING: [IP_Flow 19-3833] Unreferenced file from the top module is not packaged: 'E:/codes/microzed/fastvit_hls/fastvit_ip_w8a4/tier_b_single/fastvit_ip_am_addmul_3ns_12ns_12s_12_4_1.v'.
WARNING: [IP_Flow 19-3833] Unreferenced file from the top module is not packaged: 'E:/codes/microzed/fastvit_hls/fastvit_ip_w8a4/tier_b_single/fastvit_ip_conv_worker.v'.
WARNING: [IP_Flow 19-3833] Unreferenced file from the top module is not packaged: 'E:/codes/microzed/fastvit_hls/fastvit_ip_w8a4/tier_b_single/fastvit_ip_conv_worker_Pipeline_COMPUTE_KH_COMPUTE_KW_COMPUTE_TR_COMPUTE_TC.v'.
WARNING: [IP_Flow 19-3833] Unreferenced file from the top module is not packaged: 'E:/codes/microzed/fastvit_hls/fastvit_ip_w8a4/tier_b_single/fastvit_ip_conv_worker_Pipeline_INIT_OUT_VITIS_LOOP_122_1.v'.
WARNING: [IP_Flow 19-3833] Unreferenced file from the top module is not packaged: 'E:/codes/microzed/fastvit_hls/fastvit_ip_w8a4/tier_b_single/fastvit_ip_conv_worker_Pipeline_LOAD_IN_VITIS_LOOP_140_3.v'.
WARNING: [IP_Flow 19-3833] Unreferenced file from the top module is not packaged: 'E:/codes/microzed/fastvit_hls/fastvit_ip_w8a4/tier_b_single/fastvit_ip_conv_worker_Pipeline_LOAD_WT_VITIS_LOOP_157_5_VITIS_LOOP_158_6.v'.
WARNING: [IP_Flow 19-3833] Unreferenced file from the top module is not packaged: 'E:/codes/microzed/fastvit_hls/fastvit_ip_w8a4/tier_b_single/fastvit_ip_conv_worker_Pipeline_VITIS_LOOP_215_8.v'.
WARNING: [IP_Flow 19-3833] Unreferenced file from the top module is not packaged: 'E:/codes/microzed/fastvit_hls/fastvit_ip_w8a4/tier_b_single/fastvit_ip_conv_worker_p_ZL6in_buf_0_RAM_AUTO_1R1W.v'.
WARNING: [IP_Flow 19-3833] Unreferenced file from the top module is not packaged: 'E:/codes/microzed/fastvit_hls/fastvit_ip_w8a4/tier_b_single/fastvit_ip_conv_worker_p_ZL6wt_buf_0_0_RAM_AUTO_1R1W.v'.
WARNING: [IP_Flow 19-3833] Unreferenced file from the top module is not packaged: 'E:/codes/microzed/fastvit_hls/fastvit_ip_w8a4/tier_b_single/fastvit_ip_conv_worker_p_ZL7out_buf_0_0_RAM_AUTO_1R1W.v'.
WARNING: [IP_Flow 19-3833] Unreferenced file from the top module is not packaged: 'E:/codes/microzed/fastvit_hls/fastvit_ip_w8a4/tier_b_single/fastvit_ip_dwconv_worker.v'.
WARNING: [IP_Flow 19-3833] Unreferenced file from the top module is not packaged: 'E:/codes/microzed/fastvit_hls/fastvit_ip_w8a4/tier_b_single/fastvit_ip_dwconv_worker_Pipeline_COMPUTE_DW_KW.v'.
WARNING: [IP_Flow 19-3833] Unreferenced file from the top module is not packaged: 'E:/codes/microzed/fastvit_hls/fastvit_ip_w8a4/tier_b_single/fastvit_ip_dwconv_worker_Pipeline_LOAD_DW_IN.v'.
WARNING: [IP_Flow 19-3833] Unreferenced file from the top module is not packaged: 'E:/codes/microzed/fastvit_hls/fastvit_ip_w8a4/tier_b_single/fastvit_ip_dwconv_worker_Pipeline_PRELOAD_IN.v'.
WARNING: [IP_Flow 19-3833] Unreferenced file from the top module is not packaged: 'E:/codes/microzed/fastvit_hls/fastvit_ip_w8a4/tier_b_single/fastvit_ip_dwconv_worker_Pipeline_STORE_DW_OUT.v'.
WARNING: [IP_Flow 19-3833] Unreferenced file from the top module is not packaged: 'E:/codes/microzed/fastvit_hls/fastvit_ip_w8a4/tier_b_single/fastvit_ip_dwconv_worker_Pipeline_WRITEBACK_OUT.v'.
WARNING: [IP_Flow 19-3833] Unreferenced file from the top module is not packaged: 'E:/codes/microzed/fastvit_hls/fastvit_ip_w8a4/tier_b_single/fastvit_ip_dwconv_worker_p_ZL9ch_in_buf_0_RAM_1P_BRAM_1R1W.v'.
WARNING: [IP_Flow 19-3833] Unreferenced file from the top module is not packaged: 'E:/codes/microzed/fastvit_hls/fastvit_ip_w8a4/tier_b_single/fastvit_ip_mul_12s_12s_12_2_1.v'.
WARNING: [IP_Flow 19-3833] Unreferenced file from the top module is not packaged: 'E:/codes/microzed/fastvit_hls/fastvit_ip_w8a4/tier_b_single/fastvit_ip_mul_29ns_30s_30_5_1.v'.
WARNING: [IP_Flow 19-3833] Unreferenced file from the top module is not packaged: 'E:/codes/microzed/fastvit_hls/fastvit_ip_w8a4/tier_b_single/fastvit_ip_mul_2ns_32s_32_5_1.v'.
WARNING: [IP_Flow 19-3833] Unreferenced file from the top module is not packaged: 'E:/codes/microzed/fastvit_hls/fastvit_ip_w8a4/tier_b_single/fastvit_ip_mul_31ns_32s_32_5_1.v'.
WARNING: [IP_Flow 19-3833] Unreferenced file from the top module is not packaged: 'E:/codes/microzed/fastvit_hls/fastvit_ip_w8a4/tier_b_single/fastvit_ip_mul_32ns_32ns_60_5_1.v'.
WARNING: [IP_Flow 19-3833] Unreferenced file from the top module is not packaged: 'E:/codes/microzed/fastvit_hls/fastvit_ip_w8a4/tier_b_single/fastvit_ip_mul_32ns_32ns_64_5_1.v'.
WARNING: [IP_Flow 19-3833] Unreferenced file from the top module is not packaged: 'E:/codes/microzed/fastvit_hls/fastvit_ip_w8a4/tier_b_single/fastvit_ip_mul_3ns_4s_4_1_1.v'.
WARNING: [IP_Flow 19-3833] Unreferenced file from the top module is not packaged: 'E:/codes/microzed/fastvit_hls/fastvit_ip_w8a4/tier_b_single/fastvit_ip_mul_64s_32ns_64_5_1.v'.
WARNING: [IP_Flow 19-3833] Unreferenced file from the top module is not packaged: 'E:/codes/microzed/fastvit_hls/fastvit_ip_w8a4/tier_b_single/fastvit_ip_mul_64s_64s_64_5_1.v'.
WARNING: [IP_Flow 19-3833] Unreferenced file from the top module is not packaged: 'E:/codes/microzed/fastvit_hls/fastvit_ip_w8a4/tier_b_single/fastvit_ip_partselect_4ns_32ns_32ns_4_1_1.v'.
WARNING: [IP_Flow 19-3833] Unreferenced file from the top module is not packaged: 'E:/codes/microzed/fastvit_hls/fastvit_ip_w8a4/tier_b_single/fastvit_ip_sdiv_32ns_32s_32_36_seq_1.v'.
WARNING: [IP_Flow 19-3833] Unreferenced file from the top module is not packaged: 'E:/codes/microzed/fastvit_hls/fastvit_ip_w8a4/tier_b_single/fastvit_ip_sparsemux_15_3_8_1_1.v'.
WARNING: [IP_Flow 19-3833] Unreferenced file from the top module is not packaged: 'E:/codes/microzed/fastvit_hls/fastvit_ip_w8a4/tier_b_single/fastvit_ip_sparsemux_15_4_8_1_1.v'.
WARNING: [IP_Flow 19-3833] Unreferenced file from the top module is not packaged: 'E:/codes/microzed/fastvit_hls/fastvit_ip_w8a4/tier_b_single/fastvit_ip_sparsemux_27_4_4_1_1.v'.
WARNING: [IP_Flow 19-3833] Unreferenced file from the top module is not packaged: 'E:/codes/microzed/fastvit_hls/fastvit_ip_w8a4/tier_b_single/fastvit_ip_sparsemux_33_4_4_1_1.v'.
WARNING: [IP_Flow 19-3833] Unreferenced file from the top module is not packaged: 'E:/codes/microzed/fastvit_hls/fastvit_ip_w8a4/tier_b_single/fastvit_ip_sparsemux_9_2_32_1_1.v'.
# foreach bif [ipx::get_bus_interfaces -of_objects $core] {
#     set bname [get_property NAME $bif]
#     if {$bname eq "ap_clk" || $bname eq "ap_rst_n" || $bname eq "interrupt"} { continue }
#     ipx::associate_bus_interfaces -busif $bname -clock ap_clk $core
# }
INFO: [IP_Flow 19-4728] Bus Interface 'ap_clk': Added interface parameter 'ASSOCIATED_BUSIF' with value 'm_axi_pwconv_gmem0'.
# array set outstanding_by_bundle {
#     gmem0 {4  16}
#     gmem1 {4  16}
#     gmem2 {16 16}
#     gmem3 {16 4}
# }
# array set rw_mode_by_bundle {
#     gmem0 READ_ONLY
#     gmem1 READ_ONLY
#     gmem2 READ_ONLY
#     gmem3 WRITE_ONLY
# }
# foreach bif [ipx::get_bus_interfaces -of_objects $core] {
#     set bname [get_property NAME $bif]
#     if {![string match "m_axi_*" $bname]} { continue }
#     set bundle [lindex [split $bname "_"] end]
#     if {![info exists outstanding_by_bundle($bundle)]} {
#         puts "WARNING: unrecognized bundle suffix for $bname, skipping outstanding-transaction params"
#         continue
#     }
#     lassign $outstanding_by_bundle($bundle) rd wr
#     foreach {pname pval} [list NUM_READ_OUTSTANDING $rd NUM_WRITE_OUTSTANDING $wr \
#                                 MAX_BURST_LENGTH 256 SUPPORTS_NARROW_BURST 0 \
#                                 HAS_BURST 0 READ_WRITE_MODE $rw_mode_by_bundle($bundle)] {
#         ipx::add_bus_parameter $pname $bif
#         set_property value $pval [ipx::get_bus_parameters $pname -of_objects $bif]
#     }
# }
# puts ""

# puts "======================================================================"
======================================================================
# puts " BUS INTERFACES DETECTED (pwconv_only_top)"
 BUS INTERFACES DETECTED (pwconv_only_top)
# puts "======================================================================"
======================================================================
# foreach bif [ipx::get_bus_interfaces -of_objects $core] {
#     puts [format "  %-28s %-20s %s" \
#         [get_property NAME $bif] \
#         [get_property INTERFACE_MODE $bif] \
#         [get_property ABSTRACTION_TYPE_NAME $bif]]
# }
  m_axi_pwconv_gmem0           master               aximm_rtl
  m_axi_pwconv_gmem1           master               aximm_rtl
  m_axi_pwconv_gmem2           master               aximm_rtl
  m_axi_pwconv_gmem3           master               aximm_rtl
  s_axi_control                slave                aximm_rtl
  s_axi_ctrl                   slave                aximm_rtl
  ap_rst_n                     slave                reset_rtl
  ap_clk                       slave                clock_rtl
  interrupt                    master               interrupt_rtl
# puts "======================================================================"
======================================================================
# puts " Total bus interfaces: [llength [ipx::get_bus_interfaces -of_objects $core]]"
 Total bus interfaces: 9
# puts " Total ports:          [llength [ipx::get_ports -of_objects $core]]"
 Total ports:          217
# puts "======================================================================"
======================================================================
# ipx::create_xgui_files $core
# ipx::update_checksums $core
# ipx::save_core $core
# puts ""

# puts ">>> IP packaged at: $ip_dir"
>>> IP packaged at: E:/codes/microzed/fastvit_hls/fastvit_ip_w8a4/tier_b_single_ip/pwconv
# puts ">>> component.xml:  [get_property XML_FILE_NAME $core]"
>>> component.xml:  e:/codes/microzed/fastvit_hls/fastvit_ip_w8a4/tier_b_single_ip/pwconv/component.xml
INFO: [Common 17-206] Exiting Vivado at Thu Aug  6 23:20:23 2026...
