
****** Vivado v2024.2 (64-bit)
  **** SW Build 5239630 on Fri Nov 08 22:35:27 MST 2024
  **** IP Build 5239520 on Sun Nov 10 16:12:51 MST 2024
  **** SharedData Build 5239561 on Fri Nov 08 14:39:27 MST 2024
  **** Start of session at: Wed Aug 12 09:20:52 2026
    ** Copyright 1986-2022 Xilinx, Inc. All Rights Reserved.
    ** Copyright 2022-2024 Advanced Micro Devices, Inc. All Rights Reserved.

source round5_phase2_physopt.tcl
# set_param general.maxThreads 1
# set script_dir [file normalize [file dirname [info script]]]
# set proj_dir   "$script_dir/fastvit_dsconv_fused_only_200mhz_proj"
# set run_dir    "$proj_dir/fastvit_dsconv_fused_only_200mhz_proj.runs/impl_1"
# set routed_preopt_dcp "$run_dir/fastvit_bd_wrapper_routed_preopt_round5.dcp"
# puts ">>> Opening routed (pre-postopt) checkpoint..."
>>> Opening routed (pre-postopt) checkpoint...
# open_checkpoint $routed_preopt_dcp
Command: open_checkpoint E:/codes/microzed/fastvit_hls/vivado_impl/fastvit_dsconv_fused_only_200mhz_proj/fastvit_dsconv_fused_only_200mhz_proj.runs/impl_1/fastvit_bd_wrapper_routed_preopt_round5.dcp

Starting open_checkpoint Task

Time (s): cpu = 00:00:00 ; elapsed = 00:00:00.024 . Memory (MB): peak = 309.691 ; gain = 5.238
INFO: [Device 21-403] Loading part xc7z020clg400-1
Netlist sorting complete. Time (s): cpu = 00:00:01 ; elapsed = 00:00:00.592 . Memory (MB): peak = 758.102 ; gain = 0.000
INFO: [Netlist 29-17] Analyzing 5466 Unisim elements for replacement
INFO: [Netlist 29-28] Unisim Transformation completed in 0 CPU seconds
INFO: [Project 1-479] Netlist was created with Vivado 2024.2
INFO: [Project 1-570] Preparing netlist for logic optimization
Read ShapeDB Complete: Time (s): cpu = 00:00:00 ; elapsed = 00:00:00.085 . Memory (MB): peak = 988.488 ; gain = 14.918
INFO: [Timing 38-478] Restoring timing data from binary archive.
INFO: [Timing 38-479] Binary timing data restore complete.
INFO: [Project 1-856] Restoring constraints from binary archive.
INFO: [Constraints 18-5170] The checkpoint was created with non-default parameter values which do not match the current Vivado settings.  Mismatching parameters are:
  general.maxThreads
INFO: [Project 1-853] Binary constraint restore complete.
INFO: [Designutils 20-5722] Start Reading Physical Databases.
Reading placement.
Read Netlist Cache: Time (s): cpu = 00:00:01 ; elapsed = 00:00:00.048 . Memory (MB): peak = 1728.129 ; gain = 0.000
Reading placer database...
Read Device Cache: Time (s): cpu = 00:00:00 ; elapsed = 00:00:00.008 . Memory (MB): peak = 1728.129 ; gain = 0.000
Read PlaceDB: Time (s): cpu = 00:00:01 ; elapsed = 00:00:01 . Memory (MB): peak = 1771.387 ; gain = 43.258
Read PulsedLatchDB: Time (s): cpu = 00:00:00 ; elapsed = 00:00:00.001 . Memory (MB): peak = 1771.387 ; gain = 0.000
Reading routing.
Read RouteStorage: Time (s): cpu = 00:00:01 ; elapsed = 00:00:00.755 . Memory (MB): peak = 1819.000 ; gain = 47.613
Read Physdb Files: Time (s): cpu = 00:00:03 ; elapsed = 00:00:02 . Memory (MB): peak = 1819.000 ; gain = 90.871
Restored from archive | CPU: 3.000000 secs | Memory: 0.000000 MB |
Finished XDEF File Restore: Time (s): cpu = 00:00:03 ; elapsed = 00:00:02 . Memory (MB): peak = 1819.000 ; gain = 90.871
Netlist sorting complete. Time (s): cpu = 00:00:00 ; elapsed = 00:00:00.010 . Memory (MB): peak = 1819.000 ; gain = 0.000
INFO: [Project 1-111] Unisim Transformation Summary:
  A total of 253 instances were transformed.
  RAM16X1D => RAM32X1D (RAMD32(x2)): 1 instance 
  RAM16X1S => RAM32X1S (RAMS32): 48 instances
  RAM32M => RAM32M (RAMD32(x6), RAMS32(x2)): 204 instances

INFO: [Project 1-604] Checkpoint was created with Vivado v2024.2 (64-bit) build 5239630
open_checkpoint: Time (s): cpu = 00:00:15 ; elapsed = 00:00:15 . Memory (MB): peak = 1819.000 ; gain = 1525.594
# puts ">>> Running post-route phys_opt_design (AggressiveExplore)..."
>>> Running post-route phys_opt_design (AggressiveExplore)...
# phys_opt_design -directive AggressiveExplore
Command: phys_opt_design -directive AggressiveExplore
Attempting to get a license for feature 'Implementation' and/or device 'xc7z020'
INFO: [Common 17-349] Got license for feature 'Implementation' and/or device 'xc7z020'
INFO: [Vivado_Tcl 4-241] Physical synthesis in post route mode 
INFO: [Vivado_Tcl 4-137] Directive used for phys_opt_design is: AggressiveExplore

Starting Initial Update Timing Task

Time (s): cpu = 00:00:10 ; elapsed = 00:00:10 . Memory (MB): peak = 1964.961 ; gain = 23.027
INFO: [Vivado_Tcl 4-1435] PhysOpt_Tcl_Interface Runtime Before Starting Physical Synthesis Task | CPU: 14.00s |  WALL: 14.39s
Netlist sorting complete. Time (s): cpu = 00:00:00 ; elapsed = 00:00:00.014 . Memory (MB): peak = 1965.477 ; gain = 0.516

Starting Physical Synthesis Task

Phase 1 Physical Synthesis Initialization
INFO: [Physopt 32-721] Multithreading enabled for phys_opt_design using a maximum of 1 CPUs
INFO: [Physopt 32-668] Current Timing Summary | WNS=-1.827 | TNS=-11778.795 | WHS=0.013 | THS=0.000 |
Phase 1 Physical Synthesis Initialization | Checksum: 124426a22

Time (s): cpu = 00:00:06 ; elapsed = 00:00:06 . Memory (MB): peak = 2060.648 ; gain = 95.172
WARNING: [Physopt 32-745] Physical Optimization has determined that the magnitude of the negative slack is too large and it is highly unlikely that slack will be improved. Post-Route Physical Optimization is most effective when WNS is above -0.5ns

Phase 2 Critical Path Optimization
INFO: [Physopt 32-668] Current Timing Summary | WNS=-1.827 | TNS=-11778.795 | WHS=0.013 | THS=0.000 |
INFO: [Physopt 32-953] Path group WNS did not improve. Path group: clk_fpga_0. Processed net: fastvit_bd_i/worker_0/inst/pw_acc_18_U/pw_acc_18_q0[16].
INFO: [Physopt 32-953] Path group WNS did not improve. Path group: clk_fpga_0. Processed net: fastvit_bd_i/ps7_0/inst/FCLK_CLK_unbuffered[0].
INFO: [Physopt 32-953] Path group WNS did not improve. Path group: clk_fpga_0. Processed net: fastvit_bd_i/worker_0/inst/grp_dsconv_worker_Pipeline_WRITEBACK_PW_VITIS_LOOP_533_6_VITIS_LOOP_555_7_fu_2912/grp_dsconv_worker_Pipeline_WRITEBACK_PW_VITIS_LOOP_533_6_VITIS_LOOP_555_7_fu_2912_pw_acc_18_address0[3].
INFO: [Physopt 32-953] Path group WNS did not improve. Path group: clk_fpga_0. Processed net: fastvit_bd_i/worker_0/inst/grp_dsconv_worker_Pipeline_WRITEBACK_PW_VITIS_LOOP_533_6_VITIS_LOOP_555_7_fu_2912/ram_reg_i_14__7_n_0.
INFO: [Physopt 32-952] Improved path group WNS = -1.815. Path group: clk_fpga_0. Processed net: fastvit_bd_i/worker_0/inst/grp_dsconv_worker_Pipeline_WRITEBACK_PW_VITIS_LOOP_533_6_VITIS_LOOP_555_7_fu_2912/ram_reg_i_86_n_0.
INFO: [Physopt 32-953] Path group WNS did not improve. Path group: clk_fpga_0. Processed net: fastvit_bd_i/worker_0/inst/grp_dsconv_worker_Pipeline_WRITEBACK_PW_VITIS_LOOP_533_6_VITIS_LOOP_555_7_fu_2912/ram_reg_i_86_n_0.
INFO: [Physopt 32-953] Path group WNS did not improve. Path group: clk_fpga_0. Processed net: fastvit_bd_i/worker_0/inst/grp_dsconv_worker_Pipeline_WRITEBACK_PW_VITIS_LOOP_533_6_VITIS_LOOP_555_7_fu_2912/ram_reg_i_105_n_0.
INFO: [Physopt 32-953] Path group WNS did not improve. Path group: clk_fpga_0. Processed net: fastvit_bd_i/worker_0/inst/grp_dsconv_worker_Pipeline_WRITEBACK_PW_VITIS_LOOP_533_6_VITIS_LOOP_555_7_fu_2912/ap_CS_fsm_reg[324]_rep__0_17[3].
INFO: [Physopt 32-703] Processed net fastvit_bd_i/worker_0/inst/grp_dsconv_worker_Pipeline_WRITEBACK_PW_VITIS_LOOP_533_6_VITIS_LOOP_555_7_fu_2912/add_ln558_reg_9716[3]_repN. Clock skew was adjusted for instance fastvit_bd_i/worker_0/inst/grp_dsconv_worker_Pipeline_WRITEBACK_PW_VITIS_LOOP_533_6_VITIS_LOOP_555_7_fu_2912/add_ln558_reg_9716_reg[3]_replica.
INFO: [Physopt 32-952] Improved path group WNS = -1.732. Path group: clk_fpga_0. Processed net: fastvit_bd_i/worker_0/inst/grp_dsconv_worker_Pipeline_WRITEBACK_PW_VITIS_LOOP_533_6_VITIS_LOOP_555_7_fu_2912/add_ln558_reg_9716[3]_repN.
INFO: [Physopt 32-953] Path group WNS did not improve. Path group: clk_fpga_0. Processed net: fastvit_bd_i/worker_0/inst/pw_acc_12_U/pw_acc_12_q0[16].
INFO: [Physopt 32-608] Optimized 1 net.  Swapped 24 pins.
INFO: [Physopt 32-952] Improved path group WNS = -1.728. Path group: clk_fpga_0. Processed net: fastvit_bd_i/worker_0/inst/grp_dsconv_worker_Pipeline_WRITEBACK_PW_VITIS_LOOP_533_6_VITIS_LOOP_555_7_fu_2912/grp_dsconv_worker_Pipeline_WRITEBACK_PW_VITIS_LOOP_533_6_VITIS_LOOP_555_7_fu_2912_pw_acc_12_address0[2].
INFO: [Physopt 32-953] Path group WNS did not improve. Path group: clk_fpga_0. Processed net: fastvit_bd_i/worker_0/inst/p_ZL12dw_patch_buf_5_1_U/p_ZL12dw_patch_buf_5_1_q0[0].
INFO: [Physopt 32-953] Path group WNS did not improve. Path group: clk_fpga_0. Processed net: fastvit_bd_i/worker_0/inst/grp_dsconv_worker_Pipeline_WRITEBACK_DW_PATCH_VITIS_LOOP_444_3_fu_2213/grp_dsconv_worker_Pipeline_WRITEBACK_DW_PATCH_VITIS_LOOP_444_3_fu_2213_p_ZL12dw_patch_buf_5_0_ce0.
INFO: [Physopt 32-710] Processed net fastvit_bd_i/worker_0/inst/grp_dsconv_worker_Pipeline_WRITEBACK_DW_PATCH_VITIS_LOOP_444_3_fu_2213/grp_dsconv_worker_Pipeline_WRITEBACK_DW_PATCH_VITIS_LOOP_444_3_fu_2213_p_ZL12dw_patch_buf_5_0_ce0. Critical path length was reduced through logic transformation on cell fastvit_bd_i/worker_0/inst/grp_dsconv_worker_Pipeline_WRITEBACK_DW_PATCH_VITIS_LOOP_444_3_fu_2213/ram_reg_i_14__125_comp.
INFO: [Physopt 32-952] Improved path group WNS = -1.699. Path group: clk_fpga_0. Processed net: fastvit_bd_i/worker_0/inst/grp_dsconv_worker_Pipeline_WRITEBACK_DW_PATCH_VITIS_LOOP_444_3_fu_2213/ram_reg_i_26__71_n_0.
INFO: [Physopt 32-953] Path group WNS did not improve. Path group: clk_fpga_0. Processed net: fastvit_bd_i/worker_0/inst/pw_acc_6_U/pw_acc_6_q0[16].
INFO: [Physopt 32-953] Path group WNS did not improve. Path group: clk_fpga_0. Processed net: fastvit_bd_i/worker_0/inst/grp_dsconv_worker_Pipeline_WRITEBACK_PW_VITIS_LOOP_533_6_VITIS_LOOP_555_7_fu_2912/grp_dsconv_worker_Pipeline_WRITEBACK_PW_VITIS_LOOP_533_6_VITIS_LOOP_555_7_fu_2912_pw_acc_6_address0[4].
INFO: [Physopt 32-953] Path group WNS did not improve. Path group: clk_fpga_0. Processed net: fastvit_bd_i/worker_0/inst/grp_dsconv_worker_Pipeline_WRITEBACK_PW_VITIS_LOOP_533_6_VITIS_LOOP_555_7_fu_2912/ram_reg_i_12__23_n_0.
INFO: [Physopt 32-953] Path group WNS did not improve. Path group: clk_fpga_0. Processed net: fastvit_bd_i/worker_0/inst/grp_dsconv_worker_Pipeline_WRITEBACK_PW_VITIS_LOOP_533_6_VITIS_LOOP_555_7_fu_2912/ram_reg_i_76_n_0.
INFO: [Physopt 32-953] Path group WNS did not improve. Path group: clk_fpga_0. Processed net: fastvit_bd_i/worker_0/inst/grp_dsconv_worker_Pipeline_WRITEBACK_PW_VITIS_LOOP_533_6_VITIS_LOOP_555_7_fu_2912/ram_reg_i_104_n_0.
INFO: [Physopt 32-953] Path group WNS did not improve. Path group: clk_fpga_0. Processed net: fastvit_bd_i/worker_0/inst/grp_dsconv_worker_Pipeline_WRITEBACK_PW_VITIS_LOOP_533_6_VITIS_LOOP_555_7_fu_2912/ap_CS_fsm_reg[324]_7[4].
INFO: [Physopt 32-703] Processed net fastvit_bd_i/worker_0/inst/grp_dsconv_worker_Pipeline_WRITEBACK_PW_VITIS_LOOP_533_6_VITIS_LOOP_555_7_fu_2912/add_ln558_reg_9716[2]_repN_6. Clock skew was adjusted for instance fastvit_bd_i/worker_0/inst/grp_dsconv_worker_Pipeline_WRITEBACK_PW_VITIS_LOOP_533_6_VITIS_LOOP_555_7_fu_2912/add_ln558_reg_9716_reg[2]_replica_6.
INFO: [Physopt 32-952] Improved path group WNS = -1.643. Path group: clk_fpga_0. Processed net: fastvit_bd_i/worker_0/inst/grp_dsconv_worker_Pipeline_WRITEBACK_PW_VITIS_LOOP_533_6_VITIS_LOOP_555_7_fu_2912/add_ln558_reg_9716[2]_repN_6.
INFO: [Physopt 32-953] Path group WNS did not improve. Path group: clk_fpga_0. Processed net: fastvit_bd_i/worker_0/inst/grp_dsconv_worker_Pipeline_WRITEBACK_PW_VITIS_LOOP_533_6_VITIS_LOOP_555_7_fu_2912/grp_dsconv_worker_Pipeline_WRITEBACK_PW_VITIS_LOOP_533_6_VITIS_LOOP_555_7_fu_2912_pw_acc_12_address0[2].
INFO: [Physopt 32-952] Improved path group WNS = -1.641. Path group: clk_fpga_0. Processed net: fastvit_bd_i/worker_0/inst/grp_dsconv_worker_Pipeline_WRITEBACK_PW_VITIS_LOOP_533_6_VITIS_LOOP_555_7_fu_2912/ram_reg_i_16__27_n_0.
INFO: [Physopt 32-953] Path group WNS did not improve. Path group: clk_fpga_0. Processed net: fastvit_bd_i/worker_0/inst/grp_dsconv_worker_Pipeline_WRITEBACK_PW_VITIS_LOOP_533_6_VITIS_LOOP_555_7_fu_2912/grp_dsconv_worker_Pipeline_WRITEBACK_PW_VITIS_LOOP_533_6_VITIS_LOOP_555_7_fu_2912_pw_acc_12_address0[1].
INFO: [Physopt 32-953] Path group WNS did not improve. Path group: clk_fpga_0. Processed net: fastvit_bd_i/worker_0/inst/grp_dsconv_worker_Pipeline_WRITEBACK_PW_VITIS_LOOP_533_6_VITIS_LOOP_555_7_fu_2912/ram_reg_i_19__41_n_0.
INFO: [Physopt 32-952] Improved path group WNS = -1.640. Path group: clk_fpga_0. Processed net: fastvit_bd_i/worker_0/inst/grp_dsconv_worker_Pipeline_WRITEBACK_PW_VITIS_LOOP_533_6_VITIS_LOOP_555_7_fu_2912/ram_reg_i_94_n_0.
INFO: [Physopt 32-953] Path group WNS did not improve. Path group: clk_fpga_0. Processed net: fastvit_bd_i/worker_0/inst/grp_dsconv_worker_Pipeline_WRITEBACK_PW_VITIS_LOOP_533_6_VITIS_LOOP_555_7_fu_2912/ram_reg_i_16__27_n_0.
INFO: [Physopt 32-952] Improved path group WNS = -1.638. Path group: clk_fpga_0. Processed net: fastvit_bd_i/worker_0/inst/grp_dsconv_worker_Pipeline_WRITEBACK_PW_VITIS_LOOP_533_6_VITIS_LOOP_555_7_fu_2912/ram_reg_i_93_n_0.
INFO: [Physopt 32-953] Path group WNS did not improve. Path group: clk_fpga_0. Processed net: fastvit_bd_i/worker_0/inst/grp_dsconv_worker_Pipeline_WRITEBACK_PW_VITIS_LOOP_533_6_VITIS_LOOP_555_7_fu_2912/ram_reg_i_94_n_0.
INFO: [Physopt 32-953] Path group WNS did not improve. Path group: clk_fpga_0. Processed net: fastvit_bd_i/worker_0/inst/grp_dsconv_worker_Pipeline_WRITEBACK_PW_VITIS_LOOP_533_6_VITIS_LOOP_555_7_fu_2912/ap_CS_fsm_reg[324]_1[1].
INFO: [Physopt 32-703] Processed net fastvit_bd_i/worker_0/inst/grp_dsconv_worker_Pipeline_WRITEBACK_PW_VITIS_LOOP_533_6_VITIS_LOOP_555_7_fu_2912/add_ln558_reg_9716[4]_repN_6. Clock skew was adjusted for instance fastvit_bd_i/worker_0/inst/grp_dsconv_worker_Pipeline_WRITEBACK_PW_VITIS_LOOP_533_6_VITIS_LOOP_555_7_fu_2912/add_ln558_reg_9716_reg[4]_replica_6.
INFO: [Physopt 32-952] Improved path group WNS = -1.623. Path group: clk_fpga_0. Processed net: fastvit_bd_i/worker_0/inst/grp_dsconv_worker_Pipeline_WRITEBACK_PW_VITIS_LOOP_533_6_VITIS_LOOP_555_7_fu_2912/add_ln558_reg_9716[4]_repN_6.
INFO: [Physopt 32-703] Processed net fastvit_bd_i/worker_0/inst/grp_dsconv_worker_Pipeline_WRITEBACK_PW_VITIS_LOOP_533_6_VITIS_LOOP_555_7_fu_2912/add_ln558_reg_9716[3]_repN. Clock skew was adjusted for instance fastvit_bd_i/worker_0/inst/grp_dsconv_worker_Pipeline_WRITEBACK_PW_VITIS_LOOP_533_6_VITIS_LOOP_555_7_fu_2912/add_ln558_reg_9716_reg[3]_replica.
INFO: [Physopt 32-952] Improved path group WNS = -1.622. Path group: clk_fpga_0. Processed net: fastvit_bd_i/worker_0/inst/grp_dsconv_worker_Pipeline_WRITEBACK_PW_VITIS_LOOP_533_6_VITIS_LOOP_555_7_fu_2912/add_ln558_reg_9716[3]_repN.
INFO: [Physopt 32-953] Path group WNS did not improve. Path group: clk_fpga_0. Processed net: fastvit_bd_i/worker_0/inst/pw_acc_62_U/pw_acc_62_q0[16].
INFO: [Physopt 32-953] Path group WNS did not improve. Path group: clk_fpga_0. Processed net: fastvit_bd_i/worker_0/inst/grp_dsconv_worker_Pipeline_WRITEBACK_PW_VITIS_LOOP_533_6_VITIS_LOOP_555_7_fu_2912/grp_dsconv_worker_Pipeline_WRITEBACK_PW_VITIS_LOOP_533_6_VITIS_LOOP_555_7_fu_2912_pw_acc_62_address0[3].
INFO: [Physopt 32-953] Path group WNS did not improve. Path group: clk_fpga_0. Processed net: fastvit_bd_i/worker_0/inst/grp_dsconv_worker_Pipeline_WRITEBACK_PW_VITIS_LOOP_533_6_VITIS_LOOP_555_7_fu_2912/ram_reg_i_15__46_n_0.
INFO: [Physopt 32-953] Path group WNS did not improve. Path group: clk_fpga_0. Processed net: fastvit_bd_i/worker_0/inst/grp_dsconv_worker_Pipeline_WRITEBACK_PW_VITIS_LOOP_533_6_VITIS_LOOP_555_7_fu_2912/ram_reg_i_85_n_0.
INFO: [Physopt 32-953] Path group WNS did not improve. Path group: clk_fpga_0. Processed net: fastvit_bd_i/worker_0/inst/grp_dsconv_worker_Pipeline_WRITEBACK_PW_VITIS_LOOP_533_6_VITIS_LOOP_555_7_fu_2912/ap_CS_fsm_reg[324]_rep__0_13[3].
INFO: [Physopt 32-703] Processed net fastvit_bd_i/worker_0/inst/grp_dsconv_worker_Pipeline_WRITEBACK_PW_VITIS_LOOP_533_6_VITIS_LOOP_555_7_fu_2912/add_ln558_reg_9716[5]_repN_4. Clock skew was adjusted for instance fastvit_bd_i/worker_0/inst/grp_dsconv_worker_Pipeline_WRITEBACK_PW_VITIS_LOOP_533_6_VITIS_LOOP_555_7_fu_2912/add_ln558_reg_9716_reg[5]_replica_4.
INFO: [Physopt 32-952] Improved path group WNS = -1.614. Path group: clk_fpga_0. Processed net: fastvit_bd_i/worker_0/inst/grp_dsconv_worker_Pipeline_WRITEBACK_PW_VITIS_LOOP_533_6_VITIS_LOOP_555_7_fu_2912/add_ln558_reg_9716[5]_repN_4.
INFO: [Physopt 32-953] Path group WNS did not improve. Path group: clk_fpga_0. Processed net: fastvit_bd_i/worker_0/inst/p_ZL12dw_patch_buf_2_0_U/p_ZL12dw_patch_buf_2_0_q0[0].
INFO: [Physopt 32-953] Path group WNS did not improve. Path group: clk_fpga_0. Processed net: fastvit_bd_i/worker_0/inst/grp_dsconv_worker_Pipeline_WRITEBACK_DW_PATCH_VITIS_LOOP_444_3_fu_2213/grp_dsconv_worker_Pipeline_WRITEBACK_DW_PATCH_VITIS_LOOP_444_3_fu_2213_p_ZL12dw_patch_buf_2_0_ce0.
INFO: [Physopt 32-710] Processed net fastvit_bd_i/worker_0/inst/grp_dsconv_worker_Pipeline_WRITEBACK_DW_PATCH_VITIS_LOOP_444_3_fu_2213/grp_dsconv_worker_Pipeline_WRITEBACK_DW_PATCH_VITIS_LOOP_444_3_fu_2213_p_ZL12dw_patch_buf_2_0_ce0. Critical path length was reduced through logic transformation on cell fastvit_bd_i/worker_0/inst/grp_dsconv_worker_Pipeline_WRITEBACK_DW_PATCH_VITIS_LOOP_444_3_fu_2213/ram_reg_i_18__124_comp.
INFO: [Physopt 32-952] Improved path group WNS = -1.594. Path group: clk_fpga_0. Processed net: fastvit_bd_i/worker_0/inst/grp_dsconv_worker_Pipeline_WRITEBACK_DW_PATCH_VITIS_LOOP_444_3_fu_2213/ram_reg_i_30__67_n_0.
INFO: [Physopt 32-953] Path group WNS did not improve. Path group: clk_fpga_0. Processed net: fastvit_bd_i/worker_0/inst/grp_dsconv_worker_Pipeline_WRITEBACK_PW_VITIS_LOOP_533_6_VITIS_LOOP_555_7_fu_2912/ashr_32ns_32ns_32_2_1_U1024/buff0_reg[31]_0[11].
INFO: [Physopt 32-953] Path group WNS did not improve. Path group: clk_fpga_0. Processed net: fastvit_bd_i/worker_0/inst/grp_dsconv_worker_Pipeline_WRITEBACK_PW_VITIS_LOOP_533_6_VITIS_LOOP_555_7_fu_2912/ashr_32ns_32ns_32_2_1_U1024/buff0[12]_i_2_n_0.
INFO: [Physopt 32-953] Path group WNS did not improve. Path group: clk_fpga_0. Processed net: fastvit_bd_i/worker_0/inst/grp_dsconv_worker_Pipeline_WRITEBACK_PW_VITIS_LOOP_533_6_VITIS_LOOP_555_7_fu_2912/ashr_32ns_32ns_32_2_1_U1024/buff0[18]_i_3_n_0.
INFO: [Physopt 32-953] Path group WNS did not improve. Path group: clk_fpga_0. Processed net: fastvit_bd_i/worker_0/inst/grp_dsconv_worker_Pipeline_WRITEBACK_PW_VITIS_LOOP_533_6_VITIS_LOOP_555_7_fu_2912/ashr_32ns_32ns_32_2_1_U1024/dout_tmp[2].
INFO: [Physopt 32-953] Path group WNS did not improve. Path group: clk_fpga_0. Processed net: fastvit_bd_i/worker_0/inst/grp_dsconv_worker_Pipeline_WRITEBACK_PW_VITIS_LOOP_533_6_VITIS_LOOP_555_7_fu_2912/ashr_32ns_32ns_32_2_1_U1024/buff0[18]_i_5__5_n_0.
INFO: [Physopt 32-608] Optimized 1 net.  Swapped 23 pins.
INFO: [Physopt 32-952] Improved path group WNS = -1.594. Path group: clk_fpga_0. Processed net: fastvit_bd_i/worker_0/inst/grp_dsconv_worker_Pipeline_WRITEBACK_PW_VITIS_LOOP_533_6_VITIS_LOOP_555_7_fu_2912/ashr_32ns_32ns_32_2_1_U1024/tmp_product[11].
INFO: [Physopt 32-953] Path group WNS did not improve. Path group: clk_fpga_0. Processed net: fastvit_bd_i/worker_0/inst/p_ZL12dw_patch_buf_6_5_U/p_ZL12dw_patch_buf_6_5_q0[0].
INFO: [Physopt 32-953] Path group WNS did not improve. Path group: clk_fpga_0. Processed net: fastvit_bd_i/worker_0/inst/grp_dsconv_worker_Pipeline_WRITEBACK_DW_PATCH_VITIS_LOOP_444_3_fu_2213/grp_dsconv_worker_Pipeline_WRITEBACK_DW_PATCH_VITIS_LOOP_444_3_fu_2213_p_ZL12dw_patch_buf_6_0_ce0.
INFO: [Physopt 32-710] Processed net fastvit_bd_i/worker_0/inst/grp_dsconv_worker_Pipeline_WRITEBACK_DW_PATCH_VITIS_LOOP_444_3_fu_2213/grp_dsconv_worker_Pipeline_WRITEBACK_DW_PATCH_VITIS_LOOP_444_3_fu_2213_p_ZL12dw_patch_buf_6_0_ce0. Critical path length was reduced through logic transformation on cell fastvit_bd_i/worker_0/inst/grp_dsconv_worker_Pipeline_WRITEBACK_DW_PATCH_VITIS_LOOP_444_3_fu_2213/ram_reg_i_18__126_comp.
INFO: [Physopt 32-952] Improved path group WNS = -1.576. Path group: clk_fpga_0. Processed net: fastvit_bd_i/worker_0/inst/grp_dsconv_worker_Pipeline_WRITEBACK_DW_PATCH_VITIS_LOOP_444_3_fu_2213/ram_reg_i_30__68_n_0.
INFO: [Physopt 32-953] Path group WNS did not improve. Path group: clk_fpga_0. Processed net: fastvit_bd_i/worker_0/inst/ctrl_s_axi_U/int_task_ap_done__0.
INFO: [Physopt 32-953] Path group WNS did not improve. Path group: clk_fpga_0. Processed net: fastvit_bd_i/worker_0/inst/ctrl_s_axi_U/int_task_ap_done_i_2_n_0.
INFO: [Physopt 32-710] Processed net fastvit_bd_i/worker_0/inst/ctrl_s_axi_U/int_task_ap_done_i_2_n_0. Critical path length was reduced through logic transformation on cell fastvit_bd_i/worker_0/inst/ctrl_s_axi_U/int_task_ap_done_i_2_comp.
INFO: [Physopt 32-952] Improved path group WNS = -1.560. Path group: clk_fpga_0. Processed net: fastvit_bd_i/worker_0/inst/ctrl_s_axi_U/task_ap_done.
INFO: [Physopt 32-953] Path group WNS did not improve. Path group: clk_fpga_0. Processed net: fastvit_bd_i/worker_0/inst/p_ZL12dw_patch_buf_1_3_U/p_ZL12dw_patch_buf_1_3_q0[0].
INFO: [Physopt 32-608] Optimized 1 net.  Swapped 22 pins.
INFO: [Physopt 32-952] Improved path group WNS = -1.553. Path group: clk_fpga_0. Processed net: fastvit_bd_i/worker_0/inst/grp_dsconv_worker_Pipeline_WRITEBACK_DW_PATCH_VITIS_LOOP_444_3_fu_2213/grp_dsconv_worker_Pipeline_WRITEBACK_DW_PATCH_VITIS_LOOP_444_3_fu_2213_p_ZL12dw_patch_buf_1_3_address0[8].
INFO: [Physopt 32-953] Path group WNS did not improve. Path group: clk_fpga_0. Processed net: fastvit_bd_i/worker_0/inst/grp_dsconv_worker_Pipeline_WRITEBACK_PW_VITIS_LOOP_533_6_VITIS_LOOP_555_7_fu_2912/ashr_32ns_32ns_32_2_1_U1024/buff0[11]_i_2_n_0_repN_1.
INFO: [Physopt 32-953] Path group WNS did not improve. Path group: clk_fpga_0. Processed net: fastvit_bd_i/worker_0/inst/grp_dsconv_worker_Pipeline_WRITEBACK_PW_VITIS_LOOP_533_6_VITIS_LOOP_555_7_fu_2912/ashr_32ns_32ns_32_2_1_U1024/buff0[29]_i_2_n_0.
INFO: [Physopt 32-952] Improved path group WNS = -1.548. Path group: clk_fpga_0. Processed net: fastvit_bd_i/worker_0/inst/grp_dsconv_worker_Pipeline_WRITEBACK_PW_VITIS_LOOP_533_6_VITIS_LOOP_555_7_fu_2912/ashr_32ns_32ns_32_2_1_U1024/dout_tmp[14].
INFO: [Physopt 32-953] Path group WNS did not improve. Path group: clk_fpga_0. Processed net: fastvit_bd_i/worker_0/inst/p_ZL12dw_patch_buf_2_5_U/p_ZL12dw_patch_buf_2_5_q0[0].
INFO: [Physopt 32-953] Path group WNS did not improve. Path group: clk_fpga_0. Processed net: fastvit_bd_i/worker_0/inst/grp_dsconv_worker_Pipeline_WRITEBACK_DW_PATCH_VITIS_LOOP_444_3_fu_2213/grp_dsconv_worker_Pipeline_WRITEBACK_DW_PATCH_VITIS_LOOP_444_3_fu_2213_p_ZL12dw_patch_buf_2_5_address0[9].
INFO: [Physopt 32-953] Path group WNS did not improve. Path group: clk_fpga_0. Processed net: fastvit_bd_i/worker_0/inst/grp_dsconv_worker_Pipeline_WRITEBACK_DW_PATCH_VITIS_LOOP_444_3_fu_2213/ram_reg_i_27__31_n_0.
INFO: [Physopt 32-953] Path group WNS did not improve. Path group: clk_fpga_0. Processed net: fastvit_bd_i/worker_0/inst/grp_dsconv_worker_Pipeline_WRITEBACK_DW_PATCH_VITIS_LOOP_444_3_fu_2213/ram_reg_i_46__24_n_0.
INFO: [Physopt 32-663] Processed net fastvit_bd_i/worker_0/inst/grp_dsconv_worker_Pipeline_COMPUTE_PW_S_fu_2646/add_ln523_reg_4689_reg[10]_30[9].  Re-placed instance fastvit_bd_i/worker_0/inst/grp_dsconv_worker_Pipeline_COMPUTE_PW_S_fu_2646/ram_reg_i_2__40
INFO: [Physopt 32-952] Improved path group WNS = -1.542. Path group: clk_fpga_0. Processed net: fastvit_bd_i/worker_0/inst/grp_dsconv_worker_Pipeline_COMPUTE_PW_S_fu_2646/add_ln523_reg_4689_reg[10]_30[9].
INFO: [Physopt 32-953] Path group WNS did not improve. Path group: clk_fpga_0. Processed net: fastvit_bd_i/worker_0/inst/grp_dsconv_worker_Pipeline_WRITEBACK_PW_VITIS_LOOP_533_6_VITIS_LOOP_555_7_fu_2912/grp_dsconv_worker_Pipeline_WRITEBACK_PW_VITIS_LOOP_533_6_VITIS_LOOP_555_7_fu_2912_pw_acc_12_address0[4].
INFO: [Physopt 32-953] Path group WNS did not improve. Path group: clk_fpga_0. Processed net: fastvit_bd_i/worker_0/inst/grp_dsconv_worker_Pipeline_WRITEBACK_PW_VITIS_LOOP_533_6_VITIS_LOOP_555_7_fu_2912/ram_reg_i_13__27_n_0.
INFO: [Physopt 32-953] Path group WNS did not improve. Path group: clk_fpga_0. Processed net: fastvit_bd_i/worker_0/inst/grp_dsconv_worker_Pipeline_WRITEBACK_PW_VITIS_LOOP_533_6_VITIS_LOOP_555_7_fu_2912/ram_reg_i_79_n_0.
INFO: [Physopt 32-953] Path group WNS did not improve. Path group: clk_fpga_0. Processed net: fastvit_bd_i/worker_0/inst/grp_dsconv_worker_Pipeline_WRITEBACK_PW_VITIS_LOOP_533_6_VITIS_LOOP_555_7_fu_2912/ram_reg_i_106_n_0.
INFO: [Physopt 32-953] Path group WNS did not improve. Path group: clk_fpga_0. Processed net: fastvit_bd_i/worker_0/inst/grp_dsconv_worker_Pipeline_WRITEBACK_PW_VITIS_LOOP_533_6_VITIS_LOOP_555_7_fu_2912/ap_CS_fsm_reg[324]_1[4].
INFO: [Physopt 32-703] Processed net fastvit_bd_i/worker_0/inst/grp_dsconv_worker_Pipeline_WRITEBACK_PW_VITIS_LOOP_533_6_VITIS_LOOP_555_7_fu_2912/add_ln558_reg_9716[6]. Clock skew was adjusted for instance fastvit_bd_i/worker_0/inst/grp_dsconv_worker_Pipeline_WRITEBACK_PW_VITIS_LOOP_533_6_VITIS_LOOP_555_7_fu_2912/add_ln558_reg_9716_reg[6].
INFO: [Physopt 32-952] Improved path group WNS = -1.533. Path group: clk_fpga_0. Processed net: fastvit_bd_i/worker_0/inst/grp_dsconv_worker_Pipeline_WRITEBACK_PW_VITIS_LOOP_533_6_VITIS_LOOP_555_7_fu_2912/add_ln558_reg_9716[6].
INFO: [Physopt 32-953] Path group WNS did not improve. Path group: clk_fpga_0. Processed net: fastvit_bd_i/worker_0/inst/grp_dsconv_worker_Pipeline_WRITEBACK_PW_VITIS_LOOP_533_6_VITIS_LOOP_555_7_fu_2912/ashr_32ns_32ns_32_2_1_U1027/buff0_reg[31]_0[6].
INFO: [Physopt 32-608] Optimized 1 net.  Swapped 22 pins.
INFO: [Physopt 32-952] Improved path group WNS = -1.530. Path group: clk_fpga_0. Processed net: fastvit_bd_i/worker_0/inst/grp_dsconv_worker_Pipeline_WRITEBACK_PW_VITIS_LOOP_533_6_VITIS_LOOP_555_7_fu_2912/ashr_32ns_32ns_32_2_1_U1027/buff0[6]_i_2_n_0.
INFO: [Physopt 32-703] Processed net fastvit_bd_i/worker_0/inst/grp_dsconv_worker_Pipeline_WRITEBACK_PW_VITIS_LOOP_533_6_VITIS_LOOP_555_7_fu_2912/add_ln558_reg_9716[5]_repN_4. Clock skew was adjusted for instance fastvit_bd_i/worker_0/inst/grp_dsconv_worker_Pipeline_WRITEBACK_PW_VITIS_LOOP_533_6_VITIS_LOOP_555_7_fu_2912/add_ln558_reg_9716_reg[5]_replica_4.
INFO: [Physopt 32-952] Improved path group WNS = -1.524. Path group: clk_fpga_0. Processed net: fastvit_bd_i/worker_0/inst/grp_dsconv_worker_Pipeline_WRITEBACK_PW_VITIS_LOOP_533_6_VITIS_LOOP_555_7_fu_2912/add_ln558_reg_9716[5]_repN_4.
INFO: [Physopt 32-953] Path group WNS did not improve. Path group: clk_fpga_0. Processed net: fastvit_bd_i/worker_0/inst/pw_acc_14_U/pw_acc_14_q0[16].
INFO: [Physopt 32-608] Optimized 1 net.  Swapped 21 pins.
INFO: [Physopt 32-952] Improved path group WNS = -1.518. Path group: clk_fpga_0. Processed net: fastvit_bd_i/worker_0/inst/grp_dsconv_worker_Pipeline_WRITEBACK_PW_VITIS_LOOP_533_6_VITIS_LOOP_555_7_fu_2912/grp_dsconv_worker_Pipeline_WRITEBACK_PW_VITIS_LOOP_533_6_VITIS_LOOP_555_7_fu_2912_pw_acc_14_address0[1].
INFO: [Physopt 32-953] Path group WNS did not improve. Path group: clk_fpga_0. Processed net: fastvit_bd_i/worker_0/inst/p_ZL12dw_patch_buf_4_3_U/p_ZL12dw_patch_buf_4_3_q0[0].
INFO: [Physopt 32-710] Processed net fastvit_bd_i/worker_0/inst/grp_dsconv_worker_Pipeline_WRITEBACK_DW_PATCH_VITIS_LOOP_444_3_fu_2213/p_ZL12dw_patch_buf_4_0_ce0_repN. Critical path length was reduced through logic transformation on cell fastvit_bd_i/worker_0/inst/grp_dsconv_worker_Pipeline_WRITEBACK_DW_PATCH_VITIS_LOOP_444_3_fu_2213/ram_reg_i_1__77_replica_comp.
INFO: [Physopt 32-952] Improved path group WNS = -1.514. Path group: clk_fpga_0. Processed net: fastvit_bd_i/worker_0/inst/grp_dsconv_worker_Pipeline_WRITEBACK_DW_PATCH_VITIS_LOOP_444_3_fu_2213/ram_reg_i_14__124_n_0.
INFO: [Physopt 32-608] Optimized 1 net.  Swapped 16 pins.
INFO: [Physopt 32-952] Improved path group WNS = -1.512. Path group: clk_fpga_0. Processed net: fastvit_bd_i/worker_0/inst/grp_dsconv_worker_Pipeline_WRITEBACK_PW_VITIS_LOOP_533_6_VITIS_LOOP_555_7_fu_2912/ram_reg_i_84_n_0.
INFO: [Physopt 32-952] Improved path group WNS = -1.510. Path group: clk_fpga_0. Processed net: fastvit_bd_i/worker_0/inst/grp_dsconv_worker_Pipeline_WRITEBACK_PW_VITIS_LOOP_533_6_VITIS_LOOP_555_7_fu_2912/ashr_32ns_32ns_32_2_1_U1021/pw_out_shift_read_reg_5693_reg[0].
INFO: [Physopt 32-953] Path group WNS did not improve. Path group: clk_fpga_0. Processed net: fastvit_bd_i/worker_0/inst/grp_dsconv_worker_Pipeline_WRITEBACK_PW_VITIS_LOOP_533_6_VITIS_LOOP_555_7_fu_2912/ashr_32ns_32ns_32_2_1_U1033/buff0_reg[31]_0[1].
INFO: [Physopt 32-953] Path group WNS did not improve. Path group: clk_fpga_0. Processed net: fastvit_bd_i/worker_0/inst/grp_dsconv_worker_Pipeline_WRITEBACK_PW_VITIS_LOOP_533_6_VITIS_LOOP_555_7_fu_2912/ashr_32ns_32ns_32_2_1_U1033/buff0[1]_i_2_n_0.
INFO: [Physopt 32-953] Path group WNS did not improve. Path group: clk_fpga_0. Processed net: fastvit_bd_i/worker_0/inst/grp_dsconv_worker_Pipeline_WRITEBACK_PW_VITIS_LOOP_533_6_VITIS_LOOP_555_7_fu_2912/ashr_32ns_32ns_32_2_1_U1033/buff0[3]_i_3_n_0.
INFO: [Physopt 32-953] Path group WNS did not improve. Path group: clk_fpga_0. Processed net: fastvit_bd_i/worker_0/inst/grp_dsconv_worker_Pipeline_WRITEBACK_PW_VITIS_LOOP_533_6_VITIS_LOOP_555_7_fu_2912/ashr_32ns_32ns_32_2_1_U1033/trunc_ln532_reg_9551_pp0_iter10_reg_reg[2]__0_rep_2.
INFO: [Physopt 32-953] Path group WNS did not improve. Path group: clk_fpga_0. Processed net: fastvit_bd_i/worker_0/inst/grp_dsconv_worker_Pipeline_WRITEBACK_PW_VITIS_LOOP_533_6_VITIS_LOOP_555_7_fu_2912/ashr_32ns_32ns_32_2_1_U1033/buff0[19]_i_6__2_n_0.
INFO: [Physopt 32-953] Path group WNS did not improve. Path group: clk_fpga_0. Processed net: fastvit_bd_i/worker_0/inst/grp_dsconv_worker_Pipeline_WRITEBACK_PW_VITIS_LOOP_533_6_VITIS_LOOP_555_7_fu_2912/ashr_32ns_32ns_32_2_1_U1033/tmp_product[1].
INFO: [Physopt 32-703] Processed net fastvit_bd_i/worker_0/inst/grp_dsconv_worker_Pipeline_WRITEBACK_PW_VITIS_LOOP_533_6_VITIS_LOOP_555_7_fu_2912/tmp_45_reg_12472[19]. Clock skew was adjusted for instance fastvit_bd_i/worker_0/inst/grp_dsconv_worker_Pipeline_WRITEBACK_PW_VITIS_LOOP_533_6_VITIS_LOOP_555_7_fu_2912/tmp_45_reg_12472_reg[19].
INFO: [Physopt 32-952] Improved path group WNS = -1.508. Path group: clk_fpga_0. Processed net: fastvit_bd_i/worker_0/inst/grp_dsconv_worker_Pipeline_WRITEBACK_PW_VITIS_LOOP_533_6_VITIS_LOOP_555_7_fu_2912/tmp_45_reg_12472[19].
INFO: [Physopt 32-608] Optimized 1 net.  Swapped 22 pins.
INFO: [Physopt 32-952] Improved path group WNS = -1.507. Path group: clk_fpga_0. Processed net: fastvit_bd_i/worker_0/inst/grp_dsconv_worker_Pipeline_WRITEBACK_PW_VITIS_LOOP_533_6_VITIS_LOOP_555_7_fu_2912/ashr_32ns_32ns_32_2_1_U1027/buff0[6]_i_2_n_0.
INFO: [Physopt 32-953] Path group WNS did not improve. Path group: clk_fpga_0. Processed net: fastvit_bd_i/worker_0/inst/empty_98_reg_1733[4].
INFO: [Physopt 32-710] Processed net fastvit_bd_i/worker_0/inst/empty_98_reg_1733[4]_i_1_n_0. Critical path length was reduced through logic transformation on cell fastvit_bd_i/worker_0/inst/empty_98_reg_1733[4]_i_1_comp.
INFO: [Physopt 32-952] Improved path group WNS = -1.507. Path group: clk_fpga_0. Processed net: fastvit_bd_i/worker_0/inst/empty_98_reg_1733[7]_i_4_n_0.
INFO: [Physopt 32-710] Processed net fastvit_bd_i/worker_0/inst/ctrl_s_axi_U/int_task_ap_done_i_2_n_0. Critical path length was reduced through logic transformation on cell fastvit_bd_i/worker_0/inst/ctrl_s_axi_U/int_task_ap_done_i_2_comp_1.
INFO: [Physopt 32-952] Improved path group WNS = -1.504. Path group: clk_fpga_0. Processed net: fastvit_bd_i/worker_0/inst/ctrl_s_axi_U/ap_done.
INFO: [Physopt 32-953] Path group WNS did not improve. Path group: clk_fpga_0. Processed net: fastvit_bd_i/worker_0/inst/empty_98_reg_1733[3].
INFO: [Physopt 32-953] Path group WNS did not improve. Path group: clk_fpga_0. Processed net: fastvit_bd_i/worker_0/inst/empty_98_reg_1733[3]_i_2_n_0.
INFO: [Physopt 32-608] Optimized 1 net.  Swapped 13 pins.
INFO: [Physopt 32-952] Improved path group WNS = -1.500. Path group: clk_fpga_0. Processed net: fastvit_bd_i/worker_0/inst/empty_98_reg_1733[7]_i_8_n_0.
INFO: [Physopt 32-953] Path group WNS did not improve. Path group: clk_fpga_0. Processed net: fastvit_bd_i/worker_0/inst/grp_dsconv_worker_Pipeline_WRITEBACK_PW_VITIS_LOOP_533_6_VITIS_LOOP_555_7_fu_2912/tmp_63_reg_12542[8].
INFO: [Physopt 32-953] Path group WNS did not improve. Path group: clk_fpga_0. Processed net: fastvit_bd_i/worker_0/inst/grp_dsconv_worker_Pipeline_WRITEBACK_PW_VITIS_LOOP_533_6_VITIS_LOOP_555_7_fu_2912/tmp_63_reg_12542[8]_i_3_n_0.
INFO: [Physopt 32-953] Path group WNS did not improve. Path group: clk_fpga_0. Processed net: fastvit_bd_i/worker_0/inst/grp_dsconv_worker_Pipeline_WRITEBACK_PW_VITIS_LOOP_533_6_VITIS_LOOP_555_7_fu_2912/tmp_63_reg_12542[8]_i_1_n_0.
INFO: [Physopt 32-953] Path group WNS did not improve. Path group: clk_fpga_0. Processed net: fastvit_bd_i/worker_0/inst/pw_acc_15_U/pw_acc_15_q0[8].
INFO: [Physopt 32-953] Path group WNS did not improve. Path group: clk_fpga_0. Processed net: fastvit_bd_i/worker_0/inst/grp_dsconv_worker_Pipeline_WRITEBACK_PW_VITIS_LOOP_533_6_VITIS_LOOP_555_7_fu_2912/tmp_63_reg_12542[8].
INFO: [Physopt 32-953] Path group WNS did not improve. Path group: clk_fpga_0. Processed net: fastvit_bd_i/ps7_0/inst/FCLK_CLK_unbuffered[0].
INFO: [Physopt 32-953] Path group WNS did not improve. Path group: clk_fpga_0. Processed net: fastvit_bd_i/worker_0/inst/grp_dsconv_worker_Pipeline_WRITEBACK_PW_VITIS_LOOP_533_6_VITIS_LOOP_555_7_fu_2912/tmp_63_reg_12542[8]_i_3_n_0.
INFO: [Physopt 32-953] Path group WNS did not improve. Path group: clk_fpga_0. Processed net: fastvit_bd_i/worker_0/inst/grp_dsconv_worker_Pipeline_WRITEBACK_PW_VITIS_LOOP_533_6_VITIS_LOOP_555_7_fu_2912/tmp_63_reg_12542[8]_i_1_n_0.
INFO: [Physopt 32-953] Path group WNS did not improve. Path group: clk_fpga_0. Processed net: fastvit_bd_i/worker_0/inst/pw_acc_15_U/pw_acc_15_q0[8].
INFO: [Physopt 32-668] Current Timing Summary | WNS=-1.500 | TNS=-11677.145 | WHS=0.013 | THS=0.000 |
Netlist sorting complete. Time (s): cpu = 00:00:00 ; elapsed = 00:00:00.031 . Memory (MB): peak = 2463.578 ; gain = 0.000
Phase 2 Critical Path Optimization | Checksum: 124426a22

Time (s): cpu = 00:06:45 ; elapsed = 00:06:46 . Memory (MB): peak = 2463.578 ; gain = 498.102

Phase 3 Hold Fix Optimization
INFO: [Physopt 32-668] Current Timing Summary | WNS=-1.500 | TNS=-11677.145 | WHS=0.013 | THS=0.000 |
INFO: [Physopt 32-45] Identified 0 candidate net for hold slack optimization.
INFO: [Physopt 32-234] Optimized 0 nets. Inserted 0 new ZHOLD_DELAYs. Calibrated 0 existing ZHOLD_DELAYs. Inserted 0 buffers.

INFO: [Physopt 32-668] Current Timing Summary | WNS=-1.500 | TNS=-11677.145 | WHS=0.013 | THS=0.000 |
Phase 3 Hold Fix Optimization | Checksum: 124426a22

Time (s): cpu = 00:06:46 ; elapsed = 00:06:47 . Memory (MB): peak = 2463.578 ; gain = 498.102
Netlist sorting complete. Time (s): cpu = 00:00:00 ; elapsed = 00:00:00.014 . Memory (MB): peak = 2463.578 ; gain = 0.000
INFO: [Physopt 32-669] Post Physical Optimization Timing Summary | WNS=-1.500 | TNS=-11677.145 | WHS=0.013 | THS=0.000 |

Summary of Physical Synthesis Optimizations
============================================


-------------------------------------------------------------------------------------------------------------------------------------------------------------
|  Optimization   |  WNS Gain (ns)  |  TNS Gain (ns)  |  Added Cells  |  Removed Cells  |  Optimized Cells/Nets  |  Dont Touch  |  Iterations  |  Elapsed   |
-------------------------------------------------------------------------------------------------------------------------------------------------------------
|  Critical Path  |          0.327  |        101.650  |            0  |              0  |                    30  |           0  |           1  |  00:06:40  |
-------------------------------------------------------------------------------------------------------------------------------------------------------------


Summary of Hold Fix Optimizations
=================================


--------------------------------------------------------------------------------------------------------------------------------------------------------------
|  Optimization               |  WHS Gain (ns)  |  THS Gain (ns)  |  Added LUTs  |  Added FFs  |  Optimized Nets  |  Dont Touch  |  Iterations  |  Elapsed   |
--------------------------------------------------------------------------------------------------------------------------------------------------------------
|  LUT1 and ZHOLD Insertion   |          0.000  |          0.000  |           0  |          0  |               0  |           0  |           0  |  00:00:01  |
|  Total                      |          0.000  |          0.000  |           0  |          0  |               0  |           0  |           0  |  00:00:01  |
--------------------------------------------------------------------------------------------------------------------------------------------------------------


Netlist sorting complete. Time (s): cpu = 00:00:00 ; elapsed = 00:00:00.014 . Memory (MB): peak = 2463.578 ; gain = 0.000
Ending Physical Synthesis Task | Checksum: 1892bf27c

Time (s): cpu = 00:06:46 ; elapsed = 00:06:47 . Memory (MB): peak = 2463.578 ; gain = 498.102
INFO: [Common 17-83] Releasing license: Implementation
139 Infos, 1 Warnings, 0 Critical Warnings and 0 Errors encountered.
phys_opt_design completed successfully
phys_opt_design: Time (s): cpu = 00:07:00 ; elapsed = 00:07:02 . Memory (MB): peak = 2463.578 ; gain = 644.578
# puts ">>> Writing routed checkpoint..."
>>> Writing routed checkpoint...
# write_checkpoint -force "$run_dir/fastvit_bd_wrapper_routed_round5.dcp"
INFO: [Timing 38-480] Writing timing data to binary archive.
Write ShapeDB Complete: Time (s): cpu = 00:00:00 ; elapsed = 00:00:00.068 . Memory (MB): peak = 2463.578 ; gain = 0.000
Wrote PlaceDB: Time (s): cpu = 00:00:02 ; elapsed = 00:00:02 . Memory (MB): peak = 2463.578 ; gain = 0.000
Wrote PulsedLatchDB: Time (s): cpu = 00:00:00 ; elapsed = 00:00:00 . Memory (MB): peak = 2463.578 ; gain = 0.000
Writing XDEF routing.
Writing XDEF routing logical nets.
Writing XDEF routing special nets.
Wrote RouteStorage: Time (s): cpu = 00:00:00 ; elapsed = 00:00:00.531 . Memory (MB): peak = 2463.578 ; gain = 0.000
Wrote Netlist Cache: Time (s): cpu = 00:00:00 ; elapsed = 00:00:00.084 . Memory (MB): peak = 2463.578 ; gain = 0.000
Wrote Device Cache: Time (s): cpu = 00:00:00 ; elapsed = 00:00:00.007 . Memory (MB): peak = 2463.578 ; gain = 0.000
Write Physdb Complete: Time (s): cpu = 00:00:02 ; elapsed = 00:00:03 . Memory (MB): peak = 2463.578 ; gain = 0.000
INFO: [Common 17-1381] The checkpoint 'E:/codes/microzed/fastvit_hls/vivado_impl/fastvit_dsconv_fused_only_200mhz_proj/fastvit_dsconv_fused_only_200mhz_proj.runs/impl_1/fastvit_bd_wrapper_routed_round5.dcp' has been generated.
write_checkpoint: Time (s): cpu = 00:00:11 ; elapsed = 00:00:12 . Memory (MB): peak = 2463.578 ; gain = 0.000
# puts ">>> Timing summary..."
>>> Timing summary...
# report_timing_summary -delay_type max -max_paths 20 -file "$proj_dir/timing_summary_dsconv_fused_round5.rpt"
INFO: [Timing 38-91] UpdateTimingParams: Speed grade: -1, Delay Type: max.
report_timing_summary: Time (s): cpu = 00:00:11 ; elapsed = 00:00:11 . Memory (MB): peak = 2463.578 ; gain = 0.000
# puts ">>> Utilization..."
>>> Utilization...
# report_utilization -file "$proj_dir/utilization_dsconv_fused_round5.rpt"
# puts ">>> Detailed worst-path timing..."
>>> Detailed worst-path timing...
# report_timing -delay_type max -max_paths 10 -sort_by group -file "$proj_dir/timing_detail_dsconv_fused_round5.rpt"
INFO: [Timing 38-91] UpdateTimingParams: Speed grade: -1, Delay Type: max.
INFO: [Timing 38-78] ReportTimingParams: -max_paths 10 -nworst 1 -delay_type max -sort_by group.
# puts ">>> Done."
>>> Done.
INFO: [Common 17-206] Exiting Vivado at Wed Aug 12 09:28:34 2026...
DONE_EXIT_0
