
****** Vivado v2024.2 (64-bit)
  **** SW Build 5239630 on Fri Nov 08 22:35:27 MST 2024
  **** IP Build 5239520 on Sun Nov 10 16:12:51 MST 2024
  **** SharedData Build 5239561 on Fri Nov 08 14:39:27 MST 2024
  **** Start of session at: Sun Jun 21 13:56:27 2026
    ** Copyright 1986-2022 Xilinx, Inc. All Rights Reserved.
    ** Copyright 2022-2024 Advanced Micro Devices, Inc. All Rights Reserved.

source run_impl.tcl
# set_param general.maxThreads 1
# set part      "xc7z020clg400-1"
# set proj_name "fastvit_v3_proj"
# set script_dir [file normalize [file dirname [info script]]]
# set proj_dir   "$script_dir/$proj_name"
# set ip_conv   "$script_dir/../conv_ip/conv_ip_proj/solution1/impl/ip"
# set ip_dw     "$script_dir/../dwconv_ip/dwconv_ip_proj/solution1/impl/ip"
# set ip_pw     "$script_dir/../pwconv_ip/pwconv_ip_proj/solution1/impl/ip"
# set ip_add    "$script_dir/../add_ip/add_ip_proj/solution1/impl/ip"
# set ip_pool   "$script_dir/../pool_ip/pool_ip_proj/solution1/impl/ip"
# create_project $proj_name $proj_dir -part $part -force
# set_property ip_repo_paths [list \
#     [file normalize $ip_conv] \
#     [file normalize $ip_dw]   \
#     [file normalize $ip_pw]   \
#     [file normalize $ip_add]  \
#     [file normalize $ip_pool] \
# ] [current_project]
# update_ip_catalog
INFO: [IP_Flow 19-234] Refreshing IP repositories
INFO: [IP_Flow 19-1700] Loaded user IP repository 'e:/codes/microzed/fastvit_hls/conv_ip/conv_ip_proj/solution1/impl/ip'.
INFO: [IP_Flow 19-1700] Loaded user IP repository 'e:/codes/microzed/fastvit_hls/dwconv_ip/dwconv_ip_proj/solution1/impl/ip'.
INFO: [IP_Flow 19-1700] Loaded user IP repository 'e:/codes/microzed/fastvit_hls/pwconv_ip/pwconv_ip_proj/solution1/impl/ip'.
INFO: [IP_Flow 19-1700] Loaded user IP repository 'e:/codes/microzed/fastvit_hls/add_ip/add_ip_proj/solution1/impl/ip'.
INFO: [IP_Flow 19-1700] Loaded user IP repository 'e:/codes/microzed/fastvit_hls/pool_ip/pool_ip_proj/solution1/impl/ip'.
INFO: [IP_Flow 19-2313] Loaded Vivado IP repository 'E:/Xilinx/Vivado/2024.2/data/ip'.
# create_bd_design fastvit_bd
Wrote  : <E:\codes\microzed\fastvit_hls\vivado_impl\fastvit_v3_proj\fastvit_v3_proj.srcs\sources_1\bd\fastvit_bd\fastvit_bd.bd> 
# create_bd_cell -type ip -vlnv xilinx.com:ip:processing_system7:5.5 ps7_0
# set_property -dict [list \
#     CONFIG.PCW_USE_S_AXI_HP0            {1} \
#     CONFIG.PCW_USE_S_AXI_HP1            {1} \
#     CONFIG.PCW_FPGA0_PERIPHERAL_FREQMHZ {100} \
#     CONFIG.PCW_EN_CLK0_PORT             {1} \
#     CONFIG.PCW_USE_M_AXI_GP0            {1} \
# ] [get_bd_cells ps7_0]
# make_bd_intf_pins_external [get_bd_intf_pins ps7_0/DDR]
# make_bd_intf_pins_external [get_bd_intf_pins ps7_0/FIXED_IO]
# create_bd_cell -type ip -vlnv user.org:hls:conv_ip:1.0    conv_ip_0
# create_bd_cell -type ip -vlnv user.org:hls:dwconv_ip:1.0  dwconv_ip_0
# create_bd_cell -type ip -vlnv user.org:hls:pwconv_ip:1.0  pwconv_ip_0
# create_bd_cell -type ip -vlnv user.org:hls:pool_ip:1.0    pool_ip_0
# create_bd_cell -type ip -vlnv user.org:hls:add_ip:1.0     add_ip_0
# create_bd_cell -type ip -vlnv xilinx.com:ip:proc_sys_reset:5.0 rst_ps7_0_100M
# create_bd_cell -type ip -vlnv xilinx.com:ip:axi_interconnect:2.1 ps_ctrl_ic
# set_property CONFIG.NUM_SI  1  [get_bd_cells ps_ctrl_ic]
# set_property CONFIG.NUM_MI 10  [get_bd_cells ps_ctrl_ic]
# create_bd_cell -type ip -vlnv xilinx.com:ip:smartconnect:1.0 sc_main
# set_property CONFIG.NUM_SI 15 [get_bd_cells sc_main]
# create_bd_cell -type ip -vlnv xilinx.com:ip:smartconnect:1.0 sc_pool
# set_property CONFIG.NUM_SI 2 [get_bd_cells sc_pool]
# set clk [get_bd_pins ps7_0/FCLK_CLK0]
# connect_bd_net $clk [get_bd_pins rst_ps7_0_100M/slowest_sync_clk]
# connect_bd_net $clk [get_bd_pins conv_ip_0/ap_clk]
# connect_bd_net $clk [get_bd_pins dwconv_ip_0/ap_clk]
# connect_bd_net $clk [get_bd_pins pwconv_ip_0/ap_clk]
# connect_bd_net $clk [get_bd_pins pool_ip_0/ap_clk]
# connect_bd_net $clk [get_bd_pins add_ip_0/ap_clk]
# connect_bd_net $clk [get_bd_pins ps7_0/M_AXI_GP0_ACLK]
# connect_bd_net $clk [get_bd_pins ps7_0/S_AXI_HP0_ACLK]
# connect_bd_net $clk [get_bd_pins ps7_0/S_AXI_HP1_ACLK]
# connect_bd_net $clk [get_bd_pins ps_ctrl_ic/ACLK]
# connect_bd_net $clk [get_bd_pins ps_ctrl_ic/S00_ACLK]
# foreach i {00 01 02 03 04 05 06 07 08 09} {
#     connect_bd_net $clk [get_bd_pins ps_ctrl_ic/M${i}_ACLK]
# }
# connect_bd_net $clk [get_bd_pins sc_main/aclk]
# connect_bd_net $clk [get_bd_pins sc_pool/aclk]
# connect_bd_net [get_bd_pins ps7_0/FCLK_RESET0_N] \
#                [get_bd_pins rst_ps7_0_100M/ext_reset_in]
# set rstn [get_bd_pins rst_ps7_0_100M/peripheral_aresetn]
# connect_bd_net $rstn [get_bd_pins conv_ip_0/ap_rst_n]
# connect_bd_net $rstn [get_bd_pins dwconv_ip_0/ap_rst_n]
# connect_bd_net $rstn [get_bd_pins pwconv_ip_0/ap_rst_n]
# connect_bd_net $rstn [get_bd_pins pool_ip_0/ap_rst_n]
# connect_bd_net $rstn [get_bd_pins add_ip_0/ap_rst_n]
# connect_bd_net $rstn [get_bd_pins ps_ctrl_ic/ARESETN]
# connect_bd_net $rstn [get_bd_pins ps_ctrl_ic/S00_ARESETN]
# foreach i {00 01 02 03 04 05 06 07 08 09} {
#     connect_bd_net $rstn [get_bd_pins ps_ctrl_ic/M${i}_ARESETN]
# }
# connect_bd_net $rstn [get_bd_pins sc_main/aresetn]
# connect_bd_net $rstn [get_bd_pins sc_pool/aresetn]
# connect_bd_intf_net [get_bd_intf_pins ps7_0/M_AXI_GP0]       [get_bd_intf_pins ps_ctrl_ic/S00_AXI]
# connect_bd_intf_net [get_bd_intf_pins ps_ctrl_ic/M00_AXI]    [get_bd_intf_pins conv_ip_0/s_axi_control]
# connect_bd_intf_net [get_bd_intf_pins ps_ctrl_ic/M01_AXI]    [get_bd_intf_pins conv_ip_0/s_axi_ctrl]
# connect_bd_intf_net [get_bd_intf_pins ps_ctrl_ic/M02_AXI]    [get_bd_intf_pins dwconv_ip_0/s_axi_control]
# connect_bd_intf_net [get_bd_intf_pins ps_ctrl_ic/M03_AXI]    [get_bd_intf_pins dwconv_ip_0/s_axi_ctrl]
# connect_bd_intf_net [get_bd_intf_pins ps_ctrl_ic/M04_AXI]    [get_bd_intf_pins pwconv_ip_0/s_axi_control]
# connect_bd_intf_net [get_bd_intf_pins ps_ctrl_ic/M05_AXI]    [get_bd_intf_pins pwconv_ip_0/s_axi_ctrl]
# connect_bd_intf_net [get_bd_intf_pins ps_ctrl_ic/M06_AXI]    [get_bd_intf_pins pool_ip_0/s_axi_control]
# connect_bd_intf_net [get_bd_intf_pins ps_ctrl_ic/M07_AXI]    [get_bd_intf_pins pool_ip_0/s_axi_ctrl]
# connect_bd_intf_net [get_bd_intf_pins ps_ctrl_ic/M08_AXI]    [get_bd_intf_pins add_ip_0/s_axi_control]
# connect_bd_intf_net [get_bd_intf_pins ps_ctrl_ic/M09_AXI]    [get_bd_intf_pins add_ip_0/s_axi_ctrl]
# connect_bd_intf_net [get_bd_intf_pins conv_ip_0/m_axi_gmem0]   [get_bd_intf_pins sc_main/S00_AXI]
# connect_bd_intf_net [get_bd_intf_pins conv_ip_0/m_axi_gmem1]   [get_bd_intf_pins sc_main/S01_AXI]
# connect_bd_intf_net [get_bd_intf_pins conv_ip_0/m_axi_gmem2]   [get_bd_intf_pins sc_main/S02_AXI]
# connect_bd_intf_net [get_bd_intf_pins conv_ip_0/m_axi_gmem3]   [get_bd_intf_pins sc_main/S03_AXI]
# connect_bd_intf_net [get_bd_intf_pins dwconv_ip_0/m_axi_gmem0] [get_bd_intf_pins sc_main/S04_AXI]
# connect_bd_intf_net [get_bd_intf_pins dwconv_ip_0/m_axi_gmem1] [get_bd_intf_pins sc_main/S05_AXI]
# connect_bd_intf_net [get_bd_intf_pins dwconv_ip_0/m_axi_gmem2] [get_bd_intf_pins sc_main/S06_AXI]
# connect_bd_intf_net [get_bd_intf_pins dwconv_ip_0/m_axi_gmem3] [get_bd_intf_pins sc_main/S07_AXI]
# connect_bd_intf_net [get_bd_intf_pins pwconv_ip_0/m_axi_gmem0] [get_bd_intf_pins sc_main/S08_AXI]
# connect_bd_intf_net [get_bd_intf_pins pwconv_ip_0/m_axi_gmem1] [get_bd_intf_pins sc_main/S09_AXI]
# connect_bd_intf_net [get_bd_intf_pins pwconv_ip_0/m_axi_gmem2] [get_bd_intf_pins sc_main/S10_AXI]
# connect_bd_intf_net [get_bd_intf_pins pwconv_ip_0/m_axi_gmem3] [get_bd_intf_pins sc_main/S11_AXI]
# connect_bd_intf_net [get_bd_intf_pins add_ip_0/m_axi_gmem0]    [get_bd_intf_pins sc_main/S12_AXI]
# connect_bd_intf_net [get_bd_intf_pins add_ip_0/m_axi_gmem1]    [get_bd_intf_pins sc_main/S13_AXI]
# connect_bd_intf_net [get_bd_intf_pins add_ip_0/m_axi_gmem2]    [get_bd_intf_pins sc_main/S14_AXI]
# connect_bd_intf_net [get_bd_intf_pins sc_main/M00_AXI]         [get_bd_intf_pins ps7_0/S_AXI_HP0]
# connect_bd_intf_net [get_bd_intf_pins pool_ip_0/m_axi_gmem0]   [get_bd_intf_pins sc_pool/S00_AXI]
# connect_bd_intf_net [get_bd_intf_pins pool_ip_0/m_axi_gmem1]   [get_bd_intf_pins sc_pool/S01_AXI]
# connect_bd_intf_net [get_bd_intf_pins sc_pool/M00_AXI]         [get_bd_intf_pins ps7_0/S_AXI_HP1]
# assign_bd_address
INFO: [BD 41-3093] Triggering Legacy Auto Assign Algorithm
Slave segment '/ps7_0/S_AXI_HP0/HP0_DDR_LOWOCM' is being assigned into address space '/add_ip_0/Data_m_axi_gmem0' at <0x0000_0000 [ 512M ]>.
Slave segment '/ps7_0/S_AXI_HP0/HP0_DDR_LOWOCM' is being assigned into address space '/add_ip_0/Data_m_axi_gmem1' at <0x0000_0000 [ 512M ]>.
Slave segment '/ps7_0/S_AXI_HP0/HP0_DDR_LOWOCM' is being assigned into address space '/add_ip_0/Data_m_axi_gmem2' at <0x0000_0000 [ 512M ]>.
Slave segment '/ps7_0/S_AXI_HP0/HP0_DDR_LOWOCM' is being assigned into address space '/conv_ip_0/Data_m_axi_gmem0' at <0x0000_0000 [ 512M ]>.
Slave segment '/ps7_0/S_AXI_HP0/HP0_DDR_LOWOCM' is being assigned into address space '/conv_ip_0/Data_m_axi_gmem1' at <0x0000_0000 [ 512M ]>.
Slave segment '/ps7_0/S_AXI_HP0/HP0_DDR_LOWOCM' is being assigned into address space '/conv_ip_0/Data_m_axi_gmem2' at <0x0000_0000 [ 512M ]>.
Slave segment '/ps7_0/S_AXI_HP0/HP0_DDR_LOWOCM' is being assigned into address space '/conv_ip_0/Data_m_axi_gmem3' at <0x0000_0000 [ 512M ]>.
Slave segment '/ps7_0/S_AXI_HP0/HP0_DDR_LOWOCM' is being assigned into address space '/dwconv_ip_0/Data_m_axi_gmem0' at <0x0000_0000 [ 512M ]>.
Slave segment '/ps7_0/S_AXI_HP0/HP0_DDR_LOWOCM' is being assigned into address space '/dwconv_ip_0/Data_m_axi_gmem1' at <0x0000_0000 [ 512M ]>.
Slave segment '/ps7_0/S_AXI_HP0/HP0_DDR_LOWOCM' is being assigned into address space '/dwconv_ip_0/Data_m_axi_gmem2' at <0x0000_0000 [ 512M ]>.
Slave segment '/ps7_0/S_AXI_HP0/HP0_DDR_LOWOCM' is being assigned into address space '/dwconv_ip_0/Data_m_axi_gmem3' at <0x0000_0000 [ 512M ]>.
Slave segment '/ps7_0/S_AXI_HP1/HP1_DDR_LOWOCM' is being assigned into address space '/pool_ip_0/Data_m_axi_gmem0' at <0x0000_0000 [ 512M ]>.
Slave segment '/ps7_0/S_AXI_HP1/HP1_DDR_LOWOCM' is being assigned into address space '/pool_ip_0/Data_m_axi_gmem1' at <0x0000_0000 [ 512M ]>.
Slave segment '/ps7_0/S_AXI_HP0/HP0_DDR_LOWOCM' is being assigned into address space '/pwconv_ip_0/Data_m_axi_gmem0' at <0x0000_0000 [ 512M ]>.
Slave segment '/ps7_0/S_AXI_HP0/HP0_DDR_LOWOCM' is being assigned into address space '/pwconv_ip_0/Data_m_axi_gmem1' at <0x0000_0000 [ 512M ]>.
Slave segment '/ps7_0/S_AXI_HP0/HP0_DDR_LOWOCM' is being assigned into address space '/pwconv_ip_0/Data_m_axi_gmem2' at <0x0000_0000 [ 512M ]>.
Slave segment '/ps7_0/S_AXI_HP0/HP0_DDR_LOWOCM' is being assigned into address space '/pwconv_ip_0/Data_m_axi_gmem3' at <0x0000_0000 [ 512M ]>.
Slave segment '/add_ip_0/s_axi_control/Reg' is being assigned into address space '/ps7_0/Data' at <0x4000_0000 [ 64K ]>.
Slave segment '/add_ip_0/s_axi_ctrl/Reg' is being assigned into address space '/ps7_0/Data' at <0x4001_0000 [ 64K ]>.
Slave segment '/conv_ip_0/s_axi_control/Reg' is being assigned into address space '/ps7_0/Data' at <0x4002_0000 [ 64K ]>.
Slave segment '/conv_ip_0/s_axi_ctrl/Reg' is being assigned into address space '/ps7_0/Data' at <0x4003_0000 [ 64K ]>.
Slave segment '/dwconv_ip_0/s_axi_control/Reg' is being assigned into address space '/ps7_0/Data' at <0x4004_0000 [ 64K ]>.
Slave segment '/dwconv_ip_0/s_axi_ctrl/Reg' is being assigned into address space '/ps7_0/Data' at <0x4005_0000 [ 64K ]>.
Slave segment '/pool_ip_0/s_axi_control/Reg' is being assigned into address space '/ps7_0/Data' at <0x4006_0000 [ 64K ]>.
Slave segment '/pool_ip_0/s_axi_ctrl/Reg' is being assigned into address space '/ps7_0/Data' at <0x4007_0000 [ 64K ]>.
Slave segment '/pwconv_ip_0/s_axi_control/Reg' is being assigned into address space '/ps7_0/Data' at <0x4008_0000 [ 64K ]>.
Slave segment '/pwconv_ip_0/s_axi_ctrl/Reg' is being assigned into address space '/ps7_0/Data' at <0x4009_0000 [ 64K ]>.
# validate_bd_design
INFO: [BD 5-943] Reserving offset range <0x0000_0000 [ 512M ]> from slave interface '/sc_main/S00_AXI' to master interface '/sc_main/M00_AXI'. This will be used by smartconnect on path for routing.
INFO: [BD 5-943] Reserving offset range <0x0000_0000 [ 512M ]> from slave interface '/sc_main/S01_AXI' to master interface '/sc_main/M00_AXI'. This will be used by smartconnect on path for routing.
INFO: [BD 5-943] Reserving offset range <0x0000_0000 [ 512M ]> from slave interface '/sc_main/S02_AXI' to master interface '/sc_main/M00_AXI'. This will be used by smartconnect on path for routing.
INFO: [BD 5-943] Reserving offset range <0x0000_0000 [ 512M ]> from slave interface '/sc_main/S03_AXI' to master interface '/sc_main/M00_AXI'. This will be used by smartconnect on path for routing.
INFO: [BD 5-943] Reserving offset range <0x0000_0000 [ 512M ]> from slave interface '/sc_main/S04_AXI' to master interface '/sc_main/M00_AXI'. This will be used by smartconnect on path for routing.
INFO: [BD 5-943] Reserving offset range <0x0000_0000 [ 512M ]> from slave interface '/sc_main/S05_AXI' to master interface '/sc_main/M00_AXI'. This will be used by smartconnect on path for routing.
INFO: [BD 5-943] Reserving offset range <0x0000_0000 [ 512M ]> from slave interface '/sc_main/S06_AXI' to master interface '/sc_main/M00_AXI'. This will be used by smartconnect on path for routing.
INFO: [BD 5-943] Reserving offset range <0x0000_0000 [ 512M ]> from slave interface '/sc_main/S07_AXI' to master interface '/sc_main/M00_AXI'. This will be used by smartconnect on path for routing.
INFO: [BD 5-943] Reserving offset range <0x0000_0000 [ 512M ]> from slave interface '/sc_main/S08_AXI' to master interface '/sc_main/M00_AXI'. This will be used by smartconnect on path for routing.
INFO: [BD 5-943] Reserving offset range <0x0000_0000 [ 512M ]> from slave interface '/sc_main/S09_AXI' to master interface '/sc_main/M00_AXI'. This will be used by smartconnect on path for routing.
INFO: [BD 5-943] Reserving offset range <0x0000_0000 [ 512M ]> from slave interface '/sc_main/S10_AXI' to master interface '/sc_main/M00_AXI'. This will be used by smartconnect on path for routing.
INFO: [BD 5-943] Reserving offset range <0x0000_0000 [ 512M ]> from slave interface '/sc_main/S11_AXI' to master interface '/sc_main/M00_AXI'. This will be used by smartconnect on path for routing.
INFO: [BD 5-943] Reserving offset range <0x0000_0000 [ 512M ]> from slave interface '/sc_main/S12_AXI' to master interface '/sc_main/M00_AXI'. This will be used by smartconnect on path for routing.
INFO: [BD 5-943] Reserving offset range <0x0000_0000 [ 512M ]> from slave interface '/sc_main/S13_AXI' to master interface '/sc_main/M00_AXI'. This will be used by smartconnect on path for routing.
INFO: [BD 5-943] Reserving offset range <0x0000_0000 [ 512M ]> from slave interface '/sc_main/S14_AXI' to master interface '/sc_main/M00_AXI'. This will be used by smartconnect on path for routing.
INFO: [xilinx.com:ip:smartconnect:1.0-1] fastvit_bd_sc_main_0: SmartConnect fastvit_bd_sc_main_0 is in High-performance Mode.
xit::source_ipfile: Time (s): cpu = 00:00:05 ; elapsed = 00:00:06 . Memory (MB): peak = 804.281 ; gain = 246.367
INFO: [BD 5-943] Reserving offset range <0x0000_0000 [ 512M ]> from slave interface '/sc_pool/S00_AXI' to master interface '/sc_pool/M00_AXI'. This will be used by smartconnect on path for routing.
INFO: [BD 5-943] Reserving offset range <0x0000_0000 [ 512M ]> from slave interface '/sc_pool/S01_AXI' to master interface '/sc_pool/M00_AXI'. This will be used by smartconnect on path for routing.
INFO: [xilinx.com:ip:smartconnect:1.0-1] fastvit_bd_sc_pool_0: SmartConnect fastvit_bd_sc_pool_0 is in High-performance Mode.
validate_bd_design: Time (s): cpu = 00:00:11 ; elapsed = 00:00:12 . Memory (MB): peak = 863.879 ; gain = 326.520
# save_bd_design
Wrote  : <E:\codes\microzed\fastvit_hls\vivado_impl\fastvit_v3_proj\fastvit_v3_proj.srcs\sources_1\bd\fastvit_bd\fastvit_bd.bd> 
# make_wrapper -files [get_files fastvit_bd.bd] -top
INFO: [BD 41-1662] The design 'fastvit_bd.bd' is already validated. Therefore parameter propagation will not be re-run.
WARNING: [BD 41-2384] Width mismatch when connecting pin: '/sc_main/S00_AXI_arlock'(1) to pin: '/conv_ip_0/m_axi_gmem0_ARLOCK'(2) - Only lower order bits will be connected.
WARNING: [BD 41-2384] Width mismatch when connecting pin: '/sc_main/S01_AXI_arlock'(1) to pin: '/conv_ip_0/m_axi_gmem1_ARLOCK'(2) - Only lower order bits will be connected.
WARNING: [BD 41-2384] Width mismatch when connecting pin: '/sc_main/S02_AXI_arlock'(1) to pin: '/conv_ip_0/m_axi_gmem2_ARLOCK'(2) - Only lower order bits will be connected.
WARNING: [BD 41-2384] Width mismatch when connecting pin: '/sc_main/S03_AXI_awlock'(1) to pin: '/conv_ip_0/m_axi_gmem3_AWLOCK'(2) - Only lower order bits will be connected.
WARNING: [BD 41-2384] Width mismatch when connecting pin: '/sc_main/S04_AXI_arlock'(1) to pin: '/dwconv_ip_0/m_axi_gmem0_ARLOCK'(2) - Only lower order bits will be connected.
WARNING: [BD 41-2384] Width mismatch when connecting pin: '/sc_main/S05_AXI_arlock'(1) to pin: '/dwconv_ip_0/m_axi_gmem1_ARLOCK'(2) - Only lower order bits will be connected.
WARNING: [BD 41-2384] Width mismatch when connecting pin: '/sc_main/S06_AXI_arlock'(1) to pin: '/dwconv_ip_0/m_axi_gmem2_ARLOCK'(2) - Only lower order bits will be connected.
WARNING: [BD 41-2384] Width mismatch when connecting pin: '/sc_main/S07_AXI_awlock'(1) to pin: '/dwconv_ip_0/m_axi_gmem3_AWLOCK'(2) - Only lower order bits will be connected.
WARNING: [BD 41-2384] Width mismatch when connecting pin: '/sc_main/S08_AXI_arlock'(1) to pin: '/pwconv_ip_0/m_axi_gmem0_ARLOCK'(2) - Only lower order bits will be connected.
WARNING: [BD 41-2384] Width mismatch when connecting pin: '/sc_main/S09_AXI_arlock'(1) to pin: '/pwconv_ip_0/m_axi_gmem1_ARLOCK'(2) - Only lower order bits will be connected.
WARNING: [BD 41-2384] Width mismatch when connecting pin: '/sc_main/S10_AXI_arlock'(1) to pin: '/pwconv_ip_0/m_axi_gmem2_ARLOCK'(2) - Only lower order bits will be connected.
WARNING: [BD 41-2384] Width mismatch when connecting pin: '/sc_main/S11_AXI_awlock'(1) to pin: '/pwconv_ip_0/m_axi_gmem3_AWLOCK'(2) - Only lower order bits will be connected.
WARNING: [BD 41-2384] Width mismatch when connecting pin: '/sc_main/S12_AXI_arlock'(1) to pin: '/add_ip_0/m_axi_gmem0_ARLOCK'(2) - Only lower order bits will be connected.
WARNING: [BD 41-2384] Width mismatch when connecting pin: '/sc_main/S13_AXI_arlock'(1) to pin: '/add_ip_0/m_axi_gmem1_ARLOCK'(2) - Only lower order bits will be connected.
WARNING: [BD 41-2384] Width mismatch when connecting pin: '/sc_main/S14_AXI_awlock'(1) to pin: '/add_ip_0/m_axi_gmem2_AWLOCK'(2) - Only lower order bits will be connected.
WARNING: [BD 41-2384] Width mismatch when connecting pin: '/sc_pool/S00_AXI_arlock'(1) to pin: '/pool_ip_0/m_axi_gmem0_ARLOCK'(2) - Only lower order bits will be connected.
WARNING: [BD 41-2384] Width mismatch when connecting pin: '/sc_pool/S01_AXI_awlock'(1) to pin: '/pool_ip_0/m_axi_gmem1_AWLOCK'(2) - Only lower order bits will be connected.
Verilog Output written to : E:/codes/microzed/fastvit_hls/vivado_impl/fastvit_v3_proj/fastvit_v3_proj.gen/sources_1/bd/fastvit_bd/synth/fastvit_bd.v
WARNING: [BD 41-2384] Width mismatch when connecting pin: '/sc_main/S00_AXI_arlock'(1) to pin: '/conv_ip_0/m_axi_gmem0_ARLOCK'(2) - Only lower order bits will be connected.
WARNING: [BD 41-2384] Width mismatch when connecting pin: '/sc_main/S01_AXI_arlock'(1) to pin: '/conv_ip_0/m_axi_gmem1_ARLOCK'(2) - Only lower order bits will be connected.
WARNING: [BD 41-2384] Width mismatch when connecting pin: '/sc_main/S02_AXI_arlock'(1) to pin: '/conv_ip_0/m_axi_gmem2_ARLOCK'(2) - Only lower order bits will be connected.
WARNING: [BD 41-2384] Width mismatch when connecting pin: '/sc_main/S03_AXI_awlock'(1) to pin: '/conv_ip_0/m_axi_gmem3_AWLOCK'(2) - Only lower order bits will be connected.
WARNING: [BD 41-2384] Width mismatch when connecting pin: '/sc_main/S04_AXI_arlock'(1) to pin: '/dwconv_ip_0/m_axi_gmem0_ARLOCK'(2) - Only lower order bits will be connected.
WARNING: [BD 41-2384] Width mismatch when connecting pin: '/sc_main/S05_AXI_arlock'(1) to pin: '/dwconv_ip_0/m_axi_gmem1_ARLOCK'(2) - Only lower order bits will be connected.
WARNING: [BD 41-2384] Width mismatch when connecting pin: '/sc_main/S06_AXI_arlock'(1) to pin: '/dwconv_ip_0/m_axi_gmem2_ARLOCK'(2) - Only lower order bits will be connected.
WARNING: [BD 41-2384] Width mismatch when connecting pin: '/sc_main/S07_AXI_awlock'(1) to pin: '/dwconv_ip_0/m_axi_gmem3_AWLOCK'(2) - Only lower order bits will be connected.
WARNING: [BD 41-2384] Width mismatch when connecting pin: '/sc_main/S08_AXI_arlock'(1) to pin: '/pwconv_ip_0/m_axi_gmem0_ARLOCK'(2) - Only lower order bits will be connected.
WARNING: [BD 41-2384] Width mismatch when connecting pin: '/sc_main/S09_AXI_arlock'(1) to pin: '/pwconv_ip_0/m_axi_gmem1_ARLOCK'(2) - Only lower order bits will be connected.
WARNING: [BD 41-2384] Width mismatch when connecting pin: '/sc_main/S10_AXI_arlock'(1) to pin: '/pwconv_ip_0/m_axi_gmem2_ARLOCK'(2) - Only lower order bits will be connected.
WARNING: [BD 41-2384] Width mismatch when connecting pin: '/sc_main/S11_AXI_awlock'(1) to pin: '/pwconv_ip_0/m_axi_gmem3_AWLOCK'(2) - Only lower order bits will be connected.
WARNING: [BD 41-2384] Width mismatch when connecting pin: '/sc_main/S12_AXI_arlock'(1) to pin: '/add_ip_0/m_axi_gmem0_ARLOCK'(2) - Only lower order bits will be connected.
WARNING: [BD 41-2384] Width mismatch when connecting pin: '/sc_main/S13_AXI_arlock'(1) to pin: '/add_ip_0/m_axi_gmem1_ARLOCK'(2) - Only lower order bits will be connected.
WARNING: [BD 41-2384] Width mismatch when connecting pin: '/sc_main/S14_AXI_awlock'(1) to pin: '/add_ip_0/m_axi_gmem2_AWLOCK'(2) - Only lower order bits will be connected.
WARNING: [BD 41-2384] Width mismatch when connecting pin: '/sc_pool/S00_AXI_arlock'(1) to pin: '/pool_ip_0/m_axi_gmem0_ARLOCK'(2) - Only lower order bits will be connected.
WARNING: [BD 41-2384] Width mismatch when connecting pin: '/sc_pool/S01_AXI_awlock'(1) to pin: '/pool_ip_0/m_axi_gmem1_AWLOCK'(2) - Only lower order bits will be connected.
Verilog Output written to : E:/codes/microzed/fastvit_hls/vivado_impl/fastvit_v3_proj/fastvit_v3_proj.gen/sources_1/bd/fastvit_bd/sim/fastvit_bd.v
Verilog Output written to : E:/codes/microzed/fastvit_hls/vivado_impl/fastvit_v3_proj/fastvit_v3_proj.gen/sources_1/bd/fastvit_bd/hdl/fastvit_bd_wrapper.v
WARNING: [Vivado 12-818] No files matched '*'
# set wrapper_files [get_files -filter {NAME =~ *fastvit_bd_wrapper.v}]
# if {[llength $wrapper_files] == 0} {
#     set wrapper "$proj_dir/${proj_name}.gen/sources_1/bd/fastvit_bd/hdl/fastvit_bd_wrapper.v"
#     add_files -norecurse $wrapper
# }
# set_property top fastvit_bd_wrapper [current_fileset]
# update_compile_order -fileset sources_1
# puts ">>> Launching Synthesis (jobs=4)..."
>>> Launching Synthesis (jobs=4)...
# launch_runs synth_1 -jobs 4
INFO: [BD 41-1662] The design 'fastvit_bd.bd' is already validated. Therefore parameter propagation will not be re-run.
WARNING: [BD 41-2384] Width mismatch when connecting pin: '/sc_main/S00_AXI_arlock'(1) to pin: '/conv_ip_0/m_axi_gmem0_ARLOCK'(2) - Only lower order bits will be connected.
WARNING: [BD 41-2384] Width mismatch when connecting pin: '/sc_main/S01_AXI_arlock'(1) to pin: '/conv_ip_0/m_axi_gmem1_ARLOCK'(2) - Only lower order bits will be connected.
WARNING: [BD 41-2384] Width mismatch when connecting pin: '/sc_main/S02_AXI_arlock'(1) to pin: '/conv_ip_0/m_axi_gmem2_ARLOCK'(2) - Only lower order bits will be connected.
WARNING: [BD 41-2384] Width mismatch when connecting pin: '/sc_main/S03_AXI_awlock'(1) to pin: '/conv_ip_0/m_axi_gmem3_AWLOCK'(2) - Only lower order bits will be connected.
WARNING: [BD 41-2384] Width mismatch when connecting pin: '/sc_main/S04_AXI_arlock'(1) to pin: '/dwconv_ip_0/m_axi_gmem0_ARLOCK'(2) - Only lower order bits will be connected.
WARNING: [BD 41-2384] Width mismatch when connecting pin: '/sc_main/S05_AXI_arlock'(1) to pin: '/dwconv_ip_0/m_axi_gmem1_ARLOCK'(2) - Only lower order bits will be connected.
WARNING: [BD 41-2384] Width mismatch when connecting pin: '/sc_main/S06_AXI_arlock'(1) to pin: '/dwconv_ip_0/m_axi_gmem2_ARLOCK'(2) - Only lower order bits will be connected.
WARNING: [BD 41-2384] Width mismatch when connecting pin: '/sc_main/S07_AXI_awlock'(1) to pin: '/dwconv_ip_0/m_axi_gmem3_AWLOCK'(2) - Only lower order bits will be connected.
WARNING: [BD 41-2384] Width mismatch when connecting pin: '/sc_main/S08_AXI_arlock'(1) to pin: '/pwconv_ip_0/m_axi_gmem0_ARLOCK'(2) - Only lower order bits will be connected.
WARNING: [BD 41-2384] Width mismatch when connecting pin: '/sc_main/S09_AXI_arlock'(1) to pin: '/pwconv_ip_0/m_axi_gmem1_ARLOCK'(2) - Only lower order bits will be connected.
WARNING: [BD 41-2384] Width mismatch when connecting pin: '/sc_main/S10_AXI_arlock'(1) to pin: '/pwconv_ip_0/m_axi_gmem2_ARLOCK'(2) - Only lower order bits will be connected.
WARNING: [BD 41-2384] Width mismatch when connecting pin: '/sc_main/S11_AXI_awlock'(1) to pin: '/pwconv_ip_0/m_axi_gmem3_AWLOCK'(2) - Only lower order bits will be connected.
WARNING: [BD 41-2384] Width mismatch when connecting pin: '/sc_main/S12_AXI_arlock'(1) to pin: '/add_ip_0/m_axi_gmem0_ARLOCK'(2) - Only lower order bits will be connected.
WARNING: [BD 41-2384] Width mismatch when connecting pin: '/sc_main/S13_AXI_arlock'(1) to pin: '/add_ip_0/m_axi_gmem1_ARLOCK'(2) - Only lower order bits will be connected.
WARNING: [BD 41-2384] Width mismatch when connecting pin: '/sc_main/S14_AXI_awlock'(1) to pin: '/add_ip_0/m_axi_gmem2_AWLOCK'(2) - Only lower order bits will be connected.
WARNING: [BD 41-2384] Width mismatch when connecting pin: '/sc_pool/S00_AXI_arlock'(1) to pin: '/pool_ip_0/m_axi_gmem0_ARLOCK'(2) - Only lower order bits will be connected.
WARNING: [BD 41-2384] Width mismatch when connecting pin: '/sc_pool/S01_AXI_awlock'(1) to pin: '/pool_ip_0/m_axi_gmem1_AWLOCK'(2) - Only lower order bits will be connected.
Verilog Output written to : E:/codes/microzed/fastvit_hls/vivado_impl/fastvit_v3_proj/fastvit_v3_proj.gen/sources_1/bd/fastvit_bd/synth/fastvit_bd.v
WARNING: [BD 41-2384] Width mismatch when connecting pin: '/sc_main/S00_AXI_arlock'(1) to pin: '/conv_ip_0/m_axi_gmem0_ARLOCK'(2) - Only lower order bits will be connected.
WARNING: [BD 41-2384] Width mismatch when connecting pin: '/sc_main/S01_AXI_arlock'(1) to pin: '/conv_ip_0/m_axi_gmem1_ARLOCK'(2) - Only lower order bits will be connected.
WARNING: [BD 41-2384] Width mismatch when connecting pin: '/sc_main/S02_AXI_arlock'(1) to pin: '/conv_ip_0/m_axi_gmem2_ARLOCK'(2) - Only lower order bits will be connected.
WARNING: [BD 41-2384] Width mismatch when connecting pin: '/sc_main/S03_AXI_awlock'(1) to pin: '/conv_ip_0/m_axi_gmem3_AWLOCK'(2) - Only lower order bits will be connected.
WARNING: [BD 41-2384] Width mismatch when connecting pin: '/sc_main/S04_AXI_arlock'(1) to pin: '/dwconv_ip_0/m_axi_gmem0_ARLOCK'(2) - Only lower order bits will be connected.
WARNING: [BD 41-2384] Width mismatch when connecting pin: '/sc_main/S05_AXI_arlock'(1) to pin: '/dwconv_ip_0/m_axi_gmem1_ARLOCK'(2) - Only lower order bits will be connected.
WARNING: [BD 41-2384] Width mismatch when connecting pin: '/sc_main/S06_AXI_arlock'(1) to pin: '/dwconv_ip_0/m_axi_gmem2_ARLOCK'(2) - Only lower order bits will be connected.
WARNING: [BD 41-2384] Width mismatch when connecting pin: '/sc_main/S07_AXI_awlock'(1) to pin: '/dwconv_ip_0/m_axi_gmem3_AWLOCK'(2) - Only lower order bits will be connected.
WARNING: [BD 41-2384] Width mismatch when connecting pin: '/sc_main/S08_AXI_arlock'(1) to pin: '/pwconv_ip_0/m_axi_gmem0_ARLOCK'(2) - Only lower order bits will be connected.
WARNING: [BD 41-2384] Width mismatch when connecting pin: '/sc_main/S09_AXI_arlock'(1) to pin: '/pwconv_ip_0/m_axi_gmem1_ARLOCK'(2) - Only lower order bits will be connected.
WARNING: [BD 41-2384] Width mismatch when connecting pin: '/sc_main/S10_AXI_arlock'(1) to pin: '/pwconv_ip_0/m_axi_gmem2_ARLOCK'(2) - Only lower order bits will be connected.
WARNING: [BD 41-2384] Width mismatch when connecting pin: '/sc_main/S11_AXI_awlock'(1) to pin: '/pwconv_ip_0/m_axi_gmem3_AWLOCK'(2) - Only lower order bits will be connected.
WARNING: [BD 41-2384] Width mismatch when connecting pin: '/sc_main/S12_AXI_arlock'(1) to pin: '/add_ip_0/m_axi_gmem0_ARLOCK'(2) - Only lower order bits will be connected.
WARNING: [BD 41-2384] Width mismatch when connecting pin: '/sc_main/S13_AXI_arlock'(1) to pin: '/add_ip_0/m_axi_gmem1_ARLOCK'(2) - Only lower order bits will be connected.
WARNING: [BD 41-2384] Width mismatch when connecting pin: '/sc_main/S14_AXI_awlock'(1) to pin: '/add_ip_0/m_axi_gmem2_AWLOCK'(2) - Only lower order bits will be connected.
WARNING: [BD 41-2384] Width mismatch when connecting pin: '/sc_pool/S00_AXI_arlock'(1) to pin: '/pool_ip_0/m_axi_gmem0_ARLOCK'(2) - Only lower order bits will be connected.
WARNING: [BD 41-2384] Width mismatch when connecting pin: '/sc_pool/S01_AXI_awlock'(1) to pin: '/pool_ip_0/m_axi_gmem1_AWLOCK'(2) - Only lower order bits will be connected.
Verilog Output written to : E:/codes/microzed/fastvit_hls/vivado_impl/fastvit_v3_proj/fastvit_v3_proj.gen/sources_1/bd/fastvit_bd/sim/fastvit_bd.v
Verilog Output written to : E:/codes/microzed/fastvit_hls/vivado_impl/fastvit_v3_proj/fastvit_v3_proj.gen/sources_1/bd/fastvit_bd/hdl/fastvit_bd_wrapper.v
ERROR: [Common 17-232] Could not create slave interpreter 'rodin:slave31'.
CRITICAL WARNING: [IP_Flow 19-1747] Failed to deliver file 'e:/Xilinx/Vivado/2024.2/data/ip/xilinx/processing_system7_v5_5/xit/bfmlicense_warning.xit': 
ERROR: [IP_Flow 19-167] Failed to deliver one or more file(s).
ERROR: [IP_Flow 19-3505] IP Generation error: Failed to generate IP 'ps7_0'. Failed to generate 'Vivado Simulation' outputs: 
ERROR: [IP_Flow 19-98] Generation of the IP CORE failed.
Failed to generate IP 'ps7_0'. Failed to generate 'Vivado Simulation' outputs: 
ERROR: [BD 41-1030] Generation failed for the IP Integrator block ps7_0 
INFO: [BD 41-1029] Generation completed for the IP Integrator block conv_ip_0 .
INFO: [BD 41-1029] Generation completed for the IP Integrator block dwconv_ip_0 .
INFO: [BD 41-1029] Generation completed for the IP Integrator block pwconv_ip_0 .
INFO: [BD 41-1029] Generation completed for the IP Integrator block pool_ip_0 .
INFO: [BD 41-1029] Generation completed for the IP Integrator block add_ip_0 .
ERROR: [Common 17-232] Could not create slave interpreter 'rodin:slave33'.
CRITICAL WARNING: [IP_Flow 19-1747] Failed to deliver file 'e:/Xilinx/Vivado/2024.2/data/ip/xilinx/proc_sys_reset_v5_0/utils/board/board.xit': 
ERROR: [IP_Flow 19-167] Failed to deliver one or more file(s).
ERROR: [IP_Flow 19-3505] IP Generation error: Failed to generate IP 'rst_ps7_0_100M'. Failed to generate 'Implementation' outputs: 
ERROR: [IP_Flow 19-98] Generation of the IP CORE failed.
Failed to generate IP 'rst_ps7_0_100M'. Failed to generate 'Implementation' outputs: 
ERROR: [BD 41-1030] Generation failed for the IP Integrator block rst_ps7_0_100M 
INFO: [BD 41-1029] Generation completed for the IP Integrator block ps_ctrl_ic/xbar .
WARNING: [IP_Flow 19-4994] Overwriting existing constraint file 'e:/codes/microzed/fastvit_hls/vivado_impl/fastvit_v3_proj/fastvit_v3_proj.gen/sources_1/bd/fastvit_bd/ip/fastvit_bd_ps_ctrl_ic_imp_auto_pc_0/fastvit_bd_ps_ctrl_ic_imp_auto_pc_0_ooc.xdc'
INFO: [BD 41-1029] Generation completed for the IP Integrator block ps_ctrl_ic/s00_couplers/auto_pc .
Exporting to file e:/codes/microzed/fastvit_hls/vivado_impl/fastvit_v3_proj/fastvit_v3_proj.gen/sources_1/bd/fastvit_bd/ip/fastvit_bd_sc_main_0/bd_0/hw_handoff/fastvit_bd_sc_main_0.hwh
Generated Hardware Definition File e:/codes/microzed/fastvit_hls/vivado_impl/fastvit_v3_proj/fastvit_v3_proj.gen/sources_1/bd/fastvit_bd/ip/fastvit_bd_sc_main_0/bd_0/synth/fastvit_bd_sc_main_0.hwdef
INFO: [BD 41-1029] Generation completed for the IP Integrator block sc_main .
Exporting to file e:/codes/microzed/fastvit_hls/vivado_impl/fastvit_v3_proj/fastvit_v3_proj.gen/sources_1/bd/fastvit_bd/ip/fastvit_bd_sc_pool_0/bd_0/hw_handoff/fastvit_bd_sc_pool_0.hwh
Generated Hardware Definition File e:/codes/microzed/fastvit_hls/vivado_impl/fastvit_v3_proj/fastvit_v3_proj.gen/sources_1/bd/fastvit_bd/ip/fastvit_bd_sc_pool_0/bd_0/synth/fastvit_bd_sc_pool_0.hwdef
INFO: [BD 41-1029] Generation completed for the IP Integrator block sc_pool .
Exporting to file E:/codes/microzed/fastvit_hls/vivado_impl/fastvit_v3_proj/fastvit_v3_proj.gen/sources_1/bd/fastvit_bd/hw_handoff/fastvit_bd.hwh
Generated Hardware Definition File E:/codes/microzed/fastvit_hls/vivado_impl/fastvit_v3_proj/fastvit_v3_proj.gen/sources_1/bd/fastvit_bd/synth/fastvit_bd.hwdef
INFO: [IP_Flow 19-6930] IPCACHE: runCacheChecks() number of threads = 8
INFO: [IP_Flow 19-6921] IPCACHE: Adding cache check func to thread queue for IP fastvit_bd_add_ip_0_0
INFO: [IP_Flow 19-6921] IPCACHE: Adding cache check func to thread queue for IP fastvit_bd_conv_ip_0_0
INFO: [IP_Flow 19-6921] IPCACHE: Adding cache check func to thread queue for IP fastvit_bd_dwconv_ip_0_0
INFO: [IP_Flow 19-6921] IPCACHE: Adding cache check func to thread queue for IP fastvit_bd_pool_ip_0_0
INFO: [IP_Flow 19-6921] IPCACHE: Adding cache check func to thread queue for IP fastvit_bd_ps_ctrl_ic_imp_auto_pc_0
INFO: [IP_Flow 19-6921] IPCACHE: Adding cache check func to thread queue for IP fastvit_bd_ps_ctrl_ic_imp_xbar_0
INFO: [IP_Flow 19-6921] IPCACHE: Adding cache check func to thread queue for IP fastvit_bd_pwconv_ip_0_0
INFO: [IP_Flow 19-6921] IPCACHE: Adding cache check func to thread queue for IP fastvit_bd_rst_ps7_0_100M_0
INFO: [IP_Flow 19-6921] IPCACHE: Adding cache check func to thread queue for IP fastvit_bd_sc_main_0
INFO: [IP_Flow 19-6921] IPCACHE: Adding cache check func to thread queue for IP fastvit_bd_sc_pool_0
INFO: [IP_Flow 19-8020] IPCACHE: runCacheChecks() calling threadPool finishWork()
INFO: [IP_Flow 19-6924] IPCACHE: Running cache check for IP inst: fastvit_bd_add_ip_0_0
INFO: [IP_Flow 19-6924] IPCACHE: Running cache check for IP inst: fastvit_bd_conv_ip_0_0
INFO: [IP_Flow 19-6924] IPCACHE: Running cache check for IP inst: fastvit_bd_dwconv_ip_0_0
INFO: [IP_Flow 19-6924] IPCACHE: Running cache check for IP inst: fastvit_bd_pool_ip_0_0
INFO: [IP_Flow 19-6924] IPCACHE: Running cache check for IP inst: fastvit_bd_ps_ctrl_ic_imp_auto_pc_0
INFO: [IP_Flow 19-6924] IPCACHE: Running cache check for IP inst: fastvit_bd_ps_ctrl_ic_imp_xbar_0
INFO: [IP_Flow 19-6924] IPCACHE: Running cache check for IP inst: fastvit_bd_pwconv_ip_0_0
INFO: [IP_Flow 19-6924] IPCACHE: Running cache check for IP inst: fastvit_bd_rst_ps7_0_100M_0
INFO: [IP_Flow 19-6924] IPCACHE: Running cache check for IP inst: fastvit_bd_sc_main_0
INFO: [IP_Flow 19-6924] IPCACHE: Running cache check for IP inst: fastvit_bd_sc_pool_0
ERROR: [Vivado 12-4756] Launch of runs aborted due to earlier errors while preparing sub-designs for run execution.
INFO: [Common 17-206] Exiting Vivado at Sun Jun 21 13:57:18 2026...
