
****** Vivado v2024.2 (64-bit)
  **** SW Build 5239630 on Fri Nov 08 22:35:27 MST 2024
  **** IP Build 5239520 on Sun Nov 10 16:12:51 MST 2024
  **** SharedData Build 5239561 on Fri Nov 08 14:39:27 MST 2024
  **** Start of session at: Sat Aug  1 09:02:30 2026
    ** Copyright 1986-2022 Xilinx, Inc. All Rights Reserved.
    ** Copyright 2022-2024 Advanced Micro Devices, Inc. All Rights Reserved.

source run_w8a4_aggressive_fanout_round2.tcl
# set_param general.maxThreads 1
# set script_dir [file normalize [file dirname [info script]]]
# set proj_dir   "$script_dir/fastvit_w8a4_200mhz_proj"
# set ckpt_in    "$proj_dir/fastvit_bd_wrapper_w8a4_aggressivefanout.dcp"
# puts ">>> Opening round-1 checkpoint: $ckpt_in"
>>> Opening round-1 checkpoint: E:/codes/microzed/fastvit_hls/vivado_impl/fastvit_w8a4_200mhz_proj/fastvit_bd_wrapper_w8a4_aggressivefanout.dcp
# open_checkpoint $ckpt_in
Command: open_checkpoint E:/codes/microzed/fastvit_hls/vivado_impl/fastvit_w8a4_200mhz_proj/fastvit_bd_wrapper_w8a4_aggressivefanout.dcp

Starting open_checkpoint Task

Time (s): cpu = 00:00:00 ; elapsed = 00:00:00.024 . Memory (MB): peak = 309.789 ; gain = 5.289
INFO: [Device 21-403] Loading part xc7z020clg400-1
Netlist sorting complete. Time (s): cpu = 00:00:01 ; elapsed = 00:00:00.620 . Memory (MB): peak = 772.020 ; gain = 0.000
INFO: [Netlist 29-17] Analyzing 7214 Unisim elements for replacement
INFO: [Netlist 29-28] Unisim Transformation completed in 0 CPU seconds
INFO: [Project 1-479] Netlist was created with Vivado 2024.2
INFO: [Project 1-570] Preparing netlist for logic optimization
Read ShapeDB Complete: Time (s): cpu = 00:00:00 ; elapsed = 00:00:00.079 . Memory (MB): peak = 1001.258 ; gain = 13.164
INFO: [Timing 38-478] Restoring timing data from binary archive.
INFO: [Timing 38-479] Binary timing data restore complete.
INFO: [Project 1-856] Restoring constraints from binary archive.
INFO: [Project 1-853] Binary constraint restore complete.
INFO: [Designutils 20-5722] Start Reading Physical Databases.
Reading placement.
Read Netlist Cache: Time (s): cpu = 00:00:00 ; elapsed = 00:00:00.059 . Memory (MB): peak = 1750.867 ; gain = 0.000
Reading placer database...
Read Device Cache: Time (s): cpu = 00:00:00 ; elapsed = 00:00:00.008 . Memory (MB): peak = 1750.867 ; gain = 0.000
Read PlaceDB: Time (s): cpu = 00:00:01 ; elapsed = 00:00:02 . Memory (MB): peak = 1802.410 ; gain = 51.543
Read PulsedLatchDB: Time (s): cpu = 00:00:00 ; elapsed = 00:00:00 . Memory (MB): peak = 1802.410 ; gain = 0.000
Reading routing.
Read RouteStorage: Time (s): cpu = 00:00:01 ; elapsed = 00:00:00.810 . Memory (MB): peak = 1858.879 ; gain = 56.469
Read Physdb Files: Time (s): cpu = 00:00:02 ; elapsed = 00:00:02 . Memory (MB): peak = 1858.879 ; gain = 108.012
Restored from archive | CPU: 2.000000 secs | Memory: 0.000000 MB |
Finished XDEF File Restore: Time (s): cpu = 00:00:02 ; elapsed = 00:00:02 . Memory (MB): peak = 1858.879 ; gain = 108.012
Netlist sorting complete. Time (s): cpu = 00:00:00 ; elapsed = 00:00:00.011 . Memory (MB): peak = 1858.879 ; gain = 0.000
INFO: [Project 1-111] Unisim Transformation Summary:
  A total of 445 instances were transformed.
  RAM16X1D => RAM32X1D (RAMD32(x2)): 257 instances
  RAM16X1S => RAM32X1S (RAMS32): 16 instances
  RAM32M => RAM32M (RAMD32(x6), RAMS32(x2)): 164 instances
  RAM64X1S => RAM64X1S (RAMS64E): 8 instances

INFO: [Project 1-604] Checkpoint was created with Vivado v2024.2 (64-bit) build 5239630
open_checkpoint: Time (s): cpu = 00:00:15 ; elapsed = 00:00:16 . Memory (MB): peak = 1858.879 ; gain = 1565.859
get_timing_paths: Time (s): cpu = 00:00:11 ; elapsed = 00:00:11 . Memory (MB): peak = 1961.781 ; gain = 102.902
# set wns_before [get_property SLACK [get_timing_paths -max_paths 1 -delay_type max]]
# puts ">>> WNS before round 2: $wns_before ns"
>>> WNS before round 2: -2.397 ns
# puts ">>> Running phys_opt_design -directive AggressiveFanoutOpt (round 2)..."
>>> Running phys_opt_design -directive AggressiveFanoutOpt (round 2)...
# phys_opt_design -directive AggressiveFanoutOpt
Command: phys_opt_design -directive AggressiveFanoutOpt
Attempting to get a license for feature 'Implementation' and/or device 'xc7z020'
INFO: [Common 17-349] Got license for feature 'Implementation' and/or device 'xc7z020'
INFO: [Vivado_Tcl 4-241] Physical synthesis in post route mode 
INFO: [Vivado_Tcl 4-137] Directive used for phys_opt_design is: AggressiveFanoutOpt
INFO: [Vivado_Tcl 4-1435] PhysOpt_Tcl_Interface Runtime Before Starting Physical Synthesis Task | CPU: 5.00s |  WALL: 5.26s
Netlist sorting complete. Time (s): cpu = 00:00:00 ; elapsed = 00:00:00.013 . Memory (MB): peak = 2133.910 ; gain = 0.000

Starting Physical Synthesis Task

Phase 1 Physical Synthesis Initialization
INFO: [Physopt 32-721] Multithreading enabled for phys_opt_design using a maximum of 1 CPUs
INFO: [Physopt 32-668] Current Timing Summary | WNS=-2.397 | TNS=-27614.968 | WHS=0.013 | THS=0.000 |
Phase 1 Physical Synthesis Initialization | Checksum: 2dac8d180

Time (s): cpu = 00:00:15 ; elapsed = 00:00:14 . Memory (MB): peak = 2133.910 ; gain = 0.000
WARNING: [Physopt 32-745] Physical Optimization has determined that the magnitude of the negative slack is too large and it is highly unlikely that slack will be improved. Post-Route Physical Optimization is most effective when WNS is above -0.5ns

Phase 2 Critical Path Optimization
INFO: [Physopt 32-668] Current Timing Summary | WNS=-2.397 | TNS=-27614.968 | WHS=0.013 | THS=0.000 |
INFO: [Physopt 32-953] Path group WNS did not improve. Path group: clk_fpga_0. Processed net: fastvit_bd_i/fastvit_ip_0/inst/grp_dwconv_worker_fu_3476/p_ZL9ch_in_buf_9_U/p_ZL9dw_in_buf_0_0[0]_i_3_psbram_n_alias.
INFO: [Physopt 32-953] Path group WNS did not improve. Path group: clk_fpga_0. Processed net: fastvit_bd_i/ps7_0/inst/FCLK_CLK_unbuffered[0].
INFO: [Physopt 32-953] Path group WNS did not improve. Path group: clk_fpga_0. Processed net: fastvit_bd_i/fastvit_ip_0/inst/grp_dwconv_worker_fu_3476/grp_dwconv_worker_Pipeline_LOAD_DW_IN_fu_1106/ram_reg_i_19__14_n_0.
INFO: [Physopt 32-953] Path group WNS did not improve. Path group: clk_fpga_0. Processed net: fastvit_bd_i/fastvit_ip_0/inst/grp_dwconv_worker_fu_3476/grp_dwconv_worker_Pipeline_LOAD_DW_IN_fu_1106/ram_reg_i_35__12_n_0.
INFO: [Physopt 32-953] Path group WNS did not improve. Path group: clk_fpga_0. Processed net: fastvit_bd_i/fastvit_ip_0/inst/grp_dwconv_worker_fu_3476/grp_dwconv_worker_Pipeline_LOAD_DW_IN_fu_1106/data8[5].
INFO: [Physopt 32-953] Path group WNS did not improve. Path group: clk_fpga_0. Processed net: fastvit_bd_i/fastvit_ip_0/inst/grp_dwconv_worker_fu_3476/grp_dwconv_worker_Pipeline_LOAD_DW_IN_fu_1106/ram_reg_i_138_n_0.
INFO: [Physopt 32-953] Path group WNS did not improve. Path group: clk_fpga_0. Processed net: fastvit_bd_i/fastvit_ip_0/inst/grp_dwconv_worker_fu_3476/grp_dwconv_worker_Pipeline_LOAD_DW_IN_fu_1106/add_ln160_fu_2794_p2_5[5].
INFO: [Physopt 32-953] Path group WNS did not improve. Path group: clk_fpga_0. Processed net: fastvit_bd_i/fastvit_ip_0/inst/grp_dwconv_worker_fu_3476/grp_dwconv_worker_Pipeline_LOAD_DW_IN_fu_1106/empty_123_reg_5858_reg_n_99.
INFO: [Physopt 32-953] Path group WNS did not improve. Path group: clk_fpga_0. Processed net: fastvit_bd_i/fastvit_ip_0/inst/grp_dwconv_worker_fu_3476/p_ZL9ch_in_buf_9_U/p_ZL9dw_in_buf_0_0[0]_i_3_psbram_n_alias.
INFO: [Physopt 32-953] Path group WNS did not improve. Path group: clk_fpga_0. Processed net: fastvit_bd_i/ps7_0/inst/FCLK_CLK_unbuffered[0].
INFO: [Physopt 32-953] Path group WNS did not improve. Path group: clk_fpga_0. Processed net: fastvit_bd_i/fastvit_ip_0/inst/grp_dwconv_worker_fu_3476/grp_dwconv_worker_Pipeline_LOAD_DW_IN_fu_1106/ram_reg_i_19__14_n_0.
INFO: [Physopt 32-953] Path group WNS did not improve. Path group: clk_fpga_0. Processed net: fastvit_bd_i/fastvit_ip_0/inst/grp_dwconv_worker_fu_3476/grp_dwconv_worker_Pipeline_LOAD_DW_IN_fu_1106/ram_reg_i_35__12_n_0.
INFO: [Physopt 32-953] Path group WNS did not improve. Path group: clk_fpga_0. Processed net: fastvit_bd_i/fastvit_ip_0/inst/grp_dwconv_worker_fu_3476/grp_dwconv_worker_Pipeline_LOAD_DW_IN_fu_1106/data8[5].
INFO: [Physopt 32-953] Path group WNS did not improve. Path group: clk_fpga_0. Processed net: fastvit_bd_i/fastvit_ip_0/inst/grp_dwconv_worker_fu_3476/grp_dwconv_worker_Pipeline_LOAD_DW_IN_fu_1106/ram_reg_i_138_n_0.
INFO: [Physopt 32-953] Path group WNS did not improve. Path group: clk_fpga_0. Processed net: fastvit_bd_i/fastvit_ip_0/inst/grp_dwconv_worker_fu_3476/grp_dwconv_worker_Pipeline_LOAD_DW_IN_fu_1106/add_ln160_fu_2794_p2_5[5].
INFO: [Physopt 32-953] Path group WNS did not improve. Path group: clk_fpga_0. Processed net: fastvit_bd_i/fastvit_ip_0/inst/grp_dwconv_worker_fu_3476/grp_dwconv_worker_Pipeline_LOAD_DW_IN_fu_1106/empty_123_reg_5858_reg_n_99.
INFO: [Physopt 32-668] Current Timing Summary | WNS=-2.397 | TNS=-27614.968 | WHS=0.013 | THS=0.000 |
Netlist sorting complete. Time (s): cpu = 00:00:00 ; elapsed = 00:00:00.028 . Memory (MB): peak = 2444.543 ; gain = 0.000
Phase 2 Critical Path Optimization | Checksum: 2dac8d180

Time (s): cpu = 00:01:17 ; elapsed = 00:01:17 . Memory (MB): peak = 2444.543 ; gain = 310.633
Netlist sorting complete. Time (s): cpu = 00:00:00 ; elapsed = 00:00:00.010 . Memory (MB): peak = 2444.543 ; gain = 0.000
INFO: [Physopt 32-669] Post Physical Optimization Timing Summary | WNS=-2.397 | TNS=-27614.968 | WHS=0.013 | THS=0.000 |

Summary of Physical Synthesis Optimizations
============================================


-------------------------------------------------------------------------------------------------------------------------------------------------------------
|  Optimization   |  WNS Gain (ns)  |  TNS Gain (ns)  |  Added Cells  |  Removed Cells  |  Optimized Cells/Nets  |  Dont Touch  |  Iterations  |  Elapsed   |
-------------------------------------------------------------------------------------------------------------------------------------------------------------
|  Critical Path  |          0.000  |          0.000  |            0  |              0  |                     0  |           0  |           1  |  00:01:03  |
-------------------------------------------------------------------------------------------------------------------------------------------------------------


Netlist sorting complete. Time (s): cpu = 00:00:00 ; elapsed = 00:00:00.015 . Memory (MB): peak = 2444.543 ; gain = 0.000
Ending Physical Synthesis Task | Checksum: 2dac8d180

Time (s): cpu = 00:01:18 ; elapsed = 00:01:18 . Memory (MB): peak = 2444.543 ; gain = 310.633
INFO: [Common 17-83] Releasing license: Implementation
26 Infos, 1 Warnings, 0 Critical Warnings and 0 Errors encountered.
phys_opt_design completed successfully
phys_opt_design: Time (s): cpu = 00:01:23 ; elapsed = 00:01:23 . Memory (MB): peak = 2444.543 ; gain = 482.762
get_timing_paths: Time (s): cpu = 00:00:11 ; elapsed = 00:00:11 . Memory (MB): peak = 2444.543 ; gain = 0.000
# set wns_after [get_property SLACK [get_timing_paths -max_paths 1 -delay_type max]]
# puts ""

# puts "========================================"
========================================
# puts ">>> WNS after round 2: $wns_after ns  (round 1 result: -2.397ns; original baseline: -2.563ns)"
>>> WNS after round 2: -2.397 ns  (round 1 result: -2.397ns; original baseline: -2.563ns)
# puts "========================================"
========================================
# set ckpt_out "$proj_dir/fastvit_bd_wrapper_w8a4_aggressivefanout_r2.dcp"
# write_checkpoint -force $ckpt_out
INFO: [Timing 38-480] Writing timing data to binary archive.
Write ShapeDB Complete: Time (s): cpu = 00:00:00 ; elapsed = 00:00:00.064 . Memory (MB): peak = 2444.543 ; gain = 0.000
Wrote PlaceDB: Time (s): cpu = 00:00:02 ; elapsed = 00:00:02 . Memory (MB): peak = 2444.543 ; gain = 0.000
Wrote PulsedLatchDB: Time (s): cpu = 00:00:00 ; elapsed = 00:00:00 . Memory (MB): peak = 2444.543 ; gain = 0.000
Writing XDEF routing.
Writing XDEF routing logical nets.
Writing XDEF routing special nets.
Wrote RouteStorage: Time (s): cpu = 00:00:01 ; elapsed = 00:00:00.574 . Memory (MB): peak = 2444.543 ; gain = 0.000
Wrote Netlist Cache: Time (s): cpu = 00:00:00 ; elapsed = 00:00:00.095 . Memory (MB): peak = 2444.543 ; gain = 0.000
Wrote Device Cache: Time (s): cpu = 00:00:00 ; elapsed = 00:00:00.007 . Memory (MB): peak = 2444.543 ; gain = 0.000
Write Physdb Complete: Time (s): cpu = 00:00:03 ; elapsed = 00:00:03 . Memory (MB): peak = 2444.543 ; gain = 0.000
INFO: [Common 17-1381] The checkpoint 'E:/codes/microzed/fastvit_hls/vivado_impl/fastvit_w8a4_200mhz_proj/fastvit_bd_wrapper_w8a4_aggressivefanout_r2.dcp' has been generated.
write_checkpoint: Time (s): cpu = 00:00:12 ; elapsed = 00:00:13 . Memory (MB): peak = 2444.543 ; gain = 0.000
# puts ">>> Checkpoint saved: $ckpt_out"
>>> Checkpoint saved: E:/codes/microzed/fastvit_hls/vivado_impl/fastvit_w8a4_200mhz_proj/fastvit_bd_wrapper_w8a4_aggressivefanout_r2.dcp
# puts ">>> Done."
>>> Done.
INFO: [Common 17-206] Exiting Vivado at Sat Aug  1 09:04:45 2026...
