
****** Vivado v2024.2 (64-bit)
  **** SW Build 5239630 on Fri Nov 08 22:35:27 MST 2024
  **** IP Build 5239520 on Sun Nov 10 16:12:51 MST 2024
  **** SharedData Build 5239561 on Fri Nov 08 14:39:27 MST 2024
  **** Start of session at: Sun Jun 21 12:05:19 2026
    ** Copyright 1986-2022 Xilinx, Inc. All Rights Reserved.
    ** Copyright 2022-2024 Advanced Micro Devices, Inc. All Rights Reserved.

source write_bit.tcl
# set_param general.maxThreads 4
# open_project fastvit_util_check/fastvit_util_check.xpr
Scanning sources...
Finished scanning sources
INFO: [IP_Flow 19-234] Refreshing IP repositories
INFO: [IP_Flow 19-1700] Loaded user IP repository 'e:/codes/microzed/fastvit_hls/conv_ip/conv_ip_proj/solution1/impl/ip'.
INFO: [IP_Flow 19-1700] Loaded user IP repository 'e:/codes/microzed/fastvit_hls/dwconv_ip/dwconv_ip_proj/solution1/impl/ip'.
INFO: [IP_Flow 19-1700] Loaded user IP repository 'e:/codes/microzed/fastvit_hls/pwconv_ip/pwconv_ip_proj/solution1/impl/ip'.
INFO: [IP_Flow 19-1700] Loaded user IP repository 'e:/codes/microzed/fastvit_hls/add_ip/add_ip_proj/solution1/impl/ip'.
INFO: [IP_Flow 19-1700] Loaded user IP repository 'e:/codes/microzed/fastvit_hls/pool_ip/pool_ip_proj/solution1/impl/ip'.
INFO: [IP_Flow 19-2313] Loaded Vivado IP repository 'E:/Xilinx/Vivado/2024.2/data/ip'.
INFO: [Project 1-5579] Found utility IPs instantiated in one or more block designs which have equivalent inline hdl with improved performance and reduced diskspace. It is recommended to migrate these utility IPs to inline hdl using the command upgrade_project -migrate_to_inline_hdl. The utility IPs may be deprecated in future releases. More information on inline hdl is available in UG994.
open_project: Time (s): cpu = 00:00:07 ; elapsed = 00:00:15 . Memory (MB): peak = 509.457 ; gain = 215.438
# open_run impl_1
ERROR: [Common 17-49] Internal Data Exception: Design::refreshDesign : Run checkpoint 'E:/codes/microzed/fastvit_hls/vivado_impl/fastvit_util_check/fastvit_util_check.runs/impl_1/fastvit_bd_wrapper_routed.dcp' does not exist. Cannot open run.
INFO: [Common 17-206] Exiting Vivado at Sun Jun 21 12:05:39 2026...
