==============================================================
Vitis HLS - High-Level Synthesis from C, C++ and OpenCL v2024.2 (64-bit)
Tool Version Limit: 2024.11
Copyright 1986-2022 Xilinx, Inc. All Rights Reserved.
Copyright 2022-2024 Advanced Micro Devices, Inc. All Rights Reserved.

==============================================================
INFO: [HLS 200-1505] Using default flow_target 'vivado'
INFO: [HLS 200-1510] Running: set_part xc7z020clg400-1 
INFO: [HLS 200-1611] Setting target device to 'xc7z020-clg400-1'
INFO: [HLS 200-1510] Running: create_clock -period 5 -name default 
INFO: [SYN 201-201] Setting up clock 'default' with a period of 5ns.
INFO: [HLS 200-1510] Running: config_compile -name_max_length 256 
INFO: [XFORM 203-1161] The maximum of name length is set to 259.
INFO: [HLS 200-1510] Running: config_rtl -reset control 
INFO: [HLS 200-1510] Running: csim_design -clean 
INFO: [SIM 211-2] *************** CSIM start ***************
INFO: [SIM 211-4] CSIM will launch CLANG as the compiler.
INFO: [HLS 200-2036] Building debug C Simulation binaries
INFO: [SIM 211-1] CSim done with 0 errors.
INFO: [SIM 211-3] *************** CSIM finish ***************
INFO: [HLS 200-2161] Finished Command csim_design Elapsed time: 00:00:05; Allocated memory: 1.039 MB.
INFO: [HLS 200-1510] Running: csynth_design 
INFO: [HLS 200-111] Finished File checks and directory preparation: CPU user time: 0 seconds. CPU system time: 0 seconds. Elapsed time: 0.074 seconds; current allocated memory: 151.258 MB.
INFO: [HLS 200-10] Analyzing design file 'add_ip.cpp' ... 
INFO: [HLS 200-111] Finished Source Code Analysis and Preprocessing: CPU user time: 0 seconds. CPU system time: 1 seconds. Elapsed time: 4.08 seconds; current allocated memory: 153.551 MB.
INFO: [HLS 200-777] Using interface defaults for 'Vivado' flow target.
INFO: [HLS 200-1995] There were 409 instructions in the design after the 'Compile/Link' phase of compilation. See the Design Size Report for more details: E:/codes/microzed/fastvit_hls/add_ip/add_ip_proj/solution1/syn/report/csynth_design_size.rpt
INFO: [HLS 200-1995] There were 52 instructions in the design after the 'Unroll/Inline (step 1)' phase of compilation. See the Design Size Report for more details: E:/codes/microzed/fastvit_hls/add_ip/add_ip_proj/solution1/syn/report/csynth_design_size.rpt
INFO: [HLS 200-1995] There were 41 instructions in the design after the 'Unroll/Inline (step 2)' phase of compilation. See the Design Size Report for more details: E:/codes/microzed/fastvit_hls/add_ip/add_ip_proj/solution1/syn/report/csynth_design_size.rpt
INFO: [HLS 200-1995] There were 45 instructions in the design after the 'Unroll/Inline (step 3)' phase of compilation. See the Design Size Report for more details: E:/codes/microzed/fastvit_hls/add_ip/add_ip_proj/solution1/syn/report/csynth_design_size.rpt
INFO: [HLS 200-1995] There were 45 instructions in the design after the 'Unroll/Inline (step 4)' phase of compilation. See the Design Size Report for more details: E:/codes/microzed/fastvit_hls/add_ip/add_ip_proj/solution1/syn/report/csynth_design_size.rpt
INFO: [HLS 200-1995] There were 47 instructions in the design after the 'Array/Struct (step 1)' phase of compilation. See the Design Size Report for more details: E:/codes/microzed/fastvit_hls/add_ip/add_ip_proj/solution1/syn/report/csynth_design_size.rpt
INFO: [HLS 200-1995] There were 47 instructions in the design after the 'Array/Struct (step 2)' phase of compilation. See the Design Size Report for more details: E:/codes/microzed/fastvit_hls/add_ip/add_ip_proj/solution1/syn/report/csynth_design_size.rpt
INFO: [HLS 200-1995] There were 47 instructions in the design after the 'Array/Struct (step 3)' phase of compilation. See the Design Size Report for more details: E:/codes/microzed/fastvit_hls/add_ip/add_ip_proj/solution1/syn/report/csynth_design_size.rpt
INFO: [HLS 200-1995] There were 47 instructions in the design after the 'Array/Struct (step 4)' phase of compilation. See the Design Size Report for more details: E:/codes/microzed/fastvit_hls/add_ip/add_ip_proj/solution1/syn/report/csynth_design_size.rpt
INFO: [HLS 200-1995] There were 54 instructions in the design after the 'Array/Struct (step 5)' phase of compilation. See the Design Size Report for more details: E:/codes/microzed/fastvit_hls/add_ip/add_ip_proj/solution1/syn/report/csynth_design_size.rpt
INFO: [HLS 200-1995] There were 51 instructions in the design after the 'Performance (step 1)' phase of compilation. See the Design Size Report for more details: E:/codes/microzed/fastvit_hls/add_ip/add_ip_proj/solution1/syn/report/csynth_design_size.rpt
INFO: [HLS 200-1995] There were 51 instructions in the design after the 'Performance (step 2)' phase of compilation. See the Design Size Report for more details: E:/codes/microzed/fastvit_hls/add_ip/add_ip_proj/solution1/syn/report/csynth_design_size.rpt
INFO: [HLS 200-1995] There were 51 instructions in the design after the 'Performance (step 3)' phase of compilation. See the Design Size Report for more details: E:/codes/microzed/fastvit_hls/add_ip/add_ip_proj/solution1/syn/report/csynth_design_size.rpt
INFO: [HLS 200-1995] There were 51 instructions in the design after the 'Performance (step 4)' phase of compilation. See the Design Size Report for more details: E:/codes/microzed/fastvit_hls/add_ip/add_ip_proj/solution1/syn/report/csynth_design_size.rpt
INFO: [HLS 200-1995] There were 63 instructions in the design after the 'HW Transforms (step 1)' phase of compilation. See the Design Size Report for more details: E:/codes/microzed/fastvit_hls/add_ip/add_ip_proj/solution1/syn/report/csynth_design_size.rpt
INFO: [HLS 200-1995] There were 63 instructions in the design after the 'HW Transforms (step 2)' phase of compilation. See the Design Size Report for more details: E:/codes/microzed/fastvit_hls/add_ip/add_ip_proj/solution1/syn/report/csynth_design_size.rpt
INFO: [HLS 214-115] Multiple burst reads of variable length and bit width 8 in loop 'ADD_LOOP'(add_ip.cpp:39:5) has been inferred on bundle 'gmem0'. These burst requests might be further partitioned into multiple requests during RTL generation, based on max_read_burst_length or max_write_burst_length settings. (add_ip.cpp:39:5)
INFO: [HLS 214-115] Multiple burst reads of variable length and bit width 8 in loop 'ADD_LOOP'(add_ip.cpp:39:5) has been inferred on bundle 'gmem1'. These burst requests might be further partitioned into multiple requests during RTL generation, based on max_read_burst_length or max_write_burst_length settings. (add_ip.cpp:39:5)
INFO: [HLS 214-115] Multiple burst writes of variable length and bit width 8 in loop 'ADD_LOOP'(add_ip.cpp:39:5) has been inferred on bundle 'gmem2'. These burst requests might be further partitioned into multiple requests during RTL generation, based on max_read_burst_length or max_write_burst_length settings. (add_ip.cpp:39:5)
INFO: [HLS 200-111] Finished Compiling Optimization and Transform: CPU user time: 1 seconds. CPU system time: 0 seconds. Elapsed time: 8.41 seconds; current allocated memory: 155.570 MB.
INFO: [HLS 200-111] Finished Checking Pragmas: CPU user time: 0 seconds. CPU system time: 0 seconds. Elapsed time: 0.002 seconds; current allocated memory: 155.570 MB.
INFO: [HLS 200-10] Starting code transformations ...
INFO: [HLS 200-111] Finished Standard Transforms: CPU user time: 0 seconds. CPU system time: 0 seconds. Elapsed time: 0.038 seconds; current allocated memory: 159.875 MB.
INFO: [HLS 200-10] Checking synthesizability ...
INFO: [HLS 200-111] Finished Checking Synthesizability: CPU user time: 0 seconds. CPU system time: 0 seconds. Elapsed time: 0.026 seconds; current allocated memory: 161.184 MB.
INFO: [XFORM 203-401] Performing if-conversion on hyperblock from (add_ip.cpp:40:9) to (add_ip.cpp:39:5) in function 'add_ip'... converting 3 basic blocks.
INFO: [HLS 200-111] Finished Loop, function and other optimizations: CPU user time: 0 seconds. CPU system time: 0 seconds. Elapsed time: 0.047 seconds; current allocated memory: 181.930 MB.
INFO: [HLS 200-111] Finished Architecture Synthesis: CPU user time: 0 seconds. CPU system time: 0 seconds. Elapsed time: 0.044 seconds; current allocated memory: 184.926 MB.
INFO: [HLS 200-10] Starting hardware synthesis ...
INFO: [HLS 200-10] Synthesizing 'add_ip' ...
INFO: [HLS 200-10] ----------------------------------------------------------------
INFO: [HLS 200-42] -- Implementing module 'add_ip_Pipeline_ADD_LOOP' 
INFO: [HLS 200-10] ----------------------------------------------------------------
INFO: [SCHED 204-11] Starting scheduling ...
INFO: [SCHED 204-61] Pipelining loop 'ADD_LOOP'.
INFO: [HLS 200-1470] Pipelining result : Target II = 1, Final II = 1, Depth = 4, loop 'ADD_LOOP'
WARNING: [HLS 200-871] Estimated clock period (5.728 ns) exceeds the target (target clock period: 5.000 ns, clock uncertainty: 1.350 ns, effective delay budget: 3.650 ns).
WARNING: [HLS 200-1016] The critical path in module 'add_ip_Pipeline_ADD_LOOP' consists of the following:
	'store' operation 0 bit ('i_write_ln0') of constant 0 on local variable 'i' [16]  (1.588 ns)
	'load' operation 31 bit ('i_load', add_ip.cpp:39) on local variable 'i' [19]  (0.000 ns)
	'icmp' operation 1 bit ('icmp_ln39', add_ip.cpp:39) [24]  (2.552 ns)
	'store' operation 0 bit ('i_write_ln39', add_ip.cpp:39) of variable 'add_ln39', add_ip.cpp:39 on local variable 'i' [46]  (1.588 ns)

INFO: [SCHED 204-11] Finished scheduling.
INFO: [HLS 200-111] Finished Scheduling: CPU user time: 0 seconds. CPU system time: 0 seconds. Elapsed time: 0.277 seconds; current allocated memory: 188.484 MB.
INFO: [BIND 205-100] Starting micro-architecture generation ...
INFO: [BIND 205-101] Performing variable lifetime analysis.
INFO: [BIND 205-101] Exploring resource sharing.
INFO: [BIND 205-101] Binding ...
INFO: [BIND 205-100] Finished micro-architecture generation.
INFO: [HLS 200-111] Finished Binding: CPU user time: 0 seconds. CPU system time: 0 seconds. Elapsed time: 0.041 seconds; current allocated memory: 189.496 MB.
INFO: [HLS 200-10] ----------------------------------------------------------------
INFO: [HLS 200-42] -- Implementing module 'add_ip' 
INFO: [HLS 200-10] ----------------------------------------------------------------
INFO: [SCHED 204-11] Starting scheduling ...
WARNING: [HLS 200-871] Estimated clock period (4.140 ns) exceeds the target (target clock period: 5.000 ns, clock uncertainty: 1.350 ns, effective delay budget: 3.650 ns).
WARNING: [HLS 200-1016] The critical path in module 'add_ip' consists of the following:
	'call' operation 0 bit ('_ln36', add_ip.cpp:36) to 'add_ip_Pipeline_ADD_LOOP' [51]  (4.140 ns)

INFO: [SCHED 204-11] Finished scheduling.
INFO: [HLS 200-111] Finished Scheduling: CPU user time: 0 seconds. CPU system time: 0 seconds. Elapsed time: 0.072 seconds; current allocated memory: 189.594 MB.
INFO: [BIND 205-100] Starting micro-architecture generation ...
INFO: [BIND 205-101] Performing variable lifetime analysis.
INFO: [BIND 205-101] Exploring resource sharing.
INFO: [BIND 205-101] Binding ...
INFO: [BIND 205-100] Finished micro-architecture generation.
INFO: [HLS 200-111] Finished Binding: CPU user time: 0 seconds. CPU system time: 0 seconds. Elapsed time: 0.047 seconds; current allocated memory: 189.668 MB.
INFO: [HLS 200-10] ----------------------------------------------------------------
INFO: [HLS 200-10] -- Generating RTL for module 'add_ip_Pipeline_ADD_LOOP' 
INFO: [HLS 200-10] ----------------------------------------------------------------
INFO: [HLS 200-1030] Apply Unified Pipeline Control on module 'add_ip_Pipeline_ADD_LOOP' pipeline 'ADD_LOOP' pipeline type 'loop pipeline'
WARNING: [RTGEN 206-101] Setting dangling out port 'add_ip_Pipeline_ADD_LOOP/m_axi_gmem0_0_ARVALID' to 0.
WARNING: [RTGEN 206-101] Setting dangling out port 'add_ip_Pipeline_ADD_LOOP/m_axi_gmem0_0_ARADDR' to 0.
WARNING: [RTGEN 206-101] Setting dangling out port 'add_ip_Pipeline_ADD_LOOP/m_axi_gmem0_0_ARID' to 0.
WARNING: [RTGEN 206-101] Setting dangling out port 'add_ip_Pipeline_ADD_LOOP/m_axi_gmem0_0_ARLEN' to 0.
WARNING: [RTGEN 206-101] Setting dangling out port 'add_ip_Pipeline_ADD_LOOP/m_axi_gmem0_0_ARSIZE' to 0.
WARNING: [RTGEN 206-101] Setting dangling out port 'add_ip_Pipeline_ADD_LOOP/m_axi_gmem0_0_ARBURST' to 0.
WARNING: [RTGEN 206-101] Setting dangling out port 'add_ip_Pipeline_ADD_LOOP/m_axi_gmem0_0_ARLOCK' to 0.
WARNING: [RTGEN 206-101] Setting dangling out port 'add_ip_Pipeline_ADD_LOOP/m_axi_gmem0_0_ARCACHE' to 0.
WARNING: [RTGEN 206-101] Setting dangling out port 'add_ip_Pipeline_ADD_LOOP/m_axi_gmem0_0_ARPROT' to 0.
WARNING: [RTGEN 206-101] Setting dangling out port 'add_ip_Pipeline_ADD_LOOP/m_axi_gmem0_0_ARQOS' to 0.
WARNING: [RTGEN 206-101] Setting dangling out port 'add_ip_Pipeline_ADD_LOOP/m_axi_gmem0_0_ARREGION' to 0.
WARNING: [RTGEN 206-101] Setting dangling out port 'add_ip_Pipeline_ADD_LOOP/m_axi_gmem0_0_ARUSER' to 0.
WARNING: [RTGEN 206-101] Setting dangling out port 'add_ip_Pipeline_ADD_LOOP/m_axi_gmem1_0_ARVALID' to 0.
WARNING: [RTGEN 206-101] Setting dangling out port 'add_ip_Pipeline_ADD_LOOP/m_axi_gmem1_0_ARADDR' to 0.
WARNING: [RTGEN 206-101] Setting dangling out port 'add_ip_Pipeline_ADD_LOOP/m_axi_gmem1_0_ARID' to 0.
WARNING: [RTGEN 206-101] Setting dangling out port 'add_ip_Pipeline_ADD_LOOP/m_axi_gmem1_0_ARLEN' to 0.
WARNING: [RTGEN 206-101] Setting dangling out port 'add_ip_Pipeline_ADD_LOOP/m_axi_gmem1_0_ARSIZE' to 0.
WARNING: [RTGEN 206-101] Setting dangling out port 'add_ip_Pipeline_ADD_LOOP/m_axi_gmem1_0_ARBURST' to 0.
WARNING: [RTGEN 206-101] Setting dangling out port 'add_ip_Pipeline_ADD_LOOP/m_axi_gmem1_0_ARLOCK' to 0.
WARNING: [RTGEN 206-101] Setting dangling out port 'add_ip_Pipeline_ADD_LOOP/m_axi_gmem1_0_ARCACHE' to 0.
WARNING: [RTGEN 206-101] Setting dangling out port 'add_ip_Pipeline_ADD_LOOP/m_axi_gmem1_0_ARPROT' to 0.
WARNING: [RTGEN 206-101] Setting dangling out port 'add_ip_Pipeline_ADD_LOOP/m_axi_gmem1_0_ARQOS' to 0.
WARNING: [RTGEN 206-101] Setting dangling out port 'add_ip_Pipeline_ADD_LOOP/m_axi_gmem1_0_ARREGION' to 0.
WARNING: [RTGEN 206-101] Setting dangling out port 'add_ip_Pipeline_ADD_LOOP/m_axi_gmem1_0_ARUSER' to 0.
WARNING: [RTGEN 206-101] Setting dangling out port 'add_ip_Pipeline_ADD_LOOP/m_axi_gmem2_0_AWVALID' to 0.
WARNING: [RTGEN 206-101] Setting dangling out port 'add_ip_Pipeline_ADD_LOOP/m_axi_gmem2_0_AWADDR' to 0.
WARNING: [RTGEN 206-101] Setting dangling out port 'add_ip_Pipeline_ADD_LOOP/m_axi_gmem2_0_AWID' to 0.
WARNING: [RTGEN 206-101] Setting dangling out port 'add_ip_Pipeline_ADD_LOOP/m_axi_gmem2_0_AWLEN' to 0.
WARNING: [RTGEN 206-101] Setting dangling out port 'add_ip_Pipeline_ADD_LOOP/m_axi_gmem2_0_AWSIZE' to 0.
WARNING: [RTGEN 206-101] Setting dangling out port 'add_ip_Pipeline_ADD_LOOP/m_axi_gmem2_0_AWBURST' to 0.
WARNING: [RTGEN 206-101] Setting dangling out port 'add_ip_Pipeline_ADD_LOOP/m_axi_gmem2_0_AWLOCK' to 0.
WARNING: [RTGEN 206-101] Setting dangling out port 'add_ip_Pipeline_ADD_LOOP/m_axi_gmem2_0_AWCACHE' to 0.
WARNING: [RTGEN 206-101] Setting dangling out port 'add_ip_Pipeline_ADD_LOOP/m_axi_gmem2_0_AWPROT' to 0.
WARNING: [RTGEN 206-101] Setting dangling out port 'add_ip_Pipeline_ADD_LOOP/m_axi_gmem2_0_AWQOS' to 0.
WARNING: [RTGEN 206-101] Setting dangling out port 'add_ip_Pipeline_ADD_LOOP/m_axi_gmem2_0_AWREGION' to 0.
WARNING: [RTGEN 206-101] Setting dangling out port 'add_ip_Pipeline_ADD_LOOP/m_axi_gmem2_0_AWUSER' to 0.
WARNING: [RTGEN 206-101] Setting dangling out port 'add_ip_Pipeline_ADD_LOOP/m_axi_gmem2_0_BREADY' to 0.
INFO: [RTGEN 206-100] Finished creating RTL model for 'add_ip_Pipeline_ADD_LOOP'.
INFO: [HLS 200-111] Finished Creating RTL model: CPU user time: 0 seconds. CPU system time: 0 seconds. Elapsed time: 0.406 seconds; current allocated memory: 191.391 MB.
INFO: [HLS 200-10] ----------------------------------------------------------------
INFO: [HLS 200-10] -- Generating RTL for module 'add_ip' 
INFO: [HLS 200-10] ----------------------------------------------------------------
WARNING: [RTGEN 206-101] Design contains AXI ports. Reset is fixed to synchronous and active low.
INFO: [RTGEN 206-500] Setting interface mode on port 'add_ip/gmem0' to 'm_axi'.
INFO: [RTGEN 206-500] Setting interface mode on port 'add_ip/gmem1' to 'm_axi'.
INFO: [RTGEN 206-500] Setting interface mode on port 'add_ip/gmem2' to 'm_axi'.
INFO: [RTGEN 206-500] Setting interface mode on port 'add_ip/feat_in1' to 's_axilite & ap_none'.
INFO: [RTGEN 206-500] Setting interface mode on port 'add_ip/feat_in2' to 's_axilite & ap_none'.
INFO: [RTGEN 206-500] Setting interface mode on port 'add_ip/feat_out' to 's_axilite & ap_none'.
INFO: [RTGEN 206-500] Setting interface mode on port 'add_ip/CH' to 's_axilite & ap_none'.
INFO: [RTGEN 206-500] Setting interface mode on port 'add_ip/H' to 's_axilite & ap_none'.
INFO: [RTGEN 206-500] Setting interface mode on port 'add_ip/W' to 's_axilite & ap_none'.
INFO: [RTGEN 206-500] Setting interface mode on function 'add_ip' to 's_axilite & ap_ctrl_hs'.
INFO: [RTGEN 206-100] Bundling port 'feat_in1', 'feat_in2' and 'feat_out' to AXI-Lite port control.
INFO: [RTGEN 206-100] Bundling port 'CH', 'H', 'W' and 'return' to AXI-Lite port ctrl.
INFO: [RTGEN 206-100] Generating core module 'mul_32s_32s_32_5_1': 2 instance(s).
INFO: [RTGEN 206-100] Finished creating RTL model for 'add_ip'.
INFO: [HLS 200-111] Finished Creating RTL model: CPU user time: 0 seconds. CPU system time: 0 seconds. Elapsed time: 0.267 seconds; current allocated memory: 195.660 MB.
INFO: [HLS 200-111] Finished Generating all RTL models: CPU user time: 0 seconds. CPU system time: 0 seconds. Elapsed time: 0.514 seconds; current allocated memory: 198.969 MB.
INFO: [HLS 200-1603] Design has inferred MAXI bursts and missed bursts, see Vitis HLS GUI synthesis summary report for detailed information.
INFO: [HLS 200-111] Finished Updating report files: CPU user time: 1 seconds. CPU system time: 0 seconds. Elapsed time: 0.859 seconds; current allocated memory: 205.816 MB.
INFO: [VHDL 208-304] Generating VHDL RTL for add_ip.
INFO: [VLOG 209-307] Generating Verilog RTL for add_ip.
INFO: [HLS 200-790] **** Loop Constraint Status: All loop constraints were satisfied.
INFO: [HLS 200-789] **** Estimated Fmax: 174.58 MHz
INFO: [HLS 200-2161] Finished Command csynth_design Elapsed time: 00:00:15; Allocated memory: 54.977 MB.
==============================================================
Vitis HLS - High-Level Synthesis from C, C++ and OpenCL v2024.2 (64-bit)
Tool Version Limit: 2024.11
Copyright 1986-2022 Xilinx, Inc. All Rights Reserved.
Copyright 2022-2024 Advanced Micro Devices, Inc. All Rights Reserved.

==============================================================
INFO: [SYN 201-201] Setting up clock 'default' with a period of 5ns.
INFO: [HLS 200-1611] Setting target device to 'xc7z020-clg400-1'
INFO: [HLS 200-1505] Using flow_target 'vivado'
INFO: [HLS 200-1464] Running solution command: config_compile -complex-mul-dsp=0
INFO: [HLS 200-1464] Running solution command: config_compile -name_max_length=256
INFO: [XFORM 203-1161] The maximum of name length is set to 259.
INFO: [HLS 200-1464] Running solution command: config_rtl -reset=control
INFO: [HLS 200-1510] Running: set_part xc7z020clg400-1 
INFO: [XFORM 203-1161] The maximum of name length is set to 259.
INFO: [HLS 200-1510] Running: create_clock -period 7 -name default 
INFO: [SYN 201-201] Setting up clock 'default' with a period of 7ns.
INFO: [HLS 200-1510] Running: csynth_design 
INFO: [HLS 200-111] Finished File checks and directory preparation: CPU user time: 0 seconds. CPU system time: 0 seconds. Elapsed time: 0.105 seconds; current allocated memory: 209.539 MB.
INFO: [HLS 200-10] Analyzing design file 'add_ip.cpp' ... 
INFO: [HLS 200-111] Finished Source Code Analysis and Preprocessing: CPU user time: 0 seconds. CPU system time: 0 seconds. Elapsed time: 3.508 seconds; current allocated memory: 211.305 MB.
INFO: [HLS 200-777] Using interface defaults for 'Vivado' flow target.
INFO: [HLS 200-1995] There were 409 instructions in the design after the 'Compile/Link' phase of compilation. See the Design Size Report for more details: E:/codes/microzed/fastvit_hls/add_ip/add_ip_proj/solution1/syn/report/csynth_design_size.rpt
INFO: [HLS 200-1995] There were 52 instructions in the design after the 'Unroll/Inline (step 1)' phase of compilation. See the Design Size Report for more details: E:/codes/microzed/fastvit_hls/add_ip/add_ip_proj/solution1/syn/report/csynth_design_size.rpt
INFO: [HLS 200-1995] There were 41 instructions in the design after the 'Unroll/Inline (step 2)' phase of compilation. See the Design Size Report for more details: E:/codes/microzed/fastvit_hls/add_ip/add_ip_proj/solution1/syn/report/csynth_design_size.rpt
INFO: [HLS 200-1995] There were 45 instructions in the design after the 'Unroll/Inline (step 3)' phase of compilation. See the Design Size Report for more details: E:/codes/microzed/fastvit_hls/add_ip/add_ip_proj/solution1/syn/report/csynth_design_size.rpt
INFO: [HLS 200-1995] There were 45 instructions in the design after the 'Unroll/Inline (step 4)' phase of compilation. See the Design Size Report for more details: E:/codes/microzed/fastvit_hls/add_ip/add_ip_proj/solution1/syn/report/csynth_design_size.rpt
INFO: [HLS 200-1995] There were 47 instructions in the design after the 'Array/Struct (step 1)' phase of compilation. See the Design Size Report for more details: E:/codes/microzed/fastvit_hls/add_ip/add_ip_proj/solution1/syn/report/csynth_design_size.rpt
INFO: [HLS 200-1995] There were 47 instructions in the design after the 'Array/Struct (step 2)' phase of compilation. See the Design Size Report for more details: E:/codes/microzed/fastvit_hls/add_ip/add_ip_proj/solution1/syn/report/csynth_design_size.rpt
INFO: [HLS 200-1995] There were 47 instructions in the design after the 'Array/Struct (step 3)' phase of compilation. See the Design Size Report for more details: E:/codes/microzed/fastvit_hls/add_ip/add_ip_proj/solution1/syn/report/csynth_design_size.rpt
INFO: [HLS 200-1995] There were 47 instructions in the design after the 'Array/Struct (step 4)' phase of compilation. See the Design Size Report for more details: E:/codes/microzed/fastvit_hls/add_ip/add_ip_proj/solution1/syn/report/csynth_design_size.rpt
INFO: [HLS 200-1995] There were 54 instructions in the design after the 'Array/Struct (step 5)' phase of compilation. See the Design Size Report for more details: E:/codes/microzed/fastvit_hls/add_ip/add_ip_proj/solution1/syn/report/csynth_design_size.rpt
INFO: [HLS 200-1995] There were 51 instructions in the design after the 'Performance (step 1)' phase of compilation. See the Design Size Report for more details: E:/codes/microzed/fastvit_hls/add_ip/add_ip_proj/solution1/syn/report/csynth_design_size.rpt
INFO: [HLS 200-1995] There were 51 instructions in the design after the 'Performance (step 2)' phase of compilation. See the Design Size Report for more details: E:/codes/microzed/fastvit_hls/add_ip/add_ip_proj/solution1/syn/report/csynth_design_size.rpt
INFO: [HLS 200-1995] There were 51 instructions in the design after the 'Performance (step 3)' phase of compilation. See the Design Size Report for more details: E:/codes/microzed/fastvit_hls/add_ip/add_ip_proj/solution1/syn/report/csynth_design_size.rpt
INFO: [HLS 200-1995] There were 51 instructions in the design after the 'Performance (step 4)' phase of compilation. See the Design Size Report for more details: E:/codes/microzed/fastvit_hls/add_ip/add_ip_proj/solution1/syn/report/csynth_design_size.rpt
INFO: [HLS 200-1995] There were 63 instructions in the design after the 'HW Transforms (step 1)' phase of compilation. See the Design Size Report for more details: E:/codes/microzed/fastvit_hls/add_ip/add_ip_proj/solution1/syn/report/csynth_design_size.rpt
INFO: [HLS 200-1995] There were 63 instructions in the design after the 'HW Transforms (step 2)' phase of compilation. See the Design Size Report for more details: E:/codes/microzed/fastvit_hls/add_ip/add_ip_proj/solution1/syn/report/csynth_design_size.rpt
INFO: [HLS 214-115] Multiple burst reads of variable length and bit width 8 in loop 'ADD_LOOP'(add_ip.cpp:39:5) has been inferred on bundle 'gmem0'. These burst requests might be further partitioned into multiple requests during RTL generation, based on max_read_burst_length or max_write_burst_length settings. (add_ip.cpp:39:5)
INFO: [HLS 214-115] Multiple burst reads of variable length and bit width 8 in loop 'ADD_LOOP'(add_ip.cpp:39:5) has been inferred on bundle 'gmem1'. These burst requests might be further partitioned into multiple requests during RTL generation, based on max_read_burst_length or max_write_burst_length settings. (add_ip.cpp:39:5)
INFO: [HLS 214-115] Multiple burst writes of variable length and bit width 8 in loop 'ADD_LOOP'(add_ip.cpp:39:5) has been inferred on bundle 'gmem2'. These burst requests might be further partitioned into multiple requests during RTL generation, based on max_read_burst_length or max_write_burst_length settings. (add_ip.cpp:39:5)
INFO: [HLS 200-111] Finished Compiling Optimization and Transform: CPU user time: 0 seconds. CPU system time: 0 seconds. Elapsed time: 8.751 seconds; current allocated memory: 212.738 MB.
INFO: [HLS 200-111] Finished Checking Pragmas: CPU user time: 0 seconds. CPU system time: 0 seconds. Elapsed time: 0.001 seconds; current allocated memory: 212.738 MB.
INFO: [HLS 200-10] Starting code transformations ...
INFO: [HLS 200-111] Finished Standard Transforms: CPU user time: 0 seconds. CPU system time: 0 seconds. Elapsed time: 0.031 seconds; current allocated memory: 217.004 MB.
INFO: [HLS 200-10] Checking synthesizability ...
INFO: [HLS 200-111] Finished Checking Synthesizability: CPU user time: 0 seconds. CPU system time: 0 seconds. Elapsed time: 0.031 seconds; current allocated memory: 218.398 MB.
INFO: [XFORM 203-401] Performing if-conversion on hyperblock from (add_ip.cpp:40:9) to (add_ip.cpp:39:5) in function 'add_ip'... converting 3 basic blocks.
INFO: [HLS 200-111] Finished Loop, function and other optimizations: CPU user time: 0 seconds. CPU system time: 0 seconds. Elapsed time: 0.053 seconds; current allocated memory: 238.520 MB.
INFO: [HLS 200-111] Finished Architecture Synthesis: CPU user time: 0 seconds. CPU system time: 0 seconds. Elapsed time: 0.041 seconds; current allocated memory: 241.520 MB.
INFO: [HLS 200-10] Starting hardware synthesis ...
INFO: [HLS 200-10] Synthesizing 'add_ip' ...
INFO: [HLS 200-10] ----------------------------------------------------------------
INFO: [HLS 200-42] -- Implementing module 'add_ip_Pipeline_ADD_LOOP' 
INFO: [HLS 200-10] ----------------------------------------------------------------
INFO: [SCHED 204-11] Starting scheduling ...
INFO: [SCHED 204-61] Pipelining loop 'ADD_LOOP'.
INFO: [HLS 200-1470] Pipelining result : Target II = 1, Final II = 1, Depth = 4, loop 'ADD_LOOP'
WARNING: [HLS 200-871] Estimated clock period (5.728 ns) exceeds the target (target clock period: 7.000 ns, clock uncertainty: 1.890 ns, effective delay budget: 5.110 ns).
WARNING: [HLS 200-1016] The critical path in module 'add_ip_Pipeline_ADD_LOOP' consists of the following:
	'store' operation 0 bit ('i_write_ln0') of constant 0 on local variable 'i' [16]  (1.588 ns)
	'load' operation 31 bit ('i_load', add_ip.cpp:39) on local variable 'i' [19]  (0.000 ns)
	'icmp' operation 1 bit ('icmp_ln39', add_ip.cpp:39) [24]  (2.552 ns)
	'store' operation 0 bit ('i_write_ln39', add_ip.cpp:39) of variable 'add_ln39', add_ip.cpp:39 on local variable 'i' [46]  (1.588 ns)

INFO: [SCHED 204-11] Finished scheduling.
INFO: [HLS 200-111] Finished Scheduling: CPU user time: 0 seconds. CPU system time: 0 seconds. Elapsed time: 0.208 seconds; current allocated memory: 245.121 MB.
INFO: [BIND 205-100] Starting micro-architecture generation ...
INFO: [BIND 205-101] Performing variable lifetime analysis.
INFO: [BIND 205-101] Exploring resource sharing.
INFO: [BIND 205-101] Binding ...
INFO: [BIND 205-100] Finished micro-architecture generation.
INFO: [HLS 200-111] Finished Binding: CPU user time: 0 seconds. CPU system time: 0 seconds. Elapsed time: 0.04 seconds; current allocated memory: 246.137 MB.
INFO: [HLS 200-10] ----------------------------------------------------------------
INFO: [HLS 200-42] -- Implementing module 'add_ip' 
INFO: [HLS 200-10] ----------------------------------------------------------------
INFO: [SCHED 204-11] Starting scheduling ...
INFO: [SCHED 204-11] Finished scheduling.
INFO: [HLS 200-111] Finished Scheduling: CPU user time: 0 seconds. CPU system time: 0 seconds. Elapsed time: 0.046 seconds; current allocated memory: 246.238 MB.
INFO: [BIND 205-100] Starting micro-architecture generation ...
INFO: [BIND 205-101] Performing variable lifetime analysis.
INFO: [BIND 205-101] Exploring resource sharing.
INFO: [BIND 205-101] Binding ...
INFO: [BIND 205-100] Finished micro-architecture generation.
INFO: [HLS 200-111] Finished Binding: CPU user time: 0 seconds. CPU system time: 0 seconds. Elapsed time: 0.042 seconds; current allocated memory: 246.309 MB.
INFO: [HLS 200-10] ----------------------------------------------------------------
INFO: [HLS 200-10] -- Generating RTL for module 'add_ip_Pipeline_ADD_LOOP' 
INFO: [HLS 200-10] ----------------------------------------------------------------
INFO: [HLS 200-1030] Apply Unified Pipeline Control on module 'add_ip_Pipeline_ADD_LOOP' pipeline 'ADD_LOOP' pipeline type 'loop pipeline'
WARNING: [RTGEN 206-101] Setting dangling out port 'add_ip_Pipeline_ADD_LOOP/m_axi_gmem0_0_ARVALID' to 0.
WARNING: [RTGEN 206-101] Setting dangling out port 'add_ip_Pipeline_ADD_LOOP/m_axi_gmem0_0_ARADDR' to 0.
WARNING: [RTGEN 206-101] Setting dangling out port 'add_ip_Pipeline_ADD_LOOP/m_axi_gmem0_0_ARID' to 0.
WARNING: [RTGEN 206-101] Setting dangling out port 'add_ip_Pipeline_ADD_LOOP/m_axi_gmem0_0_ARLEN' to 0.
WARNING: [RTGEN 206-101] Setting dangling out port 'add_ip_Pipeline_ADD_LOOP/m_axi_gmem0_0_ARSIZE' to 0.
WARNING: [RTGEN 206-101] Setting dangling out port 'add_ip_Pipeline_ADD_LOOP/m_axi_gmem0_0_ARBURST' to 0.
WARNING: [RTGEN 206-101] Setting dangling out port 'add_ip_Pipeline_ADD_LOOP/m_axi_gmem0_0_ARLOCK' to 0.
WARNING: [RTGEN 206-101] Setting dangling out port 'add_ip_Pipeline_ADD_LOOP/m_axi_gmem0_0_ARCACHE' to 0.
WARNING: [RTGEN 206-101] Setting dangling out port 'add_ip_Pipeline_ADD_LOOP/m_axi_gmem0_0_ARPROT' to 0.
WARNING: [RTGEN 206-101] Setting dangling out port 'add_ip_Pipeline_ADD_LOOP/m_axi_gmem0_0_ARQOS' to 0.
WARNING: [RTGEN 206-101] Setting dangling out port 'add_ip_Pipeline_ADD_LOOP/m_axi_gmem0_0_ARREGION' to 0.
WARNING: [RTGEN 206-101] Setting dangling out port 'add_ip_Pipeline_ADD_LOOP/m_axi_gmem0_0_ARUSER' to 0.
WARNING: [RTGEN 206-101] Setting dangling out port 'add_ip_Pipeline_ADD_LOOP/m_axi_gmem1_0_ARVALID' to 0.
WARNING: [RTGEN 206-101] Setting dangling out port 'add_ip_Pipeline_ADD_LOOP/m_axi_gmem1_0_ARADDR' to 0.
WARNING: [RTGEN 206-101] Setting dangling out port 'add_ip_Pipeline_ADD_LOOP/m_axi_gmem1_0_ARID' to 0.
WARNING: [RTGEN 206-101] Setting dangling out port 'add_ip_Pipeline_ADD_LOOP/m_axi_gmem1_0_ARLEN' to 0.
WARNING: [RTGEN 206-101] Setting dangling out port 'add_ip_Pipeline_ADD_LOOP/m_axi_gmem1_0_ARSIZE' to 0.
WARNING: [RTGEN 206-101] Setting dangling out port 'add_ip_Pipeline_ADD_LOOP/m_axi_gmem1_0_ARBURST' to 0.
WARNING: [RTGEN 206-101] Setting dangling out port 'add_ip_Pipeline_ADD_LOOP/m_axi_gmem1_0_ARLOCK' to 0.
WARNING: [RTGEN 206-101] Setting dangling out port 'add_ip_Pipeline_ADD_LOOP/m_axi_gmem1_0_ARCACHE' to 0.
WARNING: [RTGEN 206-101] Setting dangling out port 'add_ip_Pipeline_ADD_LOOP/m_axi_gmem1_0_ARPROT' to 0.
WARNING: [RTGEN 206-101] Setting dangling out port 'add_ip_Pipeline_ADD_LOOP/m_axi_gmem1_0_ARQOS' to 0.
WARNING: [RTGEN 206-101] Setting dangling out port 'add_ip_Pipeline_ADD_LOOP/m_axi_gmem1_0_ARREGION' to 0.
WARNING: [RTGEN 206-101] Setting dangling out port 'add_ip_Pipeline_ADD_LOOP/m_axi_gmem1_0_ARUSER' to 0.
WARNING: [RTGEN 206-101] Setting dangling out port 'add_ip_Pipeline_ADD_LOOP/m_axi_gmem2_0_AWVALID' to 0.
WARNING: [RTGEN 206-101] Setting dangling out port 'add_ip_Pipeline_ADD_LOOP/m_axi_gmem2_0_AWADDR' to 0.
WARNING: [RTGEN 206-101] Setting dangling out port 'add_ip_Pipeline_ADD_LOOP/m_axi_gmem2_0_AWID' to 0.
WARNING: [RTGEN 206-101] Setting dangling out port 'add_ip_Pipeline_ADD_LOOP/m_axi_gmem2_0_AWLEN' to 0.
WARNING: [RTGEN 206-101] Setting dangling out port 'add_ip_Pipeline_ADD_LOOP/m_axi_gmem2_0_AWSIZE' to 0.
WARNING: [RTGEN 206-101] Setting dangling out port 'add_ip_Pipeline_ADD_LOOP/m_axi_gmem2_0_AWBURST' to 0.
WARNING: [RTGEN 206-101] Setting dangling out port 'add_ip_Pipeline_ADD_LOOP/m_axi_gmem2_0_AWLOCK' to 0.
WARNING: [RTGEN 206-101] Setting dangling out port 'add_ip_Pipeline_ADD_LOOP/m_axi_gmem2_0_AWCACHE' to 0.
WARNING: [RTGEN 206-101] Setting dangling out port 'add_ip_Pipeline_ADD_LOOP/m_axi_gmem2_0_AWPROT' to 0.
WARNING: [RTGEN 206-101] Setting dangling out port 'add_ip_Pipeline_ADD_LOOP/m_axi_gmem2_0_AWQOS' to 0.
WARNING: [RTGEN 206-101] Setting dangling out port 'add_ip_Pipeline_ADD_LOOP/m_axi_gmem2_0_AWREGION' to 0.
WARNING: [RTGEN 206-101] Setting dangling out port 'add_ip_Pipeline_ADD_LOOP/m_axi_gmem2_0_AWUSER' to 0.
WARNING: [RTGEN 206-101] Setting dangling out port 'add_ip_Pipeline_ADD_LOOP/m_axi_gmem2_0_BREADY' to 0.
INFO: [RTGEN 206-100] Finished creating RTL model for 'add_ip_Pipeline_ADD_LOOP'.
INFO: [HLS 200-111] Finished Creating RTL model: CPU user time: 0 seconds. CPU system time: 0 seconds. Elapsed time: 0.289 seconds; current allocated memory: 247.824 MB.
INFO: [HLS 200-10] ----------------------------------------------------------------
INFO: [HLS 200-10] -- Generating RTL for module 'add_ip' 
INFO: [HLS 200-10] ----------------------------------------------------------------
WARNING: [RTGEN 206-101] Design contains AXI ports. Reset is fixed to synchronous and active low.
INFO: [RTGEN 206-500] Setting interface mode on port 'add_ip/gmem0' to 'm_axi'.
INFO: [RTGEN 206-500] Setting interface mode on port 'add_ip/gmem1' to 'm_axi'.
INFO: [RTGEN 206-500] Setting interface mode on port 'add_ip/gmem2' to 'm_axi'.
INFO: [RTGEN 206-500] Setting interface mode on port 'add_ip/feat_in1' to 's_axilite & ap_none'.
INFO: [RTGEN 206-500] Setting interface mode on port 'add_ip/feat_in2' to 's_axilite & ap_none'.
INFO: [RTGEN 206-500] Setting interface mode on port 'add_ip/feat_out' to 's_axilite & ap_none'.
INFO: [RTGEN 206-500] Setting interface mode on port 'add_ip/CH' to 's_axilite & ap_none'.
INFO: [RTGEN 206-500] Setting interface mode on port 'add_ip/H' to 's_axilite & ap_none'.
INFO: [RTGEN 206-500] Setting interface mode on port 'add_ip/W' to 's_axilite & ap_none'.
INFO: [RTGEN 206-500] Setting interface mode on function 'add_ip' to 's_axilite & ap_ctrl_hs'.
INFO: [RTGEN 206-100] Bundling port 'feat_in1', 'feat_in2' and 'feat_out' to AXI-Lite port control.
INFO: [RTGEN 206-100] Bundling port 'CH', 'H', 'W' and 'return' to AXI-Lite port ctrl.
INFO: [RTGEN 206-100] Generating core module 'mul_32s_32s_32_5_1': 2 instance(s).
INFO: [RTGEN 206-100] Finished creating RTL model for 'add_ip'.
INFO: [HLS 200-111] Finished Creating RTL model: CPU user time: 1 seconds. CPU system time: 0 seconds. Elapsed time: 0.231 seconds; current allocated memory: 252.258 MB.
INFO: [HLS 200-111] Finished Generating all RTL models: CPU user time: 0 seconds. CPU system time: 0 seconds. Elapsed time: 0.42 seconds; current allocated memory: 256.332 MB.
INFO: [HLS 200-1603] Design has inferred MAXI bursts and missed bursts, see Vitis HLS GUI synthesis summary report for detailed information.
INFO: [HLS 200-111] Finished Updating report files: CPU user time: 0 seconds. CPU system time: 0 seconds. Elapsed time: 0.77 seconds; current allocated memory: 263.000 MB.
INFO: [VHDL 208-304] Generating VHDL RTL for add_ip.
INFO: [VLOG 209-307] Generating Verilog RTL for add_ip.
INFO: [HLS 200-790] **** Loop Constraint Status: All loop constraints were satisfied.
INFO: [HLS 200-789] **** Estimated Fmax: 174.58 MHz
INFO: [HLS 200-2161] Finished Command csynth_design Elapsed time: 00:00:14; Allocated memory: 53.586 MB.
INFO: [HLS 200-1510] Running: export_design -format ip_catalog -display_name FastVIT_Add_IP -description Element-wise Add -vendor user.org -version 1.0 
INFO: [IMPL 213-8] Exporting RTL as a Vivado IP.
INFO: [HLS 200-802] Generated output file add_ip_proj/solution1/impl/export.zip
INFO: [HLS 200-2161] Finished Command export_design Elapsed time: 00:00:08; Allocated memory: 4.898 MB.
INFO: [HLS 200-1510] Running: close_project 
