

================================================================
== Vitis HLS Report for 'avgpool_add_kernel_Pipeline_VITIS_LOOP_196_3'
================================================================
* Date:           Thu Mar 26 10:29:35 2026

* Version:        2024.2 (Build 5238294 on Nov  8 2024)
* Project:        pool_add_ip_proj
* Solution:       solution1 (Vivado IP Flow Target)
* Product family: zynq
* Target device:  xc7z020-clg400-1


================================================================
== Performance Estimates
================================================================
+ Timing: 
    * Summary: 
    +--------+----------+----------+------------+
    |  Clock |  Target  | Estimated| Uncertainty|
    +--------+----------+----------+------------+
    |ap_clk  |  10.00 ns|  5.560 ns|     2.70 ns|
    +--------+----------+----------+------------+

+ Latency: 
    * Summary: 
    +---------+---------+-----------+-----------+-----+-----+------------------------------------------------+
    |  Latency (cycles) |   Latency (absolute)  |  Interval |                    Pipeline                    |
    |   min   |   max   |    min    |    max    | min | max |                      Type                      |
    +---------+---------+-----------+-----------+-----+-----+------------------------------------------------+
    |        6|        6|  60.000 ns|  60.000 ns|    5|    5|  loop auto-rewind stp (delay=0 clock cycles(s))|
    +---------+---------+-----------+-----------+-----+-----+------------------------------------------------+

    + Detail: 
        * Instance: 
        N/A

        * Loop: 
        +--------------------+---------+---------+----------+-----------+-----------+------+----------+
        |                    |  Latency (cycles) | Iteration|  Initiation Interval  | Trip |          |
        |      Loop Name     |   min   |   max   |  Latency |  achieved |   target  | Count| Pipelined|
        +--------------------+---------+---------+----------+-----------+-----------+------+----------+
        |- VITIS_LOOP_196_3  |        4|        4|         1|          1|          1|     4|       yes|
        +--------------------+---------+---------+----------+-----------+-----------+------+----------+



================================================================
== Utilization Estimates
================================================================
* Summary: 
+-----------------+---------+-----+--------+-------+-----+
|       Name      | BRAM_18K| DSP |   FF   |  LUT  | URAM|
+-----------------+---------+-----+--------+-------+-----+
|DSP              |        -|    -|       -|      -|    -|
|Expression       |        -|    -|       0|     24|    -|
|FIFO             |        -|    -|       -|      -|    -|
|Instance         |        -|    -|       -|      -|    -|
|Memory           |        -|    -|       -|      -|    -|
|Multiplexer      |        -|    -|       0|     27|    -|
|Register         |        -|    -|       5|      -|    -|
+-----------------+---------+-----+--------+-------+-----+
|Total            |        0|    0|       5|     51|    0|
+-----------------+---------+-----+--------+-------+-----+
|Available        |      280|  220|  106400|  53200|    0|
+-----------------+---------+-----+--------+-------+-----+
|Utilization (%)  |        0|    0|      ~0|     ~0|    0|
+-----------------+---------+-----+--------+-------+-----+

+ Detail: 
    * Instance: 
    N/A

    * DSP: 
    N/A

    * Memory: 
    N/A

    * FIFO: 
    N/A

    * Expression: 
    +----------------------+----------+----+---+----+------------+------------+
    |     Variable Name    | Operation| DSP| FF| LUT| Bitwidth P0| Bitwidth P1|
    +----------------------+----------+----+---+----+------------+------------+
    |add_ln196_fu_106_p2   |         +|   0|  0|  11|           3|           1|
    |icmp_ln196_fu_100_p2  |      icmp|   0|  0|  13|           3|           4|
    +----------------------+----------+----+---+----+------------+------------+
    |Total                 |          |   0|  0|  24|           6|           5|
    +----------------------+----------+----+---+----+------------+------------+

    * Multiplexer: 
    +----------------------+----+-----------+-----+-----------+
    |         Name         | LUT| Input Size| Bits| Total Bits|
    +----------------------+----+-----------+-----+-----------+
    |ap_done_int           |   9|          2|    1|          2|
    |ap_sig_allocacmp_r_2  |   9|          2|    3|          6|
    |r_fu_32               |   9|          2|    3|          6|
    +----------------------+----+-----------+-----+-----------+
    |Total                 |  27|          6|    7|         14|
    +----------------------+----+-----------+-----+-----------+

    * Register: 
    +-------------+---+----+-----+-----------+
    |     Name    | FF| LUT| Bits| Const Bits|
    +-------------+---+----+-----+-----------+
    |ap_CS_fsm    |  1|   0|    1|          0|
    |ap_done_reg  |  1|   0|    1|          0|
    |r_fu_32      |  3|   0|    3|          0|
    +-------------+---+----+-----+-----------+
    |Total        |  5|   0|    5|          0|
    +-------------+---+----+-----+-----------+



================================================================
== Interface
================================================================
* Summary: 
+-----------------------+-----+-----+------------+----------------------------------------------+--------------+
|       RTL Ports       | Dir | Bits|  Protocol  |                 Source Object                |    C Type    |
+-----------------------+-----+-----+------------+----------------------------------------------+--------------+
|ap_clk                 |   in|    1|  ap_ctrl_hs|  avgpool_add_kernel_Pipeline_VITIS_LOOP_196_3|  return value|
|ap_rst                 |   in|    1|  ap_ctrl_hs|  avgpool_add_kernel_Pipeline_VITIS_LOOP_196_3|  return value|
|ap_start               |   in|    1|  ap_ctrl_hs|  avgpool_add_kernel_Pipeline_VITIS_LOOP_196_3|  return value|
|ap_done                |  out|    1|  ap_ctrl_hs|  avgpool_add_kernel_Pipeline_VITIS_LOOP_196_3|  return value|
|ap_idle                |  out|    1|  ap_ctrl_hs|  avgpool_add_kernel_Pipeline_VITIS_LOOP_196_3|  return value|
|ap_ready               |  out|    1|  ap_ctrl_hs|  avgpool_add_kernel_Pipeline_VITIS_LOOP_196_3|  return value|
|acc_buf_46_0_address0  |  out|    2|   ap_memory|                                  acc_buf_46_0|         array|
|acc_buf_46_0_ce0       |  out|    1|   ap_memory|                                  acc_buf_46_0|         array|
|acc_buf_46_0_we0       |  out|    1|   ap_memory|                                  acc_buf_46_0|         array|
|acc_buf_46_0_d0        |  out|   32|   ap_memory|                                  acc_buf_46_0|         array|
|acc_buf_46_1_address0  |  out|    2|   ap_memory|                                  acc_buf_46_1|         array|
|acc_buf_46_1_ce0       |  out|    1|   ap_memory|                                  acc_buf_46_1|         array|
|acc_buf_46_1_we0       |  out|    1|   ap_memory|                                  acc_buf_46_1|         array|
|acc_buf_46_1_d0        |  out|   32|   ap_memory|                                  acc_buf_46_1|         array|
|acc_buf_46_2_address0  |  out|    2|   ap_memory|                                  acc_buf_46_2|         array|
|acc_buf_46_2_ce0       |  out|    1|   ap_memory|                                  acc_buf_46_2|         array|
|acc_buf_46_2_we0       |  out|    1|   ap_memory|                                  acc_buf_46_2|         array|
|acc_buf_46_2_d0        |  out|   32|   ap_memory|                                  acc_buf_46_2|         array|
|acc_buf_46_3_address0  |  out|    2|   ap_memory|                                  acc_buf_46_3|         array|
|acc_buf_46_3_ce0       |  out|    1|   ap_memory|                                  acc_buf_46_3|         array|
|acc_buf_46_3_we0       |  out|    1|   ap_memory|                                  acc_buf_46_3|         array|
|acc_buf_46_3_d0        |  out|   32|   ap_memory|                                  acc_buf_46_3|         array|
+-----------------------+-----+-----+------------+----------------------------------------------+--------------+

