==============================================================
Vitis HLS - High-Level Synthesis from C, C++ and OpenCL v2024.2 (64-bit)
Tool Version Limit: 2024.11
Copyright 1986-2022 Xilinx, Inc. All Rights Reserved.
Copyright 2022-2024 Advanced Micro Devices, Inc. All Rights Reserved.

==============================================================
INFO: [HLS 200-1505] Using flow_target 'vivado'
INFO: [HLS 200-1510] Running: set_part xc7z020clg400-1 
INFO: [HLS 200-1611] Setting target device to 'xc7z020-clg400-1'
INFO: [HLS 200-1510] Running: create_clock -period 10 -name default 
INFO: [SYN 201-201] Setting up clock 'default' with a period of 10ns.
INFO: [HLS 200-1510] Running: csynth_design 
INFO: [HLS 200-111] Finished File checks and directory preparation: CPU user time: 0 seconds. CPU system time: 0 seconds. Elapsed time: 0.05 seconds; current allocated memory: 150.781 MB.
INFO: [HLS 200-10] Analyzing design file 'mac_array.cpp' ... 
INFO: [HLS 200-111] Finished Source Code Analysis and Preprocessing: CPU user time: 0 seconds. CPU system time: 0 seconds. Elapsed time: 1.987 seconds; current allocated memory: 153.750 MB.
INFO: [HLS 200-777] Using interface defaults for 'Vivado' flow target.
INFO: [HLS 200-1995] There were 1,380 instructions in the design after the 'Compile/Link' phase of compilation. See the Design Size Report for more details: E:/codes/microzed/fastvit_hls/fastvit_ip_v2/mac_array_poc_u1/solution1/syn/report/csynth_design_size.rpt
INFO: [HLS 200-1995] There were 642 instructions in the design after the 'Unroll/Inline (step 1)' phase of compilation. See the Design Size Report for more details: E:/codes/microzed/fastvit_hls/fastvit_ip_v2/mac_array_poc_u1/solution1/syn/report/csynth_design_size.rpt
INFO: [HLS 200-1995] There were 482 instructions in the design after the 'Unroll/Inline (step 2)' phase of compilation. See the Design Size Report for more details: E:/codes/microzed/fastvit_hls/fastvit_ip_v2/mac_array_poc_u1/solution1/syn/report/csynth_design_size.rpt
INFO: [HLS 200-1995] There were 511 instructions in the design after the 'Unroll/Inline (step 3)' phase of compilation. See the Design Size Report for more details: E:/codes/microzed/fastvit_hls/fastvit_ip_v2/mac_array_poc_u1/solution1/syn/report/csynth_design_size.rpt
INFO: [HLS 200-1995] There were 494 instructions in the design after the 'Unroll/Inline (step 4)' phase of compilation. See the Design Size Report for more details: E:/codes/microzed/fastvit_hls/fastvit_ip_v2/mac_array_poc_u1/solution1/syn/report/csynth_design_size.rpt
INFO: [HLS 200-1995] There were 21,697 instructions in the design after the 'Array/Struct (step 1)' phase of compilation. See the Design Size Report for more details: E:/codes/microzed/fastvit_hls/fastvit_ip_v2/mac_array_poc_u1/solution1/syn/report/csynth_design_size.rpt
INFO: [HLS 200-1995] There were 28,712 instructions in the design after the 'Array/Struct (step 2)' phase of compilation. See the Design Size Report for more details: E:/codes/microzed/fastvit_hls/fastvit_ip_v2/mac_array_poc_u1/solution1/syn/report/csynth_design_size.rpt
INFO: [HLS 200-1995] There were 28,817 instructions in the design after the 'Array/Struct (step 3)' phase of compilation. See the Design Size Report for more details: E:/codes/microzed/fastvit_hls/fastvit_ip_v2/mac_array_poc_u1/solution1/syn/report/csynth_design_size.rpt
INFO: [HLS 200-1995] There were 28,784 instructions in the design after the 'Array/Struct (step 4)' phase of compilation. See the Design Size Report for more details: E:/codes/microzed/fastvit_hls/fastvit_ip_v2/mac_array_poc_u1/solution1/syn/report/csynth_design_size.rpt
INFO: [HLS 200-1995] There were 38,092 instructions in the design after the 'Array/Struct (step 5)' phase of compilation. See the Design Size Report for more details: E:/codes/microzed/fastvit_hls/fastvit_ip_v2/mac_array_poc_u1/solution1/syn/report/csynth_design_size.rpt
INFO: [HLS 200-1995] There were 37,977 instructions in the design after the 'Performance' phase of compilation. See the Design Size Report for more details: E:/codes/microzed/fastvit_hls/fastvit_ip_v2/mac_array_poc_u1/solution1/syn/report/csynth_design_size.rpt
INFO: [HLS 200-1995] There were 28,684 instructions in the design after the 'Performance (step 2)' phase of compilation. See the Design Size Report for more details: E:/codes/microzed/fastvit_hls/fastvit_ip_v2/mac_array_poc_u1/solution1/syn/report/csynth_design_size.rpt
INFO: [HLS 200-1995] There were 28,667 instructions in the design after the 'Performance (step 3)' phase of compilation. See the Design Size Report for more details: E:/codes/microzed/fastvit_hls/fastvit_ip_v2/mac_array_poc_u1/solution1/syn/report/csynth_design_size.rpt
INFO: [HLS 200-1995] There were 28,667 instructions in the design after the 'Performance (step 4)' phase of compilation. See the Design Size Report for more details: E:/codes/microzed/fastvit_hls/fastvit_ip_v2/mac_array_poc_u1/solution1/syn/report/csynth_design_size.rpt
INFO: [HLS 200-1995] There were 28,582 instructions in the design after the 'HW Transforms' phase of compilation. See the Design Size Report for more details: E:/codes/microzed/fastvit_hls/fastvit_ip_v2/mac_array_poc_u1/solution1/syn/report/csynth_design_size.rpt
INFO: [HLS 200-1995] There were 20,190 instructions in the design after the 'HW Transforms (step 2)' phase of compilation. See the Design Size Report for more details: E:/codes/microzed/fastvit_hls/fastvit_ip_v2/mac_array_poc_u1/solution1/syn/report/csynth_design_size.rpt
INFO: [HLS 214-178] Inlining function 'clip_shift(ap_int<32>, int)' into 'run_dwconv(LayerDescV2 const&, ap_int<8> const*, ap_int<8> const*, ap_int<32> const*, ap_int<8>*)' (mac_array.cpp:39:0)
INFO: [HLS 214-178] Inlining function 'clip_shift(ap_int<32>, int)' into 'run_pwconv(LayerDescV2 const&, ap_int<8> const*, ap_int<8> const*, ap_int<32> const*, ap_int<8>*)' (mac_array.cpp:104:0)
WARNING: [HLS 214-450] Ignore address on register port 'b_base' (mac_array.cpp:61:31)
WARNING: [HLS 214-450] Ignore address on register port 'w_base' (mac_array.cpp:64:47)
WARNING: [HLS 214-450] Ignore address on register port 'in_base' (mac_array.cpp:71:35)
WARNING: [HLS 214-450] Ignore address on register port 'out_base' (mac_array.cpp:93:77)
WARNING: [HLS 214-450] Ignore address on register port 'in_base' (mac_array.cpp:132:47)
WARNING: [HLS 214-450] Ignore address on register port 'b_base' (mac_array.cpp:138:31)
WARNING: [HLS 214-450] Ignore address on register port 'w_base' (mac_array.cpp:140:39)
WARNING: [HLS 214-450] Ignore address on register port 'out_base' (mac_array.cpp:158:78)
WARNING: [HLS 214-450] Ignore address on register port 'out_written' (mac_array.cpp:180:24)
INFO: [HLS 214-248] Applying array_partition to 'patch': Complete partitioning on dimension 1. Complete partitioning on dimension 2. Complete partitioning on dimension 3. (mac_array.cpp:52:23)
INFO: [HLS 214-248] Applying array_partition to 'wtile': Complete partitioning on dimension 1. Complete partitioning on dimension 2. Complete partitioning on dimension 3. (mac_array.cpp:53:22)
INFO: [HLS 214-248] Applying array_partition to 'btile': Complete partitioning on dimension 1. (mac_array.cpp:54:23)
INFO: [HLS 214-248] Applying array_partition to 'patch': Complete partitioning on dimension 1. Complete partitioning on dimension 2. Complete partitioning on dimension 3. (mac_array.cpp:120:23)
INFO: [HLS 214-248] Applying array_partition to 'wtile': Complete partitioning on dimension 1. Complete partitioning on dimension 2. (mac_array.cpp:121:22)
INFO: [HLS 214-248] Applying array_partition to 'btile': Complete partitioning on dimension 1. (mac_array.cpp:122:23)
INFO: [HLS 214-241] Aggregating scalar variable 'desc' with compact=bit mode in 704-bits (mac_array.cpp:174:0)
WARNING: [HLS 214-450] Ignore address on register port 'desc' (mac_array.cpp:176:21)
INFO: [HLS 214-376] automatically set the pipeline for Loop< VITIS_LOOP_155_8> at mac_array.cpp:155:39 
INFO: [HLS 214-376] automatically set the pipeline for Loop< VITIS_LOOP_139_7> at mac_array.cpp:139:39 
INFO: [HLS 214-376] automatically set the pipeline for Loop< VITIS_LOOP_130_5> at mac_array.cpp:130:43 
INFO: [HLS 214-376] automatically set the pipeline for Loop< VITIS_LOOP_90_9> at mac_array.cpp:90:42 
INFO: [HLS 214-376] automatically set the pipeline for Loop< VITIS_LOOP_67_7> at mac_array.cpp:67:42 
INFO: [HLS 214-376] automatically set the pipeline for Loop< VITIS_LOOP_63_5> at mac_array.cpp:63:42 
INFO: [HLS 200-111] Finished Compiling Optimization and Transform: CPU user time: 0 seconds. CPU system time: 0 seconds. Elapsed time: 22.175 seconds; current allocated memory: 155.730 MB.
INFO: [HLS 200-111] Finished Checking Pragmas: CPU user time: 0 seconds. CPU system time: 0 seconds. Elapsed time: 0.002 seconds; current allocated memory: 155.730 MB.
INFO: [HLS 200-10] Starting code transformations ...
INFO: [HLS 200-111] Finished Standard Transforms: CPU user time: 4 seconds. CPU system time: 0 seconds. Elapsed time: 3.211 seconds; current allocated memory: 237.824 MB.
INFO: [HLS 200-10] Checking synthesizability ...
INFO: [HLS 200-111] Finished Checking Synthesizability: CPU user time: 2 seconds. CPU system time: 1 seconds. Elapsed time: 2.468 seconds; current allocated memory: 347.363 MB.
WARNING: [XFORM 203-561] Updating loop lower bound from 0 to 512 for loop 'COMPUTE' (mac_array.cpp:143:35) in function 'run_pwconv'.
WARNING: [XFORM 203-561] Updating loop lower bound from 0 to 512 for loop 'COMPUTE' (mac_array.cpp:77:35) in function 'run_dwconv'.
INFO: [XFORM 203-11] Balancing expressions in function 'run_dwconv' (mac_array.cpp:37)...3 expression(s) balanced.
INFO: [HLS 200-111] Finished Loop, function and other optimizations: CPU user time: 17 seconds. CPU system time: 1 seconds. Elapsed time: 19.36 seconds; current allocated memory: 465.355 MB.
INFO: [HLS 200-2061] Successfully converted nested loops 'VITIS_LOOP_128_4'(mac_array.cpp:128:39) and 'VITIS_LOOP_130_5'(mac_array.cpp:130:43) in function 'run_pwconv' into perfectly nested loops.
INFO: [HLS 200-2061] Successfully converted nested loops 'STAGE'(mac_array.cpp:127:9) and 'VITIS_LOOP_128_4'(mac_array.cpp:128:39) in function 'run_pwconv' into perfectly nested loops.
INFO: [HLS 200-2061] Successfully converted nested loops 'VITIS_LOOP_136_6'(mac_array.cpp:136:35) and 'VITIS_LOOP_139_7'(mac_array.cpp:139:39) in function 'run_pwconv' into perfectly nested loops.
INFO: [HLS 200-2061] Successfully converted nested loops 'VITIS_LOOP_62_4'(mac_array.cpp:62:38) and 'VITIS_LOOP_63_5'(mac_array.cpp:63:42) in function 'run_dwconv' into perfectly nested loops.
INFO: [HLS 200-2061] Successfully converted nested loops 'VITIS_LOOP_65_6'(mac_array.cpp:65:38) and 'VITIS_LOOP_67_7'(mac_array.cpp:67:42) in function 'run_dwconv' into perfectly nested loops.
INFO: [HLS 200-2061] Successfully converted nested loops 'VITIS_LOOP_89_8'(mac_array.cpp:89:38) and 'VITIS_LOOP_90_9'(mac_array.cpp:90:42) in function 'run_dwconv' into perfectly nested loops.
INFO: [XFORM 203-541] Flattening a loop nest 'VITIS_LOOP_128_4' (mac_array.cpp:128:39) in function 'run_pwconv'.
INFO: [XFORM 203-541] Flattening a loop nest 'STAGE' (mac_array.cpp:127:9) in function 'run_pwconv'.
INFO: [XFORM 203-541] Flattening a loop nest 'VITIS_LOOP_136_6' (mac_array.cpp:136:35) in function 'run_pwconv'.
WARNING: [HLS 200-960] Cannot flatten loop 'COMPUTE' (mac_array.cpp:143:26) in function 'run_pwconv' the outer loop is not a perfect loop because there is nontrivial logic before entering the inner loop.
INFO: [XFORM 203-541] Flattening a loop nest 'VITIS_LOOP_62_4' (mac_array.cpp:62:38) in function 'run_dwconv'.
INFO: [XFORM 203-541] Flattening a loop nest 'VITIS_LOOP_65_6' (mac_array.cpp:65:38) in function 'run_dwconv'.
INFO: [XFORM 203-541] Flattening a loop nest 'VITIS_LOOP_89_8' (mac_array.cpp:89:38) in function 'run_dwconv'.
WARNING: [HLS 200-960] Cannot flatten loop 'COMPUTE' (mac_array.cpp:77:26) in function 'run_dwconv' the outer loop is not a perfect loop because there is nontrivial logic before entering the inner loop.
INFO: [HLS 200-111] Finished Architecture Synthesis: CPU user time: 23 seconds. CPU system time: 2 seconds. Elapsed time: 23.646 seconds; current allocated memory: 551.355 MB.
INFO: [HLS 200-10] Starting hardware synthesis ...
INFO: [HLS 200-10] Synthesizing 'mac_array_top' ...
INFO: [HLS 200-10] ----------------------------------------------------------------
INFO: [HLS 200-42] -- Implementing module 'run_pwconv_Pipeline_STAGE_VITIS_LOOP_128_4_VITIS_LOOP_130_5' 
INFO: [HLS 200-10] ----------------------------------------------------------------
INFO: [SCHED 204-11] Starting scheduling ...
INFO: [SCHED 204-61] Pipelining loop 'STAGE_VITIS_LOOP_128_4_VITIS_LOOP_130_5'.
INFO: [HLS 200-1470] Pipelining result : Target II = NA, Final II = 1, Depth = 4, loop 'STAGE_VITIS_LOOP_128_4_VITIS_LOOP_130_5'
INFO: [SCHED 204-11] Finished scheduling.
INFO: [HLS 200-111] Finished Scheduling: CPU user time: 26 seconds. CPU system time: 1 seconds. Elapsed time: 27.509 seconds; current allocated memory: 656.664 MB.
INFO: [BIND 205-100] Starting micro-architecture generation ...
INFO: [BIND 205-101] Performing variable lifetime analysis.
INFO: [BIND 205-101] Exploring resource sharing.
INFO: [BIND 205-101] Binding ...
INFO: [BIND 205-100] Finished micro-architecture generation.
INFO: [HLS 200-111] Finished Binding: CPU user time: 1 seconds. CPU system time: 0 seconds. Elapsed time: 1.202 seconds; current allocated memory: 656.664 MB.
INFO: [HLS 200-10] ----------------------------------------------------------------
INFO: [HLS 200-42] -- Implementing module 'run_pwconv_Pipeline_VITIS_LOOP_136_6_VITIS_LOOP_139_7' 
INFO: [HLS 200-10] ----------------------------------------------------------------
INFO: [SCHED 204-11] Starting scheduling ...
INFO: [SCHED 204-61] Pipelining loop 'VITIS_LOOP_136_6_VITIS_LOOP_139_7'.
INFO: [HLS 200-1470] Pipelining result : Target II = NA, Final II = 1, Depth = 3, loop 'VITIS_LOOP_136_6_VITIS_LOOP_139_7'
INFO: [SCHED 204-11] Finished scheduling.
INFO: [HLS 200-111] Finished Scheduling: CPU user time: 1 seconds. CPU system time: 0 seconds. Elapsed time: 1.34 seconds; current allocated memory: 657.215 MB.
INFO: [BIND 205-100] Starting micro-architecture generation ...
INFO: [BIND 205-101] Performing variable lifetime analysis.
INFO: [BIND 205-101] Exploring resource sharing.
INFO: [BIND 205-101] Binding ...
INFO: [BIND 205-100] Finished micro-architecture generation.
INFO: [HLS 200-111] Finished Binding: CPU user time: 0 seconds. CPU system time: 0 seconds. Elapsed time: 0.157 seconds; current allocated memory: 657.215 MB.
INFO: [HLS 200-10] ----------------------------------------------------------------
INFO: [HLS 200-42] -- Implementing module 'run_pwconv_Pipeline_VITIS_LOOP_155_8' 
INFO: [HLS 200-10] ----------------------------------------------------------------
INFO: [SCHED 204-11] Starting scheduling ...
INFO: [HLS 200-486] Changing DSP latency (root=acc_2) to 3 in order to utilize available DSP registers.
INFO: [SCHED 204-61] Pipelining loop 'VITIS_LOOP_155_8'.
INFO: [HLS 200-1470] Pipelining result : Target II = NA, Final II = 1, Depth = 5, loop 'VITIS_LOOP_155_8'
INFO: [SCHED 204-11] Finished scheduling.
INFO: [HLS 200-111] Finished Scheduling: CPU user time: 1 seconds. CPU system time: 0 seconds. Elapsed time: 0.214 seconds; current allocated memory: 657.262 MB.
INFO: [BIND 205-100] Starting micro-architecture generation ...
INFO: [BIND 205-101] Performing variable lifetime analysis.
INFO: [BIND 205-101] Exploring resource sharing.
INFO: [BIND 205-101] Binding ...
INFO: [BIND 205-100] Finished micro-architecture generation.
INFO: [HLS 200-111] Finished Binding: CPU user time: 0 seconds. CPU system time: 0 seconds. Elapsed time: 0.057 seconds; current allocated memory: 657.277 MB.
INFO: [HLS 200-10] ----------------------------------------------------------------
INFO: [HLS 200-42] -- Implementing module 'run_pwconv' 
INFO: [HLS 200-10] ----------------------------------------------------------------
INFO: [SCHED 204-11] Starting scheduling ...
INFO: [SCHED 204-11] Finished scheduling.
INFO: [HLS 200-111] Finished Scheduling: CPU user time: 1 seconds. CPU system time: 0 seconds. Elapsed time: 1.075 seconds; current allocated memory: 670.969 MB.
INFO: [BIND 205-100] Starting micro-architecture generation ...
INFO: [BIND 205-101] Performing variable lifetime analysis.
INFO: [BIND 205-101] Exploring resource sharing.
INFO: [BIND 205-101] Binding ...
INFO: [BIND 205-100] Finished micro-architecture generation.
INFO: [HLS 200-111] Finished Binding: CPU user time: 1 seconds. CPU system time: 0 seconds. Elapsed time: 1.529 seconds; current allocated memory: 670.969 MB.
INFO: [HLS 200-10] ----------------------------------------------------------------
INFO: [HLS 200-42] -- Implementing module 'run_dwconv_Pipeline_VITIS_LOOP_62_4_VITIS_LOOP_63_5' 
INFO: [HLS 200-10] ----------------------------------------------------------------
INFO: [SCHED 204-11] Starting scheduling ...
INFO: [SCHED 204-61] Pipelining loop 'VITIS_LOOP_62_4_VITIS_LOOP_63_5'.
INFO: [HLS 200-1470] Pipelining result : Target II = NA, Final II = 1, Depth = 3, loop 'VITIS_LOOP_62_4_VITIS_LOOP_63_5'
INFO: [SCHED 204-11] Finished scheduling.
INFO: [HLS 200-111] Finished Scheduling: CPU user time: 1 seconds. CPU system time: 0 seconds. Elapsed time: 0.59 seconds; current allocated memory: 670.969 MB.
INFO: [BIND 205-100] Starting micro-architecture generation ...
INFO: [BIND 205-101] Performing variable lifetime analysis.
INFO: [BIND 205-101] Exploring resource sharing.
INFO: [BIND 205-101] Binding ...
INFO: [BIND 205-100] Finished micro-architecture generation.
INFO: [HLS 200-111] Finished Binding: CPU user time: 0 seconds. CPU system time: 0 seconds. Elapsed time: 0.075 seconds; current allocated memory: 670.969 MB.
INFO: [HLS 200-10] ----------------------------------------------------------------
INFO: [HLS 200-42] -- Implementing module 'run_dwconv_Pipeline_VITIS_LOOP_65_6_VITIS_LOOP_67_7' 
INFO: [HLS 200-10] ----------------------------------------------------------------
INFO: [SCHED 204-11] Starting scheduling ...
INFO: [SCHED 204-61] Pipelining loop 'VITIS_LOOP_65_6_VITIS_LOOP_67_7'.
INFO: [HLS 200-1470] Pipelining result : Target II = NA, Final II = 1, Depth = 5, loop 'VITIS_LOOP_65_6_VITIS_LOOP_67_7'
INFO: [SCHED 204-11] Finished scheduling.
INFO: [HLS 200-111] Finished Scheduling: CPU user time: 1 seconds. CPU system time: 0 seconds. Elapsed time: 1.458 seconds; current allocated memory: 725.730 MB.
INFO: [BIND 205-100] Starting micro-architecture generation ...
INFO: [BIND 205-101] Performing variable lifetime analysis.
INFO: [BIND 205-101] Exploring resource sharing.
INFO: [BIND 205-101] Binding ...
INFO: [BIND 205-100] Finished micro-architecture generation.
INFO: [HLS 200-111] Finished Binding: CPU user time: 1 seconds. CPU system time: 0 seconds. Elapsed time: 0.593 seconds; current allocated memory: 725.730 MB.
INFO: [HLS 200-10] ----------------------------------------------------------------
INFO: [HLS 200-42] -- Implementing module 'run_dwconv_Pipeline_VITIS_LOOP_89_8_VITIS_LOOP_90_9' 
INFO: [HLS 200-10] ----------------------------------------------------------------
INFO: [SCHED 204-11] Starting scheduling ...
INFO: [HLS 200-486] Changing DSP latency (root=acc_5) to 3 in order to utilize available DSP registers.
INFO: [SCHED 204-61] Pipelining loop 'VITIS_LOOP_89_8_VITIS_LOOP_90_9'.
INFO: [HLS 200-1470] Pipelining result : Target II = NA, Final II = 1, Depth = 8, loop 'VITIS_LOOP_89_8_VITIS_LOOP_90_9'
INFO: [SCHED 204-11] Finished scheduling.
INFO: [HLS 200-111] Finished Scheduling: CPU user time: 0 seconds. CPU system time: 0 seconds. Elapsed time: 0.771 seconds; current allocated memory: 725.730 MB.
INFO: [BIND 205-100] Starting micro-architecture generation ...
INFO: [BIND 205-101] Performing variable lifetime analysis.
INFO: [BIND 205-101] Exploring resource sharing.
INFO: [BIND 205-101] Binding ...
INFO: [BIND 205-100] Finished micro-architecture generation.
INFO: [HLS 200-111] Finished Binding: CPU user time: 0 seconds. CPU system time: 0 seconds. Elapsed time: 0.166 seconds; current allocated memory: 725.730 MB.
INFO: [HLS 200-10] ----------------------------------------------------------------
INFO: [HLS 200-42] -- Implementing module 'run_dwconv' 
INFO: [HLS 200-10] ----------------------------------------------------------------
INFO: [SCHED 204-11] Starting scheduling ...
INFO: [SCHED 204-11] Finished scheduling.
INFO: [HLS 200-111] Finished Scheduling: CPU user time: 1 seconds. CPU system time: 0 seconds. Elapsed time: 0.627 seconds; current allocated memory: 733.613 MB.
INFO: [BIND 205-100] Starting micro-architecture generation ...
INFO: [BIND 205-101] Performing variable lifetime analysis.
INFO: [BIND 205-101] Exploring resource sharing.
INFO: [BIND 205-101] Binding ...
INFO: [BIND 205-100] Finished micro-architecture generation.
INFO: [HLS 200-111] Finished Binding: CPU user time: 1 seconds. CPU system time: 0 seconds. Elapsed time: 0.691 seconds; current allocated memory: 734.441 MB.
INFO: [HLS 200-10] ----------------------------------------------------------------
INFO: [HLS 200-42] -- Implementing module 'mac_array_top' 
INFO: [HLS 200-10] ----------------------------------------------------------------
INFO: [SCHED 204-11] Starting scheduling ...
INFO: [SCHED 204-11] Finished scheduling.
INFO: [HLS 200-111] Finished Scheduling: CPU user time: 0 seconds. CPU system time: 0 seconds. Elapsed time: 0.329 seconds; current allocated memory: 734.555 MB.
INFO: [BIND 205-100] Starting micro-architecture generation ...
INFO: [BIND 205-101] Performing variable lifetime analysis.
INFO: [BIND 205-101] Exploring resource sharing.
INFO: [BIND 205-101] Binding ...
INFO: [BIND 205-100] Finished micro-architecture generation.
INFO: [HLS 200-111] Finished Binding: CPU user time: 0 seconds. CPU system time: 0 seconds. Elapsed time: 0.086 seconds; current allocated memory: 734.645 MB.
INFO: [HLS 200-10] ----------------------------------------------------------------
INFO: [HLS 200-10] -- Generating RTL for module 'run_pwconv_Pipeline_STAGE_VITIS_LOOP_128_4_VITIS_LOOP_130_5' 
INFO: [HLS 200-10] ----------------------------------------------------------------
INFO: [HLS 200-1030] Apply Unified Pipeline Control on module 'run_pwconv_Pipeline_STAGE_VITIS_LOOP_128_4_VITIS_LOOP_130_5' pipeline 'STAGE_VITIS_LOOP_128_4_VITIS_LOOP_130_5' pipeline type 'loop pipeline'
INFO: [RTGEN 206-104] Estimated max fanout for 'run_pwconv_Pipeline_STAGE_VITIS_LOOP_128_4_VITIS_LOOP_130_5' is 16384 from HDL expression: ((1'b0 == ap_block_pp0_stage0_01001) & (ap_loop_exit_ready_pp0_iter2_reg == 1'b1) & (icmp_ln120_reg_57762 == 1'd1))
INFO: [RTGEN 206-100] Finished creating RTL model for 'run_pwconv_Pipeline_STAGE_VITIS_LOOP_128_4_VITIS_LOOP_130_5'.
INFO: [HLS 200-111] Finished Creating RTL model: CPU user time: 2 seconds. CPU system time: 0 seconds. Elapsed time: 1.846 seconds; current allocated memory: 799.078 MB.
INFO: [HLS 200-10] ----------------------------------------------------------------
INFO: [HLS 200-10] -- Generating RTL for module 'run_pwconv_Pipeline_VITIS_LOOP_136_6_VITIS_LOOP_139_7' 
INFO: [HLS 200-10] ----------------------------------------------------------------
INFO: [HLS 200-1030] Apply Unified Pipeline Control on module 'run_pwconv_Pipeline_VITIS_LOOP_136_6_VITIS_LOOP_139_7' pipeline 'VITIS_LOOP_136_6_VITIS_LOOP_139_7' pipeline type 'loop pipeline'
INFO: [RTGEN 206-100] Finished creating RTL model for 'run_pwconv_Pipeline_VITIS_LOOP_136_6_VITIS_LOOP_139_7'.
INFO: [HLS 200-111] Finished Creating RTL model: CPU user time: 2 seconds. CPU system time: 2 seconds. Elapsed time: 4.244 seconds; current allocated memory: 964.141 MB.
INFO: [HLS 200-10] ----------------------------------------------------------------
INFO: [HLS 200-10] -- Generating RTL for module 'run_pwconv_Pipeline_VITIS_LOOP_155_8' 
INFO: [HLS 200-10] ----------------------------------------------------------------
INFO: [HLS 200-1030] Apply Unified Pipeline Control on module 'run_pwconv_Pipeline_VITIS_LOOP_155_8' pipeline 'VITIS_LOOP_155_8' pipeline type 'loop pipeline'
INFO: [RTGEN 206-100] Generating core module 'mac_muladd_8s_8s_32s_32_4_1': 1 instance(s).
INFO: [RTGEN 206-100] Generating core module 'sparsemux_17_3_8_1_1': 1 instance(s).
INFO: [RTGEN 206-100] Generating core module 'sparsemux_65_5_8_1_1': 9 instance(s).
INFO: [RTGEN 206-100] Finished creating RTL model for 'run_pwconv_Pipeline_VITIS_LOOP_155_8'.
INFO: [HLS 200-111] Finished Creating RTL model: CPU user time: 1 seconds. CPU system time: 0 seconds. Elapsed time: 1.078 seconds; current allocated memory: 964.141 MB.
INFO: [HLS 200-10] ----------------------------------------------------------------
INFO: [HLS 200-10] -- Generating RTL for module 'run_pwconv' 
INFO: [HLS 200-10] ----------------------------------------------------------------
INFO: [RTGEN 206-100] Generating core module 'mul_31ns_31ns_62_2_1': 1 instance(s).
INFO: [RTGEN 206-100] Generating core module 'mul_31ns_62ns_93_5_1': 1 instance(s).
INFO: [RTGEN 206-100] Generating core module 'sparsemux_17_3_32_1_1': 1 instance(s).
INFO: [RTGEN 206-100] Generating core module 'sparsemux_17_3_8_1_1': 288 instance(s).
INFO: [RTGEN 206-100] Finished creating RTL model for 'run_pwconv'.
INFO: [HLS 200-111] Finished Creating RTL model: CPU user time: 1 seconds. CPU system time: 0 seconds. Elapsed time: 0.931 seconds; current allocated memory: 1018.656 MB.
INFO: [HLS 200-10] ----------------------------------------------------------------
INFO: [HLS 200-10] -- Generating RTL for module 'run_dwconv_Pipeline_VITIS_LOOP_62_4_VITIS_LOOP_63_5' 
INFO: [HLS 200-10] ----------------------------------------------------------------
INFO: [HLS 200-1030] Apply Unified Pipeline Control on module 'run_dwconv_Pipeline_VITIS_LOOP_62_4_VITIS_LOOP_63_5' pipeline 'VITIS_LOOP_62_4_VITIS_LOOP_63_5' pipeline type 'loop pipeline'
INFO: [RTGEN 206-100] Finished creating RTL model for 'run_dwconv_Pipeline_VITIS_LOOP_62_4_VITIS_LOOP_63_5'.
INFO: [HLS 200-111] Finished Creating RTL model: CPU user time: 0 seconds. CPU system time: 1 seconds. Elapsed time: 1.165 seconds; current allocated memory: 1.062 GB.
INFO: [HLS 200-10] ----------------------------------------------------------------
INFO: [HLS 200-10] -- Generating RTL for module 'run_dwconv_Pipeline_VITIS_LOOP_65_6_VITIS_LOOP_67_7' 
INFO: [HLS 200-10] ----------------------------------------------------------------
INFO: [HLS 200-1030] Apply Unified Pipeline Control on module 'run_dwconv_Pipeline_VITIS_LOOP_65_6_VITIS_LOOP_67_7' pipeline 'VITIS_LOOP_65_6_VITIS_LOOP_67_7' pipeline type 'loop pipeline'
INFO: [RTGEN 206-104] Estimated max fanout for 'run_dwconv_Pipeline_VITIS_LOOP_65_6_VITIS_LOOP_67_7' is 7316 from HDL expression: (1'b0 == ap_block_pp0_stage0_11001)
INFO: [RTGEN 206-100] Finished creating RTL model for 'run_dwconv_Pipeline_VITIS_LOOP_65_6_VITIS_LOOP_67_7'.
INFO: [HLS 200-111] Finished Creating RTL model: CPU user time: 2 seconds. CPU system time: 0 seconds. Elapsed time: 2.146 seconds; current allocated memory: 1.087 GB.
INFO: [HLS 200-10] ----------------------------------------------------------------
INFO: [HLS 200-10] -- Generating RTL for module 'run_dwconv_Pipeline_VITIS_LOOP_89_8_VITIS_LOOP_90_9' 
INFO: [HLS 200-10] ----------------------------------------------------------------
INFO: [HLS 200-1030] Apply Unified Pipeline Control on module 'run_dwconv_Pipeline_VITIS_LOOP_89_8_VITIS_LOOP_90_9' pipeline 'VITIS_LOOP_89_8_VITIS_LOOP_90_9' pipeline type 'loop pipeline'
INFO: [RTGEN 206-100] Generating core module 'mac_muladd_8s_8s_32s_32_4_1': 1 instance(s).
INFO: [RTGEN 206-100] Generating core module 'sparsemux_17_3_8_1_1': 2 instance(s).
INFO: [RTGEN 206-100] Generating core module 'sparsemux_21_4_8_1_1': 88 instance(s).
INFO: [RTGEN 206-100] Generating core module 'sparsemux_7_2_8_1_1': 32 instance(s).
INFO: [RTGEN 206-100] Finished creating RTL model for 'run_dwconv_Pipeline_VITIS_LOOP_89_8_VITIS_LOOP_90_9'.
INFO: [HLS 200-111] Finished Creating RTL model: CPU user time: 3 seconds. CPU system time: 1 seconds. Elapsed time: 3.883 seconds; current allocated memory: 1.184 GB.
INFO: [HLS 200-10] ----------------------------------------------------------------
INFO: [HLS 200-10] -- Generating RTL for module 'run_dwconv' 
INFO: [HLS 200-10] ----------------------------------------------------------------
INFO: [RTGEN 206-104] Estimated max fanout for 'run_dwconv' is 7236 from HDL expression: (1'b1 == ap_CS_fsm_state15)
INFO: [RTGEN 206-100] Generating core module 'mul_31ns_32ns_63_2_1': 2 instance(s).
INFO: [RTGEN 206-100] Generating core module 'mul_31ns_32s_32_2_1': 1 instance(s).
INFO: [RTGEN 206-100] Generating core module 'mul_3ns_4s_4_1_1': 2 instance(s).
INFO: [RTGEN 206-100] Generating core module 'sparsemux_17_3_32_1_1': 1 instance(s).
INFO: [RTGEN 206-100] Finished creating RTL model for 'run_dwconv'.
INFO: [HLS 200-111] Finished Creating RTL model: CPU user time: 1 seconds. CPU system time: 0 seconds. Elapsed time: 0.756 seconds; current allocated memory: 1.222 GB.
INFO: [HLS 200-10] ----------------------------------------------------------------
INFO: [HLS 200-10] -- Generating RTL for module 'mac_array_top' 
INFO: [HLS 200-10] ----------------------------------------------------------------
INFO: [RTGEN 206-500] Setting interface mode on port 'mac_array_top/desc' to 'ap_none'.
INFO: [RTGEN 206-500] Setting interface mode on port 'mac_array_top/n_layers' to 'ap_none'.
INFO: [RTGEN 206-500] Setting interface mode on port 'mac_array_top/in_base' to 'ap_none'.
INFO: [RTGEN 206-500] Setting interface mode on port 'mac_array_top/w_base' to 'ap_none'.
INFO: [RTGEN 206-500] Setting interface mode on port 'mac_array_top/b_base' to 'ap_none'.
INFO: [RTGEN 206-500] Setting interface mode on port 'mac_array_top/out_base' to 'ap_vld'.
INFO: [RTGEN 206-500] Setting interface mode on port 'mac_array_top/out_written' to 'ap_vld'.
INFO: [RTGEN 206-500] Setting interface mode on function 'mac_array_top' to 'ap_ctrl_hs'.
INFO: [RTGEN 206-100] Finished creating RTL model for 'mac_array_top'.
INFO: [HLS 200-111] Finished Creating RTL model: CPU user time: 0 seconds. CPU system time: 0 seconds. Elapsed time: 0.769 seconds; current allocated memory: 1.266 GB.
INFO: [HLS 200-111] Finished Generating all RTL models: CPU user time: 1 seconds. CPU system time: 0 seconds. Elapsed time: 0.709 seconds; current allocated memory: 1.275 GB.
INFO: [HLS 200-111] Finished Updating report files: CPU user time: 0 seconds. CPU system time: 0 seconds. Elapsed time: 0.741 seconds; current allocated memory: 1.295 GB.
INFO: [VHDL 208-304] Generating VHDL RTL for mac_array_top.
INFO: [VLOG 209-307] Generating Verilog RTL for mac_array_top.
INFO: [HLS 200-790] **** Loop Constraint Status: All loop constraints were satisfied.
INFO: [HLS 200-789] **** Estimated Fmax: 139.80 MHz
INFO: [HLS 200-2161] Finished Command csynth_design Elapsed time: 00:02:09; Allocated memory: 1.148 GB.
INFO: [HLS 200-1510] Running: open_project -reset mac_array_poc_u64 
