================================================================
== Design Size Report
================================================================

* Total Instructions per Compilation Phase
+---------------+-----------------------------+--------------+----------------------------------------------------------------------------------------+
| Phase         | Step                        | Instructions | Description                                                                            |
+---------------+-----------------------------+--------------+----------------------------------------------------------------------------------------+
| Compile/Link  |                             |   2,517      | After all functions are compiled and linked into a single design                       |
|               |                             |              |                                                                                        |
| Unroll/Inline |                             |              | After user unroll and inline pragmas are applied                                       |
|               | (1) unroll                  |  10,710      | user unroll pragmas are applied                                                        |
|               | (2) simplification          |   8,811      | simplification of applied user unroll pragmas                                          |
|               | (3) inline                  |   7,796      | user inline pragmas are applied                                                        |
|               | (4) simplification          |   7,774      | simplification of applied user inline pragmas                                          |
|               |                             |              |                                                                                        |
| Array/Struct  |                             |              | After user array partition and struct aggregate/disaggregate pragmas are applied       |
|               | (1) array partition         | 457,143 *    | user array partition pragmas are applied                                               |
|               | (2) simplification          |  33,625      | simplification of applied user array partition & struct aggregate/disaggregate pragmas |
|               | (3) aggregate/disaggregate  |  33,688      | user struct aggregate/disaggregate pragmas are applied                                 |
|               | (4) array reshape           |  33,667      | apply array reshape pragmas                                                            |
|               | (5) access patterns         |  64,520      | array access pattern optmizations                                                      |
|               |                             |              |                                                                                        |
| Performance   |                             |              | After transformations are applied to meet performance pragma targets                   |
|               | (1) loop simplification     |  46,935      | loop and instruction simplification                                                    |
|               | (2) parallelization         |  39,222      | loops are unrolled or pipelined to meet performance targets                            |
|               | (3) array partition         |  39,210      | arrays are partitioned to meet performance targets                                     |
|               | (4) simplification          |  39,203      | simplification of design after performance transformations                             |
|               |                             |              |                                                                                        |
| HW Transforms |                             |              | After hardware transfomations                                                          |
|               | (1) lowering                |  39,147      | initial conversion to HW specific instructions                                         |
|               | (2) optimizations           |  34,231      | high level synthesis optimizations                                                     |
+---------------+-----------------------------+--------------+----------------------------------------------------------------------------------------+
    * - Exceeded design size warning message threshold

* Instructions per Function for each Compilation Phase
+------------------------+-------------------+----------------+---------------+--------------+-------------+---------------+
| Function               | Location          | Compile/Link   | Unroll/Inline | Array/Struct | Performance | HW Transforms |
+------------------------+-------------------+----------------+---------------+--------------+-------------+---------------+
| + mac_array_top        | mac_array.cpp:280 | 2,517          | 7,774         | 64,520       | 39,203      | 34,231        |
|  + run_layer           | mac_array.cpp:149 | 2,501          | 7,760         | 64,506       | 39,189      | 34,201        |
|     run_reduce_unified | mac_array.cpp:62  |  405           | 7,336         | 9,219        | 6,323       | 6,332         |
|     clip_shift         | mac_array.cpp:25  |  290 (2 calls) |               |              |             |               |
+------------------------+-------------------+----------------+---------------+--------------+-------------+---------------+

* Design Size Message Settings
+---------------------------------------------+--------+------------------------------------------------------------------+
| Message Setting                             | Value  | Description                                                      |
+---------------------------------------------+--------+------------------------------------------------------------------+
| config_compile -design_size_maximum_warning | 100000 | Show a warning when total design instructions exceeds this value |
+---------------------------------------------+--------+------------------------------------------------------------------+


