

================================================================
== Vitis HLS Report for 'mac_array_top'
================================================================
* Date:           Wed Aug 19 18:02:28 2026

* Version:        2024.2 (Build 5238294 on Nov  8 2024)
* Project:        mac_array_poc_r11
* Solution:       solution1 (Vivado IP Flow Target)
* Product family: zynq
* Target device:  xc7z020-clg400-1


================================================================
== Performance Estimates
================================================================
+ Timing: 
    * Summary: 
    +--------+----------+----------+------------+
    |  Clock |  Target  | Estimated| Uncertainty|
    +--------+----------+----------+------------+
    |ap_clk  |  10.00 ns|  7.135 ns|     2.70 ns|
    +--------+----------+----------+------------+

+ Latency: 
    * Summary: 
    +---------+---------+----------+----------+-----+-----+---------+
    |  Latency (cycles) |  Latency (absolute) |  Interval | Pipeline|
    |   min   |   max   |    min   |    max   | min | max |   Type  |
    +---------+---------+----------+----------+-----+-----+---------+
    |        ?|        ?|         ?|         ?|    ?|    ?|       no|
    +---------+---------+----------+----------+-----+-----+---------+

    + Detail: 
        * Instance: 
        +---------------------+-----------+---------+---------+----------+----------+-----+-----+---------+
        |                     |           |  Latency (cycles) |  Latency (absolute) |  Interval | Pipeline|
        |       Instance      |   Module  |   min   |   max   |    min   |    max   | min | max |   Type  |
        +---------------------+-----------+---------+---------+----------+----------+-----+-----+---------+
        |grp_run_layer_fu_94  |run_layer  |        ?|        ?|         ?|         ?|    ?|    ?|       no|
        +---------------------+-----------+---------+---------+----------+----------+-----+-----+---------+

        * Loop: 
        +--------------------+---------+---------+----------+-----------+-----------+------+----------+
        |                    |  Latency (cycles) | Iteration|  Initiation Interval  | Trip |          |
        |      Loop Name     |   min   |   max   |  Latency |  achieved |   target  | Count| Pipelined|
        +--------------------+---------+---------+----------+-----------+-----------+------+----------+
        |- VITIS_LOOP_289_1  |        ?|        ?|         ?|          -|          -|     ?|        no|
        +--------------------+---------+---------+----------+-----------+-----------+------+----------+



================================================================
== Utilization Estimates
================================================================
* Summary: 
+-----------------+---------+-----+--------+--------+-----+
|       Name      | BRAM_18K| DSP |   FF   |   LUT  | URAM|
+-----------------+---------+-----+--------+--------+-----+
|DSP              |        -|    -|       -|       -|    -|
|Expression       |        -|    -|       0|     116|    -|
|FIFO             |        -|    -|       -|       -|    -|
|Instance         |        0|  535|  108151|  191504|    0|
|Memory           |        -|    -|       -|       -|    -|
|Multiplexer      |        -|    -|       0|      38|    -|
|Register         |        -|    -|     828|       -|    -|
+-----------------+---------+-----+--------+--------+-----+
|Total            |        0|  535|  108979|  191658|    0|
+-----------------+---------+-----+--------+--------+-----+
|Available        |      280|  220|  106400|   53200|    0|
+-----------------+---------+-----+--------+--------+-----+
|Utilization (%)  |        0|  243|     102|     360|    0|
+-----------------+---------+-----+--------+--------+-----+

+ Detail: 
    * Instance: 
    +---------------------+-----------+---------+-----+--------+--------+-----+
    |       Instance      |   Module  | BRAM_18K| DSP |   FF   |   LUT  | URAM|
    +---------------------+-----------+---------+-----+--------+--------+-----+
    |grp_run_layer_fu_94  |run_layer  |        0|  535|  108151|  191504|    0|
    +---------------------+-----------+---------+-----+--------+--------+-----+
    |Total                |           |        0|  535|  108151|  191504|    0|
    +---------------------+-----------+---------+-----+--------+--------+-----+

    * DSP: 
    N/A

    * Memory: 
    N/A

    * FIFO: 
    N/A

    * Expression: 
    +------------------------+----------+----+---+----+------------+------------+
    |      Variable Name     | Operation| DSP| FF| LUT| Bitwidth P0| Bitwidth P1|
    +------------------------+----------+----+---+----+------------+------------+
    |add_ln289_fu_130_p2     |         +|   0|  0|  38|          31|           1|
    |icmp_ln289_1_fu_125_p2  |      icmp|   0|  0|  39|          32|          32|
    |icmp_ln289_fu_107_p2    |      icmp|   0|  0|  39|          32|           1|
    +------------------------+----------+----+---+----+------------+------------+
    |Total                   |          |   0|  0| 116|          95|          34|
    +------------------------+----------+----+---+----+------------+------------+

    * Multiplexer: 
    +-----------+----+-----------+-----+-----------+
    |    Name   | LUT| Input Size| Bits| Total Bits|
    +-----------+----+-----------+-----+-----------+
    |ap_NS_fsm  |  20|          4|    1|          4|
    |i_fu_52    |   9|          2|   31|         62|
    |out_base   |   9|          2|    8|         16|
    +-----------+----+-----------+-----+-----------+
    |Total      |  38|          8|   40|         82|
    +-----------+----+-----------+-----+-----------+

    * Register: 
    +----------------------------------+-----+----+-----+-----------+
    |               Name               |  FF | LUT| Bits| Const Bits|
    +----------------------------------+-----+----+-----+-----------+
    |ap_CS_fsm                         |    3|   0|    3|          0|
    |b_base_read_reg_175               |   32|   0|   32|          0|
    |desc_read_reg_157                 |  704|   0|  704|          0|
    |grp_run_layer_fu_94_ap_start_reg  |    1|   0|    1|          0|
    |i_fu_52                           |   31|   0|   31|          0|
    |icmp_ln289_reg_153                |    1|   0|    1|          0|
    |in_base_read_reg_165              |    8|   0|    8|          0|
    |n_layers_read_reg_148             |   32|   0|   32|          0|
    |out_base_reg                      |    8|   0|    8|          0|
    |w_base_read_reg_170               |    8|   0|    8|          0|
    +----------------------------------+-----+----+-----+-----------+
    |Total                             |  828|   0|  828|          0|
    +----------------------------------+-----+----+-----+-----------+



================================================================
== Interface
================================================================
* Summary: 
+--------------------+-----+-----+------------+---------------+--------------+
|      RTL Ports     | Dir | Bits|  Protocol  | Source Object |    C Type    |
+--------------------+-----+-----+------------+---------------+--------------+
|ap_clk              |   in|    1|  ap_ctrl_hs|  mac_array_top|  return value|
|ap_rst              |   in|    1|  ap_ctrl_hs|  mac_array_top|  return value|
|ap_start            |   in|    1|  ap_ctrl_hs|  mac_array_top|  return value|
|ap_done             |  out|    1|  ap_ctrl_hs|  mac_array_top|  return value|
|ap_idle             |  out|    1|  ap_ctrl_hs|  mac_array_top|  return value|
|ap_ready            |  out|    1|  ap_ctrl_hs|  mac_array_top|  return value|
|desc                |   in|  704|     ap_none|           desc|       pointer|
|n_layers            |   in|   32|     ap_none|       n_layers|        scalar|
|in_base             |   in|    8|     ap_none|        in_base|       pointer|
|w_base              |   in|    8|     ap_none|         w_base|       pointer|
|b_base              |   in|   32|     ap_none|         b_base|       pointer|
|out_base            |  out|    8|      ap_vld|       out_base|       pointer|
|out_base_ap_vld     |  out|    1|      ap_vld|       out_base|       pointer|
|out_written         |  out|   32|      ap_vld|    out_written|       pointer|
|out_written_ap_vld  |  out|    1|      ap_vld|    out_written|       pointer|
+--------------------+-----+-----+------------+---------------+--------------+

