
****** Vitis HLS - High-Level Synthesis from C, C++ and OpenCL v2024.2 (64-bit)
  **** SW Build 5238294 on Nov  8 2024
  **** IP Build 5239520 on Sun Nov 10 16:12:51 MST 2024
  **** SharedData Build 5239561 on Fri Nov 08 14:39:27 MST 2024
  **** Start of session at: Mon Aug 10 10:56:44 2026
    ** Copyright 1986-2022 Xilinx, Inc. All Rights Reserved.
    ** Copyright 2022-2024 Advanced Micro Devices, Inc. All Rights Reserved.

source E:/Xilinx/Vitis/2024.2/scripts/vitis_hls/hls.tcl -notrace
INFO: [HLS 200-10] For user 'zhren' on host 'desktop-gblh5mp' (Windows NT_amd64 version 10.0) on Mon Aug 10 10:56:44 -0400 2026
INFO: [HLS 200-10] In directory 'E:/codes/microzed/fastvit_hls/fastvit_ip_w8a4/dwconv_linebuf'
WARNING: [HLS 200-2053] The vitis_hls executable is deprecated. Consider using vitis-run --mode hls --tcl
Sourcing Tcl script 'run_csim.tcl'
INFO: [HLS 200-1510] Running: open_project -reset dwconv_linebuf_proj 
INFO: [HLS 200-10] Opening and resetting project 'E:/codes/microzed/fastvit_hls/fastvit_ip_w8a4/dwconv_linebuf/dwconv_linebuf_proj'.
INFO: [HLS 200-1510] Running: set_top dwconv_worker 
INFO: [HLS 200-1510] Running: add_files dwconv_worker.cpp -cflags -std=c++14 
INFO: [HLS 200-10] Adding design file 'dwconv_worker.cpp' to the project
INFO: [HLS 200-1510] Running: add_files -tb tb_dwconv_worker.cpp -cflags -std=c++14 
INFO: [HLS 200-10] Adding test bench file 'tb_dwconv_worker.cpp' to the project
INFO: [HLS 200-1510] Running: open_solution solution1 -flow_target vivado 
INFO: [HLS 200-10] Creating and opening solution 'E:/codes/microzed/fastvit_hls/fastvit_ip_w8a4/dwconv_linebuf/dwconv_linebuf_proj/solution1'.
INFO: [HLS 200-1505] Using flow_target 'vivado'
Resolution: For help on HLS 200-1505 see docs.xilinx.com/access/sources/dita/topic?Doc_Version=2024.2%20English&url=ug1448-hls-guidance&resourceid=200-1505.html
INFO: [HLS 200-1510] Running: set_part xc7z020clg400-1 
INFO: [HLS 200-1611] Setting target device to 'xc7z020-clg400-1'
INFO: [HLS 200-1510] Running: create_clock -period 5 -name default 
INFO: [SYN 201-201] Setting up clock 'default' with a period of 5ns.
>>> Running C Simulation...
INFO: [HLS 200-1510] Running: csim_design 
INFO: [SIM 211-2] *************** CSIM start ***************
INFO: [SIM 211-4] CSIM will launch CLANG as the compiler.
INFO: [HLS 200-2036] Building debug C Simulation binaries
   Compiling ../../../../tb_dwconv_worker.cpp in debug mode
   Compiling ../../../../dwconv_worker.cpp in debug mode
   Generating csim.exe
In file included from ../../../../tb_dwconv_worker.cpp:20:
In file included from ../../../../dwconv_worker.h:4:
In file included from E:/Xilinx/Vitis/2024.2/include/ap_int.h:10:
In file included from E:/Xilinx/Vitis/2024.2/include/etc/ap_common.h:658:
In file included from E:/Xilinx/Vitis/2024.2/include/etc/ap_private.h:68:
In file included from E:/Xilinx/Vitis/2024.2/include/hls_half.h:26:
In file included from E:/Xilinx/Vitis/2024.2/include/etc/hls_half_fpo.h:19:
In file included from E:/Xilinx/Vitis/2024.2/include/hls_fpo.h:140:
In file included from E:/Xilinx/Vitis/2024.2/include/floating_point_v7_1_bitacc_cmodel.h:150:
E:/Xilinx/Vitis/2024.2/include/gmp.h:58:9: warning: '__GMP_LIBGMP_DLL' macro redefined [-Wmacro-redefined]
#define __GMP_LIBGMP_DLL  0
        ^
E:/Xilinx/Vitis/2024.2/include/floating_point_v7_1_bitacc_cmodel.h:142:9: note: previous definition is here
#define __GMP_LIBGMP_DLL 1
        ^
1 warning generated.
In file included from ../../../../dwconv_worker.cpp:97:
In file included from ../../../../dwconv_worker.h:4:
In file included from E:/Xilinx/Vitis/2024.2/include/ap_int.h:10:
In file included from E:/Xilinx/Vitis/2024.2/include/etc/ap_common.h:658:
In file included from E:/Xilinx/Vitis/2024.2/include/etc/ap_private.h:68:
In file included from E:/Xilinx/Vitis/2024.2/include/hls_half.h:26:
In file included from E:/Xilinx/Vitis/2024.2/include/etc/hls_half_fpo.h:19:
In file included from E:/Xilinx/Vitis/2024.2/include/hls_fpo.h:140:
In file included from E:/Xilinx/Vitis/2024.2/include/floating_point_v7_1_bitacc_cmodel.h:150:
E:/Xilinx/Vitis/2024.2/include/gmp.h:58:9: warning: '__GMP_LIBGMP_DLL' macro redefined [-Wmacro-redefined]
#define __GMP_LIBGMP_DLL  0
        ^
E:/Xilinx/Vitis/2024.2/include/floating_point_v7_1_bitacc_cmodel.h:142:9: note: previous definition is here
#define __GMP_LIBGMP_DLL 1
        ^
1 warning generated.
=== dwconv_linebuf csim ===
[PASS] DW3_s1_CH32 (100352 points)
[PASS] DW3_FastVIT_S1 (196608 points)
[PASS] DW7_s1_CH16 (12544 points)
[PASS] DW7_FastVIT_S3 (12288 points)
[PASS] DW3_small (128 points)
[PASS] DW3_CH3_odd (192 points)
[PASS] DW7_CH5_odd (320 points)
[PASS] DW3_stride2_CH16 (4096 points)
[PASS] DW3_stride2_odd_dim (512 points)
[PASS] DW7_stride2_CH4 (640 points)
[PASS] DW3_pad0_VALID (288 points)
[PASS] DW3_asym_stride_pad (320 points)
[PASS] DW3_fpg3 (768 points)
=== TOTAL ERRORS: 0 ===
ALL TESTS PASSED
INFO: [SIM 211-1] CSim done with 0 errors.
INFO: [SIM 211-3] *************** CSIM finish ***************
INFO: [HLS 200-2161] Finished Command csim_design Elapsed time: 00:00:03; Allocated memory: 0.547 MB.
>>> Done. Check dwconv_linebuf_proj/solution1/csim/report
INFO: [HLS 200-1510] Running: close_project 
INFO: [HLS 200-112] Total CPU user time: 1 seconds. Total CPU system time: 0 seconds. Total elapsed time: 4.404 seconds; peak allocated memory: 151.648 MB.
