
****** Vitis HLS - High-Level Synthesis from C, C++ and OpenCL v2024.2 (64-bit)
  **** SW Build 5238294 on Nov  8 2024
  **** IP Build 5239520 on Sun Nov 10 16:12:51 MST 2024
  **** SharedData Build 5239561 on Fri Nov 08 14:39:27 MST 2024
  **** Start of session at: Mon Aug 10 10:56:58 2026
    ** Copyright 1986-2022 Xilinx, Inc. All Rights Reserved.
    ** Copyright 2022-2024 Advanced Micro Devices, Inc. All Rights Reserved.

source E:/Xilinx/Vitis/2024.2/scripts/vitis_hls/hls.tcl -notrace
INFO: [HLS 200-10] For user 'zhren' on host 'desktop-gblh5mp' (Windows NT_amd64 version 10.0) on Mon Aug 10 10:56:58 -0400 2026
INFO: [HLS 200-10] In directory 'E:/codes/microzed/fastvit_hls/fastvit_ip_w8a4/dwconv_linebuf'
WARNING: [HLS 200-2053] The vitis_hls executable is deprecated. Consider using vitis-run --mode hls --tcl
Sourcing Tcl script 'run_hls_200mhz.tcl'
INFO: [HLS 200-1510] Running: open_project dwconv_linebuf_proj 
INFO: [HLS 200-10] Opening project 'E:/codes/microzed/fastvit_hls/fastvit_ip_w8a4/dwconv_linebuf/dwconv_linebuf_proj'.
INFO: [HLS 200-1510] Running: set_top dwconv_worker 
INFO: [HLS 200-1510] Running: add_files dwconv_worker.cpp -cflags -std=c++14 
INFO: [HLS 200-10] Adding design file 'dwconv_worker.cpp' to the project
INFO: [HLS 200-1510] Running: add_files -tb tb_dwconv_worker.cpp -cflags -std=c++14 
INFO: [HLS 200-10] Adding test bench file 'tb_dwconv_worker.cpp' to the project
INFO: [HLS 200-1510] Running: open_solution solution1 -flow_target vivado 
INFO: [HLS 200-10] Opening solution 'E:/codes/microzed/fastvit_hls/fastvit_ip_w8a4/dwconv_linebuf/dwconv_linebuf_proj/solution1'.
INFO: [SYN 201-201] Setting up clock 'default' with a period of 5ns.
INFO: [HLS 200-1611] Setting target device to 'xc7z020-clg400-1'
INFO: [HLS 200-1505] Using flow_target 'vivado'
Resolution: For help on HLS 200-1505 see docs.xilinx.com/access/sources/dita/topic?Doc_Version=2024.2%20English&url=ug1448-hls-guidance&resourceid=200-1505.html
INFO: [HLS 200-1510] Running: set_part xc7z020clg400-1 
INFO: [HLS 200-1510] Running: create_clock -period 5 -name default 
>>> Running C Simulation...
INFO: [HLS 200-1510] Running: csim_design 
INFO: [SIM 211-2] *************** CSIM start ***************
INFO: [SIM 211-4] CSIM will launch CLANG as the compiler.
INFO: [HLS 200-2036] Building debug C Simulation binaries
make: 'csim.exe' is up to date.
=== dwconv_linebuf csim ===
[PASS] DW3_s1_CH32 (100352 points)
[PASS] DW3_FastVIT_S1 (196608 points)
[PASS] DW7_s1_CH16 (12544 points)
[PASS] DW7_FastVIT_S3 (12288 points)
[PASS] DW3_small (128 points)
[PASS] DW3_CH3_odd (192 points)
[PASS] DW7_CH5_odd (320 points)
[PASS] DW3_stride2_CH16 (4096 points)
[PASS] DW3_stride2_odd_dim (512 points)
[PASS] DW7_stride2_CH4 (640 points)
[PASS] DW3_pad0_VALID (288 points)
[PASS] DW3_asym_stride_pad (320 points)
[PASS] DW3_fpg3 (768 points)
=== TOTAL ERRORS: 0 ===
ALL TESTS PASSED
INFO: [SIM 211-1] CSim done with 0 errors.
INFO: [SIM 211-3] *************** CSIM finish ***************
INFO: [HLS 200-2161] Finished Command csim_design Elapsed time: 00:00:01; Allocated memory: 0.355 MB.
>>> Running C Synthesis...
INFO: [HLS 200-1510] Running: csynth_design 
INFO: [HLS 200-111] Finished File checks and directory preparation: CPU user time: 0 seconds. CPU system time: 0 seconds. Elapsed time: 0.049 seconds; current allocated memory: 209.930 MB.
INFO: [HLS 200-10] Analyzing design file 'dwconv_worker.cpp' ... 
INFO: [HLS 200-111] Finished Source Code Analysis and Preprocessing: CPU user time: 0 seconds. CPU system time: 0 seconds. Elapsed time: 2.324 seconds; current allocated memory: 212.012 MB.
INFO: [HLS 200-777] Using interface defaults for 'Vivado' flow target.
INFO: [HLS 200-1995] There were 4,969 instructions in the design after the 'Compile/Link' phase of compilation. See the Design Size Report for more details: E:/codes/microzed/fastvit_hls/fastvit_ip_w8a4/dwconv_linebuf/dwconv_linebuf_proj/solution1/syn/report/csynth_design_size.rpt
INFO: [HLS 200-1995] There were 1,337 instructions in the design after the 'Unroll/Inline (step 1)' phase of compilation. See the Design Size Report for more details: E:/codes/microzed/fastvit_hls/fastvit_ip_w8a4/dwconv_linebuf/dwconv_linebuf_proj/solution1/syn/report/csynth_design_size.rpt
INFO: [HLS 200-1995] There were 1,040 instructions in the design after the 'Unroll/Inline (step 2)' phase of compilation. See the Design Size Report for more details: E:/codes/microzed/fastvit_hls/fastvit_ip_w8a4/dwconv_linebuf/dwconv_linebuf_proj/solution1/syn/report/csynth_design_size.rpt
INFO: [HLS 200-1995] There were 1,083 instructions in the design after the 'Unroll/Inline (step 3)' phase of compilation. See the Design Size Report for more details: E:/codes/microzed/fastvit_hls/fastvit_ip_w8a4/dwconv_linebuf/dwconv_linebuf_proj/solution1/syn/report/csynth_design_size.rpt
INFO: [HLS 200-1995] There were 1,083 instructions in the design after the 'Unroll/Inline (step 4)' phase of compilation. See the Design Size Report for more details: E:/codes/microzed/fastvit_hls/fastvit_ip_w8a4/dwconv_linebuf/dwconv_linebuf_proj/solution1/syn/report/csynth_design_size.rpt
INFO: [HLS 200-1995] There were 1,611 instructions in the design after the 'Array/Struct (step 1)' phase of compilation. See the Design Size Report for more details: E:/codes/microzed/fastvit_hls/fastvit_ip_w8a4/dwconv_linebuf/dwconv_linebuf_proj/solution1/syn/report/csynth_design_size.rpt
INFO: [HLS 200-1995] There were 1,725 instructions in the design after the 'Array/Struct (step 2)' phase of compilation. See the Design Size Report for more details: E:/codes/microzed/fastvit_hls/fastvit_ip_w8a4/dwconv_linebuf/dwconv_linebuf_proj/solution1/syn/report/csynth_design_size.rpt
INFO: [HLS 200-1995] There were 1,725 instructions in the design after the 'Array/Struct (step 3)' phase of compilation. See the Design Size Report for more details: E:/codes/microzed/fastvit_hls/fastvit_ip_w8a4/dwconv_linebuf/dwconv_linebuf_proj/solution1/syn/report/csynth_design_size.rpt
INFO: [HLS 200-1995] There were 1,725 instructions in the design after the 'Array/Struct (step 4)' phase of compilation. See the Design Size Report for more details: E:/codes/microzed/fastvit_hls/fastvit_ip_w8a4/dwconv_linebuf/dwconv_linebuf_proj/solution1/syn/report/csynth_design_size.rpt
INFO: [HLS 200-1995] There were 2,047 instructions in the design after the 'Array/Struct (step 5)' phase of compilation. See the Design Size Report for more details: E:/codes/microzed/fastvit_hls/fastvit_ip_w8a4/dwconv_linebuf/dwconv_linebuf_proj/solution1/syn/report/csynth_design_size.rpt
INFO: [HLS 200-1995] There were 2,044 instructions in the design after the 'Performance (step 1)' phase of compilation. See the Design Size Report for more details: E:/codes/microzed/fastvit_hls/fastvit_ip_w8a4/dwconv_linebuf/dwconv_linebuf_proj/solution1/syn/report/csynth_design_size.rpt
INFO: [HLS 200-1995] There were 1,761 instructions in the design after the 'Performance (step 2)' phase of compilation. See the Design Size Report for more details: E:/codes/microzed/fastvit_hls/fastvit_ip_w8a4/dwconv_linebuf/dwconv_linebuf_proj/solution1/syn/report/csynth_design_size.rpt
INFO: [HLS 200-1995] There were 1,755 instructions in the design after the 'Performance (step 3)' phase of compilation. See the Design Size Report for more details: E:/codes/microzed/fastvit_hls/fastvit_ip_w8a4/dwconv_linebuf/dwconv_linebuf_proj/solution1/syn/report/csynth_design_size.rpt
INFO: [HLS 200-1995] There were 1,755 instructions in the design after the 'Performance (step 4)' phase of compilation. See the Design Size Report for more details: E:/codes/microzed/fastvit_hls/fastvit_ip_w8a4/dwconv_linebuf/dwconv_linebuf_proj/solution1/syn/report/csynth_design_size.rpt
INFO: [HLS 200-1995] There were 1,791 instructions in the design after the 'HW Transforms (step 1)' phase of compilation. See the Design Size Report for more details: E:/codes/microzed/fastvit_hls/fastvit_ip_w8a4/dwconv_linebuf/dwconv_linebuf_proj/solution1/syn/report/csynth_design_size.rpt
INFO: [HLS 200-1995] There were 1,484 instructions in the design after the 'HW Transforms (step 2)' phase of compilation. See the Design Size Report for more details: E:/codes/microzed/fastvit_hls/fastvit_ip_w8a4/dwconv_linebuf/dwconv_linebuf_proj/solution1/syn/report/csynth_design_size.rpt
INFO: [HLS 214-131] Inlining function 'dwconv_apply_act(ap_int<32>, int, int)' into 'dwconv_worker(ap_uint<32>*, ap_int<8>*, ap_int<32>*, ap_uint<32>*, int, int, int, int, int, int, int, int, int, int, int, int)' (dwconv_worker.cpp:339:29)
INFO: [HLS 214-291] Loop 'VITIS_LOOP_222_1' is marked as complete unroll implied by the pipeline pragma (dwconv_worker.cpp:222:20)
INFO: [HLS 214-291] Loop 'LOOP_ROWHIST' is marked as complete unroll implied by the pipeline pragma (dwconv_worker.cpp:286:21)
INFO: [HLS 214-291] Loop 'LOOP_WIN_ROW' is marked as complete unroll implied by the pipeline pragma (dwconv_worker.cpp:294:21)
INFO: [HLS 214-291] Loop 'LOOP_WIN_COL' is marked as complete unroll implied by the pipeline pragma (dwconv_worker.cpp:297:25)
INFO: [HLS 214-291] Loop 'LOOP_LINEBUF_SHIFT' is marked as complete unroll implied by the pipeline pragma (dwconv_worker.cpp:309:25)
INFO: [HLS 214-291] Loop 'LOOP_DOT_I' is marked as complete unroll implied by the pipeline pragma (dwconv_worker.cpp:322:25)
INFO: [HLS 214-291] Loop 'LOOP_DOT_J' is marked as complete unroll implied by the pipeline pragma (dwconv_worker.cpp:325:29)
INFO: [HLS 214-186] Unrolling loop 'LOOP_ROWHIST' (dwconv_worker.cpp:286:21) in function 'dwconv_worker' completely with a factor of 6 (dwconv_worker.cpp:137:0)
INFO: [HLS 214-186] Unrolling loop 'LOOP_WIN_ROW' (dwconv_worker.cpp:294:21) in function 'dwconv_worker' completely with a factor of 7 (dwconv_worker.cpp:137:0)
INFO: [HLS 214-186] Unrolling loop 'LOOP_WIN_COL' (dwconv_worker.cpp:297:25) in function 'dwconv_worker' completely with a factor of 6 (dwconv_worker.cpp:137:0)
INFO: [HLS 214-186] Unrolling loop 'LOOP_LINEBUF_SHIFT' (dwconv_worker.cpp:309:25) in function 'dwconv_worker' completely with a factor of 5 (dwconv_worker.cpp:137:0)
INFO: [HLS 214-186] Unrolling loop 'LOOP_DOT_I' (dwconv_worker.cpp:322:25) in function 'dwconv_worker' completely with a factor of 7 (dwconv_worker.cpp:137:0)
INFO: [HLS 214-186] Unrolling loop 'LOOP_DOT_J' (dwconv_worker.cpp:325:29) in function 'dwconv_worker' completely with a factor of 7 (dwconv_worker.cpp:137:0)
INFO: [HLS 214-248] Applying array_partition to '_ZZ13dwconv_workerP7ap_uintILi32EEP6ap_intILi8EEPS2_ILi32EES1_iiiiiiiiiiiiE8line_buf': Complete partitioning on dimension 1. (dwconv_worker.cpp:171:0)
INFO: [HLS 214-248] Applying array_partition to '_ZL10ch_out_buf': Cyclic partitioning with factor 16 on dimension 1. (dwconv_worker.cpp:106:0)
INFO: [HLS 214-248] Applying array_partition to 'window': Complete partitioning on dimension 1. Complete partitioning on dimension 2. (dwconv_worker.cpp:180:8)
INFO: [HLS 214-248] Applying array_partition to 'wt_buf': Complete partitioning on dimension 1. Complete partitioning on dimension 2. (dwconv_worker.cpp:184:7)
INFO: [HLS 214-248] Applying array_partition to 'lanes': Complete partitioning on dimension 1. (dwconv_worker.cpp:239:19)
INFO: [HLS 214-248] Applying array_partition to 'new_col': Complete partitioning on dimension 1. (dwconv_worker.cpp:282:27)
WARNING: [HLS 214-358] Array transformation on index using bit extension logic may lead to poor performance. Please use int or long for array index computation to benefit from optimizations. (dwconv_worker.cpp:274:33)
INFO: [HLS 214-115] Multiple burst reads of variable length and bit width 8 in loop 'LOOP_DW_CH'(dwconv_worker.cpp:212:5) has been inferred on bundle 'gmem1'. These burst requests might be further partitioned into multiple requests during RTL generation, based on max_read_burst_length or max_write_burst_length settings. (dwconv_worker.cpp:212:5)
INFO: [HLS 214-115] Multiple burst writes of variable length and bit width 32 has been inferred on bundle 'gmem3'. These burst requests might be further partitioned into multiple requests during RTL generation, based on max_read_burst_length or max_write_burst_length settings. (dwconv_worker.cpp:212:5)
INFO: [HLS 214-115] Multiple burst reads of variable length and bit width 32 has been inferred on bundle 'gmem2'. These burst requests might be further partitioned into multiple requests during RTL generation, based on max_read_burst_length or max_write_burst_length settings. (dwconv_worker.cpp:212:5)
WARNING: [HLS 214-187] Cannot unroll loop 'VITIS_LOOP_222_1' (dwconv_worker.cpp:222:20) in function 'dwconv_worker' as it has a variable trip count (dwconv_worker.cpp:222:20)
INFO: [HLS 200-111] Finished Compiling Optimization and Transform: CPU user time: 0 seconds. CPU system time: 1 seconds. Elapsed time: 7.276 seconds; current allocated memory: 213.938 MB.
INFO: [HLS 200-111] Finished Checking Pragmas: CPU user time: 0 seconds. CPU system time: 0 seconds. Elapsed time: 0.001 seconds; current allocated memory: 213.938 MB.
INFO: [HLS 200-10] Starting code transformations ...
INFO: [HLS 200-111] Finished Standard Transforms: CPU user time: 1 seconds. CPU system time: 0 seconds. Elapsed time: 0.083 seconds; current allocated memory: 223.340 MB.
INFO: [HLS 200-10] Checking synthesizability ...
INFO: [HLS 200-111] Finished Checking Synthesizability: CPU user time: 0 seconds. CPU system time: 0 seconds. Elapsed time: 0.072 seconds; current allocated memory: 225.902 MB.
INFO: [XFORM 203-401] Performing if-conversion on hyperblock from (dwconv_worker.cpp:320:31) to (dwconv_worker.cpp:338:62) in function 'dwconv_worker'... converting 99 basic blocks.
INFO: [XFORM 203-11] Balancing expressions in function 'dwconv_worker' (dwconv_worker.cpp:110:21)...7 expression(s) balanced.
INFO: [HLS 200-111] Finished Loop, function and other optimizations: CPU user time: 0 seconds. CPU system time: 0 seconds. Elapsed time: 0.308 seconds; current allocated memory: 255.531 MB.
WARNING: [HLS 200-960] Cannot flatten loop 'LOOP_DW_ROW' (dwconv_worker.cpp:243:13) in function 'dwconv_worker' the outer loop is not a perfect loop because there is nontrivial logic before entering the inner loop.
Resolution: For help on HLS 200-960 see docs.xilinx.com/access/sources/dita/topic?Doc_Version=2024.2%20English&url=ug1448-hls-guidance&resourceid=200-960.html
WARNING: [XFORM 203-561] Updating loop upper bound from 4095 to 2047 for loop 'LOOP_DW_COL' (dwconv_worker.cpp:239:19) in function 'dwconv_worker'.
INFO: [HLS 200-111] Finished Architecture Synthesis: CPU user time: 0 seconds. CPU system time: 0 seconds. Elapsed time: 0.272 seconds; current allocated memory: 268.289 MB.
INFO: [HLS 200-10] Starting hardware synthesis ...
INFO: [HLS 200-10] Synthesizing 'dwconv_worker' ...
INFO: [HLS 200-10] ----------------------------------------------------------------
INFO: [HLS 200-42] -- Implementing module 'dwconv_worker_Pipeline_LOOP_DW_COL' 
INFO: [HLS 200-10] ----------------------------------------------------------------
INFO: [SCHED 204-11] Starting scheduling ...
INFO: [HLS 200-486] Changing DSP latency (root=sum_97) to 3 in order to utilize available DSP registers.
INFO: [HLS 200-486] Changing DSP latency (root=sum_95) to 3 in order to utilize available DSP registers.
INFO: [HLS 200-486] Changing DSP latency (root=sum_93) to 3 in order to utilize available DSP registers.
INFO: [HLS 200-486] Changing DSP latency (root=sum_91) to 3 in order to utilize available DSP registers.
INFO: [HLS 200-486] Changing DSP latency (root=sum_89) to 3 in order to utilize available DSP registers.
INFO: [HLS 200-486] Changing DSP latency (root=sum_87) to 3 in order to utilize available DSP registers.
INFO: [HLS 200-486] Changing DSP latency (root=sum_85) to 3 in order to utilize available DSP registers.
INFO: [HLS 200-486] Changing DSP latency (root=sum_83) to 3 in order to utilize available DSP registers.
INFO: [HLS 200-486] Changing DSP latency (root=sum_81) to 3 in order to utilize available DSP registers.
INFO: [HLS 200-486] Changing DSP latency (root=sum_79) to 3 in order to utilize available DSP registers.
INFO: [HLS 200-486] Changing DSP latency (root=sum_77) to 3 in order to utilize available DSP registers.
INFO: [HLS 200-486] Changing DSP latency (root=sum_75) to 3 in order to utilize available DSP registers.
INFO: [HLS 200-486] Changing DSP latency (root=sum_73) to 3 in order to utilize available DSP registers.
INFO: [HLS 200-486] Changing DSP latency (root=sum_71) to 3 in order to utilize available DSP registers.
INFO: [HLS 200-486] Changing DSP latency (root=sum_69) to 3 in order to utilize available DSP registers.
INFO: [HLS 200-486] Changing DSP latency (root=sum_67) to 3 in order to utilize available DSP registers.
INFO: [HLS 200-486] Changing DSP latency (root=sum_65) to 3 in order to utilize available DSP registers.
INFO: [HLS 200-486] Changing DSP latency (root=sum_63) to 3 in order to utilize available DSP registers.
INFO: [HLS 200-486] Changing DSP latency (root=sum_61) to 3 in order to utilize available DSP registers.
INFO: [HLS 200-486] Changing DSP latency (root=sum_59) to 3 in order to utilize available DSP registers.
INFO: [HLS 200-486] Changing DSP latency (root=sum_57) to 3 in order to utilize available DSP registers.
INFO: [HLS 200-486] Changing DSP latency (root=sum_55) to 3 in order to utilize available DSP registers.
INFO: [HLS 200-486] Changing DSP latency (root=sum_53) to 3 in order to utilize available DSP registers.
INFO: [HLS 200-486] Changing DSP latency (root=sum_51) to 3 in order to utilize available DSP registers.
INFO: [HLS 200-486] Changing DSP latency (root=sum_49) to 3 in order to utilize available DSP registers.
INFO: [HLS 200-486] Changing DSP latency (root=sum_47) to 3 in order to utilize available DSP registers.
INFO: [HLS 200-486] Changing DSP latency (root=sum_45) to 3 in order to utilize available DSP registers.
INFO: [HLS 200-486] Changing DSP latency (root=sum_43) to 3 in order to utilize available DSP registers.
INFO: [HLS 200-486] Changing DSP latency (root=sum_41) to 3 in order to utilize available DSP registers.
INFO: [HLS 200-486] Changing DSP latency (root=sum_39) to 3 in order to utilize available DSP registers.
INFO: [HLS 200-486] Changing DSP latency (root=sum_37) to 3 in order to utilize available DSP registers.
INFO: [HLS 200-486] Changing DSP latency (root=sum_35) to 3 in order to utilize available DSP registers.
INFO: [HLS 200-486] Changing DSP latency (root=sum_33) to 3 in order to utilize available DSP registers.
INFO: [HLS 200-486] Changing DSP latency (root=sum_31) to 3 in order to utilize available DSP registers.
INFO: [HLS 200-486] Changing DSP latency (root=sum_29) to 3 in order to utilize available DSP registers.
INFO: [HLS 200-486] Changing DSP latency (root=sum_27) to 3 in order to utilize available DSP registers.
INFO: [HLS 200-486] Changing DSP latency (root=sum_25) to 3 in order to utilize available DSP registers.
INFO: [HLS 200-486] Changing DSP latency (root=sum_23) to 3 in order to utilize available DSP registers.
INFO: [HLS 200-486] Changing DSP latency (root=sum_21) to 3 in order to utilize available DSP registers.
INFO: [HLS 200-486] Changing DSP latency (root=sum_19) to 3 in order to utilize available DSP registers.
INFO: [HLS 200-486] Changing DSP latency (root=sum_17) to 3 in order to utilize available DSP registers.
INFO: [HLS 200-486] Changing DSP latency (root=sum_15) to 3 in order to utilize available DSP registers.
INFO: [HLS 200-486] Changing DSP latency (root=sum_13) to 3 in order to utilize available DSP registers.
INFO: [HLS 200-486] Changing DSP latency (root=sum_11) to 3 in order to utilize available DSP registers.
INFO: [HLS 200-486] Changing DSP latency (root=sum_9) to 3 in order to utilize available DSP registers.
INFO: [HLS 200-486] Changing DSP latency (root=sum_7) to 3 in order to utilize available DSP registers.
INFO: [HLS 200-486] Changing DSP latency (root=sum_5) to 3 in order to utilize available DSP registers.
INFO: [HLS 200-486] Changing DSP latency (root=sum_3) to 3 in order to utilize available DSP registers.
INFO: [HLS 200-486] Changing DSP latency (root=sum_1) to 3 in order to utilize available DSP registers.
INFO: [SCHED 204-61] Pipelining loop 'LOOP_DW_COL'.
INFO: [HLS 200-1470] Pipelining result : Target II = 1, Final II = 1, Depth = 180, loop 'LOOP_DW_COL'
WARNING: [HLS 200-871] Estimated clock period (4.815 ns) exceeds the target (target clock period: 5.000 ns, clock uncertainty: 1.350 ns, effective delay budget: 3.650 ns).
Resolution: For help on HLS 200-871 see docs.xilinx.com/access/sources/dita/topic?Doc_Version=2024.2%20English&url=ug1448-hls-guidance&resourceid=200-871.html
WARNING: [HLS 200-1016] The critical path in module 'dwconv_worker_Pipeline_LOOP_DW_COL' consists of the following:
	'store' operation 0 bit ('iw_ext_write_ln255', dwconv_worker.cpp:255) of constant 0 on local variable 'iw_ext', dwconv_worker.cpp:255 [519]  (1.588 ns)
	'load' operation 11 bit ('iw_ext', dwconv_worker.cpp:255) on local variable 'iw_ext', dwconv_worker.cpp:255 [524]  (0.000 ns)
	'add' operation 11 bit ('iw_ext', dwconv_worker.cpp:255) [566]  (1.639 ns)
	'store' operation 0 bit ('iw_ext_write_ln255', dwconv_worker.cpp:255) of variable 'iw_ext', dwconv_worker.cpp:255 on local variable 'iw_ext', dwconv_worker.cpp:255 [1054]  (1.588 ns)

Resolution: For help on HLS 200-1016 see docs.xilinx.com/access/sources/dita/topic?Doc_Version=2024.2%20English&url=ug1448-hls-guidance&resourceid=200-1016.html
INFO: [SCHED 204-11] Finished scheduling.
INFO: [HLS 200-111] Finished Scheduling: CPU user time: 0 seconds. CPU system time: 0 seconds. Elapsed time: 0.636 seconds; current allocated memory: 280.211 MB.
INFO: [BIND 205-100] Starting micro-architecture generation ...
INFO: [BIND 205-101] Performing variable lifetime analysis.
INFO: [BIND 205-101] Exploring resource sharing.
INFO: [BIND 205-101] Binding ...
INFO: [BIND 205-100] Finished micro-architecture generation.
INFO: [HLS 200-111] Finished Binding: CPU user time: 1 seconds. CPU system time: 0 seconds. Elapsed time: 0.131 seconds; current allocated memory: 281.320 MB.
INFO: [HLS 200-10] ----------------------------------------------------------------
INFO: [HLS 200-42] -- Implementing module 'dwconv_worker_Pipeline_WRITEBACK_OUT' 
INFO: [HLS 200-10] ----------------------------------------------------------------
INFO: [SCHED 204-11] Starting scheduling ...
INFO: [SCHED 204-61] Pipelining loop 'WRITEBACK_OUT'.
INFO: [HLS 200-1470] Pipelining result : Target II = 1, Final II = 1, Depth = 3, loop 'WRITEBACK_OUT'
WARNING: [HLS 200-871] Estimated clock period (5.639 ns) exceeds the target (target clock period: 5.000 ns, clock uncertainty: 1.350 ns, effective delay budget: 3.650 ns).
Resolution: For help on HLS 200-871 see docs.xilinx.com/access/sources/dita/topic?Doc_Version=2024.2%20English&url=ug1448-hls-guidance&resourceid=200-871.html
WARNING: [HLS 200-1016] The critical path in module 'dwconv_worker_Pipeline_WRITEBACK_OUT' consists of the following:
	'store' operation 0 bit ('hw_write_ln348', dwconv_worker.cpp:348) of constant 0 on local variable 'hw', dwconv_worker.cpp:348 [41]  (1.588 ns)
	'load' operation 28 bit ('hw', dwconv_worker.cpp:348) on local variable 'hw', dwconv_worker.cpp:348 [44]  (0.000 ns)
	'icmp' operation 1 bit ('icmp_ln348', dwconv_worker.cpp:348) [47]  (2.463 ns)
	'store' operation 0 bit ('hw_write_ln348', dwconv_worker.cpp:348) of variable 'add_ln348', dwconv_worker.cpp:348 on local variable 'hw', dwconv_worker.cpp:348 [100]  (1.588 ns)

Resolution: For help on HLS 200-1016 see docs.xilinx.com/access/sources/dita/topic?Doc_Version=2024.2%20English&url=ug1448-hls-guidance&resourceid=200-1016.html
INFO: [SCHED 204-11] Finished scheduling.
INFO: [HLS 200-111] Finished Scheduling: CPU user time: 0 seconds. CPU system time: 0 seconds. Elapsed time: 0.171 seconds; current allocated memory: 281.906 MB.
INFO: [BIND 205-100] Starting micro-architecture generation ...
INFO: [BIND 205-101] Performing variable lifetime analysis.
INFO: [BIND 205-101] Exploring resource sharing.
INFO: [BIND 205-101] Binding ...
INFO: [BIND 205-100] Finished micro-architecture generation.
INFO: [HLS 200-111] Finished Binding: CPU user time: 0 seconds. CPU system time: 0 seconds. Elapsed time: 0.041 seconds; current allocated memory: 282.160 MB.
INFO: [HLS 200-10] ----------------------------------------------------------------
INFO: [HLS 200-42] -- Implementing module 'dwconv_worker' 
INFO: [HLS 200-10] ----------------------------------------------------------------
INFO: [SCHED 204-11] Starting scheduling ...
WARNING: [HLS 200-1015] Estimated delay Estimated delay (6.978ns)  of 'mul' operation 64 bit ('mul_ln212_2', dwconv_worker.cpp:212) exceeds the target cycle time (target cycle time: 5.000ns, clock uncertainty: 1.350ns, effective cycle time: 3.650ns).

Resolution: For help on HLS 200-1015 see docs.xilinx.com/access/sources/dita/topic?Doc_Version=2024.2%20English&url=ug1448-hls-guidance&resourceid=200-1015.html
WARNING: [SCHED 204-65] Unable to satisfy pipeline directive for loop 'LOAD_DW_WT': contains subloop(s) that are not unrolled or flattened.
WARNING: [HLS 200-871] Estimated clock period (6.978 ns) exceeds the target (target clock period: 5.000 ns, clock uncertainty: 1.350 ns, effective delay budget: 3.650 ns).
Resolution: For help on HLS 200-871 see docs.xilinx.com/access/sources/dita/topic?Doc_Version=2024.2%20English&url=ug1448-hls-guidance&resourceid=200-871.html
WARNING: [HLS 200-1016] The critical path in module 'dwconv_worker' consists of the following:
	'mul' operation 64 bit ('mul_ln212_2', dwconv_worker.cpp:212) [293]  (6.978 ns)

Resolution: For help on HLS 200-1016 see docs.xilinx.com/access/sources/dita/topic?Doc_Version=2024.2%20English&url=ug1448-hls-guidance&resourceid=200-1016.html
INFO: [SCHED 204-11] Finished scheduling.
INFO: [HLS 200-111] Finished Scheduling: CPU user time: 0 seconds. CPU system time: 0 seconds. Elapsed time: 0.151 seconds; current allocated memory: 286.430 MB.
INFO: [BIND 205-100] Starting micro-architecture generation ...
INFO: [BIND 205-101] Performing variable lifetime analysis.
INFO: [BIND 205-101] Exploring resource sharing.
INFO: [BIND 205-101] Binding ...
INFO: [BIND 205-100] Finished micro-architecture generation.
INFO: [HLS 200-111] Finished Binding: CPU user time: 0 seconds. CPU system time: 0 seconds. Elapsed time: 0.098 seconds; current allocated memory: 287.887 MB.
INFO: [HLS 200-10] ----------------------------------------------------------------
INFO: [HLS 200-10] -- Generating RTL for module 'dwconv_worker_Pipeline_LOOP_DW_COL' 
INFO: [HLS 200-10] ----------------------------------------------------------------
INFO: [SYN 201-210] Renamed object name 'dwconv_worker_Pipeline_LOOP_DW_COL_dwconv_worker_ap_uint_ap_int_ap_int_ap_uint_int_int_int_int_int_int_int_int_5_RAM_AUTO_1R1W' to 'dwconv_worker_Pipeline_LOOP_DW_COL_dwconv_worker_ap_uint_ap_int_ap_int_ap_uinbkb' due to the length limit 80
INFO: [SYN 201-210] Renamed object name 'dwconv_worker_Pipeline_LOOP_DW_COL_dwconv_worker_ap_uint_ap_int_ap_int_ap_uint_int_int_int_int_int_int_int_int_4_RAM_AUTO_1R1W' to 'dwconv_worker_Pipeline_LOOP_DW_COL_dwconv_worker_ap_uint_ap_int_ap_int_ap_uincud' due to the length limit 80
INFO: [SYN 201-210] Renamed object name 'dwconv_worker_Pipeline_LOOP_DW_COL_dwconv_worker_ap_uint_ap_int_ap_int_ap_uint_int_int_int_int_int_int_int_int_3_RAM_AUTO_1R1W' to 'dwconv_worker_Pipeline_LOOP_DW_COL_dwconv_worker_ap_uint_ap_int_ap_int_ap_uindEe' due to the length limit 80
INFO: [SYN 201-210] Renamed object name 'dwconv_worker_Pipeline_LOOP_DW_COL_dwconv_worker_ap_uint_ap_int_ap_int_ap_uint_int_int_int_int_int_int_int_int_2_RAM_AUTO_1R1W' to 'dwconv_worker_Pipeline_LOOP_DW_COL_dwconv_worker_ap_uint_ap_int_ap_int_ap_uineOg' due to the length limit 80
INFO: [SYN 201-210] Renamed object name 'dwconv_worker_Pipeline_LOOP_DW_COL_dwconv_worker_ap_uint_ap_int_ap_int_ap_uint_int_int_int_int_int_int_int_int_1_RAM_AUTO_1R1W' to 'dwconv_worker_Pipeline_LOOP_DW_COL_dwconv_worker_ap_uint_ap_int_ap_int_ap_uinfYi' due to the length limit 80
INFO: [SYN 201-210] Renamed object name 'dwconv_worker_Pipeline_LOOP_DW_COL_dwconv_mulmulmulmulworker_ap_uint_ap_int_ap_int_ap_uint_int_int_int_int_int_int_int_int_RAM_AUTO_1R1W' to 'dwconv_worker_Pipeline_LOOP_DW_COL_dwconv_mulmulmulmulworker_ap_uint_ap_int_ag8j' due to the length limit 80
INFO: [HLS 200-1030] Apply Unified Pipeline Control on module 'dwconv_worker_Pipeline_LOOP_DW_COL' pipeline 'LOOP_DW_COL' pipeline type 'loop pipeline'
INFO: [RTGEN 206-104] Estimated max fanout for 'dwconv_worker_Pipeline_LOOP_DW_COL' is 15030 from HDL expression: ((1'b0 == ap_block_pp0_stage0_subdone_grp0_done_reg) & (1'b0 == ap_block_pp0_stage0_11001_grp0))
INFO: [RTGEN 206-100] Generating core module 'ashr_32ns_32ns_32_2_1': 1 instance(s).
INFO: [RTGEN 206-100] Generating core module 'mac_muladd_8s_4s_32s_32_4_1': 49 instance(s).
INFO: [RTGEN 206-100] Generating core module 'shl_32ns_32ns_32_2_1': 1 instance(s).
INFO: [RTGEN 206-100] Generating core module 'sparsemux_17_3_4_1_1': 1 instance(s).
INFO: [RTGEN 206-100] Finished creating RTL model for 'dwconv_worker_Pipeline_LOOP_DW_COL'.
INFO: [RTMG 210-278] Implementing memory 'dwconv_worker_dwconv_worker_Pipeline_LOOP_DW_COL_dwconv_worker_ap_uint_ap_int_ap_int_ap_uinbkb' using auto RAMs.
INFO: [RTMG 210-278] Implementing memory 'dwconv_worker_dwconv_worker_Pipeline_LOOP_DW_COL_dwconv_mulmulmulmulworker_ap_uint_ap_int_ag8j' using auto RAMs.
INFO: [HLS 200-111] Finished Creating RTL model: CPU user time: 2 seconds. CPU system time: 0 seconds. Elapsed time: 1.722 seconds; current allocated memory: 346.609 MB.
INFO: [HLS 200-10] ----------------------------------------------------------------
INFO: [HLS 200-10] -- Generating RTL for module 'dwconv_worker_Pipeline_WRITEBACK_OUT' 
INFO: [HLS 200-10] ----------------------------------------------------------------
INFO: [HLS 200-1030] Apply Unified Pipeline Control on module 'dwconv_worker_Pipeline_WRITEBACK_OUT' pipeline 'WRITEBACK_OUT' pipeline type 'loop pipeline'
WARNING: [RTGEN 206-101] Setting dangling out port 'dwconv_worker_Pipeline_WRITEBACK_OUT/m_axi_gmem3_0_AWVALID' to 0.
WARNING: [RTGEN 206-101] Setting dangling out port 'dwconv_worker_Pipeline_WRITEBACK_OUT/m_axi_gmem3_0_AWADDR' to 0.
WARNING: [RTGEN 206-101] Setting dangling out port 'dwconv_worker_Pipeline_WRITEBACK_OUT/m_axi_gmem3_0_AWID' to 0.
WARNING: [RTGEN 206-101] Setting dangling out port 'dwconv_worker_Pipeline_WRITEBACK_OUT/m_axi_gmem3_0_AWLEN' to 0.
WARNING: [RTGEN 206-101] Setting dangling out port 'dwconv_worker_Pipeline_WRITEBACK_OUT/m_axi_gmem3_0_AWSIZE' to 0.
WARNING: [RTGEN 206-101] Setting dangling out port 'dwconv_worker_Pipeline_WRITEBACK_OUT/m_axi_gmem3_0_AWBURST' to 0.
WARNING: [RTGEN 206-101] Setting dangling out port 'dwconv_worker_Pipeline_WRITEBACK_OUT/m_axi_gmem3_0_AWLOCK' to 0.
WARNING: [RTGEN 206-101] Setting dangling out port 'dwconv_worker_Pipeline_WRITEBACK_OUT/m_axi_gmem3_0_AWCACHE' to 0.
WARNING: [RTGEN 206-101] Setting dangling out port 'dwconv_worker_Pipeline_WRITEBACK_OUT/m_axi_gmem3_0_AWPROT' to 0.
WARNING: [RTGEN 206-101] Setting dangling out port 'dwconv_worker_Pipeline_WRITEBACK_OUT/m_axi_gmem3_0_AWQOS' to 0.
WARNING: [RTGEN 206-101] Setting dangling out port 'dwconv_worker_Pipeline_WRITEBACK_OUT/m_axi_gmem3_0_AWREGION' to 0.
WARNING: [RTGEN 206-101] Setting dangling out port 'dwconv_worker_Pipeline_WRITEBACK_OUT/m_axi_gmem3_0_AWUSER' to 0.
WARNING: [RTGEN 206-101] Setting dangling out port 'dwconv_worker_Pipeline_WRITEBACK_OUT/m_axi_gmem3_0_BREADY' to 0.
INFO: [RTGEN 206-100] Finished creating RTL model for 'dwconv_worker_Pipeline_WRITEBACK_OUT'.
INFO: [HLS 200-111] Finished Creating RTL model: CPU user time: 0 seconds. CPU system time: 0 seconds. Elapsed time: 0.747 seconds; current allocated memory: 361.672 MB.
INFO: [HLS 200-10] ----------------------------------------------------------------
INFO: [HLS 200-10] -- Generating RTL for module 'dwconv_worker' 
INFO: [HLS 200-10] ----------------------------------------------------------------
WARNING: [RTGEN 206-101] Design contains AXI ports. Reset is fixed to synchronous and active low.
INFO: [RTGEN 206-500] Setting interface mode on port 'dwconv_worker/gmem0' to 'm_axi'.
INFO: [RTGEN 206-500] Setting interface mode on port 'dwconv_worker/gmem1' to 'm_axi'.
INFO: [RTGEN 206-500] Setting interface mode on port 'dwconv_worker/gmem2' to 'm_axi'.
INFO: [RTGEN 206-500] Setting interface mode on port 'dwconv_worker/gmem3' to 'm_axi'.
INFO: [RTGEN 206-500] Setting interface mode on port 'dwconv_worker/feat_in' to 's_axilite & ap_none'.
INFO: [RTGEN 206-500] Setting interface mode on port 'dwconv_worker/weight' to 's_axilite & ap_none'.
INFO: [RTGEN 206-500] Setting interface mode on port 'dwconv_worker/bias' to 's_axilite & ap_none'.
INFO: [RTGEN 206-500] Setting interface mode on port 'dwconv_worker/feat_out' to 's_axilite & ap_none'.
INFO: [RTGEN 206-500] Setting interface mode on port 'dwconv_worker/CHin' to 's_axilite & ap_none'.
INFO: [RTGEN 206-500] Setting interface mode on port 'dwconv_worker/Hin' to 's_axilite & ap_none'.
INFO: [RTGEN 206-500] Setting interface mode on port 'dwconv_worker/Win' to 's_axilite & ap_none'.
INFO: [RTGEN 206-500] Setting interface mode on port 'dwconv_worker/Kh' to 's_axilite & ap_none'.
INFO: [RTGEN 206-500] Setting interface mode on port 'dwconv_worker/Kw' to 's_axilite & ap_none'.
INFO: [RTGEN 206-500] Setting interface mode on port 'dwconv_worker/stride_h' to 's_axilite & ap_none'.
INFO: [RTGEN 206-500] Setting interface mode on port 'dwconv_worker/stride_w' to 's_axilite & ap_none'.
INFO: [RTGEN 206-500] Setting interface mode on port 'dwconv_worker/pad_h' to 's_axilite & ap_none'.
INFO: [RTGEN 206-500] Setting interface mode on port 'dwconv_worker/pad_w' to 's_axilite & ap_none'.
INFO: [RTGEN 206-500] Setting interface mode on port 'dwconv_worker/fpg' to 's_axilite & ap_none'.
INFO: [RTGEN 206-500] Setting interface mode on port 'dwconv_worker/act_mode' to 's_axilite & ap_none'.
INFO: [RTGEN 206-500] Setting interface mode on port 'dwconv_worker/out_shift' to 's_axilite & ap_none'.
INFO: [RTGEN 206-500] Setting interface mode on function 'dwconv_worker' to 's_axilite & ap_ctrl_hs'.
INFO: [RTGEN 206-100] Bundling port 'feat_in', 'weight', 'bias' and 'feat_out' to AXI-Lite port control.
INFO: [RTGEN 206-100] Bundling port 'CHin', 'Hin', 'Win', 'Kh', 'Kw', 'stride_h', 'stride_w', 'pad_h', 'pad_w', 'fpg', 'act_mode', 'out_shift' and 'return' to AXI-Lite port ctrl.
INFO: [RTGEN 206-100] Generating core module 'mul_12s_12s_12_2_1': 1 instance(s).
INFO: [RTGEN 206-100] Generating core module 'mul_31ns_29s_33_5_1': 1 instance(s).
INFO: [RTGEN 206-100] Generating core module 'mul_32ns_32ns_64_5_1': 3 instance(s).
INFO: [RTGEN 206-100] Generating core module 'mul_32s_32s_32_5_1': 1 instance(s).
INFO: [RTGEN 206-100] Generating core module 'mul_64s_32ns_64_5_1': 1 instance(s).
INFO: [RTGEN 206-100] Generating core module 'mul_64s_64s_64_5_1': 1 instance(s).
INFO: [RTGEN 206-100] Generating core module 'sdiv_12ns_12ns_12_16_seq_1': 1 instance(s).
INFO: [RTGEN 206-100] Generating core module 'sdiv_32ns_32ns_32_36_1': 2 instance(s).
INFO: [RTGEN 206-100] Generating core module 'srem_12ns_12ns_11_16_seq_1': 1 instance(s).
INFO: [RTGEN 206-100] Generating core module 'srem_13ns_12s_12_17_seq_1': 1 instance(s).
INFO: [RTGEN 206-100] Generating core module 'srem_13ns_12s_13_17_seq_1': 1 instance(s).
INFO: [RTGEN 206-100] Finished creating RTL model for 'dwconv_worker'.
INFO: [RTMG 210-278] Implementing memory 'dwconv_worker_p_ZL10ch_out_buf_0_RAM_1P_BRAM_1R1W' using block RAMs.
INFO: [HLS 200-111] Finished Creating RTL model: CPU user time: 0 seconds. CPU system time: 0 seconds. Elapsed time: 0.445 seconds; current allocated memory: 365.348 MB.
INFO: [HLS 200-111] Finished Generating all RTL models: CPU user time: 1 seconds. CPU system time: 0 seconds. Elapsed time: 0.817 seconds; current allocated memory: 377.289 MB.
INFO: [HLS 200-1603] Design has inferred MAXI bursts and missed bursts, see Vitis HLS GUI synthesis summary report for detailed information.
INFO: [HLS 200-111] Finished Updating report files: CPU user time: 0 seconds. CPU system time: 0 seconds. Elapsed time: 0.847 seconds; current allocated memory: 390.973 MB.
INFO: [VHDL 208-304] Generating VHDL RTL for dwconv_worker.
INFO: [VLOG 209-307] Generating Verilog RTL for dwconv_worker.
INFO: [HLS 200-790] **** Loop Constraint Status: All loop constraints were satisfied.
INFO: [HLS 200-789] **** Estimated Fmax: 143.31 MHz
INFO: [HLS 200-2161] Finished Command csynth_design Elapsed time: 00:00:16; Allocated memory: 181.055 MB.
>>> Exporting IP (dwconv_linebuf, clk_period=5ns/200MHz target)...
INFO: [HLS 200-1510] Running: export_design -format ip_catalog -display_name DWCONV_LINEBUF -description Line-buffer/shift-register streaming depthwise conv, W8A4, isolated feasibility study, xc7z020, 200MHz target -vendor user.org -version 1.0 
INFO: [IMPL 213-8] Exporting RTL as a Vivado IP.
WARNING: E:/Xilinx/Vivado/2024.2/tps/win64/jre11.0.16_1 does not exist.

****** Vivado v2024.2 (64-bit)
  **** SW Build 5239630 on Fri Nov 08 22:35:27 MST 2024
  **** IP Build 5239520 on Sun Nov 10 16:12:51 MST 2024
  **** SharedData Build 5239561 on Fri Nov 08 14:39:27 MST 2024
  **** Start of session at: Mon Aug 10 10:57:19 2026
    ** Copyright 1986-2022 Xilinx, Inc. All Rights Reserved.
    ** Copyright 2022-2024 Advanced Micro Devices, Inc. All Rights Reserved.

source run_ippack.tcl -notrace
INFO: calling package_hls_ip ip_types=vitis sysgen json_file=E:/codes/microzed/fastvit_hls/fastvit_ip_w8a4/dwconv_linebuf/dwconv_linebuf_proj/solution1/solution1_data.json outdir=E:/codes/microzed/fastvit_hls/fastvit_ip_w8a4/dwconv_linebuf/dwconv_linebuf_proj/solution1/impl/ip srcdir=E:/codes/microzed/fastvit_hls/fastvit_ip_w8a4/dwconv_linebuf/dwconv_linebuf_proj/solution1 sort_interfaces_ports=false
INFO: Copied 1 ipmisc file(s) to E:/codes/microzed/fastvit_hls/fastvit_ip_w8a4/dwconv_linebuf/dwconv_linebuf_proj/solution1/impl/ip/misc
INFO: Copied 31 verilog file(s) to E:/codes/microzed/fastvit_hls/fastvit_ip_w8a4/dwconv_linebuf/dwconv_linebuf_proj/solution1/impl/ip/hdl/verilog
INFO: Copied 28 vhdl file(s) to E:/codes/microzed/fastvit_hls/fastvit_ip_w8a4/dwconv_linebuf/dwconv_linebuf_proj/solution1/impl/ip/hdl/vhdl
INFO: Copied 10 swdriver file(s) to E:/codes/microzed/fastvit_hls/fastvit_ip_w8a4/dwconv_linebuf/dwconv_linebuf_proj/solution1/impl/ip/drivers
INFO: Import ports from HDL: E:/codes/microzed/fastvit_hls/fastvit_ip_w8a4/dwconv_linebuf/dwconv_linebuf_proj/solution1/impl/ip/hdl/vhdl/dwconv_worker.vhd (dwconv_worker)
INFO: Add axi4lite interface s_axi_control
INFO: Add axi4lite interface s_axi_ctrl
INFO: Add clock interface ap_clk
INFO: Add reset interface ap_rst_n
INFO: Add interrupt interface interrupt
INFO: [IP_Flow 19-234] Refreshing IP repositories
INFO: [IP_Flow 19-1704] No user IP repositories specified
INFO: [IP_Flow 19-2313] Loaded Vivado IP repository 'E:/Xilinx/Vivado/2024.2/data/ip'.
INFO: Add axi4full interface m_axi_gmem0
INFO: Add axi4full interface m_axi_gmem1
INFO: Add axi4full interface m_axi_gmem2
INFO: Add axi4full interface m_axi_gmem3
INFO: Calling post_process_vitis to specialize IP
INFO: Calling post_process_sysgen to specialize IP
Generating sysgen info xml from json file
INFO: Created IP E:/codes/microzed/fastvit_hls/fastvit_ip_w8a4/dwconv_linebuf/dwconv_linebuf_proj/solution1/impl/ip/component.xml
INFO: Created IP archive E:/codes/microzed/fastvit_hls/fastvit_ip_w8a4/dwconv_linebuf/dwconv_linebuf_proj/solution1/impl/ip/user_org_hls_dwconv_worker_1_0.zip
INFO: [Common 17-206] Exiting Vivado at Mon Aug 10 10:57:23 2026...
INFO: [HLS 200-802] Generated output file dwconv_linebuf_proj/solution1/impl/export.zip
INFO: [HLS 200-2161] Finished Command export_design Elapsed time: 00:00:06; Allocated memory: 4.059 MB.
>>> Done. Check dwconv_linebuf_proj/solution1/syn/report/dwconv_worker_csynth.rpt
INFO: [HLS 200-1510] Running: close_project 
INFO: [HLS 200-112] Total CPU user time: 7 seconds. Total CPU system time: 1 seconds. Total elapsed time: 25.647 seconds; peak allocated memory: 395.070 MB.
