#-----------------------------------------------------------
# Vivado v2024.2 (64-bit)
# SW Build 5239630 on Fri Nov 08 22:35:27 MST 2024
# IP Build 5239520 on Sun Nov 10 16:12:51 MST 2024
# SharedData Build 5239561 on Fri Nov 08 14:39:27 MST 2024
# Start of session at: Fri Jul 17 10:36:28 2026
# Process ID         : 452368
# Current directory  : E:/codes/microzed/fastvit_hls
# Command line       : vivado.exe -mode batch -source E:\codes\microzed\fastvit_hls\vivado_impl\write_bit_v10.tcl
# Log file           : E:/codes/microzed/fastvit_hls/vivado.log
# Journal file       : E:/codes/microzed/fastvit_hls\vivado.jou
# Running On         : DESKTOP-GBLH5MP
# Platform           : Windows Server 2016 or Windows 10
# Operating System   : 26200
# Processor Detail   : AMD Ryzen 9 9900X 12-Core Processor            
# CPU Frequency      : 4392 MHz
# CPU Physical cores : 12
# CPU Logical cores  : 24
# Host memory        : 66173 MB
# Swap memory        : 68719 MB
# Total Virtual      : 134892 MB
# Available Virtual  : 89149 MB
#-----------------------------------------------------------
source {E:\codes\microzed\fastvit_hls\vivado_impl\write_bit_v10.tcl}
# set dcp "E:/codes/microzed/fastvit_hls/vivado_impl/fastvit_util_check/fastvit_util_check.runs/impl_1/fastvit_bd_wrapper_routed.dcp"
# set bit "E:/codes/microzed/fastvit_hls/vivado_impl/fastvit_util_check/fastvit_util_check.runs/impl_1/fastvit_bd_wrapper.bit"
# puts ">>> Opening routed checkpoint..."
>>> Opening routed checkpoint...
# open_checkpoint $dcp
Command: open_checkpoint E:/codes/microzed/fastvit_hls/vivado_impl/fastvit_util_check/fastvit_util_check.runs/impl_1/fastvit_bd_wrapper_routed.dcp

Starting open_checkpoint Task

Time (s): cpu = 00:00:00 ; elapsed = 00:00:00.037 . Memory (MB): peak = 310.512 ; gain = 5.211
INFO: [Device 21-403] Loading part xc7z020clg400-1
Netlist sorting complete. Time (s): cpu = 00:00:02 ; elapsed = 00:00:02 . Memory (MB): peak = 936.895 ; gain = 5.422
INFO: [Netlist 29-17] Analyzing 6260 Unisim elements for replacement
INFO: [Netlist 29-28] Unisim Transformation completed in 0 CPU seconds
INFO: [Project 1-479] Netlist was created with Vivado 2024.2
INFO: [Project 1-570] Preparing netlist for logic optimization
Read ShapeDB Complete: Time (s): cpu = 00:00:00 ; elapsed = 00:00:00.310 . Memory (MB): peak = 1372.523 ; gain = 44.602
INFO: [Timing 38-478] Restoring timing data from binary archive.
INFO: [Timing 38-479] Binary timing data restore complete.
INFO: [Project 1-856] Restoring constraints from binary archive.
INFO: [Project 1-853] Binary constraint restore complete.
INFO: [Designutils 20-5722] Start Reading Physical Databases.
Reading placement.
Read Netlist Cache: Time (s): cpu = 00:00:00 ; elapsed = 00:00:00.068 . Memory (MB): peak = 2254.656 ; gain = 0.000
Reading placer database...
Read Device Cache: Time (s): cpu = 00:00:00 ; elapsed = 00:00:00.009 . Memory (MB): peak = 2254.656 ; gain = 0.000
Read PlaceDB: Time (s): cpu = 00:00:02 ; elapsed = 00:00:02 . Memory (MB): peak = 2254.656 ; gain = 0.000
Read PulsedLatchDB: Time (s): cpu = 00:00:00 ; elapsed = 00:00:00 . Memory (MB): peak = 2254.656 ; gain = 0.000
Reading routing.
Read RouteStorage: Time (s): cpu = 00:00:01 ; elapsed = 00:00:00.766 . Memory (MB): peak = 2254.656 ; gain = 0.000
Read Physdb Files: Time (s): cpu = 00:00:03 ; elapsed = 00:00:03 . Memory (MB): peak = 2254.656 ; gain = 0.000
Restored from archive | CPU: 4.000000 secs | Memory: 0.000000 MB |
Finished XDEF File Restore: Time (s): cpu = 00:00:04 ; elapsed = 00:00:03 . Memory (MB): peak = 2254.656 ; gain = 0.000
Netlist sorting complete. Time (s): cpu = 00:00:00 ; elapsed = 00:00:00.026 . Memory (MB): peak = 2254.656 ; gain = 0.000
INFO: [Project 1-111] Unisim Transformation Summary:
  A total of 1289 instances were transformed.
  RAM16X1D => RAM32X1D (RAMD32(x2)): 391 instances
  RAM16X1S => RAM32X1S (RAMS32): 16 instances
  RAM32M => RAM32M (RAMD32(x6), RAMS32(x2)): 870 instances
  RAM32X1D => RAM32X1D (RAMD32(x2)): 4 instances
  RAM32X1S => RAM32X1S (RAMS32): 8 instances

INFO: [Project 1-604] Checkpoint was created with Vivado v2024.2 (64-bit) build 5239630
open_checkpoint: Time (s): cpu = 00:00:25 ; elapsed = 00:00:34 . Memory (MB): peak = 2254.656 ; gain = 1960.961
# puts ">>> Writing bitstream..."
>>> Writing bitstream...
# write_bitstream -force $bit
Command: write_bitstream -force E:/codes/microzed/fastvit_hls/vivado_impl/fastvit_util_check/fastvit_util_check.runs/impl_1/fastvit_bd_wrapper.bit
Attempting to get a license for feature 'Implementation' and/or device 'xc7z020'
INFO: [Common 17-349] Got license for feature 'Implementation' and/or device 'xc7z020'
Running DRC as a precondition to command write_bitstream
INFO: [IP_Flow 19-234] Refreshing IP repositories
INFO: [IP_Flow 19-1704] No user IP repositories specified
INFO: [IP_Flow 19-2313] Loaded Vivado IP repository 'E:/Xilinx/Vivado/2024.2/data/ip'.
INFO: [DRC 23-27] Running DRC with 2 threads
INFO: [Vivado 12-3199] DRC finished with 0 Errors
INFO: [Vivado 12-3200] Please refer to the DRC report (report_drc) for more information.
INFO: [Designutils 20-2272] Running write_bitstream with 2 threads.
Loading data files...
Loading site data...
Loading route data...
Processing options...
Creating bitmap...
Creating bitstream...
Writing bitstream E:/codes/microzed/fastvit_hls/vivado_impl/fastvit_util_check/fastvit_util_check.runs/impl_1/fastvit_bd_wrapper.bit...
INFO: [Vivado 12-1842] Bitgen Completed Successfully.
INFO: [Project 1-1876] WebTalk data collection is mandatory when using a ULT device. To see the specific WebTalk data collected for your design, open the usage_statistics_webtalk.html or usage_statistics_webtalk.xml file in the implementation directory.
INFO: [Common 17-83] Releasing license: Implementation
11 Infos, 0 Warnings, 0 Critical Warnings and 0 Errors encountered.
write_bitstream completed successfully
write_bitstream: Time (s): cpu = 00:00:45 ; elapsed = 00:00:29 . Memory (MB): peak = 3007.254 ; gain = 752.598
# puts ">>> Done: $bit"
>>> Done: E:/codes/microzed/fastvit_hls/vivado_impl/fastvit_util_check/fastvit_util_check.runs/impl_1/fastvit_bd_wrapper.bit
INFO: [Common 17-206] Exiting Vivado at Fri Jul 17 10:37:37 2026...
