================================================================
== Design Size Report
================================================================

* Total Instructions per Compilation Phase
+---------------+-----------------------------+--------------+----------------------------------------------------------------------------------------+
| Phase         | Step                        | Instructions | Description                                                                            |
+---------------+-----------------------------+--------------+----------------------------------------------------------------------------------------+
| Compile/Link  |                             | 851          | After all functions are compiled and linked into a single design                       |
|               |                             |              |                                                                                        |
| Unroll/Inline |                             |              | After user unroll and inline pragmas are applied                                       |
|               | (1) unroll                  | 466          | user unroll pragmas are applied                                                        |
|               | (2) simplification          | 396          | simplification of applied user unroll pragmas                                          |
|               | (3) inline                  | 380          | user inline pragmas are applied                                                        |
|               | (4) simplification          | 379          | simplification of applied user inline pragmas                                          |
|               |                             |              |                                                                                        |
| Array/Struct  |                             |              | After user array partition and struct aggregate/disaggregate pragmas are applied       |
|               | (1) array partition         | 641          | user array partition pragmas are applied                                               |
|               | (2) simplification          | 571          | simplification of applied user array partition & struct aggregate/disaggregate pragmas |
|               | (3) aggregate/disaggregate  | 571          | user struct aggregate/disaggregate pragmas are applied                                 |
|               | (4) array reshape           | 565          | apply array reshape pragmas                                                            |
|               | (5) access patterns         | 581          | array access pattern optmizations                                                      |
|               |                             |              |                                                                                        |
| Performance   |                             |              | After transformations are applied to meet performance pragma targets                   |
|               | (1) loop simplification     | 580          | loop and instruction simplification                                                    |
|               | (2) parallelization         | 580          | loops are unrolled or pipelined to meet performance targets                            |
|               | (3) array partition         | 811          | arrays are partitioned to meet performance targets                                     |
|               | (4) simplification          | 742          | simplification of design after performance transformations                             |
|               |                             |              |                                                                                        |
| HW Transforms |                             |              | After hardware transfomations                                                          |
|               | (1) lowering                | 768          | initial conversion to HW specific instructions                                         |
|               | (2) optimizations           | 807          | high level synthesis optimizations                                                     |
+---------------+-----------------------------+--------------+----------------------------------------------------------------------------------------+

* Instructions per Function for each Compilation Phase
+--------------+-------------------+--------------+---------------+--------------+-------------+---------------+
| Function     | Location          | Compile/Link | Unroll/Inline | Array/Struct | Performance | HW Transforms |
+--------------+-------------------+--------------+---------------+--------------+-------------+---------------+
| + dwconv3_ip | dwconv3_ip.cpp:34 | 851          | 379           | 581          | 742         | 807           |
|    apply_act | dwconv3_ip.cpp:23 | 260          |               |              |             |               |
+--------------+-------------------+--------------+---------------+--------------+-------------+---------------+

* Design Size Message Settings
+---------------------------------------------+--------+------------------------------------------------------------------+
| Message Setting                             | Value  | Description                                                      |
+---------------------------------------------+--------+------------------------------------------------------------------+
| config_compile -design_size_maximum_warning | 100000 | Show a warning when total design instructions exceeds this value |
+---------------------------------------------+--------+------------------------------------------------------------------+


