

================================================================
== Synthesis Summary Report of 'dwconv3_ip'
================================================================
+ General Information: 
    * Date:           Fri Jun 26 10:17:01 2026
    * Version:        2024.2 (Build 5238294 on Nov  8 2024)
    * Project:        dwconv3_ip_proj
    * Solution:       solution1 (Vivado IP Flow Target)
    * Product family: zynq
    * Target device:  xc7z020-clg400-1
    

+ Performance & Resource Estimates: 
    
    PS: '+' for module; 'o' for loop; '*' for dataflow
    +---------------------------------------------------------------------------------------+--------+-------+---------+-----------+----------+---------+------+----------+--------+----------+-------------+-------------+-----+
    |                                        Modules                                        |  Issue |       | Latency |  Latency  | Iteration|         | Trip |          |        |          |             |             |     |
    |                                        & Loops                                        |  Type  | Slack | (cycles)|    (ns)   |  Latency | Interval| Count| Pipelined|  BRAM  |    DSP   |      FF     |     LUT     | URAM|
    +---------------------------------------------------------------------------------------+--------+-------+---------+-----------+----------+---------+------+----------+--------+----------+-------------+-------------+-----+
    |+ dwconv3_ip                                                                           |  Timing|  -1.87|        -|          -|         -|        -|     -|        no|  7 (2%)|  37 (16%)|  14026 (13%)|  14275 (26%)|    -|
    | o LOOP_DW3_TN                                                                         |       -|   5.11|        -|          -|         -|        -|     -|        no|       -|         -|            -|            -|    -|
    |  + dwconv3_ip_Pipeline_LOAD_DW3_WT_VITIS_LOOP_81_1                                    |  Timing|  -0.00|       50|    350.000|         -|       50|     -|        no|       -|         -|   1059 (~0%)|    1273 (2%)|    -|
    |   o LOAD_DW3_WT_VITIS_LOOP_81_1                                                       |      II|   5.11|       48|    336.000|        16|        3|    12|       yes|       -|         -|            -|            -|    -|
    |  o LOOP_DW3_TR                                                                        |       -|   5.11|        -|          -|         -|        -|     -|        no|       -|         -|            -|            -|    -|
    |   o LOOP_DW3_TC                                                                       |       -|   5.11|        -|          -|         -|        -|     -|        no|       -|         -|            -|            -|    -|
    |    + dwconv3_ip_Pipeline_LOAD_DW3_IN_VITIS_LOOP_110_3                                 |  Timing|  -1.87|      170|  1.190e+03|         -|      170|     -|        no|       -|    7 (3%)|    2805 (2%)|    2668 (5%)|    -|
    |     o LOAD_DW3_IN_VITIS_LOOP_110_3                                                    |      II|   5.11|      168|  1.176e+03|        31|        6|    24|       yes|       -|         -|            -|            -|    -|
    |    + dwconv3_ip_Pipeline_CLEAR_DW3_OUT_VITIS_LOOP_127_5                               |  Timing|  -0.76|       29|    203.000|         -|       29|     -|        no|       -|         -|    267 (~0%)|    323 (~0%)|    -|
    |     o CLEAR_DW3_OUT_VITIS_LOOP_127_5                                                  |       -|   5.11|       27|    189.000|        13|        1|    16|       yes|       -|         -|            -|            -|    -|
    |    + dwconv3_ip_Pipeline_COMPUTE_DW3_KH_COMPUTE_DW3_KW_COMPUTE_DW3_TR_COMPUTE_DW3_TC  |  Timing|  -1.74|      152|  1.064e+03|         -|      152|     -|        no|       -|    4 (1%)|    265 (~0%)|    482 (~0%)|    -|
    |     o COMPUTE_DW3_KH_COMPUTE_DW3_KW_COMPUTE_DW3_TR_COMPUTE_DW3_TC                     |       -|   5.11|      150|  1.050e+03|         8|        1|   144|       yes|       -|         -|            -|            -|    -|
    |    o WRITE_DW3_OUT_VITIS_LOOP_162_7                                                   |       -|   5.11|        -|          -|         -|        -|     -|        no|       -|         -|            -|            -|    -|
    |     o VITIS_LOOP_164_8                                                                |       -|   5.11|        -|          -|         5|        -|     -|        no|       -|         -|            -|            -|    -|
    +---------------------------------------------------------------------------------------+--------+-------+---------+-----------+----------+---------+------+----------+--------+----------+-------------+-------------+-----+


================================================================
== HW Interfaces
================================================================
* M_AXI
+-------------+------------+------------+---------------+---------+--------+----------+-----------+--------------+--------------+-------------+-------------+-------------------+
| Interface   | Read/Write | Data Width | Address Width | Latency | Offset | Register | Max Widen | Max Read     | Max Write    | Num Read    | Num Write   | Resource Estimate |
|             |            | (SW->HW)   |               |         |        |          | Bitwidth  | Burst Length | Burst Length | Outstanding | Outstanding |                   |
+-------------+------------+------------+---------------+---------+--------+----------+-----------+--------------+--------------+-------------+-------------+-------------------+
| m_axi_gmem0 | READ_ONLY  | 8 -> 8     | 64            | 0       | slave  | 0        | 0         | 16           | 16           | 16          | 16          | BRAM=2            |
| m_axi_gmem1 | READ_ONLY  | 8 -> 8     | 64            | 0       | slave  | 0        | 0         | 16           | 16           | 16          | 16          | BRAM=2            |
| m_axi_gmem2 | READ_ONLY  | 32 -> 32   | 64            | 0       | slave  | 0        | 0         | 16           | 16           | 16          | 16          | BRAM=2            |
| m_axi_gmem3 | WRITE_ONLY | 8 -> 8     | 64            | 0       | slave  | 0        | 0         | 16           | 16           | 16          | 16          | BRAM=1            |
+-------------+------------+------------+---------------+---------+--------+----------+-----------+--------------+--------------+-------------+-------------+-------------------+

* S_AXILITE Interfaces
+---------------+------------+---------------+--------+----------+
| Interface     | Data Width | Address Width | Offset | Register |
+---------------+------------+---------------+--------+----------+
| s_axi_control | 32         | 6             | 16     | 0        |
| s_axi_ctrl    | 32         | 6             | 16     | 0        |
+---------------+------------+---------------+--------+----------+

* S_AXILITE Registers
+---------------+------------+--------+-------+--------+----------------------------------+----------------------------------------------------------------------+
| Interface     | Register   | Offset | Width | Access | Description                      | Bit Fields                                                           |
+---------------+------------+--------+-------+--------+----------------------------------+----------------------------------------------------------------------+
| s_axi_control | feat_in_1  | 0x10   | 32    | W      | Data signal of feat_in           |                                                                      |
| s_axi_control | feat_in_2  | 0x14   | 32    | W      | Data signal of feat_in           |                                                                      |
| s_axi_control | weight_1   | 0x1c   | 32    | W      | Data signal of weight            |                                                                      |
| s_axi_control | weight_2   | 0x20   | 32    | W      | Data signal of weight            |                                                                      |
| s_axi_control | bias_1     | 0x28   | 32    | W      | Data signal of bias              |                                                                      |
| s_axi_control | bias_2     | 0x2c   | 32    | W      | Data signal of bias              |                                                                      |
| s_axi_control | feat_out_1 | 0x34   | 32    | W      | Data signal of feat_out          |                                                                      |
| s_axi_control | feat_out_2 | 0x38   | 32    | W      | Data signal of feat_out          |                                                                      |
| s_axi_ctrl    | CTRL       | 0x00   | 32    | RW     | Control signals                  | 0=AP_START 1=AP_DONE 2=AP_IDLE 3=AP_READY 7=AUTO_RESTART 9=INTERRUPT |
| s_axi_ctrl    | GIER       | 0x04   | 32    | RW     | Global Interrupt Enable Register | 0=Enable                                                             |
| s_axi_ctrl    | IP_IER     | 0x08   | 32    | RW     | IP Interrupt Enable Register     | 0=CHAN0_INT_EN 1=CHAN1_INT_EN                                        |
| s_axi_ctrl    | IP_ISR     | 0x0c   | 32    | RW     | IP Interrupt Status Register     | 0=CHAN0_INT_ST 1=CHAN1_INT_ST                                        |
| s_axi_ctrl    | CHin       | 0x10   | 32    | W      | Data signal of CHin              |                                                                      |
| s_axi_ctrl    | Hin        | 0x18   | 32    | W      | Data signal of Hin               |                                                                      |
| s_axi_ctrl    | Win        | 0x20   | 32    | W      | Data signal of Win               |                                                                      |
| s_axi_ctrl    | act_mode   | 0x28   | 32    | W      | Data signal of act_mode          |                                                                      |
| s_axi_ctrl    | out_shift  | 0x30   | 32    | W      | Data signal of out_shift         |                                                                      |
+---------------+------------+--------+-------+--------+----------------------------------+----------------------------------------------------------------------+

* TOP LEVEL CONTROL
+-----------+------------+-----------+
| Interface | Type       | Ports     |
+-----------+------------+-----------+
| ap_clk    | clock      | ap_clk    |
| ap_rst_n  | reset      | ap_rst_n  |
| interrupt | interrupt  | interrupt |
| ap_ctrl   | ap_ctrl_hs |           |
+-----------+------------+-----------+


================================================================
== SW I/O Information
================================================================
* Top Function Arguments
+-----------+-----------+-------------+
| Argument  | Direction | Datatype    |
+-----------+-----------+-------------+
| feat_in   | in        | ap_int<8>*  |
| weight    | in        | ap_int<8>*  |
| bias      | in        | ap_int<32>* |
| feat_out  | out       | ap_int<8>*  |
| CHin      | in        | int         |
| Hin       | in        | int         |
| Win       | in        | int         |
| act_mode  | in        | int         |
| out_shift | in        | int         |
+-----------+-----------+-------------+

* SW-to-HW Mapping
+-----------+---------------+-----------+----------+--------------------------------------+
| Argument  | HW Interface  | HW Type   | HW Usage | HW Info                              |
+-----------+---------------+-----------+----------+--------------------------------------+
| feat_in   | m_axi_gmem0   | interface |          | channel=0                            |
| feat_in   | s_axi_control | register  | offset   | name=feat_in_1 offset=0x10 range=32  |
| feat_in   | s_axi_control | register  | offset   | name=feat_in_2 offset=0x14 range=32  |
| weight    | m_axi_gmem1   | interface |          | channel=0                            |
| weight    | s_axi_control | register  | offset   | name=weight_1 offset=0x1c range=32   |
| weight    | s_axi_control | register  | offset   | name=weight_2 offset=0x20 range=32   |
| bias      | m_axi_gmem2   | interface |          | channel=0                            |
| bias      | s_axi_control | register  | offset   | name=bias_1 offset=0x28 range=32     |
| bias      | s_axi_control | register  | offset   | name=bias_2 offset=0x2c range=32     |
| feat_out  | m_axi_gmem3   | interface |          | channel=0                            |
| feat_out  | s_axi_control | register  | offset   | name=feat_out_1 offset=0x34 range=32 |
| feat_out  | s_axi_control | register  | offset   | name=feat_out_2 offset=0x38 range=32 |
| CHin      | s_axi_ctrl    | register  |          | name=CHin offset=0x10 range=32       |
| Hin       | s_axi_ctrl    | register  |          | name=Hin offset=0x18 range=32        |
| Win       | s_axi_ctrl    | register  |          | name=Win offset=0x20 range=32        |
| act_mode  | s_axi_ctrl    | register  |          | name=act_mode offset=0x28 range=32   |
| out_shift | s_axi_ctrl    | register  |          | name=out_shift offset=0x30 range=32  |
+-----------+---------------+-----------+----------+--------------------------------------+


================================================================
== M_AXI Burst Information
================================================================
 Note: All burst requests might be further partitioned into multiple requests during RTL generation based on max_read_burst_length or max_write_burst_length settings.

* Inferred Burst Summary
+--------------+-----------+----------+-------+------------------+-----------------------+
| HW Interface | Direction | Length   | Width | Loop             | Loop Location         |
+--------------+-----------+----------+-------+------------------+-----------------------+
| m_axi_gmem1  | read      | 2        | 8     |                  |                       |
| m_axi_gmem3  | write     | variable | 8     | VITIS_LOOP_164_8 | dwconv3_ip.cpp:164:20 |
+--------------+-----------+----------+-------+------------------+-----------------------+

* All M_AXI Variable Accesses
+--------------+----------+-----------------------+-----------+--------------+----------+------------------+-----------------------+------------+------------------------------------------------------------------------------------------------------+
| HW Interface | Variable | Access Location       | Direction | Burst Status | Length   | Loop             | Loop Location         | Resolution | Problem                                                                                              |
+--------------+----------+-----------------------+-----------+--------------+----------+------------------+-----------------------+------------+------------------------------------------------------------------------------------------------------+
| m_axi_gmem0  | feat_in  | dwconv3_ip.cpp:119:33 | read      | Fail         |          | VITIS_LOOP_110_3 | dwconv3_ip.cpp:110:39 | 214-232    | Access load is in the conditional branch                                                             |
| m_axi_gmem1  | weight   | dwconv3_ip.cpp:85:25  | read      | Widen Fail   |          |                  |                       | 214-353    | Could not widen since type i8 size is greater than or equal to the max_widen_bitwidth threshold of 0 |
| m_axi_gmem1  | weight   | dwconv3_ip.cpp:85:25  | read      | Fail         |          | VITIS_LOOP_81_1  | dwconv3_ip.cpp:81:30  | 214-230    | Stride is incompatible                                                                               |
| m_axi_gmem1  | weight   | dwconv3_ip.cpp:85:25  | read      | Inferred     | 2        | VITIS_LOOP_81_1  | dwconv3_ip.cpp:81:30  |            |                                                                                                      |
| m_axi_gmem3  | feat_out | dwconv3_ip.cpp:166:58 | write     | Widen Fail   |          | VITIS_LOOP_164_8 | dwconv3_ip.cpp:164:20 | 214-353    | Could not widen since type i8 size is greater than or equal to the max_widen_bitwidth threshold of 0 |
| m_axi_gmem3  | feat_out | dwconv3_ip.cpp:166:58 | write     | Fail         |          | VITIS_LOOP_162_7 | dwconv3_ip.cpp:162:39 | 214-230    | Stride is incompatible                                                                               |
| m_axi_gmem3  | feat_out | dwconv3_ip.cpp:166:58 | write     | Inferred     | variable | VITIS_LOOP_164_8 | dwconv3_ip.cpp:164:20 |            |                                                                                                      |
+--------------+----------+-----------------------+-----------+--------------+----------+------------------+-----------------------+------------+------------------------------------------------------------------------------------------------------+

    * Resolution URL: docs.xilinx.com/access/sources/dita/topic?Doc_Version=2024.2%20English&url=ug1448-hls-guidance&resourceid=XXX-YYY.html (replace XXX-YYY with column value)

================================================================
== Bind Op Report
================================================================
+------------------------------------------------------------------------------------+-----+--------+-------------------------------+-----------+--------------------------+---------+
| Name                                                                               | DSP | Pragma | Variable                      | Op        | Impl                     | Latency |
+------------------------------------------------------------------------------------+-----+--------+-------------------------------+-----------+--------------------------+---------+
| + dwconv3_ip                                                                       | 37  |        |                               |           |                          |         |
|   add_ln67_fu_871_p2                                                               |     |        | add_ln67                      | add       | fabric                   | 0       |
|   sub_ln67_fu_826_p2                                                               |     |        | sub_ln67                      | sub       | fabric                   | 0       |
|   sub_ln67_1_fu_887_p2                                                             |     |        | sub_ln67_1                    | sub       | fabric                   | 0       |
|   Tn_loops_fu_907_p3                                                               |     |        | Tn_loops                      | select    | auto_sel                 | 0       |
|   add_ln68_fu_915_p2                                                               |     |        | add_ln68                      | add       | fabric                   | 0       |
|   sub_ln68_fu_841_p2                                                               |     |        | sub_ln68                      | sub       | fabric                   | 0       |
|   sub_ln68_1_fu_931_p2                                                             |     |        | sub_ln68_1                    | sub       | fabric                   | 0       |
|   Tr_loops_fu_951_p3                                                               |     |        | Tr_loops                      | select    | auto_sel                 | 0       |
|   add_ln69_fu_959_p2                                                               |     |        | add_ln69                      | add       | fabric                   | 0       |
|   sub_ln69_fu_856_p2                                                               |     |        | sub_ln69                      | sub       | fabric                   | 0       |
|   sub_ln69_1_fu_975_p2                                                             |     |        | sub_ln69_1                    | sub       | fabric                   | 0       |
|   Tc_loops_fu_995_p3                                                               |     |        | Tc_loops                      | select    | auto_sel                 | 0       |
|   sub_i_i_fu_1003_p2                                                               |     |        | sub_i_i                       | sub       | fabric                   | 0       |
|   cmp_i_fu_800_p2                                                                  |     |        | cmp_i                         | seteq     | auto                     | 0       |
|   mul_32ns_32s_64_5_1_U102                                                         | 4   |        | mul_ln73                      | mul       | auto                     | 4       |
|   icmp_ln72_fu_1041_p2                                                             |     |        | icmp_ln72                     | setlt     | auto                     | 0       |
|   add_ln72_fu_1046_p2                                                              |     |        | add_ln72                      | add       | fabric                   | 0       |
|   add_ln73_fu_1098_p2                                                              |     |        | add_ln73                      | add       | fabric                   | 0       |
|   add_ln74_fu_1069_p2                                                              |     |        | add_ln74                      | add       | fabric                   | 0       |
|   icmp_ln74_fu_1079_p2                                                             |     |        | icmp_ln74                     | setlt     | auto                     | 0       |
|   ch_end_fu_1130_p3                                                                |     |        | ch_end                        | select    | auto_sel                 | 0       |
|   sub_ln75_fu_1139_p2                                                              |     |        | sub_ln75                      | sub       | fabric                   | 0       |
|   mul_29ns_62s_62_5_1_U98                                                          | 7   |        | mul_ln73_1                    | mul       | auto                     | 4       |
|   add_ln91_fu_1146_p2                                                              |     |        | add_ln91                      | add       | fabric                   | 0       |
|   icmp_ln72_1_fu_1155_p2                                                           |     |        | icmp_ln72_1                   | setgt     | auto                     | 0       |
|   select_ln72_fu_1160_p3                                                           |     |        | select_ln72                   | select    | auto_sel                 | 0       |
|   add_ln91_2_fu_1174_p2                                                            |     |        | add_ln91_2                    | add       | fabric                   | 0       |
|   icmp_ln91_fu_1183_p2                                                             |     |        | icmp_ln91                     | setlt     | auto                     | 0       |
|   add_ln91_1_fu_1188_p2                                                            |     |        | add_ln91_1                    | add       | fabric                   | 0       |
|   add_ln94_fu_1206_p2                                                              |     |        | add_ln94                      | add       | fabric                   | 0       |
|   icmp_ln94_fu_1216_p2                                                             |     |        | icmp_ln94                     | setlt     | auto                     | 0       |
|   sub_ln94_fu_1221_p2                                                              |     |        | sub_ln94                      | sub       | fabric                   | 0       |
|   tr_valid_fu_1240_p3                                                              |     |        | tr_valid                      | select    | auto_sel                 | 0       |
|   in_tile_h_fu_1268_p2                                                             |     |        | in_tile_h                     | add       | fabric                   | 0       |
|   empty_fu_1250_p2                                                                 |     |        | empty                         | setgt     | auto                     | 0       |
|   smax59_fu_1256_p3                                                                |     |        | smax59                        | select    | auto_sel                 | 0       |
|   mul_31ns_31ns_62_5_1_U99                                                         | 4   |        | mul_ln91                      | mul       | auto                     | 4       |
|   icmp_ln99_fu_1277_p2                                                             |     |        | icmp_ln99                     | setlt     | auto                     | 0       |
|   add_ln99_fu_1282_p2                                                              |     |        | add_ln99                      | add       | fabric                   | 0       |
|   add_ln102_fu_1300_p2                                                             |     |        | add_ln102                     | add       | fabric                   | 0       |
|   icmp_ln102_fu_1310_p2                                                            |     |        | icmp_ln102                    | setlt     | auto                     | 0       |
|   sub_ln102_fu_1315_p2                                                             |     |        | sub_ln102                     | sub       | fabric                   | 0       |
|   tc_valid_fu_1319_p3                                                              |     |        | tc_valid                      | select    | auto_sel                 | 0       |
|   in_tile_w_fu_1338_p2                                                             |     |        | in_tile_w                     | add       | fabric                   | 0       |
|   cmp95_fu_1343_p2                                                                 |     |        | cmp95                         | setgt     | auto                     | 0       |
|   cmp101_fu_1350_p2                                                                |     |        | cmp101                        | setne     | auto                     | 0       |
|   slt_fu_1326_p2                                                                   |     |        | slt                           | setlt     | auto                     | 0       |
|   rev152_fu_1357_p2                                                                |     |        | rev152                        | xor       | auto                     | 0       |
|   icmp_fu_1373_p2                                                                  |     |        | icmp                          | setgt     | auto                     | 0       |
|   cmp103_1_fu_1330_p2                                                              |     |        | cmp103_1                      | setlt     | auto                     | 0       |
|   cmp95_2_fu_1393_p2                                                               |     |        | cmp95_2                       | setgt     | auto                     | 0       |
|   cmp103_2_fu_1399_p2                                                              |     |        | cmp103_2                      | setlt     | auto                     | 0       |
|   icmp90_fu_1428_p2                                                                |     |        | icmp90                        | setgt     | auto                     | 0       |
|   cmp103_3_fu_1435_p2                                                              |     |        | cmp103_3                      | setlt     | auto                     | 0       |
|   cmp95_4_fu_1454_p2                                                               |     |        | cmp95_4                       | setgt     | auto                     | 0       |
|   cmp103_4_fu_1461_p2                                                              |     |        | cmp103_4                      | setlt     | auto                     | 0       |
|   cmp95_5_fu_1467_p2                                                               |     |        | cmp95_5                       | setgt     | auto                     | 0       |
|   icmp_ln162_fu_1482_p2                                                            |     |        | icmp_ln162                    | setlt     | auto                     | 0       |
|   icmp_ln160_fu_1487_p2                                                            |     |        | icmp_ln160                    | seteq     | auto                     | 0       |
|   add_ln160_1_fu_1492_p2                                                           |     |        | add_ln160_1                   | add       | fabric                   | 0       |
|   add_ln160_fu_1498_p2                                                             |     |        | add_ln160                     | add       | fabric                   | 0       |
|   select_ln160_fu_1504_p3                                                          |     |        | select_ln160                  | select    | auto_sel                 | 0       |
|   select_ln160_1_fu_1512_p3                                                        |     |        | select_ln160_1                | select    | auto_sel                 | 0       |
|   mul_31ns_64s_64_5_1_U101                                                         | 7   |        | mul_ln160                     | mul       | auto                     | 4       |
|   mul_31ns_32s_63_5_1_U100                                                         | 4   |        | empty_50                      | mul       | auto                     | 4       |
|   tmp_fu_1524_p2                                                                   |     |        | tmp                           | add       | fabric                   | 0       |
|   tmp113_fu_1542_p2                                                                |     |        | tmp113                        | add       | fabric                   | 0       |
|   tmp10_fu_1553_p2                                                                 |     |        | tmp10                         | add       | fabric                   | 0       |
|   tmp11_fu_1561_p2                                                                 |     |        | tmp11                         | add       | fabric                   | 0       |
|   empty_51_fu_1585_p2                                                              |     |        | empty_51                      | add       | fabric                   | 0       |
|   empty_52_fu_1528_p3                                                              |     |        | empty_52                      | select    | auto_sel                 | 0       |
|   icmp_ln164_fu_1603_p2                                                            |     |        | icmp_ln164                    | setlt     | auto                     | 0       |
|   add_ln164_fu_1608_p2                                                             |     |        | add_ln164                     | add       | fabric                   | 0       |
|   sparsemux_9_2_32_1_1_U103                                                        |     |        | tmp_1                         | sparsemux | compactencoding_dontcare | 0       |
|   sparsemux_9_2_32_1_1_U104                                                        |     |        | tmp_2                         | sparsemux | compactencoding_dontcare | 0       |
|   sparsemux_9_2_32_1_1_U105                                                        |     |        | tmp_3                         | sparsemux | compactencoding_dontcare | 0       |
|   sparsemux_9_2_32_1_1_U106                                                        |     |        | tmp_4                         | sparsemux | compactencoding_dontcare | 0       |
|   sparsemux_9_2_32_1_1_U107                                                        |     |        | val                           | sparsemux | compactencoding_dontcare | 0       |
|   ashr_ln25_fu_1726_p2                                                             |     |        | ashr_ln25                     | ashr      | auto_pipe                | 0       |
|   shl_ln25_fu_1730_p2                                                              |     |        | shl_ln25                      | shl       | auto_pipe                | 0       |
|   s_fu_1734_p3                                                                     |     |        | s                             | select    | auto_sel                 | 0       |
|   icmp_ln27_fu_1749_p2                                                             |     |        | icmp_ln27                     | setgt     | auto                     | 0       |
|   icmp_ln28_fu_1755_p2                                                             |     |        | icmp_ln28                     | setlt     | auto                     | 0       |
|   select_ln27_fu_1765_p3                                                           |     |        | select_ln27                   | select    | auto_sel                 | 0       |
|   or_ln27_fu_1773_p2                                                               |     |        | or_ln27                       | or        | auto                     | 0       |
|   r_2_fu_1779_p3                                                                   |     |        | r_2                           | select    | auto_sel                 | 0       |
|   and_ln30_fu_1794_p2                                                              |     |        | and_ln30                      | and       | auto                     | 0       |
|   r_3_fu_1799_p3                                                                   |     |        | r_3                           | select    | auto_sel                 | 0       |
|   add_ln162_fu_1721_p2                                                             |     |        | add_ln162                     | add       | fabric                   | 0       |
|   add_ln72_1_fu_1226_p2                                                            |     |        | add_ln72_1                    | add       | fabric                   | 0       |
|  + dwconv3_ip_Pipeline_LOAD_DW3_WT_VITIS_LOOP_81_1                                 | 0   |        |                               |           |                          |         |
|    icmp_ln79_fu_352_p2                                                             |     |        | icmp_ln79                     | seteq     | auto                     | 0       |
|    add_ln79_1_fu_358_p2                                                            |     |        | add_ln79_1                    | add       | fabric                   | 0       |
|    add_ln79_fu_370_p2                                                              |     |        | add_ln79                      | add       | fabric                   | 0       |
|    icmp_ln81_fu_376_p2                                                             |     |        | icmp_ln81                     | seteq     | auto                     | 0       |
|    select_ln79_fu_382_p3                                                           |     |        | select_ln79                   | select    | auto_sel                 | 0       |
|    select_ln79_1_fu_390_p3                                                         |     |        | select_ln79_1                 | select    | auto_sel                 | 0       |
|    add_ln80_fu_423_p2                                                              |     |        | add_ln80                      | add       | fabric                   | 0       |
|    cmp24_fu_428_p2                                                                 |     |        | cmp24                         | setlt     | auto                     | 0       |
|    empty_fu_503_p2                                                                 |     |        | empty                         | add       | fabric                   | 0       |
|    sub_ln84_fu_443_p2                                                              |     |        | sub_ln84                      | sub       | fabric                   | 0       |
|    add_ln84_fu_541_p2                                                              |     |        | add_ln84                      | add       | fabric                   | 0       |
|    add_ln84_1_fu_554_p2                                                            |     |        | add_ln84_1                    | add       | fabric                   | 0       |
|    add_ln81_fu_465_p2                                                              |     |        | add_ln81                      | add       | fabric                   | 0       |
|    add_ln81_3_fu_469_p2                                                            |     |        | add_ln81_3                    | add       | fabric                   | 0       |
|    add_ln81_1_fu_512_p2                                                            |     |        | add_ln81_1                    | add       | fabric                   | 0       |
|    add_ln85_1_fu_517_p2                                                            |     |        | add_ln85_1                    | add       | fabric                   | 0       |
|    add_ln85_fu_530_p2                                                              |     |        | add_ln85                      | add       | fabric                   | 0       |
|    add_ln81_2_fu_475_p2                                                            |     |        | add_ln81_2                    | add       | fabric                   | 0       |
|  + dwconv3_ip_Pipeline_LOAD_DW3_IN_VITIS_LOOP_110_3                                | 7   |        |                               |           |                          |         |
|    icmp_ln108_fu_770_p2                                                            |     |        | icmp_ln108                    | seteq     | auto                     | 0       |
|    add_ln108_1_fu_776_p2                                                           |     |        | add_ln108_1                   | add       | fabric                   | 0       |
|    add_ln108_fu_788_p2                                                             |     |        | add_ln108                     | add       | fabric                   | 0       |
|    icmp_ln110_fu_794_p2                                                            |     |        | icmp_ln110                    | seteq     | auto                     | 0       |
|    select_ln108_fu_800_p3                                                          |     |        | select_ln108                  | select    | auto_sel                 | 0       |
|    select_ln108_1_fu_808_p3                                                        |     |        | select_ln108_1                | select    | auto_sel                 | 0       |
|    add_ln109_fu_831_p2                                                             |     |        | add_ln109                     | add       | fabric                   | 0       |
|    cmp92_fu_836_p2                                                                 |     |        | cmp92                         | setlt     | auto                     | 0       |
|    sub_ln116_fu_1220_p2                                                            |     |        | sub_ln116                     | sub       | fabric                   | 0       |
|    add_ln116_fu_1259_p2                                                            |     |        | add_ln116                     | add       | fabric                   | 0       |
|    add_ln116_1_fu_1272_p2                                                          |     |        | add_ln116_1                   | add       | fabric                   | 0       |
|    add_ln116_2_fu_1285_p2                                                          |     |        | add_ln116_2                   | add       | fabric                   | 0       |
|    add_ln116_3_fu_1298_p2                                                          |     |        | add_ln116_3                   | add       | fabric                   | 0       |
|    tmp4_fu_876_p2                                                                  |     |        | tmp4                          | add       | fabric                   | 0       |
|    empty_38_fu_886_p2                                                              |     |        | empty_38                      | add       | fabric                   | 0       |
|    cmp93_fu_844_p2                                                                 |     |        | cmp93                         | setlt     | auto                     | 0       |
|    slt_fu_902_p2                                                                   |     |        | slt                           | setlt     | auto                     | 0       |
|    rev59_fu_911_p2                                                                 |     |        | rev59                         | xor       | auto                     | 0       |
|    empty_39_fu_906_p2                                                              |     |        | empty_39                      | add       | fabric                   | 0       |
|    mul_64s_32s_64_5_1_U11                                                          | 7   |        | empty_40                      | mul       | auto                     | 4       |
|    and_ln117_fu_849_p2                                                             |     |        | and_ln117                     | and       | auto                     | 0       |
|    and_ln117_1_fu_916_p2                                                           |     |        | and_ln117_1                   | and       | auto                     | 0       |
|    xor_ln117_fu_920_p2                                                             |     |        | xor_ln117                     | xor       | auto                     | 0       |
|    or_ln117_fu_926_p2                                                              |     |        | or_ln117                      | or        | auto                     | 0       |
|    or_ln117_1_fu_932_p2                                                            |     |        | or_ln117_1                    | or        | auto                     | 0       |
|    xor_ln117_1_fu_937_p2                                                           |     |        | xor_ln117_1                   | xor       | auto                     | 0       |
|    and_ln117_13_fu_943_p2                                                          |     |        | and_ln117_13                  | and       | auto                     | 0       |
|    and_ln117_2_fu_948_p2                                                           |     |        | and_ln117_2                   | and       | auto                     | 0       |
|    add_ln119_fu_1113_p2                                                            |     |        | add_ln119                     | add       | fabric                   | 0       |
|    add_ln119_2_fu_1117_p2                                                          |     |        | add_ln119_2                   | add       | fabric                   | 0       |
|    add_ln119_1_fu_1142_p2                                                          |     |        | add_ln119_1                   | add       | fabric                   | 0       |
|    and_ln117_3_fu_953_p2                                                           |     |        | and_ln117_3                   | and       | auto                     | 0       |
|    xor_ln117_2_fu_957_p2                                                           |     |        | xor_ln117_2                   | xor       | auto                     | 0       |
|    or_ln117_2_fu_963_p2                                                            |     |        | or_ln117_2                    | or        | auto                     | 0       |
|    or_ln117_3_fu_969_p2                                                            |     |        | or_ln117_3                    | or        | auto                     | 0       |
|    xor_ln117_3_fu_974_p2                                                           |     |        | xor_ln117_3                   | xor       | auto                     | 0       |
|    and_ln117_4_fu_980_p2                                                           |     |        | and_ln117_4                   | and       | auto                     | 0       |
|    add_ln119_4_fu_1122_p2                                                          |     |        | add_ln119_4                   | add       | fabric                   | 0       |
|    add_ln119_3_fu_1152_p2                                                          |     |        | add_ln119_3                   | add       | fabric                   | 0       |
|    and_ln117_5_fu_985_p2                                                           |     |        | and_ln117_5                   | and       | auto                     | 0       |
|    xor_ln117_4_fu_989_p2                                                           |     |        | xor_ln117_4                   | xor       | auto                     | 0       |
|    or_ln117_4_fu_995_p2                                                            |     |        | or_ln117_4                    | or        | auto                     | 0       |
|    or_ln117_5_fu_1001_p2                                                           |     |        | or_ln117_5                    | or        | auto                     | 0       |
|    xor_ln117_5_fu_1006_p2                                                          |     |        | xor_ln117_5                   | xor       | auto                     | 0       |
|    and_ln117_6_fu_1012_p2                                                          |     |        | and_ln117_6                   | and       | auto                     | 0       |
|    add_ln119_6_fu_1126_p2                                                          |     |        | add_ln119_6                   | add       | fabric                   | 0       |
|    add_ln119_5_fu_1162_p2                                                          |     |        | add_ln119_5                   | add       | fabric                   | 0       |
|    and_ln117_7_fu_1017_p2                                                          |     |        | and_ln117_7                   | and       | auto                     | 0       |
|    xor_ln117_6_fu_1021_p2                                                          |     |        | xor_ln117_6                   | xor       | auto                     | 0       |
|    or_ln117_6_fu_1027_p2                                                           |     |        | or_ln117_6                    | or        | auto                     | 0       |
|    or_ln117_7_fu_1033_p2                                                           |     |        | or_ln117_7                    | or        | auto                     | 0       |
|    xor_ln117_7_fu_1038_p2                                                          |     |        | xor_ln117_7                   | xor       | auto                     | 0       |
|    and_ln117_8_fu_1044_p2                                                          |     |        | and_ln117_8                   | and       | auto                     | 0       |
|    add_ln119_8_fu_1130_p2                                                          |     |        | add_ln119_8                   | add       | fabric                   | 0       |
|    add_ln119_7_fu_1172_p2                                                          |     |        | add_ln119_7                   | add       | fabric                   | 0       |
|    and_ln117_9_fu_1049_p2                                                          |     |        | and_ln117_9                   | and       | auto                     | 0       |
|    xor_ln117_8_fu_1053_p2                                                          |     |        | xor_ln117_8                   | xor       | auto                     | 0       |
|    or_ln117_8_fu_1059_p2                                                           |     |        | or_ln117_8                    | or        | auto                     | 0       |
|    or_ln117_9_fu_1065_p2                                                           |     |        | or_ln117_9                    | or        | auto                     | 0       |
|    xor_ln117_9_fu_1070_p2                                                          |     |        | xor_ln117_9                   | xor       | auto                     | 0       |
|    and_ln117_10_fu_1076_p2                                                         |     |        | and_ln117_10                  | and       | auto                     | 0       |
|    add_ln119_10_fu_1134_p2                                                         |     |        | add_ln119_10                  | add       | fabric                   | 0       |
|    add_ln119_9_fu_1182_p2                                                          |     |        | add_ln119_9                   | add       | fabric                   | 0       |
|    and_ln117_11_fu_1081_p2                                                         |     |        | and_ln117_11                  | and       | auto                     | 0       |
|    xor_ln117_10_fu_1085_p2                                                         |     |        | xor_ln117_10                  | xor       | auto                     | 0       |
|    or_ln117_10_fu_1091_p2                                                          |     |        | or_ln117_10                   | or        | auto                     | 0       |
|    or_ln117_11_fu_1097_p2                                                          |     |        | or_ln117_11                   | or        | auto                     | 0       |
|    xor_ln117_11_fu_1102_p2                                                         |     |        | xor_ln117_11                  | xor       | auto                     | 0       |
|    and_ln117_12_fu_1108_p2                                                         |     |        | and_ln117_12                  | and       | auto                     | 0       |
|    add_ln119_12_fu_1138_p2                                                         |     |        | add_ln119_12                  | add       | fabric                   | 0       |
|    add_ln119_11_fu_1192_p2                                                         |     |        | add_ln119_11                  | add       | fabric                   | 0       |
|    add_ln110_fu_855_p2                                                             |     |        | add_ln110                     | add       | fabric                   | 0       |
|  + dwconv3_ip_Pipeline_CLEAR_DW3_OUT_VITIS_LOOP_127_5                              | 0   |        |                               |           |                          |         |
|    icmp_ln126_fu_380_p2                                                            |     |        | icmp_ln126                    | seteq     | auto                     | 0       |
|    add_ln126_1_fu_386_p2                                                           |     |        | add_ln126_1                   | add       | fabric                   | 0       |
|    add_ln126_fu_403_p2                                                             |     |        | add_ln126                     | add       | fabric                   | 0       |
|    icmp_ln127_fu_409_p2                                                            |     |        | icmp_ln127                    | seteq     | auto                     | 0       |
|    select_ln126_fu_415_p3                                                          |     |        | select_ln126                  | select    | auto_sel                 | 0       |
|    select_ln126_1_fu_423_p3                                                        |     |        | select_ln126_1                | select    | auto_sel                 | 0       |
|    cmp145_fu_439_p2                                                                |     |        | cmp145                        | setlt     | auto                     | 0       |
|    cond149_fu_460_p3                                                               |     |        | cond149                       | select    | auto_sel                 | 0       |
|    empty_fu_479_p2                                                                 |     |        | empty                         | add       | fabric                   | 0       |
|    add_ln127_fu_444_p2                                                             |     |        | add_ln127                     | add       | fabric                   | 0       |
|  + dwconv3_ip_Pipeline_COMPUTE_DW3_KH_COMPUTE_DW3_KW_COMPUTE_DW3_TR_COMPUTE_DW3_TC | 4   |        |                               |           |                          |         |
|    icmp_ln138_fu_557_p2                                                            |     |        | icmp_ln138                    | seteq     | auto                     | 0       |
|    add_ln138_1_fu_563_p2                                                           |     |        | add_ln138_1                   | add       | fabric                   | 0       |
|    add_ln138_fu_614_p2                                                             |     |        | add_ln138                     | add       | fabric                   | 0       |
|    icmp_ln140_fu_569_p2                                                            |     |        | icmp_ln140                    | seteq     | auto                     | 0       |
|    select_ln138_fu_620_p3                                                          |     |        | select_ln138                  | select    | auto_sel                 | 0       |
|    xor_ln138_fu_575_p2                                                             |     |        | xor_ln138                     | xor       | auto                     | 0       |
|    icmp_ln144_fu_699_p2                                                            |     |        | icmp_ln144                    | seteq     | auto                     | 0       |
|    icmp_ln142_fu_627_p2                                                            |     |        | icmp_ln142                    | seteq     | auto                     | 0       |
|    and_ln138_1_fu_633_p2                                                           |     |        | and_ln138_1                   | and       | auto                     | 0       |
|    select_ln138_1_fu_638_p3                                                        |     |        | select_ln138_1                | select    | auto_sel                 | 0       |
|    add_ln140_fu_645_p2                                                             |     |        | add_ln140                     | add       | fabric                   | 0       |
|    empty_fu_651_p2                                                                 |     |        | empty                         | or        | auto                     | 0       |
|    r_3_mid227_fu_705_p3                                                            |     |        | r_3_mid227                    | select    | auto_sel                 | 0       |
|    exitcond_flatten22_not_fu_712_p2                                                |     |        | exitcond_flatten22_not        | xor       | auto                     | 0       |
|    not_exitcond_flatten22_mid255_fu_717_p2                                         |     |        | not_exitcond_flatten22_mid255 | or        | auto                     | 0       |
|    and_ln138_fu_722_p2                                                             |     |        | and_ln138                     | and       | auto                     | 0       |
|    icmp_ln144_mid232_fu_727_p2                                                     |     |        | icmp_ln144_mid232             | and       | auto                     | 0       |
|    select_ln140_fu_656_p3                                                          |     |        | select_ln140                  | select    | auto_sel                 | 0       |
|    add_ln142_fu_733_p2                                                             |     |        | add_ln142                     | add       | fabric                   | 0       |
|    empty_41_fu_739_p2                                                              |     |        | empty_41                      | or        | auto                     | 0       |
|    empty_42_fu_744_p2                                                              |     |        | empty_42                      | or        | auto                     | 0       |
|    c_1_mid2_fu_749_p3                                                              |     |        | c_1_mid2                      | select    | auto_sel                 | 0       |
|    select_ln142_fu_757_p3                                                          |     |        | select_ln142                  | select    | auto_sel                 | 0       |
|    empty_45_fu_796_p2                                                              |     |        | empty_45                      | add       | fabric                   | 0       |
|    empty_46_fu_806_p2                                                              |     |        | empty_46                      | add       | fabric                   | 0       |
|    mac_muladd_8s_8s_32s_32_4_1_U68                                                 | 1   |        | mul_ln150                     | mul       | dsp_slice                | 3       |
|    mac_muladd_8s_8s_32s_32_4_1_U68                                                 | 1   |        | sext_ln149                    | sext      | dsp_slice                | 3       |
|    sparsemux_9_2_32_1_1_U64                                                        |     |        | tmp_6                         | sparsemux | compactencoding_dontcare | 0       |
|    mac_muladd_8s_8s_32s_32_4_1_U68                                                 | 1   |        | add_ln149                     | add       | dsp_slice                | 3       |
|    mac_muladd_8s_8s_32s_32_4_1_U69                                                 | 1   |        | mul_ln150_1                   | mul       | dsp_slice                | 3       |
|    mac_muladd_8s_8s_32s_32_4_1_U69                                                 | 1   |        | sext_ln150_2                  | sext      | dsp_slice                | 3       |
|    mac_muladd_8s_8s_32s_32_4_1_U70                                                 | 1   |        | mul_ln150_2                   | mul       | dsp_slice                | 3       |
|    mac_muladd_8s_8s_32s_32_4_1_U70                                                 | 1   |        | sext_ln150_4                  | sext      | dsp_slice                | 3       |
|    mac_muladd_8s_8s_32s_32_4_1_U71                                                 | 1   |        | mul_ln150_3                   | mul       | dsp_slice                | 3       |
|    mac_muladd_8s_8s_32s_32_4_1_U71                                                 | 1   |        | sext_ln149_1                  | sext      | dsp_slice                | 3       |
|    sparsemux_9_2_32_1_1_U65                                                        |     |        | tmp_7                         | sparsemux | compactencoding_dontcare | 0       |
|    mac_muladd_8s_8s_32s_32_4_1_U69                                                 | 1   |        | add_ln149_1                   | add       | dsp_slice                | 3       |
|    sparsemux_9_2_32_1_1_U66                                                        |     |        | tmp_8                         | sparsemux | compactencoding_dontcare | 0       |
|    mac_muladd_8s_8s_32s_32_4_1_U70                                                 | 1   |        | add_ln149_2                   | add       | dsp_slice                | 3       |
|    sparsemux_9_2_32_1_1_U67                                                        |     |        | tmp_9                         | sparsemux | compactencoding_dontcare | 0       |
|    mac_muladd_8s_8s_32s_32_4_1_U71                                                 | 1   |        | add_ln149_3                   | add       | dsp_slice                | 3       |
|    add_ln144_fu_812_p2                                                             |     |        | add_ln144                     | add       | fabric                   | 0       |
|    add_ln142_1_fu_664_p2                                                           |     |        | add_ln142_1                   | add       | fabric                   | 0       |
|    select_ln142_1_fu_670_p3                                                        |     |        | select_ln142_1                | select    | auto_sel                 | 0       |
|    add_ln140_1_fu_581_p2                                                           |     |        | add_ln140_1                   | add       | fabric                   | 0       |
|    select_ln140_1_fu_587_p3                                                        |     |        | select_ln140_1                | select    | auto_sel                 | 0       |
+------------------------------------------------------------------------------------+-----+--------+-------------------------------+-----------+--------------------------+---------+


================================================================
== Storage Report
================================================================
+---------------------------+-----------+-----------+------+------+--------+-----------------------+------+---------+------------------+
| Name                      | Usage     | Type      | BRAM | URAM | Pragma | Variable              | Impl | Latency | Bitwidth, Depth, |
|                           |           |           |      |      |        |                       |      |         | Banks            |
+---------------------------+-----------+-----------+------+------+--------+-----------------------+------+---------+------------------+
| + dwconv3_ip              |           |           | 7    | 0    |        |                       |      |         |                  |
|   control_s_axi_U         | interface | s_axilite |      |      |        |                       |      |         |                  |
|   ctrl_s_axi_U            | interface | s_axilite |      |      |        |                       |      |         |                  |
|   gmem0_m_axi_U           | interface | m_axi     | 2    |      |        |                       |      |         |                  |
|   gmem1_m_axi_U           | interface | m_axi     | 2    |      |        |                       |      |         |                  |
|   gmem2_m_axi_U           | interface | m_axi     | 2    |      |        |                       |      |         |                  |
|   gmem3_m_axi_U           | interface | m_axi     | 1    |      |        |                       |      |         |                  |
|   p_ZL10dw3_wt_buf_0_U    | ram_t2p   |           |      |      |        | p_ZL10dw3_wt_buf_0    | auto | 1       | 8, 9, 1          |
|   p_ZL10dw3_wt_buf_1_U    | ram_t2p   |           |      |      |        | p_ZL10dw3_wt_buf_1    | auto | 1       | 8, 9, 1          |
|   p_ZL10dw3_wt_buf_2_U    | ram_t2p   |           |      |      |        | p_ZL10dw3_wt_buf_2    | auto | 1       | 8, 9, 1          |
|   p_ZL10dw3_wt_buf_3_U    | ram_t2p   |           |      |      |        | p_ZL10dw3_wt_buf_3    | auto | 1       | 8, 9, 1          |
|   p_ZL10dw3_in_buf_0_U    | ram_1p    |           |      |      |        | p_ZL10dw3_in_buf_0    | auto | 1       | 8, 36, 1         |
|   p_ZL10dw3_in_buf_1_U    | ram_1p    |           |      |      |        | p_ZL10dw3_in_buf_1    | auto | 1       | 8, 36, 1         |
|   p_ZL10dw3_in_buf_2_U    | ram_1p    |           |      |      |        | p_ZL10dw3_in_buf_2    | auto | 1       | 8, 36, 1         |
|   p_ZL10dw3_in_buf_3_U    | ram_1p    |           |      |      |        | p_ZL10dw3_in_buf_3    | auto | 1       | 8, 36, 1         |
|   p_ZL11dw3_out_buf_0_0_U | ram_2p    |           |      |      |        | p_ZL11dw3_out_buf_0_0 | auto | 1       | 32, 4, 1         |
|   p_ZL11dw3_out_buf_0_1_U | ram_2p    |           |      |      |        | p_ZL11dw3_out_buf_0_1 | auto | 1       | 32, 4, 1         |
|   p_ZL11dw3_out_buf_0_2_U | ram_2p    |           |      |      |        | p_ZL11dw3_out_buf_0_2 | auto | 1       | 32, 4, 1         |
|   p_ZL11dw3_out_buf_0_3_U | ram_2p    |           |      |      |        | p_ZL11dw3_out_buf_0_3 | auto | 1       | 32, 4, 1         |
|   p_ZL11dw3_out_buf_1_0_U | ram_2p    |           |      |      |        | p_ZL11dw3_out_buf_1_0 | auto | 1       | 32, 4, 1         |
|   p_ZL11dw3_out_buf_1_1_U | ram_2p    |           |      |      |        | p_ZL11dw3_out_buf_1_1 | auto | 1       | 32, 4, 1         |
|   p_ZL11dw3_out_buf_1_2_U | ram_2p    |           |      |      |        | p_ZL11dw3_out_buf_1_2 | auto | 1       | 32, 4, 1         |
|   p_ZL11dw3_out_buf_1_3_U | ram_2p    |           |      |      |        | p_ZL11dw3_out_buf_1_3 | auto | 1       | 32, 4, 1         |
|   p_ZL11dw3_out_buf_2_0_U | ram_2p    |           |      |      |        | p_ZL11dw3_out_buf_2_0 | auto | 1       | 32, 4, 1         |
|   p_ZL11dw3_out_buf_2_1_U | ram_2p    |           |      |      |        | p_ZL11dw3_out_buf_2_1 | auto | 1       | 32, 4, 1         |
|   p_ZL11dw3_out_buf_2_2_U | ram_2p    |           |      |      |        | p_ZL11dw3_out_buf_2_2 | auto | 1       | 32, 4, 1         |
|   p_ZL11dw3_out_buf_2_3_U | ram_2p    |           |      |      |        | p_ZL11dw3_out_buf_2_3 | auto | 1       | 32, 4, 1         |
|   p_ZL11dw3_out_buf_3_0_U | ram_2p    |           |      |      |        | p_ZL11dw3_out_buf_3_0 | auto | 1       | 32, 4, 1         |
|   p_ZL11dw3_out_buf_3_1_U | ram_2p    |           |      |      |        | p_ZL11dw3_out_buf_3_1 | auto | 1       | 32, 4, 1         |
|   p_ZL11dw3_out_buf_3_2_U | ram_2p    |           |      |      |        | p_ZL11dw3_out_buf_3_2 | auto | 1       | 32, 4, 1         |
|   p_ZL11dw3_out_buf_3_3_U | ram_2p    |           |      |      |        | p_ZL11dw3_out_buf_3_3 | auto | 1       | 32, 4, 1         |
+---------------------------+-----------+-----------+------+------+--------+-----------------------+------+---------+------------------+


================================================================
== Pragma Report
================================================================
* Valid Pragma Syntax
+-----------------+--------------------------------------------------------------------------------------------------------------+----------------------------------------------+
| Type            | Options                                                                                                      | Location                                     |
+-----------------+--------------------------------------------------------------------------------------------------------------+----------------------------------------------+
| inline          |                                                                                                              | dwconv3_ip.cpp:24 in apply_act               |
| interface       | m_axi port=feat_in offset=slave bundle=gmem0 depth=65536 max_read_burst_length=16 num_read_outstanding=16    | dwconv3_ip.cpp:45 in dwconv3_ip, feat_in     |
| interface       | m_axi port=weight offset=slave bundle=gmem1 depth=4096 max_read_burst_length=16 num_read_outstanding=16      | dwconv3_ip.cpp:47 in dwconv3_ip, weight      |
| interface       | m_axi port=bias offset=slave bundle=gmem2 depth=512                                                          | dwconv3_ip.cpp:49 in dwconv3_ip, bias        |
| interface       | m_axi port=feat_out offset=slave bundle=gmem3 depth=65536 max_write_burst_length=16 num_write_outstanding=16 | dwconv3_ip.cpp:50 in dwconv3_ip, feat_out    |
| interface       | s_axilite port=CHin bundle=ctrl                                                                              | dwconv3_ip.cpp:53 in dwconv3_ip, CHin        |
| interface       | s_axilite port=Hin bundle=ctrl                                                                               | dwconv3_ip.cpp:54 in dwconv3_ip, Hin         |
| interface       | s_axilite port=Win bundle=ctrl                                                                               | dwconv3_ip.cpp:55 in dwconv3_ip, Win         |
| interface       | s_axilite port=act_mode bundle=ctrl                                                                          | dwconv3_ip.cpp:56 in dwconv3_ip, act_mode    |
| interface       | s_axilite port=out_shift bundle=ctrl                                                                         | dwconv3_ip.cpp:57 in dwconv3_ip, out_shift   |
| interface       | s_axilite port=return bundle=ctrl                                                                            | dwconv3_ip.cpp:58 in dwconv3_ip, return      |
| array_partition | variable=dw3_in_buf dim=1 complete                                                                           | dwconv3_ip.cpp:60 in dwconv3_ip, dw3_in_buf  |
| array_partition | variable=dw3_wt_buf dim=1 complete                                                                           | dwconv3_ip.cpp:61 in dwconv3_ip, dw3_wt_buf  |
| array_partition | variable=dw3_out_buf dim=1 complete                                                                          | dwconv3_ip.cpp:62 in dwconv3_ip, dw3_out_buf |
| pipeline        | II=1                                                                                                         | dwconv3_ip.cpp:82 in dwconv3_ip              |
| pipeline        | II=1                                                                                                         | dwconv3_ip.cpp:111 in dwconv3_ip             |
| loop_tripcount  | min=3 max=6 avg=6                                                                                            | dwconv3_ip.cpp:112 in dwconv3_ip             |
| pipeline        | II=1                                                                                                         | dwconv3_ip.cpp:128 in dwconv3_ip             |
| pipeline        | II=1                                                                                                         | dwconv3_ip.cpp:145 in dwconv3_ip             |
| unroll          |                                                                                                              | dwconv3_ip.cpp:148 in dwconv3_ip             |
| pipeline        | II=1                                                                                                         | dwconv3_ip.cpp:163 in dwconv3_ip             |
+-----------------+--------------------------------------------------------------------------------------------------------------+----------------------------------------------+


