

================================================================
== Vitis HLS Report for 'drive_mac'
================================================================
* Date:           Thu Aug 20 23:05:09 2026

* Version:        2024.2 (Build 5238294 on Nov  8 2024)
* Project:        mac_array_poc_a2_maxk7
* Solution:       solution1 (Vivado IP Flow Target)
* Product family: zynq
* Target device:  xc7z020-clg400-1


================================================================
== Performance Estimates
================================================================
+ Timing: 
    * Summary: 
    +--------+----------+----------+------------+
    |  Clock |  Target  | Estimated| Uncertainty|
    +--------+----------+----------+------------+
    |ap_clk  |  10.00 ns|  2.100 ns|     2.70 ns|
    +--------+----------+----------+------------+

+ Latency: 
    * Summary: 
    +---------+---------+-----------+-----------+-----+-----+---------+
    |  Latency (cycles) |   Latency (absolute)  |  Interval | Pipeline|
    |   min   |   max   |    min    |    max    | min | max |   Type  |
    +---------+---------+-----------+-----------+-----+-----+---------+
    |        3|        3|  30.000 ns|  30.000 ns|    1|    1|      yes|
    +---------+---------+-----------+-----------+-----+-----+---------+

    + Detail: 
        * Instance: 
        N/A

        * Loop: 
        N/A



================================================================
== Utilization Estimates
================================================================
* Summary: 
+-----------------+---------+-----+--------+-------+-----+
|       Name      | BRAM_18K| DSP |   FF   |  LUT  | URAM|
+-----------------+---------+-----+--------+-------+-----+
|DSP              |        -|   64|       -|      -|    -|
|Expression       |        -|    -|       0|      2|    -|
|FIFO             |        -|    -|       -|      -|    -|
|Instance         |        -|    -|       -|      -|    -|
|Memory           |        -|    -|       -|      -|    -|
|Multiplexer      |        -|    -|       -|      -|    -|
|Register         |        -|    -|    4100|      -|    -|
+-----------------+---------+-----+--------+-------+-----+
|Total            |        0|   64|    4100|      2|    0|
+-----------------+---------+-----+--------+-------+-----+
|Available        |      280|  220|  106400|  53200|    0|
+-----------------+---------+-----+--------+-------+-----+
|Utilization (%)  |        0|   29|       3|     ~0|    0|
+-----------------+---------+-----+--------+-------+-----+

+ Detail: 
    * Instance: 
    N/A

    * DSP: 
    +-----------------------------------+-----------------------------+--------------+
    |              Instance             |            Module           |  Expression  |
    +-----------------------------------+-----------------------------+--------------+
    |mac_muladd_8s_8s_32s_32_4_1_U1374  |mac_muladd_8s_8s_32s_32_4_1  |  i0 * i1 + i2|
    |mac_muladd_8s_8s_32s_32_4_1_U1375  |mac_muladd_8s_8s_32s_32_4_1  |  i0 * i1 + i2|
    |mac_muladd_8s_8s_32s_32_4_1_U1376  |mac_muladd_8s_8s_32s_32_4_1  |  i0 * i1 + i2|
    |mac_muladd_8s_8s_32s_32_4_1_U1377  |mac_muladd_8s_8s_32s_32_4_1  |  i0 * i1 + i2|
    |mac_muladd_8s_8s_32s_32_4_1_U1378  |mac_muladd_8s_8s_32s_32_4_1  |  i0 * i1 + i2|
    |mac_muladd_8s_8s_32s_32_4_1_U1379  |mac_muladd_8s_8s_32s_32_4_1  |  i0 * i1 + i2|
    |mac_muladd_8s_8s_32s_32_4_1_U1380  |mac_muladd_8s_8s_32s_32_4_1  |  i0 * i1 + i2|
    |mac_muladd_8s_8s_32s_32_4_1_U1381  |mac_muladd_8s_8s_32s_32_4_1  |  i0 * i1 + i2|
    |mac_muladd_8s_8s_32s_32_4_1_U1382  |mac_muladd_8s_8s_32s_32_4_1  |  i0 * i1 + i2|
    |mac_muladd_8s_8s_32s_32_4_1_U1383  |mac_muladd_8s_8s_32s_32_4_1  |  i0 * i1 + i2|
    |mac_muladd_8s_8s_32s_32_4_1_U1384  |mac_muladd_8s_8s_32s_32_4_1  |  i0 * i1 + i2|
    |mac_muladd_8s_8s_32s_32_4_1_U1385  |mac_muladd_8s_8s_32s_32_4_1  |  i0 * i1 + i2|
    |mac_muladd_8s_8s_32s_32_4_1_U1386  |mac_muladd_8s_8s_32s_32_4_1  |  i0 * i1 + i2|
    |mac_muladd_8s_8s_32s_32_4_1_U1387  |mac_muladd_8s_8s_32s_32_4_1  |  i0 * i1 + i2|
    |mac_muladd_8s_8s_32s_32_4_1_U1388  |mac_muladd_8s_8s_32s_32_4_1  |  i0 * i1 + i2|
    |mac_muladd_8s_8s_32s_32_4_1_U1389  |mac_muladd_8s_8s_32s_32_4_1  |  i0 * i1 + i2|
    |mac_muladd_8s_8s_32s_32_4_1_U1390  |mac_muladd_8s_8s_32s_32_4_1  |  i0 * i1 + i2|
    |mac_muladd_8s_8s_32s_32_4_1_U1391  |mac_muladd_8s_8s_32s_32_4_1  |  i0 * i1 + i2|
    |mac_muladd_8s_8s_32s_32_4_1_U1392  |mac_muladd_8s_8s_32s_32_4_1  |  i0 * i1 + i2|
    |mac_muladd_8s_8s_32s_32_4_1_U1393  |mac_muladd_8s_8s_32s_32_4_1  |  i0 * i1 + i2|
    |mac_muladd_8s_8s_32s_32_4_1_U1394  |mac_muladd_8s_8s_32s_32_4_1  |  i0 * i1 + i2|
    |mac_muladd_8s_8s_32s_32_4_1_U1395  |mac_muladd_8s_8s_32s_32_4_1  |  i0 * i1 + i2|
    |mac_muladd_8s_8s_32s_32_4_1_U1396  |mac_muladd_8s_8s_32s_32_4_1  |  i0 * i1 + i2|
    |mac_muladd_8s_8s_32s_32_4_1_U1397  |mac_muladd_8s_8s_32s_32_4_1  |  i0 * i1 + i2|
    |mac_muladd_8s_8s_32s_32_4_1_U1398  |mac_muladd_8s_8s_32s_32_4_1  |  i0 * i1 + i2|
    |mac_muladd_8s_8s_32s_32_4_1_U1399  |mac_muladd_8s_8s_32s_32_4_1  |  i0 * i1 + i2|
    |mac_muladd_8s_8s_32s_32_4_1_U1400  |mac_muladd_8s_8s_32s_32_4_1  |  i0 * i1 + i2|
    |mac_muladd_8s_8s_32s_32_4_1_U1401  |mac_muladd_8s_8s_32s_32_4_1  |  i0 * i1 + i2|
    |mac_muladd_8s_8s_32s_32_4_1_U1402  |mac_muladd_8s_8s_32s_32_4_1  |  i0 * i1 + i2|
    |mac_muladd_8s_8s_32s_32_4_1_U1403  |mac_muladd_8s_8s_32s_32_4_1  |  i0 * i1 + i2|
    |mac_muladd_8s_8s_32s_32_4_1_U1404  |mac_muladd_8s_8s_32s_32_4_1  |  i0 * i1 + i2|
    |mac_muladd_8s_8s_32s_32_4_1_U1405  |mac_muladd_8s_8s_32s_32_4_1  |  i0 * i1 + i2|
    |mac_muladd_8s_8s_32s_32_4_1_U1406  |mac_muladd_8s_8s_32s_32_4_1  |  i0 * i1 + i2|
    |mac_muladd_8s_8s_32s_32_4_1_U1407  |mac_muladd_8s_8s_32s_32_4_1  |  i0 * i1 + i2|
    |mac_muladd_8s_8s_32s_32_4_1_U1408  |mac_muladd_8s_8s_32s_32_4_1  |  i0 * i1 + i2|
    |mac_muladd_8s_8s_32s_32_4_1_U1409  |mac_muladd_8s_8s_32s_32_4_1  |  i0 * i1 + i2|
    |mac_muladd_8s_8s_32s_32_4_1_U1410  |mac_muladd_8s_8s_32s_32_4_1  |  i0 * i1 + i2|
    |mac_muladd_8s_8s_32s_32_4_1_U1411  |mac_muladd_8s_8s_32s_32_4_1  |  i0 * i1 + i2|
    |mac_muladd_8s_8s_32s_32_4_1_U1412  |mac_muladd_8s_8s_32s_32_4_1  |  i0 * i1 + i2|
    |mac_muladd_8s_8s_32s_32_4_1_U1413  |mac_muladd_8s_8s_32s_32_4_1  |  i0 * i1 + i2|
    |mac_muladd_8s_8s_32s_32_4_1_U1414  |mac_muladd_8s_8s_32s_32_4_1  |  i0 * i1 + i2|
    |mac_muladd_8s_8s_32s_32_4_1_U1415  |mac_muladd_8s_8s_32s_32_4_1  |  i0 * i1 + i2|
    |mac_muladd_8s_8s_32s_32_4_1_U1416  |mac_muladd_8s_8s_32s_32_4_1  |  i0 * i1 + i2|
    |mac_muladd_8s_8s_32s_32_4_1_U1417  |mac_muladd_8s_8s_32s_32_4_1  |  i0 * i1 + i2|
    |mac_muladd_8s_8s_32s_32_4_1_U1418  |mac_muladd_8s_8s_32s_32_4_1  |  i0 * i1 + i2|
    |mac_muladd_8s_8s_32s_32_4_1_U1419  |mac_muladd_8s_8s_32s_32_4_1  |  i0 * i1 + i2|
    |mac_muladd_8s_8s_32s_32_4_1_U1420  |mac_muladd_8s_8s_32s_32_4_1  |  i0 * i1 + i2|
    |mac_muladd_8s_8s_32s_32_4_1_U1421  |mac_muladd_8s_8s_32s_32_4_1  |  i0 * i1 + i2|
    |mac_muladd_8s_8s_32s_32_4_1_U1422  |mac_muladd_8s_8s_32s_32_4_1  |  i0 * i1 + i2|
    |mac_muladd_8s_8s_32s_32_4_1_U1423  |mac_muladd_8s_8s_32s_32_4_1  |  i0 * i1 + i2|
    |mac_muladd_8s_8s_32s_32_4_1_U1424  |mac_muladd_8s_8s_32s_32_4_1  |  i0 * i1 + i2|
    |mac_muladd_8s_8s_32s_32_4_1_U1425  |mac_muladd_8s_8s_32s_32_4_1  |  i0 * i1 + i2|
    |mac_muladd_8s_8s_32s_32_4_1_U1426  |mac_muladd_8s_8s_32s_32_4_1  |  i0 * i1 + i2|
    |mac_muladd_8s_8s_32s_32_4_1_U1427  |mac_muladd_8s_8s_32s_32_4_1  |  i0 * i1 + i2|
    |mac_muladd_8s_8s_32s_32_4_1_U1428  |mac_muladd_8s_8s_32s_32_4_1  |  i0 * i1 + i2|
    |mac_muladd_8s_8s_32s_32_4_1_U1429  |mac_muladd_8s_8s_32s_32_4_1  |  i0 * i1 + i2|
    |mac_muladd_8s_8s_32s_32_4_1_U1430  |mac_muladd_8s_8s_32s_32_4_1  |  i0 * i1 + i2|
    |mac_muladd_8s_8s_32s_32_4_1_U1431  |mac_muladd_8s_8s_32s_32_4_1  |  i0 * i1 + i2|
    |mac_muladd_8s_8s_32s_32_4_1_U1432  |mac_muladd_8s_8s_32s_32_4_1  |  i0 * i1 + i2|
    |mac_muladd_8s_8s_32s_32_4_1_U1433  |mac_muladd_8s_8s_32s_32_4_1  |  i0 * i1 + i2|
    |mac_muladd_8s_8s_32s_32_4_1_U1434  |mac_muladd_8s_8s_32s_32_4_1  |  i0 * i1 + i2|
    |mac_muladd_8s_8s_32s_32_4_1_U1435  |mac_muladd_8s_8s_32s_32_4_1  |  i0 * i1 + i2|
    |mac_muladd_8s_8s_32s_32_4_1_U1436  |mac_muladd_8s_8s_32s_32_4_1  |  i0 * i1 + i2|
    |mac_muladd_8s_8s_32s_32_4_1_U1437  |mac_muladd_8s_8s_32s_32_4_1  |  i0 * i1 + i2|
    +-----------------------------------+-----------------------------+--------------+

    * Memory: 
    N/A

    * FIFO: 
    N/A

    * Expression: 
    +---------------+----------+----+---+----+------------+------------+
    | Variable Name | Operation| DSP| FF| LUT| Bitwidth P0| Bitwidth P1|
    +---------------+----------+----+---+----+------------+------------+
    |ap_enable_pp0  |       xor|   0|  0|   2|           1|           2|
    +---------------+----------+----+---+----+------------+------------+
    |Total          |          |   0|  0|   2|           1|           2|
    +---------------+----------+----+---+----+------------+------------+

    * Multiplexer: 
    N/A

    * Register: 
    +-----------------------------------------+----+----+-----+-----------+
    |                   Name                  | FF | LUT| Bits| Const Bits|
    +-----------------------------------------+----+----+-----+-----------+
    |acc_0_0_0_read_1_reg_2465                |  32|   0|   32|          0|
    |acc_0_0_0_read_1_reg_2465_pp0_iter1_reg  |  32|   0|   32|          0|
    |acc_0_0_1_read_1_reg_2460                |  32|   0|   32|          0|
    |acc_0_0_1_read_1_reg_2460_pp0_iter1_reg  |  32|   0|   32|          0|
    |acc_0_0_2_read_1_reg_2455                |  32|   0|   32|          0|
    |acc_0_0_2_read_1_reg_2455_pp0_iter1_reg  |  32|   0|   32|          0|
    |acc_0_0_3_read_1_reg_2450                |  32|   0|   32|          0|
    |acc_0_0_3_read_1_reg_2450_pp0_iter1_reg  |  32|   0|   32|          0|
    |acc_0_0_4_read_1_reg_2445                |  32|   0|   32|          0|
    |acc_0_0_4_read_1_reg_2445_pp0_iter1_reg  |  32|   0|   32|          0|
    |acc_0_0_5_read_1_reg_2440                |  32|   0|   32|          0|
    |acc_0_0_5_read_1_reg_2440_pp0_iter1_reg  |  32|   0|   32|          0|
    |acc_0_0_6_read_1_reg_2435                |  32|   0|   32|          0|
    |acc_0_0_6_read_1_reg_2435_pp0_iter1_reg  |  32|   0|   32|          0|
    |acc_0_0_7_read_1_reg_2430                |  32|   0|   32|          0|
    |acc_0_0_7_read_1_reg_2430_pp0_iter1_reg  |  32|   0|   32|          0|
    |acc_0_1_0_read_1_reg_2425                |  32|   0|   32|          0|
    |acc_0_1_0_read_1_reg_2425_pp0_iter1_reg  |  32|   0|   32|          0|
    |acc_0_1_1_read_1_reg_2420                |  32|   0|   32|          0|
    |acc_0_1_1_read_1_reg_2420_pp0_iter1_reg  |  32|   0|   32|          0|
    |acc_0_1_2_read_1_reg_2415                |  32|   0|   32|          0|
    |acc_0_1_2_read_1_reg_2415_pp0_iter1_reg  |  32|   0|   32|          0|
    |acc_0_1_3_read_1_reg_2410                |  32|   0|   32|          0|
    |acc_0_1_3_read_1_reg_2410_pp0_iter1_reg  |  32|   0|   32|          0|
    |acc_0_1_4_read_1_reg_2405                |  32|   0|   32|          0|
    |acc_0_1_4_read_1_reg_2405_pp0_iter1_reg  |  32|   0|   32|          0|
    |acc_0_1_5_read_1_reg_2400                |  32|   0|   32|          0|
    |acc_0_1_5_read_1_reg_2400_pp0_iter1_reg  |  32|   0|   32|          0|
    |acc_0_1_6_read_1_reg_2395                |  32|   0|   32|          0|
    |acc_0_1_6_read_1_reg_2395_pp0_iter1_reg  |  32|   0|   32|          0|
    |acc_0_1_7_read_1_reg_2390                |  32|   0|   32|          0|
    |acc_0_1_7_read_1_reg_2390_pp0_iter1_reg  |  32|   0|   32|          0|
    |acc_0_2_0_read_1_reg_2385                |  32|   0|   32|          0|
    |acc_0_2_0_read_1_reg_2385_pp0_iter1_reg  |  32|   0|   32|          0|
    |acc_0_2_1_read_1_reg_2380                |  32|   0|   32|          0|
    |acc_0_2_1_read_1_reg_2380_pp0_iter1_reg  |  32|   0|   32|          0|
    |acc_0_2_2_read_1_reg_2375                |  32|   0|   32|          0|
    |acc_0_2_2_read_1_reg_2375_pp0_iter1_reg  |  32|   0|   32|          0|
    |acc_0_2_3_read_1_reg_2370                |  32|   0|   32|          0|
    |acc_0_2_3_read_1_reg_2370_pp0_iter1_reg  |  32|   0|   32|          0|
    |acc_0_2_4_read_1_reg_2365                |  32|   0|   32|          0|
    |acc_0_2_4_read_1_reg_2365_pp0_iter1_reg  |  32|   0|   32|          0|
    |acc_0_2_5_read_1_reg_2360                |  32|   0|   32|          0|
    |acc_0_2_5_read_1_reg_2360_pp0_iter1_reg  |  32|   0|   32|          0|
    |acc_0_2_6_read_1_reg_2355                |  32|   0|   32|          0|
    |acc_0_2_6_read_1_reg_2355_pp0_iter1_reg  |  32|   0|   32|          0|
    |acc_0_2_7_read_1_reg_2350                |  32|   0|   32|          0|
    |acc_0_2_7_read_1_reg_2350_pp0_iter1_reg  |  32|   0|   32|          0|
    |acc_0_3_0_read_1_reg_2345                |  32|   0|   32|          0|
    |acc_0_3_0_read_1_reg_2345_pp0_iter1_reg  |  32|   0|   32|          0|
    |acc_0_3_1_read_1_reg_2340                |  32|   0|   32|          0|
    |acc_0_3_1_read_1_reg_2340_pp0_iter1_reg  |  32|   0|   32|          0|
    |acc_0_3_2_read_1_reg_2335                |  32|   0|   32|          0|
    |acc_0_3_2_read_1_reg_2335_pp0_iter1_reg  |  32|   0|   32|          0|
    |acc_0_3_3_read_1_reg_2330                |  32|   0|   32|          0|
    |acc_0_3_3_read_1_reg_2330_pp0_iter1_reg  |  32|   0|   32|          0|
    |acc_0_3_4_read_1_reg_2325                |  32|   0|   32|          0|
    |acc_0_3_4_read_1_reg_2325_pp0_iter1_reg  |  32|   0|   32|          0|
    |acc_0_3_5_read_1_reg_2320                |  32|   0|   32|          0|
    |acc_0_3_5_read_1_reg_2320_pp0_iter1_reg  |  32|   0|   32|          0|
    |acc_0_3_6_read_1_reg_2315                |  32|   0|   32|          0|
    |acc_0_3_6_read_1_reg_2315_pp0_iter1_reg  |  32|   0|   32|          0|
    |acc_0_3_7_read_1_reg_2310                |  32|   0|   32|          0|
    |acc_0_3_7_read_1_reg_2310_pp0_iter1_reg  |  32|   0|   32|          0|
    |acc_1_0_0_read_1_reg_2305                |  32|   0|   32|          0|
    |acc_1_0_0_read_1_reg_2305_pp0_iter1_reg  |  32|   0|   32|          0|
    |acc_1_0_1_read_1_reg_2300                |  32|   0|   32|          0|
    |acc_1_0_1_read_1_reg_2300_pp0_iter1_reg  |  32|   0|   32|          0|
    |acc_1_0_2_read_1_reg_2295                |  32|   0|   32|          0|
    |acc_1_0_2_read_1_reg_2295_pp0_iter1_reg  |  32|   0|   32|          0|
    |acc_1_0_3_read_1_reg_2290                |  32|   0|   32|          0|
    |acc_1_0_3_read_1_reg_2290_pp0_iter1_reg  |  32|   0|   32|          0|
    |acc_1_0_4_read_1_reg_2285                |  32|   0|   32|          0|
    |acc_1_0_4_read_1_reg_2285_pp0_iter1_reg  |  32|   0|   32|          0|
    |acc_1_0_5_read_1_reg_2280                |  32|   0|   32|          0|
    |acc_1_0_5_read_1_reg_2280_pp0_iter1_reg  |  32|   0|   32|          0|
    |acc_1_0_6_read_1_reg_2275                |  32|   0|   32|          0|
    |acc_1_0_6_read_1_reg_2275_pp0_iter1_reg  |  32|   0|   32|          0|
    |acc_1_0_7_read_1_reg_2270                |  32|   0|   32|          0|
    |acc_1_0_7_read_1_reg_2270_pp0_iter1_reg  |  32|   0|   32|          0|
    |acc_1_1_0_read_1_reg_2265                |  32|   0|   32|          0|
    |acc_1_1_0_read_1_reg_2265_pp0_iter1_reg  |  32|   0|   32|          0|
    |acc_1_1_1_read_1_reg_2260                |  32|   0|   32|          0|
    |acc_1_1_1_read_1_reg_2260_pp0_iter1_reg  |  32|   0|   32|          0|
    |acc_1_1_2_read_1_reg_2255                |  32|   0|   32|          0|
    |acc_1_1_2_read_1_reg_2255_pp0_iter1_reg  |  32|   0|   32|          0|
    |acc_1_1_3_read_1_reg_2250                |  32|   0|   32|          0|
    |acc_1_1_3_read_1_reg_2250_pp0_iter1_reg  |  32|   0|   32|          0|
    |acc_1_1_4_read_1_reg_2245                |  32|   0|   32|          0|
    |acc_1_1_4_read_1_reg_2245_pp0_iter1_reg  |  32|   0|   32|          0|
    |acc_1_1_5_read_1_reg_2240                |  32|   0|   32|          0|
    |acc_1_1_5_read_1_reg_2240_pp0_iter1_reg  |  32|   0|   32|          0|
    |acc_1_1_6_read_1_reg_2235                |  32|   0|   32|          0|
    |acc_1_1_6_read_1_reg_2235_pp0_iter1_reg  |  32|   0|   32|          0|
    |acc_1_1_7_read_1_reg_2230                |  32|   0|   32|          0|
    |acc_1_1_7_read_1_reg_2230_pp0_iter1_reg  |  32|   0|   32|          0|
    |acc_1_2_0_read_1_reg_2225                |  32|   0|   32|          0|
    |acc_1_2_0_read_1_reg_2225_pp0_iter1_reg  |  32|   0|   32|          0|
    |acc_1_2_1_read_1_reg_2220                |  32|   0|   32|          0|
    |acc_1_2_1_read_1_reg_2220_pp0_iter1_reg  |  32|   0|   32|          0|
    |acc_1_2_2_read_1_reg_2215                |  32|   0|   32|          0|
    |acc_1_2_2_read_1_reg_2215_pp0_iter1_reg  |  32|   0|   32|          0|
    |acc_1_2_3_read_1_reg_2210                |  32|   0|   32|          0|
    |acc_1_2_3_read_1_reg_2210_pp0_iter1_reg  |  32|   0|   32|          0|
    |acc_1_2_4_read_1_reg_2205                |  32|   0|   32|          0|
    |acc_1_2_4_read_1_reg_2205_pp0_iter1_reg  |  32|   0|   32|          0|
    |acc_1_2_5_read_1_reg_2200                |  32|   0|   32|          0|
    |acc_1_2_5_read_1_reg_2200_pp0_iter1_reg  |  32|   0|   32|          0|
    |acc_1_2_6_read_1_reg_2195                |  32|   0|   32|          0|
    |acc_1_2_6_read_1_reg_2195_pp0_iter1_reg  |  32|   0|   32|          0|
    |acc_1_2_7_read_1_reg_2190                |  32|   0|   32|          0|
    |acc_1_2_7_read_1_reg_2190_pp0_iter1_reg  |  32|   0|   32|          0|
    |acc_1_3_0_read_1_reg_2185                |  32|   0|   32|          0|
    |acc_1_3_0_read_1_reg_2185_pp0_iter1_reg  |  32|   0|   32|          0|
    |acc_1_3_1_read_1_reg_2180                |  32|   0|   32|          0|
    |acc_1_3_1_read_1_reg_2180_pp0_iter1_reg  |  32|   0|   32|          0|
    |acc_1_3_2_read_1_reg_2175                |  32|   0|   32|          0|
    |acc_1_3_2_read_1_reg_2175_pp0_iter1_reg  |  32|   0|   32|          0|
    |acc_1_3_3_read_1_reg_2170                |  32|   0|   32|          0|
    |acc_1_3_3_read_1_reg_2170_pp0_iter1_reg  |  32|   0|   32|          0|
    |acc_1_3_4_read_1_reg_2165                |  32|   0|   32|          0|
    |acc_1_3_4_read_1_reg_2165_pp0_iter1_reg  |  32|   0|   32|          0|
    |acc_1_3_5_read_1_reg_2160                |  32|   0|   32|          0|
    |acc_1_3_5_read_1_reg_2160_pp0_iter1_reg  |  32|   0|   32|          0|
    |acc_1_3_6_read_1_reg_2155                |  32|   0|   32|          0|
    |acc_1_3_6_read_1_reg_2155_pp0_iter1_reg  |  32|   0|   32|          0|
    |acc_1_3_7_read_1_reg_2150                |  32|   0|   32|          0|
    |acc_1_3_7_read_1_reg_2150_pp0_iter1_reg  |  32|   0|   32|          0|
    |ap_CS_fsm                                |   1|   0|    1|          0|
    |ap_enable_reg_pp0_iter1                  |   1|   0|    1|          0|
    |ap_enable_reg_pp0_iter2                  |   1|   0|    1|          0|
    |ap_enable_reg_pp0_iter3                  |   1|   0|    1|          0|
    +-----------------------------------------+----+----+-----+-----------+
    |Total                                    |4100|   0| 4100|          0|
    +-----------------------------------------+----+----+-----+-----------+



================================================================
== Interface
================================================================
* Summary: 
+-------------------+-----+-----+------------+-------------------+--------------+
|     RTL Ports     | Dir | Bits|  Protocol  |   Source Object   |    C Type    |
+-------------------+-----+-----+------------+-------------------+--------------+
|ap_clk             |   in|    1|  ap_ctrl_hs|          drive_mac|  return value|
|ap_rst             |   in|    1|  ap_ctrl_hs|          drive_mac|  return value|
|ap_start           |   in|    1|  ap_ctrl_hs|          drive_mac|  return value|
|ap_done            |  out|    1|  ap_ctrl_hs|          drive_mac|  return value|
|ap_idle            |  out|    1|  ap_ctrl_hs|          drive_mac|  return value|
|ap_ready           |  out|    1|  ap_ctrl_hs|          drive_mac|  return value|
|ap_return_0        |  out|   32|  ap_ctrl_hs|          drive_mac|  return value|
|ap_return_1        |  out|   32|  ap_ctrl_hs|          drive_mac|  return value|
|ap_return_2        |  out|   32|  ap_ctrl_hs|          drive_mac|  return value|
|ap_return_3        |  out|   32|  ap_ctrl_hs|          drive_mac|  return value|
|ap_return_4        |  out|   32|  ap_ctrl_hs|          drive_mac|  return value|
|ap_return_5        |  out|   32|  ap_ctrl_hs|          drive_mac|  return value|
|ap_return_6        |  out|   32|  ap_ctrl_hs|          drive_mac|  return value|
|ap_return_7        |  out|   32|  ap_ctrl_hs|          drive_mac|  return value|
|ap_return_8        |  out|   32|  ap_ctrl_hs|          drive_mac|  return value|
|ap_return_9        |  out|   32|  ap_ctrl_hs|          drive_mac|  return value|
|ap_return_10       |  out|   32|  ap_ctrl_hs|          drive_mac|  return value|
|ap_return_11       |  out|   32|  ap_ctrl_hs|          drive_mac|  return value|
|ap_return_12       |  out|   32|  ap_ctrl_hs|          drive_mac|  return value|
|ap_return_13       |  out|   32|  ap_ctrl_hs|          drive_mac|  return value|
|ap_return_14       |  out|   32|  ap_ctrl_hs|          drive_mac|  return value|
|ap_return_15       |  out|   32|  ap_ctrl_hs|          drive_mac|  return value|
|ap_return_16       |  out|   32|  ap_ctrl_hs|          drive_mac|  return value|
|ap_return_17       |  out|   32|  ap_ctrl_hs|          drive_mac|  return value|
|ap_return_18       |  out|   32|  ap_ctrl_hs|          drive_mac|  return value|
|ap_return_19       |  out|   32|  ap_ctrl_hs|          drive_mac|  return value|
|ap_return_20       |  out|   32|  ap_ctrl_hs|          drive_mac|  return value|
|ap_return_21       |  out|   32|  ap_ctrl_hs|          drive_mac|  return value|
|ap_return_22       |  out|   32|  ap_ctrl_hs|          drive_mac|  return value|
|ap_return_23       |  out|   32|  ap_ctrl_hs|          drive_mac|  return value|
|ap_return_24       |  out|   32|  ap_ctrl_hs|          drive_mac|  return value|
|ap_return_25       |  out|   32|  ap_ctrl_hs|          drive_mac|  return value|
|ap_return_26       |  out|   32|  ap_ctrl_hs|          drive_mac|  return value|
|ap_return_27       |  out|   32|  ap_ctrl_hs|          drive_mac|  return value|
|ap_return_28       |  out|   32|  ap_ctrl_hs|          drive_mac|  return value|
|ap_return_29       |  out|   32|  ap_ctrl_hs|          drive_mac|  return value|
|ap_return_30       |  out|   32|  ap_ctrl_hs|          drive_mac|  return value|
|ap_return_31       |  out|   32|  ap_ctrl_hs|          drive_mac|  return value|
|ap_return_32       |  out|   32|  ap_ctrl_hs|          drive_mac|  return value|
|ap_return_33       |  out|   32|  ap_ctrl_hs|          drive_mac|  return value|
|ap_return_34       |  out|   32|  ap_ctrl_hs|          drive_mac|  return value|
|ap_return_35       |  out|   32|  ap_ctrl_hs|          drive_mac|  return value|
|ap_return_36       |  out|   32|  ap_ctrl_hs|          drive_mac|  return value|
|ap_return_37       |  out|   32|  ap_ctrl_hs|          drive_mac|  return value|
|ap_return_38       |  out|   32|  ap_ctrl_hs|          drive_mac|  return value|
|ap_return_39       |  out|   32|  ap_ctrl_hs|          drive_mac|  return value|
|ap_return_40       |  out|   32|  ap_ctrl_hs|          drive_mac|  return value|
|ap_return_41       |  out|   32|  ap_ctrl_hs|          drive_mac|  return value|
|ap_return_42       |  out|   32|  ap_ctrl_hs|          drive_mac|  return value|
|ap_return_43       |  out|   32|  ap_ctrl_hs|          drive_mac|  return value|
|ap_return_44       |  out|   32|  ap_ctrl_hs|          drive_mac|  return value|
|ap_return_45       |  out|   32|  ap_ctrl_hs|          drive_mac|  return value|
|ap_return_46       |  out|   32|  ap_ctrl_hs|          drive_mac|  return value|
|ap_return_47       |  out|   32|  ap_ctrl_hs|          drive_mac|  return value|
|ap_return_48       |  out|   32|  ap_ctrl_hs|          drive_mac|  return value|
|ap_return_49       |  out|   32|  ap_ctrl_hs|          drive_mac|  return value|
|ap_return_50       |  out|   32|  ap_ctrl_hs|          drive_mac|  return value|
|ap_return_51       |  out|   32|  ap_ctrl_hs|          drive_mac|  return value|
|ap_return_52       |  out|   32|  ap_ctrl_hs|          drive_mac|  return value|
|ap_return_53       |  out|   32|  ap_ctrl_hs|          drive_mac|  return value|
|ap_return_54       |  out|   32|  ap_ctrl_hs|          drive_mac|  return value|
|ap_return_55       |  out|   32|  ap_ctrl_hs|          drive_mac|  return value|
|ap_return_56       |  out|   32|  ap_ctrl_hs|          drive_mac|  return value|
|ap_return_57       |  out|   32|  ap_ctrl_hs|          drive_mac|  return value|
|ap_return_58       |  out|   32|  ap_ctrl_hs|          drive_mac|  return value|
|ap_return_59       |  out|   32|  ap_ctrl_hs|          drive_mac|  return value|
|ap_return_60       |  out|   32|  ap_ctrl_hs|          drive_mac|  return value|
|ap_return_61       |  out|   32|  ap_ctrl_hs|          drive_mac|  return value|
|ap_return_62       |  out|   32|  ap_ctrl_hs|          drive_mac|  return value|
|ap_return_63       |  out|   32|  ap_ctrl_hs|          drive_mac|  return value|
|lane_in_0_0_0_val  |   in|    8|     ap_none|  lane_in_0_0_0_val|        scalar|
|lane_in_0_0_1_val  |   in|    8|     ap_none|  lane_in_0_0_1_val|        scalar|
|lane_in_0_0_2_val  |   in|    8|     ap_none|  lane_in_0_0_2_val|        scalar|
|lane_in_0_0_3_val  |   in|    8|     ap_none|  lane_in_0_0_3_val|        scalar|
|lane_in_0_0_4_val  |   in|    8|     ap_none|  lane_in_0_0_4_val|        scalar|
|lane_in_0_0_5_val  |   in|    8|     ap_none|  lane_in_0_0_5_val|        scalar|
|lane_in_0_0_6_val  |   in|    8|     ap_none|  lane_in_0_0_6_val|        scalar|
|lane_in_0_0_7_val  |   in|    8|     ap_none|  lane_in_0_0_7_val|        scalar|
|lane_in_0_1_0_val  |   in|    8|     ap_none|  lane_in_0_1_0_val|        scalar|
|lane_in_0_1_1_val  |   in|    8|     ap_none|  lane_in_0_1_1_val|        scalar|
|lane_in_0_1_2_val  |   in|    8|     ap_none|  lane_in_0_1_2_val|        scalar|
|lane_in_0_1_3_val  |   in|    8|     ap_none|  lane_in_0_1_3_val|        scalar|
|lane_in_0_1_4_val  |   in|    8|     ap_none|  lane_in_0_1_4_val|        scalar|
|lane_in_0_1_5_val  |   in|    8|     ap_none|  lane_in_0_1_5_val|        scalar|
|lane_in_0_1_6_val  |   in|    8|     ap_none|  lane_in_0_1_6_val|        scalar|
|lane_in_0_1_7_val  |   in|    8|     ap_none|  lane_in_0_1_7_val|        scalar|
|lane_in_0_2_0_val  |   in|    8|     ap_none|  lane_in_0_2_0_val|        scalar|
|lane_in_0_2_1_val  |   in|    8|     ap_none|  lane_in_0_2_1_val|        scalar|
|lane_in_0_2_2_val  |   in|    8|     ap_none|  lane_in_0_2_2_val|        scalar|
|lane_in_0_2_3_val  |   in|    8|     ap_none|  lane_in_0_2_3_val|        scalar|
|lane_in_0_2_4_val  |   in|    8|     ap_none|  lane_in_0_2_4_val|        scalar|
|lane_in_0_2_5_val  |   in|    8|     ap_none|  lane_in_0_2_5_val|        scalar|
|lane_in_0_2_6_val  |   in|    8|     ap_none|  lane_in_0_2_6_val|        scalar|
|lane_in_0_2_7_val  |   in|    8|     ap_none|  lane_in_0_2_7_val|        scalar|
|lane_in_0_3_0_val  |   in|    8|     ap_none|  lane_in_0_3_0_val|        scalar|
|lane_in_0_3_1_val  |   in|    8|     ap_none|  lane_in_0_3_1_val|        scalar|
|lane_in_0_3_2_val  |   in|    8|     ap_none|  lane_in_0_3_2_val|        scalar|
|lane_in_0_3_3_val  |   in|    8|     ap_none|  lane_in_0_3_3_val|        scalar|
|lane_in_0_3_4_val  |   in|    8|     ap_none|  lane_in_0_3_4_val|        scalar|
|lane_in_0_3_5_val  |   in|    8|     ap_none|  lane_in_0_3_5_val|        scalar|
|lane_in_0_3_6_val  |   in|    8|     ap_none|  lane_in_0_3_6_val|        scalar|
|lane_in_0_3_7_val  |   in|    8|     ap_none|  lane_in_0_3_7_val|        scalar|
|lane_in_1_0_0_val  |   in|    8|     ap_none|  lane_in_1_0_0_val|        scalar|
|lane_in_1_0_1_val  |   in|    8|     ap_none|  lane_in_1_0_1_val|        scalar|
|lane_in_1_0_2_val  |   in|    8|     ap_none|  lane_in_1_0_2_val|        scalar|
|lane_in_1_0_3_val  |   in|    8|     ap_none|  lane_in_1_0_3_val|        scalar|
|lane_in_1_0_4_val  |   in|    8|     ap_none|  lane_in_1_0_4_val|        scalar|
|lane_in_1_0_5_val  |   in|    8|     ap_none|  lane_in_1_0_5_val|        scalar|
|lane_in_1_0_6_val  |   in|    8|     ap_none|  lane_in_1_0_6_val|        scalar|
|lane_in_1_0_7_val  |   in|    8|     ap_none|  lane_in_1_0_7_val|        scalar|
|lane_in_1_1_0_val  |   in|    8|     ap_none|  lane_in_1_1_0_val|        scalar|
|lane_in_1_1_1_val  |   in|    8|     ap_none|  lane_in_1_1_1_val|        scalar|
|lane_in_1_1_2_val  |   in|    8|     ap_none|  lane_in_1_1_2_val|        scalar|
|lane_in_1_1_3_val  |   in|    8|     ap_none|  lane_in_1_1_3_val|        scalar|
|lane_in_1_1_4_val  |   in|    8|     ap_none|  lane_in_1_1_4_val|        scalar|
|lane_in_1_1_5_val  |   in|    8|     ap_none|  lane_in_1_1_5_val|        scalar|
|lane_in_1_1_6_val  |   in|    8|     ap_none|  lane_in_1_1_6_val|        scalar|
|lane_in_1_1_7_val  |   in|    8|     ap_none|  lane_in_1_1_7_val|        scalar|
|lane_in_1_2_0_val  |   in|    8|     ap_none|  lane_in_1_2_0_val|        scalar|
|lane_in_1_2_1_val  |   in|    8|     ap_none|  lane_in_1_2_1_val|        scalar|
|lane_in_1_2_2_val  |   in|    8|     ap_none|  lane_in_1_2_2_val|        scalar|
|lane_in_1_2_3_val  |   in|    8|     ap_none|  lane_in_1_2_3_val|        scalar|
|lane_in_1_2_4_val  |   in|    8|     ap_none|  lane_in_1_2_4_val|        scalar|
|lane_in_1_2_5_val  |   in|    8|     ap_none|  lane_in_1_2_5_val|        scalar|
|lane_in_1_2_6_val  |   in|    8|     ap_none|  lane_in_1_2_6_val|        scalar|
|lane_in_1_2_7_val  |   in|    8|     ap_none|  lane_in_1_2_7_val|        scalar|
|lane_in_1_3_0_val  |   in|    8|     ap_none|  lane_in_1_3_0_val|        scalar|
|lane_in_1_3_1_val  |   in|    8|     ap_none|  lane_in_1_3_1_val|        scalar|
|lane_in_1_3_2_val  |   in|    8|     ap_none|  lane_in_1_3_2_val|        scalar|
|lane_in_1_3_3_val  |   in|    8|     ap_none|  lane_in_1_3_3_val|        scalar|
|lane_in_1_3_4_val  |   in|    8|     ap_none|  lane_in_1_3_4_val|        scalar|
|lane_in_1_3_5_val  |   in|    8|     ap_none|  lane_in_1_3_5_val|        scalar|
|lane_in_1_3_6_val  |   in|    8|     ap_none|  lane_in_1_3_6_val|        scalar|
|lane_in_1_3_7_val  |   in|    8|     ap_none|  lane_in_1_3_7_val|        scalar|
|lane_w_0_val       |   in|    8|     ap_none|       lane_w_0_val|        scalar|
|lane_w_1_val       |   in|    8|     ap_none|       lane_w_1_val|        scalar|
|acc_0_0_0_read     |   in|   32|     ap_none|     acc_0_0_0_read|        scalar|
|acc_0_0_1_read     |   in|   32|     ap_none|     acc_0_0_1_read|        scalar|
|acc_0_0_2_read     |   in|   32|     ap_none|     acc_0_0_2_read|        scalar|
|acc_0_0_3_read     |   in|   32|     ap_none|     acc_0_0_3_read|        scalar|
|acc_0_0_4_read     |   in|   32|     ap_none|     acc_0_0_4_read|        scalar|
|acc_0_0_5_read     |   in|   32|     ap_none|     acc_0_0_5_read|        scalar|
|acc_0_0_6_read     |   in|   32|     ap_none|     acc_0_0_6_read|        scalar|
|acc_0_0_7_read     |   in|   32|     ap_none|     acc_0_0_7_read|        scalar|
|acc_0_1_0_read     |   in|   32|     ap_none|     acc_0_1_0_read|        scalar|
|acc_0_1_1_read     |   in|   32|     ap_none|     acc_0_1_1_read|        scalar|
|acc_0_1_2_read     |   in|   32|     ap_none|     acc_0_1_2_read|        scalar|
|acc_0_1_3_read     |   in|   32|     ap_none|     acc_0_1_3_read|        scalar|
|acc_0_1_4_read     |   in|   32|     ap_none|     acc_0_1_4_read|        scalar|
|acc_0_1_5_read     |   in|   32|     ap_none|     acc_0_1_5_read|        scalar|
|acc_0_1_6_read     |   in|   32|     ap_none|     acc_0_1_6_read|        scalar|
|acc_0_1_7_read     |   in|   32|     ap_none|     acc_0_1_7_read|        scalar|
|acc_0_2_0_read     |   in|   32|     ap_none|     acc_0_2_0_read|        scalar|
|acc_0_2_1_read     |   in|   32|     ap_none|     acc_0_2_1_read|        scalar|
|acc_0_2_2_read     |   in|   32|     ap_none|     acc_0_2_2_read|        scalar|
|acc_0_2_3_read     |   in|   32|     ap_none|     acc_0_2_3_read|        scalar|
|acc_0_2_4_read     |   in|   32|     ap_none|     acc_0_2_4_read|        scalar|
|acc_0_2_5_read     |   in|   32|     ap_none|     acc_0_2_5_read|        scalar|
|acc_0_2_6_read     |   in|   32|     ap_none|     acc_0_2_6_read|        scalar|
|acc_0_2_7_read     |   in|   32|     ap_none|     acc_0_2_7_read|        scalar|
|acc_0_3_0_read     |   in|   32|     ap_none|     acc_0_3_0_read|        scalar|
|acc_0_3_1_read     |   in|   32|     ap_none|     acc_0_3_1_read|        scalar|
|acc_0_3_2_read     |   in|   32|     ap_none|     acc_0_3_2_read|        scalar|
|acc_0_3_3_read     |   in|   32|     ap_none|     acc_0_3_3_read|        scalar|
|acc_0_3_4_read     |   in|   32|     ap_none|     acc_0_3_4_read|        scalar|
|acc_0_3_5_read     |   in|   32|     ap_none|     acc_0_3_5_read|        scalar|
|acc_0_3_6_read     |   in|   32|     ap_none|     acc_0_3_6_read|        scalar|
|acc_0_3_7_read     |   in|   32|     ap_none|     acc_0_3_7_read|        scalar|
|acc_1_0_0_read     |   in|   32|     ap_none|     acc_1_0_0_read|        scalar|
|acc_1_0_1_read     |   in|   32|     ap_none|     acc_1_0_1_read|        scalar|
|acc_1_0_2_read     |   in|   32|     ap_none|     acc_1_0_2_read|        scalar|
|acc_1_0_3_read     |   in|   32|     ap_none|     acc_1_0_3_read|        scalar|
|acc_1_0_4_read     |   in|   32|     ap_none|     acc_1_0_4_read|        scalar|
|acc_1_0_5_read     |   in|   32|     ap_none|     acc_1_0_5_read|        scalar|
|acc_1_0_6_read     |   in|   32|     ap_none|     acc_1_0_6_read|        scalar|
|acc_1_0_7_read     |   in|   32|     ap_none|     acc_1_0_7_read|        scalar|
|acc_1_1_0_read     |   in|   32|     ap_none|     acc_1_1_0_read|        scalar|
|acc_1_1_1_read     |   in|   32|     ap_none|     acc_1_1_1_read|        scalar|
|acc_1_1_2_read     |   in|   32|     ap_none|     acc_1_1_2_read|        scalar|
|acc_1_1_3_read     |   in|   32|     ap_none|     acc_1_1_3_read|        scalar|
|acc_1_1_4_read     |   in|   32|     ap_none|     acc_1_1_4_read|        scalar|
|acc_1_1_5_read     |   in|   32|     ap_none|     acc_1_1_5_read|        scalar|
|acc_1_1_6_read     |   in|   32|     ap_none|     acc_1_1_6_read|        scalar|
|acc_1_1_7_read     |   in|   32|     ap_none|     acc_1_1_7_read|        scalar|
|acc_1_2_0_read     |   in|   32|     ap_none|     acc_1_2_0_read|        scalar|
|acc_1_2_1_read     |   in|   32|     ap_none|     acc_1_2_1_read|        scalar|
|acc_1_2_2_read     |   in|   32|     ap_none|     acc_1_2_2_read|        scalar|
|acc_1_2_3_read     |   in|   32|     ap_none|     acc_1_2_3_read|        scalar|
|acc_1_2_4_read     |   in|   32|     ap_none|     acc_1_2_4_read|        scalar|
|acc_1_2_5_read     |   in|   32|     ap_none|     acc_1_2_5_read|        scalar|
|acc_1_2_6_read     |   in|   32|     ap_none|     acc_1_2_6_read|        scalar|
|acc_1_2_7_read     |   in|   32|     ap_none|     acc_1_2_7_read|        scalar|
|acc_1_3_0_read     |   in|   32|     ap_none|     acc_1_3_0_read|        scalar|
|acc_1_3_1_read     |   in|   32|     ap_none|     acc_1_3_1_read|        scalar|
|acc_1_3_2_read     |   in|   32|     ap_none|     acc_1_3_2_read|        scalar|
|acc_1_3_3_read     |   in|   32|     ap_none|     acc_1_3_3_read|        scalar|
|acc_1_3_4_read     |   in|   32|     ap_none|     acc_1_3_4_read|        scalar|
|acc_1_3_5_read     |   in|   32|     ap_none|     acc_1_3_5_read|        scalar|
|acc_1_3_6_read     |   in|   32|     ap_none|     acc_1_3_6_read|        scalar|
|acc_1_3_7_read     |   in|   32|     ap_none|     acc_1_3_7_read|        scalar|
+-------------------+-----+-----+------------+-------------------+--------------+

