

================================================================
== Vitis HLS Report for 'run_reduce_unified_Pipeline_UNIFIED_PW'
================================================================
* Date:           Thu Aug 20 23:05:09 2026

* Version:        2024.2 (Build 5238294 on Nov  8 2024)
* Project:        mac_array_poc_a2_maxk7
* Solution:       solution1 (Vivado IP Flow Target)
* Product family: zynq
* Target device:  xc7z020-clg400-1


================================================================
== Performance Estimates
================================================================
+ Timing: 
    * Summary: 
    +--------+----------+----------+------------+
    |  Clock |  Target  | Estimated| Uncertainty|
    +--------+----------+----------+------------+
    |ap_clk  |  10.00 ns|  5.728 ns|     2.70 ns|
    +--------+----------+----------+------------+

+ Latency: 
    * Summary: 
    +---------+---------+----------+----------+-----+-----+------------------------------------------------+
    |  Latency (cycles) |  Latency (absolute) |  Interval |                    Pipeline                    |
    |   min   |   max   |    min   |    max   | min | max |                      Type                      |
    +---------+---------+----------+----------+-----+-----+------------------------------------------------+
    |        ?|        ?|         ?|         ?|    0|    0|  loop auto-rewind stp (delay=0 clock cycles(s))|
    +---------+---------+----------+----------+-----+-----+------------------------------------------------+

    + Detail: 
        * Instance: 
        +-----------------------+-----------+---------+---------+-----------+-----------+-----+-----+---------+
        |                       |           |  Latency (cycles) |   Latency (absolute)  |  Interval | Pipeline|
        |        Instance       |   Module  |   min   |   max   |    min    |    max    | min | max |   Type  |
        +-----------------------+-----------+---------+---------+-----------+-----------+-----+-----+---------+
        |grp_drive_mac_fu_1860  |drive_mac  |        3|        3|  30.000 ns|  30.000 ns|    1|    1|      yes|
        +-----------------------+-----------+---------+---------+-----------+-----------+-----+-----+---------+

        * Loop: 
        +--------------+---------+---------+----------+-----------+-----------+------+----------+
        |              |  Latency (cycles) | Iteration|  Initiation Interval  | Trip |          |
        |   Loop Name  |   min   |   max   |  Latency |  achieved |   target  | Count| Pipelined|
        +--------------+---------+---------+----------+-----------+-----------+------+----------+
        |- UNIFIED_PW  |        ?|        ?|         5|          3|          1|     ?|       yes|
        +--------------+---------+---------+----------+-----------+-----------+------+----------+



================================================================
== Utilization Estimates
================================================================
* Summary: 
+-----------------+---------+-----+--------+-------+-----+
|       Name      | BRAM_18K| DSP |   FF   |  LUT  | URAM|
+-----------------+---------+-----+--------+-------+-----+
|DSP              |        -|    -|       -|      -|    -|
|Expression       |        -|    -|       0|     79|    -|
|FIFO             |        -|    -|       -|      -|    -|
|Instance         |        -|    -|       -|      -|    -|
|Memory           |        -|    -|       -|      -|    -|
|Multiplexer      |        -|    -|       0|   1226|    -|
|Register         |        -|    -|    2087|      -|    -|
+-----------------+---------+-----+--------+-------+-----+
|Total            |        0|    0|    2087|   1305|    0|
+-----------------+---------+-----+--------+-------+-----+
|Available        |      280|  220|  106400|  53200|    0|
+-----------------+---------+-----+--------+-------+-----+
|Utilization (%)  |        0|    0|       1|      2|    0|
+-----------------+---------+-----+--------+-------+-----+

+ Detail: 
    * Instance: 
    N/A

    * DSP: 
    N/A

    * Memory: 
    N/A

    * FIFO: 
    N/A

    * Expression: 
    +-----------------------+----------+----+---+----+------------+------------+
    |     Variable Name     | Operation| DSP| FF| LUT| Bitwidth P0| Bitwidth P1|
    +-----------------------+----------+----+---+----+------------+------------+
    |add_ln196_fu_2398_p2   |         +|   0|  0|  38|          31|           1|
    |icmp_ln196_fu_2392_p2  |      icmp|   0|  0|  39|          32|          32|
    |ap_enable_pp0          |       xor|   0|  0|   2|           1|           2|
    +-----------------------+----------+----+---+----+------------+------------+
    |Total                  |          |   0|  0|  79|          64|          35|
    +-----------------------+----------+----+---+----+------------+------------+

    * Multiplexer: 
    +-------------------------------------+----+-----------+-----+-----------+
    |                 Name                | LUT| Input Size| Bits| Total Bits|
    +-------------------------------------+----+-----------+-----+-----------+
    |acc_0_0_0_2_fu_544                   |   9|          2|   32|         64|
    |acc_0_0_1_2_fu_540                   |   9|          2|   32|         64|
    |acc_0_0_2_2_fu_536                   |   9|          2|   32|         64|
    |acc_0_0_3_2_fu_532                   |   9|          2|   32|         64|
    |acc_0_0_4_2_fu_528                   |   9|          2|   32|         64|
    |acc_0_0_5_2_fu_524                   |   9|          2|   32|         64|
    |acc_0_0_6_2_fu_520                   |   9|          2|   32|         64|
    |acc_0_0_7_2_fu_516                   |   9|          2|   32|         64|
    |acc_0_1_0_2_fu_512                   |   9|          2|   32|         64|
    |acc_0_1_1_2_fu_508                   |   9|          2|   32|         64|
    |acc_0_1_2_2_fu_504                   |   9|          2|   32|         64|
    |acc_0_1_3_2_fu_500                   |   9|          2|   32|         64|
    |acc_0_1_4_2_fu_496                   |   9|          2|   32|         64|
    |acc_0_1_5_2_fu_492                   |   9|          2|   32|         64|
    |acc_0_1_6_2_fu_488                   |   9|          2|   32|         64|
    |acc_0_1_7_2_fu_484                   |   9|          2|   32|         64|
    |acc_0_2_0_2_fu_480                   |   9|          2|   32|         64|
    |acc_0_2_1_2_fu_476                   |   9|          2|   32|         64|
    |acc_0_2_2_2_fu_472                   |   9|          2|   32|         64|
    |acc_0_2_3_2_fu_468                   |   9|          2|   32|         64|
    |acc_0_2_4_2_fu_464                   |   9|          2|   32|         64|
    |acc_0_2_5_2_fu_460                   |   9|          2|   32|         64|
    |acc_0_2_6_2_fu_456                   |   9|          2|   32|         64|
    |acc_0_2_7_2_fu_452                   |   9|          2|   32|         64|
    |acc_0_3_0_2_fu_448                   |   9|          2|   32|         64|
    |acc_0_3_1_2_fu_444                   |   9|          2|   32|         64|
    |acc_0_3_2_2_fu_440                   |   9|          2|   32|         64|
    |acc_0_3_3_2_fu_436                   |   9|          2|   32|         64|
    |acc_0_3_4_2_fu_432                   |   9|          2|   32|         64|
    |acc_0_3_5_2_fu_428                   |   9|          2|   32|         64|
    |acc_0_3_6_2_fu_424                   |   9|          2|   32|         64|
    |acc_0_3_7_2_fu_420                   |   9|          2|   32|         64|
    |acc_1_0_0_2_fu_416                   |   9|          2|   32|         64|
    |acc_1_0_1_2_fu_412                   |   9|          2|   32|         64|
    |acc_1_0_2_2_fu_408                   |   9|          2|   32|         64|
    |acc_1_0_3_2_fu_404                   |   9|          2|   32|         64|
    |acc_1_0_4_2_fu_400                   |   9|          2|   32|         64|
    |acc_1_0_5_2_fu_396                   |   9|          2|   32|         64|
    |acc_1_0_6_2_fu_392                   |   9|          2|   32|         64|
    |acc_1_0_7_2_fu_388                   |   9|          2|   32|         64|
    |acc_1_1_0_2_fu_384                   |   9|          2|   32|         64|
    |acc_1_1_1_2_fu_380                   |   9|          2|   32|         64|
    |acc_1_1_2_2_fu_376                   |   9|          2|   32|         64|
    |acc_1_1_3_2_fu_372                   |   9|          2|   32|         64|
    |acc_1_1_4_2_fu_368                   |   9|          2|   32|         64|
    |acc_1_1_5_2_fu_364                   |   9|          2|   32|         64|
    |acc_1_1_6_2_fu_360                   |   9|          2|   32|         64|
    |acc_1_1_7_2_fu_356                   |   9|          2|   32|         64|
    |acc_1_2_0_2_fu_352                   |   9|          2|   32|         64|
    |acc_1_2_1_2_fu_348                   |   9|          2|   32|         64|
    |acc_1_2_2_2_fu_344                   |   9|          2|   32|         64|
    |acc_1_2_3_2_fu_340                   |   9|          2|   32|         64|
    |acc_1_2_4_2_fu_336                   |   9|          2|   32|         64|
    |acc_1_2_5_2_fu_332                   |   9|          2|   32|         64|
    |acc_1_2_6_2_fu_328                   |   9|          2|   32|         64|
    |acc_1_2_7_2_fu_324                   |   9|          2|   32|         64|
    |acc_1_3_0_2_fu_320                   |   9|          2|   32|         64|
    |acc_1_3_1_2_fu_316                   |   9|          2|   32|         64|
    |acc_1_3_2_2_fu_312                   |   9|          2|   32|         64|
    |acc_1_3_3_2_fu_308                   |   9|          2|   32|         64|
    |acc_1_3_4_2_fu_304                   |   9|          2|   32|         64|
    |acc_1_3_5_2_fu_300                   |   9|          2|   32|         64|
    |acc_1_3_6_2_fu_296                   |   9|          2|   32|         64|
    |acc_1_3_7_2_fu_292                   |   9|          2|   32|         64|
    |ap_NS_fsm                            |  20|          4|    1|          4|
    |ap_done_int                          |   9|          2|    1|          2|
    |ap_enable_reg_pp0_iter0              |   9|          2|    1|          2|
    |ap_enable_reg_pp0_iter0_reg          |   9|          2|    1|          2|
    |ap_enable_reg_pp0_iter1              |   9|          2|    1|          2|
    |ap_sig_allocacmp_acc_0_0_0_2_load_1  |   9|          2|   32|         64|
    |ap_sig_allocacmp_acc_0_0_1_2_load_1  |   9|          2|   32|         64|
    |ap_sig_allocacmp_acc_0_0_2_2_load_1  |   9|          2|   32|         64|
    |ap_sig_allocacmp_acc_0_0_3_2_load_1  |   9|          2|   32|         64|
    |ap_sig_allocacmp_acc_0_0_4_2_load_1  |   9|          2|   32|         64|
    |ap_sig_allocacmp_acc_0_0_5_2_load_1  |   9|          2|   32|         64|
    |ap_sig_allocacmp_acc_0_0_6_2_load_1  |   9|          2|   32|         64|
    |ap_sig_allocacmp_acc_0_0_7_2_load_1  |   9|          2|   32|         64|
    |ap_sig_allocacmp_acc_0_1_0_2_load_1  |   9|          2|   32|         64|
    |ap_sig_allocacmp_acc_0_1_1_2_load_1  |   9|          2|   32|         64|
    |ap_sig_allocacmp_acc_0_1_2_2_load_1  |   9|          2|   32|         64|
    |ap_sig_allocacmp_acc_0_1_3_2_load_1  |   9|          2|   32|         64|
    |ap_sig_allocacmp_acc_0_1_4_2_load_1  |   9|          2|   32|         64|
    |ap_sig_allocacmp_acc_0_1_5_2_load_1  |   9|          2|   32|         64|
    |ap_sig_allocacmp_acc_0_1_6_2_load_1  |   9|          2|   32|         64|
    |ap_sig_allocacmp_acc_0_1_7_2_load_1  |   9|          2|   32|         64|
    |ap_sig_allocacmp_acc_0_2_0_2_load_1  |   9|          2|   32|         64|
    |ap_sig_allocacmp_acc_0_2_1_2_load_1  |   9|          2|   32|         64|
    |ap_sig_allocacmp_acc_0_2_2_2_load_1  |   9|          2|   32|         64|
    |ap_sig_allocacmp_acc_0_2_3_2_load_1  |   9|          2|   32|         64|
    |ap_sig_allocacmp_acc_0_2_4_2_load_1  |   9|          2|   32|         64|
    |ap_sig_allocacmp_acc_0_2_5_2_load_1  |   9|          2|   32|         64|
    |ap_sig_allocacmp_acc_0_2_6_2_load_1  |   9|          2|   32|         64|
    |ap_sig_allocacmp_acc_0_2_7_2_load_1  |   9|          2|   32|         64|
    |ap_sig_allocacmp_acc_0_3_0_2_load_1  |   9|          2|   32|         64|
    |ap_sig_allocacmp_acc_0_3_1_2_load_1  |   9|          2|   32|         64|
    |ap_sig_allocacmp_acc_0_3_2_2_load_1  |   9|          2|   32|         64|
    |ap_sig_allocacmp_acc_0_3_3_2_load_1  |   9|          2|   32|         64|
    |ap_sig_allocacmp_acc_0_3_4_2_load_1  |   9|          2|   32|         64|
    |ap_sig_allocacmp_acc_0_3_5_2_load_1  |   9|          2|   32|         64|
    |ap_sig_allocacmp_acc_0_3_6_2_load_1  |   9|          2|   32|         64|
    |ap_sig_allocacmp_acc_0_3_7_2_load_1  |   9|          2|   32|         64|
    |ap_sig_allocacmp_acc_1_0_0_2_load_1  |   9|          2|   32|         64|
    |ap_sig_allocacmp_acc_1_0_1_2_load_1  |   9|          2|   32|         64|
    |ap_sig_allocacmp_acc_1_0_2_2_load_1  |   9|          2|   32|         64|
    |ap_sig_allocacmp_acc_1_0_3_2_load_1  |   9|          2|   32|         64|
    |ap_sig_allocacmp_acc_1_0_4_2_load_1  |   9|          2|   32|         64|
    |ap_sig_allocacmp_acc_1_0_5_2_load_1  |   9|          2|   32|         64|
    |ap_sig_allocacmp_acc_1_0_6_2_load_1  |   9|          2|   32|         64|
    |ap_sig_allocacmp_acc_1_0_7_2_load_1  |   9|          2|   32|         64|
    |ap_sig_allocacmp_acc_1_1_0_2_load_1  |   9|          2|   32|         64|
    |ap_sig_allocacmp_acc_1_1_1_2_load_1  |   9|          2|   32|         64|
    |ap_sig_allocacmp_acc_1_1_2_2_load_1  |   9|          2|   32|         64|
    |ap_sig_allocacmp_acc_1_1_3_2_load_1  |   9|          2|   32|         64|
    |ap_sig_allocacmp_acc_1_1_4_2_load_1  |   9|          2|   32|         64|
    |ap_sig_allocacmp_acc_1_1_5_2_load_1  |   9|          2|   32|         64|
    |ap_sig_allocacmp_acc_1_1_6_2_load_1  |   9|          2|   32|         64|
    |ap_sig_allocacmp_acc_1_1_7_2_load_1  |   9|          2|   32|         64|
    |ap_sig_allocacmp_acc_1_2_0_2_load_1  |   9|          2|   32|         64|
    |ap_sig_allocacmp_acc_1_2_1_2_load_1  |   9|          2|   32|         64|
    |ap_sig_allocacmp_acc_1_2_2_2_load_1  |   9|          2|   32|         64|
    |ap_sig_allocacmp_acc_1_2_3_2_load_1  |   9|          2|   32|         64|
    |ap_sig_allocacmp_acc_1_2_4_2_load_1  |   9|          2|   32|         64|
    |ap_sig_allocacmp_acc_1_2_5_2_load_1  |   9|          2|   32|         64|
    |ap_sig_allocacmp_acc_1_2_6_2_load_1  |   9|          2|   32|         64|
    |ap_sig_allocacmp_acc_1_2_7_2_load_1  |   9|          2|   32|         64|
    |ap_sig_allocacmp_acc_1_3_0_2_load_1  |   9|          2|   32|         64|
    |ap_sig_allocacmp_acc_1_3_1_2_load_1  |   9|          2|   32|         64|
    |ap_sig_allocacmp_acc_1_3_2_2_load_1  |   9|          2|   32|         64|
    |ap_sig_allocacmp_acc_1_3_3_2_load_1  |   9|          2|   32|         64|
    |ap_sig_allocacmp_acc_1_3_4_2_load_1  |   9|          2|   32|         64|
    |ap_sig_allocacmp_acc_1_3_5_2_load_1  |   9|          2|   32|         64|
    |ap_sig_allocacmp_acc_1_3_6_2_load_1  |   9|          2|   32|         64|
    |ap_sig_allocacmp_acc_1_3_7_2_load_1  |   9|          2|   32|         64|
    |ap_sig_allocacmp_step_1              |   9|          2|   31|         62|
    |step_fu_288                          |   9|          2|   31|         62|
    +-------------------------------------+----+-----------+-----+-----------+
    |Total                                |1226|        272| 4163|       8328|
    +-------------------------------------+----+-----------+-----+-----------+

    * Register: 
    +------------------------------------+----+----+-----+-----------+
    |                Name                | FF | LUT| Bits| Const Bits|
    +------------------------------------+----+----+-----+-----------+
    |acc_0_0_0_2_fu_544                  |  32|   0|   32|          0|
    |acc_0_0_1_2_fu_540                  |  32|   0|   32|          0|
    |acc_0_0_2_2_fu_536                  |  32|   0|   32|          0|
    |acc_0_0_3_2_fu_532                  |  32|   0|   32|          0|
    |acc_0_0_4_2_fu_528                  |  32|   0|   32|          0|
    |acc_0_0_5_2_fu_524                  |  32|   0|   32|          0|
    |acc_0_0_6_2_fu_520                  |  32|   0|   32|          0|
    |acc_0_0_7_2_fu_516                  |  32|   0|   32|          0|
    |acc_0_1_0_2_fu_512                  |  32|   0|   32|          0|
    |acc_0_1_1_2_fu_508                  |  32|   0|   32|          0|
    |acc_0_1_2_2_fu_504                  |  32|   0|   32|          0|
    |acc_0_1_3_2_fu_500                  |  32|   0|   32|          0|
    |acc_0_1_4_2_fu_496                  |  32|   0|   32|          0|
    |acc_0_1_5_2_fu_492                  |  32|   0|   32|          0|
    |acc_0_1_6_2_fu_488                  |  32|   0|   32|          0|
    |acc_0_1_7_2_fu_484                  |  32|   0|   32|          0|
    |acc_0_2_0_2_fu_480                  |  32|   0|   32|          0|
    |acc_0_2_1_2_fu_476                  |  32|   0|   32|          0|
    |acc_0_2_2_2_fu_472                  |  32|   0|   32|          0|
    |acc_0_2_3_2_fu_468                  |  32|   0|   32|          0|
    |acc_0_2_4_2_fu_464                  |  32|   0|   32|          0|
    |acc_0_2_5_2_fu_460                  |  32|   0|   32|          0|
    |acc_0_2_6_2_fu_456                  |  32|   0|   32|          0|
    |acc_0_2_7_2_fu_452                  |  32|   0|   32|          0|
    |acc_0_3_0_2_fu_448                  |  32|   0|   32|          0|
    |acc_0_3_1_2_fu_444                  |  32|   0|   32|          0|
    |acc_0_3_2_2_fu_440                  |  32|   0|   32|          0|
    |acc_0_3_3_2_fu_436                  |  32|   0|   32|          0|
    |acc_0_3_4_2_fu_432                  |  32|   0|   32|          0|
    |acc_0_3_5_2_fu_428                  |  32|   0|   32|          0|
    |acc_0_3_6_2_fu_424                  |  32|   0|   32|          0|
    |acc_0_3_7_2_fu_420                  |  32|   0|   32|          0|
    |acc_1_0_0_2_fu_416                  |  32|   0|   32|          0|
    |acc_1_0_1_2_fu_412                  |  32|   0|   32|          0|
    |acc_1_0_2_2_fu_408                  |  32|   0|   32|          0|
    |acc_1_0_3_2_fu_404                  |  32|   0|   32|          0|
    |acc_1_0_4_2_fu_400                  |  32|   0|   32|          0|
    |acc_1_0_5_2_fu_396                  |  32|   0|   32|          0|
    |acc_1_0_6_2_fu_392                  |  32|   0|   32|          0|
    |acc_1_0_7_2_fu_388                  |  32|   0|   32|          0|
    |acc_1_1_0_2_fu_384                  |  32|   0|   32|          0|
    |acc_1_1_1_2_fu_380                  |  32|   0|   32|          0|
    |acc_1_1_2_2_fu_376                  |  32|   0|   32|          0|
    |acc_1_1_3_2_fu_372                  |  32|   0|   32|          0|
    |acc_1_1_4_2_fu_368                  |  32|   0|   32|          0|
    |acc_1_1_5_2_fu_364                  |  32|   0|   32|          0|
    |acc_1_1_6_2_fu_360                  |  32|   0|   32|          0|
    |acc_1_1_7_2_fu_356                  |  32|   0|   32|          0|
    |acc_1_2_0_2_fu_352                  |  32|   0|   32|          0|
    |acc_1_2_1_2_fu_348                  |  32|   0|   32|          0|
    |acc_1_2_2_2_fu_344                  |  32|   0|   32|          0|
    |acc_1_2_3_2_fu_340                  |  32|   0|   32|          0|
    |acc_1_2_4_2_fu_336                  |  32|   0|   32|          0|
    |acc_1_2_5_2_fu_332                  |  32|   0|   32|          0|
    |acc_1_2_6_2_fu_328                  |  32|   0|   32|          0|
    |acc_1_2_7_2_fu_324                  |  32|   0|   32|          0|
    |acc_1_3_0_2_fu_320                  |  32|   0|   32|          0|
    |acc_1_3_1_2_fu_316                  |  32|   0|   32|          0|
    |acc_1_3_2_2_fu_312                  |  32|   0|   32|          0|
    |acc_1_3_3_2_fu_308                  |  32|   0|   32|          0|
    |acc_1_3_4_2_fu_304                  |  32|   0|   32|          0|
    |acc_1_3_5_2_fu_300                  |  32|   0|   32|          0|
    |acc_1_3_6_2_fu_296                  |  32|   0|   32|          0|
    |acc_1_3_7_2_fu_292                  |  32|   0|   32|          0|
    |ap_CS_fsm                           |   3|   0|    3|          0|
    |ap_done_reg                         |   1|   0|    1|          0|
    |ap_enable_reg_pp0_iter0_reg         |   1|   0|    1|          0|
    |ap_enable_reg_pp0_iter1             |   1|   0|    1|          0|
    |grp_drive_mac_fu_1860_ap_start_reg  |   1|   0|    1|          0|
    |icmp_ln196_reg_4086                 |   1|   0|    1|          0|
    |step_fu_288                         |  31|   0|   31|          0|
    +------------------------------------+----+----+-----+-----------+
    |Total                               |2087|   0| 2087|          0|
    +------------------------------------+----+----+-----+-----------+



================================================================
== Interface
================================================================
* Summary: 
+-----------------------------------+-----+-----+------------+----------------------------------------+--------------+
|             RTL Ports             | Dir | Bits|  Protocol  |              Source Object             |    C Type    |
+-----------------------------------+-----+-----+------------+----------------------------------------+--------------+
|ap_clk                             |   in|    1|  ap_ctrl_hs|  run_reduce_unified_Pipeline_UNIFIED_PW|  return value|
|ap_rst                             |   in|    1|  ap_ctrl_hs|  run_reduce_unified_Pipeline_UNIFIED_PW|  return value|
|ap_start                           |   in|    1|  ap_ctrl_hs|  run_reduce_unified_Pipeline_UNIFIED_PW|  return value|
|ap_done                            |  out|    1|  ap_ctrl_hs|  run_reduce_unified_Pipeline_UNIFIED_PW|  return value|
|ap_idle                            |  out|    1|  ap_ctrl_hs|  run_reduce_unified_Pipeline_UNIFIED_PW|  return value|
|ap_ready                           |  out|    1|  ap_ctrl_hs|  run_reduce_unified_Pipeline_UNIFIED_PW|  return value|
|grp_drive_mac_fu_12889_p_din1      |  out|    8|  ap_ctrl_hs|  run_reduce_unified_Pipeline_UNIFIED_PW|  return value|
|grp_drive_mac_fu_12889_p_din2      |  out|    8|  ap_ctrl_hs|  run_reduce_unified_Pipeline_UNIFIED_PW|  return value|
|grp_drive_mac_fu_12889_p_din3      |  out|    8|  ap_ctrl_hs|  run_reduce_unified_Pipeline_UNIFIED_PW|  return value|
|grp_drive_mac_fu_12889_p_din4      |  out|    8|  ap_ctrl_hs|  run_reduce_unified_Pipeline_UNIFIED_PW|  return value|
|grp_drive_mac_fu_12889_p_din5      |  out|    8|  ap_ctrl_hs|  run_reduce_unified_Pipeline_UNIFIED_PW|  return value|
|grp_drive_mac_fu_12889_p_din6      |  out|    8|  ap_ctrl_hs|  run_reduce_unified_Pipeline_UNIFIED_PW|  return value|
|grp_drive_mac_fu_12889_p_din7      |  out|    8|  ap_ctrl_hs|  run_reduce_unified_Pipeline_UNIFIED_PW|  return value|
|grp_drive_mac_fu_12889_p_din8      |  out|    8|  ap_ctrl_hs|  run_reduce_unified_Pipeline_UNIFIED_PW|  return value|
|grp_drive_mac_fu_12889_p_din9      |  out|    8|  ap_ctrl_hs|  run_reduce_unified_Pipeline_UNIFIED_PW|  return value|
|grp_drive_mac_fu_12889_p_din10     |  out|    8|  ap_ctrl_hs|  run_reduce_unified_Pipeline_UNIFIED_PW|  return value|
|grp_drive_mac_fu_12889_p_din11     |  out|    8|  ap_ctrl_hs|  run_reduce_unified_Pipeline_UNIFIED_PW|  return value|
|grp_drive_mac_fu_12889_p_din12     |  out|    8|  ap_ctrl_hs|  run_reduce_unified_Pipeline_UNIFIED_PW|  return value|
|grp_drive_mac_fu_12889_p_din13     |  out|    8|  ap_ctrl_hs|  run_reduce_unified_Pipeline_UNIFIED_PW|  return value|
|grp_drive_mac_fu_12889_p_din14     |  out|    8|  ap_ctrl_hs|  run_reduce_unified_Pipeline_UNIFIED_PW|  return value|
|grp_drive_mac_fu_12889_p_din15     |  out|    8|  ap_ctrl_hs|  run_reduce_unified_Pipeline_UNIFIED_PW|  return value|
|grp_drive_mac_fu_12889_p_din16     |  out|    8|  ap_ctrl_hs|  run_reduce_unified_Pipeline_UNIFIED_PW|  return value|
|grp_drive_mac_fu_12889_p_din17     |  out|    8|  ap_ctrl_hs|  run_reduce_unified_Pipeline_UNIFIED_PW|  return value|
|grp_drive_mac_fu_12889_p_din18     |  out|    8|  ap_ctrl_hs|  run_reduce_unified_Pipeline_UNIFIED_PW|  return value|
|grp_drive_mac_fu_12889_p_din19     |  out|    8|  ap_ctrl_hs|  run_reduce_unified_Pipeline_UNIFIED_PW|  return value|
|grp_drive_mac_fu_12889_p_din20     |  out|    8|  ap_ctrl_hs|  run_reduce_unified_Pipeline_UNIFIED_PW|  return value|
|grp_drive_mac_fu_12889_p_din21     |  out|    8|  ap_ctrl_hs|  run_reduce_unified_Pipeline_UNIFIED_PW|  return value|
|grp_drive_mac_fu_12889_p_din22     |  out|    8|  ap_ctrl_hs|  run_reduce_unified_Pipeline_UNIFIED_PW|  return value|
|grp_drive_mac_fu_12889_p_din23     |  out|    8|  ap_ctrl_hs|  run_reduce_unified_Pipeline_UNIFIED_PW|  return value|
|grp_drive_mac_fu_12889_p_din24     |  out|    8|  ap_ctrl_hs|  run_reduce_unified_Pipeline_UNIFIED_PW|  return value|
|grp_drive_mac_fu_12889_p_din25     |  out|    8|  ap_ctrl_hs|  run_reduce_unified_Pipeline_UNIFIED_PW|  return value|
|grp_drive_mac_fu_12889_p_din26     |  out|    8|  ap_ctrl_hs|  run_reduce_unified_Pipeline_UNIFIED_PW|  return value|
|grp_drive_mac_fu_12889_p_din27     |  out|    8|  ap_ctrl_hs|  run_reduce_unified_Pipeline_UNIFIED_PW|  return value|
|grp_drive_mac_fu_12889_p_din28     |  out|    8|  ap_ctrl_hs|  run_reduce_unified_Pipeline_UNIFIED_PW|  return value|
|grp_drive_mac_fu_12889_p_din29     |  out|    8|  ap_ctrl_hs|  run_reduce_unified_Pipeline_UNIFIED_PW|  return value|
|grp_drive_mac_fu_12889_p_din30     |  out|    8|  ap_ctrl_hs|  run_reduce_unified_Pipeline_UNIFIED_PW|  return value|
|grp_drive_mac_fu_12889_p_din31     |  out|    8|  ap_ctrl_hs|  run_reduce_unified_Pipeline_UNIFIED_PW|  return value|
|grp_drive_mac_fu_12889_p_din32     |  out|    8|  ap_ctrl_hs|  run_reduce_unified_Pipeline_UNIFIED_PW|  return value|
|grp_drive_mac_fu_12889_p_din33     |  out|    8|  ap_ctrl_hs|  run_reduce_unified_Pipeline_UNIFIED_PW|  return value|
|grp_drive_mac_fu_12889_p_din34     |  out|    8|  ap_ctrl_hs|  run_reduce_unified_Pipeline_UNIFIED_PW|  return value|
|grp_drive_mac_fu_12889_p_din35     |  out|    8|  ap_ctrl_hs|  run_reduce_unified_Pipeline_UNIFIED_PW|  return value|
|grp_drive_mac_fu_12889_p_din36     |  out|    8|  ap_ctrl_hs|  run_reduce_unified_Pipeline_UNIFIED_PW|  return value|
|grp_drive_mac_fu_12889_p_din37     |  out|    8|  ap_ctrl_hs|  run_reduce_unified_Pipeline_UNIFIED_PW|  return value|
|grp_drive_mac_fu_12889_p_din38     |  out|    8|  ap_ctrl_hs|  run_reduce_unified_Pipeline_UNIFIED_PW|  return value|
|grp_drive_mac_fu_12889_p_din39     |  out|    8|  ap_ctrl_hs|  run_reduce_unified_Pipeline_UNIFIED_PW|  return value|
|grp_drive_mac_fu_12889_p_din40     |  out|    8|  ap_ctrl_hs|  run_reduce_unified_Pipeline_UNIFIED_PW|  return value|
|grp_drive_mac_fu_12889_p_din41     |  out|    8|  ap_ctrl_hs|  run_reduce_unified_Pipeline_UNIFIED_PW|  return value|
|grp_drive_mac_fu_12889_p_din42     |  out|    8|  ap_ctrl_hs|  run_reduce_unified_Pipeline_UNIFIED_PW|  return value|
|grp_drive_mac_fu_12889_p_din43     |  out|    8|  ap_ctrl_hs|  run_reduce_unified_Pipeline_UNIFIED_PW|  return value|
|grp_drive_mac_fu_12889_p_din44     |  out|    8|  ap_ctrl_hs|  run_reduce_unified_Pipeline_UNIFIED_PW|  return value|
|grp_drive_mac_fu_12889_p_din45     |  out|    8|  ap_ctrl_hs|  run_reduce_unified_Pipeline_UNIFIED_PW|  return value|
|grp_drive_mac_fu_12889_p_din46     |  out|    8|  ap_ctrl_hs|  run_reduce_unified_Pipeline_UNIFIED_PW|  return value|
|grp_drive_mac_fu_12889_p_din47     |  out|    8|  ap_ctrl_hs|  run_reduce_unified_Pipeline_UNIFIED_PW|  return value|
|grp_drive_mac_fu_12889_p_din48     |  out|    8|  ap_ctrl_hs|  run_reduce_unified_Pipeline_UNIFIED_PW|  return value|
|grp_drive_mac_fu_12889_p_din49     |  out|    8|  ap_ctrl_hs|  run_reduce_unified_Pipeline_UNIFIED_PW|  return value|
|grp_drive_mac_fu_12889_p_din50     |  out|    8|  ap_ctrl_hs|  run_reduce_unified_Pipeline_UNIFIED_PW|  return value|
|grp_drive_mac_fu_12889_p_din51     |  out|    8|  ap_ctrl_hs|  run_reduce_unified_Pipeline_UNIFIED_PW|  return value|
|grp_drive_mac_fu_12889_p_din52     |  out|    8|  ap_ctrl_hs|  run_reduce_unified_Pipeline_UNIFIED_PW|  return value|
|grp_drive_mac_fu_12889_p_din53     |  out|    8|  ap_ctrl_hs|  run_reduce_unified_Pipeline_UNIFIED_PW|  return value|
|grp_drive_mac_fu_12889_p_din54     |  out|    8|  ap_ctrl_hs|  run_reduce_unified_Pipeline_UNIFIED_PW|  return value|
|grp_drive_mac_fu_12889_p_din55     |  out|    8|  ap_ctrl_hs|  run_reduce_unified_Pipeline_UNIFIED_PW|  return value|
|grp_drive_mac_fu_12889_p_din56     |  out|    8|  ap_ctrl_hs|  run_reduce_unified_Pipeline_UNIFIED_PW|  return value|
|grp_drive_mac_fu_12889_p_din57     |  out|    8|  ap_ctrl_hs|  run_reduce_unified_Pipeline_UNIFIED_PW|  return value|
|grp_drive_mac_fu_12889_p_din58     |  out|    8|  ap_ctrl_hs|  run_reduce_unified_Pipeline_UNIFIED_PW|  return value|
|grp_drive_mac_fu_12889_p_din59     |  out|    8|  ap_ctrl_hs|  run_reduce_unified_Pipeline_UNIFIED_PW|  return value|
|grp_drive_mac_fu_12889_p_din60     |  out|    8|  ap_ctrl_hs|  run_reduce_unified_Pipeline_UNIFIED_PW|  return value|
|grp_drive_mac_fu_12889_p_din61     |  out|    8|  ap_ctrl_hs|  run_reduce_unified_Pipeline_UNIFIED_PW|  return value|
|grp_drive_mac_fu_12889_p_din62     |  out|    8|  ap_ctrl_hs|  run_reduce_unified_Pipeline_UNIFIED_PW|  return value|
|grp_drive_mac_fu_12889_p_din63     |  out|    8|  ap_ctrl_hs|  run_reduce_unified_Pipeline_UNIFIED_PW|  return value|
|grp_drive_mac_fu_12889_p_din64     |  out|    8|  ap_ctrl_hs|  run_reduce_unified_Pipeline_UNIFIED_PW|  return value|
|grp_drive_mac_fu_12889_p_din65     |  out|    8|  ap_ctrl_hs|  run_reduce_unified_Pipeline_UNIFIED_PW|  return value|
|grp_drive_mac_fu_12889_p_din66     |  out|    8|  ap_ctrl_hs|  run_reduce_unified_Pipeline_UNIFIED_PW|  return value|
|grp_drive_mac_fu_12889_p_din67     |  out|   32|  ap_ctrl_hs|  run_reduce_unified_Pipeline_UNIFIED_PW|  return value|
|grp_drive_mac_fu_12889_p_din68     |  out|   32|  ap_ctrl_hs|  run_reduce_unified_Pipeline_UNIFIED_PW|  return value|
|grp_drive_mac_fu_12889_p_din69     |  out|   32|  ap_ctrl_hs|  run_reduce_unified_Pipeline_UNIFIED_PW|  return value|
|grp_drive_mac_fu_12889_p_din70     |  out|   32|  ap_ctrl_hs|  run_reduce_unified_Pipeline_UNIFIED_PW|  return value|
|grp_drive_mac_fu_12889_p_din71     |  out|   32|  ap_ctrl_hs|  run_reduce_unified_Pipeline_UNIFIED_PW|  return value|
|grp_drive_mac_fu_12889_p_din72     |  out|   32|  ap_ctrl_hs|  run_reduce_unified_Pipeline_UNIFIED_PW|  return value|
|grp_drive_mac_fu_12889_p_din73     |  out|   32|  ap_ctrl_hs|  run_reduce_unified_Pipeline_UNIFIED_PW|  return value|
|grp_drive_mac_fu_12889_p_din74     |  out|   32|  ap_ctrl_hs|  run_reduce_unified_Pipeline_UNIFIED_PW|  return value|
|grp_drive_mac_fu_12889_p_din75     |  out|   32|  ap_ctrl_hs|  run_reduce_unified_Pipeline_UNIFIED_PW|  return value|
|grp_drive_mac_fu_12889_p_din76     |  out|   32|  ap_ctrl_hs|  run_reduce_unified_Pipeline_UNIFIED_PW|  return value|
|grp_drive_mac_fu_12889_p_din77     |  out|   32|  ap_ctrl_hs|  run_reduce_unified_Pipeline_UNIFIED_PW|  return value|
|grp_drive_mac_fu_12889_p_din78     |  out|   32|  ap_ctrl_hs|  run_reduce_unified_Pipeline_UNIFIED_PW|  return value|
|grp_drive_mac_fu_12889_p_din79     |  out|   32|  ap_ctrl_hs|  run_reduce_unified_Pipeline_UNIFIED_PW|  return value|
|grp_drive_mac_fu_12889_p_din80     |  out|   32|  ap_ctrl_hs|  run_reduce_unified_Pipeline_UNIFIED_PW|  return value|
|grp_drive_mac_fu_12889_p_din81     |  out|   32|  ap_ctrl_hs|  run_reduce_unified_Pipeline_UNIFIED_PW|  return value|
|grp_drive_mac_fu_12889_p_din82     |  out|   32|  ap_ctrl_hs|  run_reduce_unified_Pipeline_UNIFIED_PW|  return value|
|grp_drive_mac_fu_12889_p_din83     |  out|   32|  ap_ctrl_hs|  run_reduce_unified_Pipeline_UNIFIED_PW|  return value|
|grp_drive_mac_fu_12889_p_din84     |  out|   32|  ap_ctrl_hs|  run_reduce_unified_Pipeline_UNIFIED_PW|  return value|
|grp_drive_mac_fu_12889_p_din85     |  out|   32|  ap_ctrl_hs|  run_reduce_unified_Pipeline_UNIFIED_PW|  return value|
|grp_drive_mac_fu_12889_p_din86     |  out|   32|  ap_ctrl_hs|  run_reduce_unified_Pipeline_UNIFIED_PW|  return value|
|grp_drive_mac_fu_12889_p_din87     |  out|   32|  ap_ctrl_hs|  run_reduce_unified_Pipeline_UNIFIED_PW|  return value|
|grp_drive_mac_fu_12889_p_din88     |  out|   32|  ap_ctrl_hs|  run_reduce_unified_Pipeline_UNIFIED_PW|  return value|
|grp_drive_mac_fu_12889_p_din89     |  out|   32|  ap_ctrl_hs|  run_reduce_unified_Pipeline_UNIFIED_PW|  return value|
|grp_drive_mac_fu_12889_p_din90     |  out|   32|  ap_ctrl_hs|  run_reduce_unified_Pipeline_UNIFIED_PW|  return value|
|grp_drive_mac_fu_12889_p_din91     |  out|   32|  ap_ctrl_hs|  run_reduce_unified_Pipeline_UNIFIED_PW|  return value|
|grp_drive_mac_fu_12889_p_din92     |  out|   32|  ap_ctrl_hs|  run_reduce_unified_Pipeline_UNIFIED_PW|  return value|
|grp_drive_mac_fu_12889_p_din93     |  out|   32|  ap_ctrl_hs|  run_reduce_unified_Pipeline_UNIFIED_PW|  return value|
|grp_drive_mac_fu_12889_p_din94     |  out|   32|  ap_ctrl_hs|  run_reduce_unified_Pipeline_UNIFIED_PW|  return value|
|grp_drive_mac_fu_12889_p_din95     |  out|   32|  ap_ctrl_hs|  run_reduce_unified_Pipeline_UNIFIED_PW|  return value|
|grp_drive_mac_fu_12889_p_din96     |  out|   32|  ap_ctrl_hs|  run_reduce_unified_Pipeline_UNIFIED_PW|  return value|
|grp_drive_mac_fu_12889_p_din97     |  out|   32|  ap_ctrl_hs|  run_reduce_unified_Pipeline_UNIFIED_PW|  return value|
|grp_drive_mac_fu_12889_p_din98     |  out|   32|  ap_ctrl_hs|  run_reduce_unified_Pipeline_UNIFIED_PW|  return value|
|grp_drive_mac_fu_12889_p_din99     |  out|   32|  ap_ctrl_hs|  run_reduce_unified_Pipeline_UNIFIED_PW|  return value|
|grp_drive_mac_fu_12889_p_din100    |  out|   32|  ap_ctrl_hs|  run_reduce_unified_Pipeline_UNIFIED_PW|  return value|
|grp_drive_mac_fu_12889_p_din101    |  out|   32|  ap_ctrl_hs|  run_reduce_unified_Pipeline_UNIFIED_PW|  return value|
|grp_drive_mac_fu_12889_p_din102    |  out|   32|  ap_ctrl_hs|  run_reduce_unified_Pipeline_UNIFIED_PW|  return value|
|grp_drive_mac_fu_12889_p_din103    |  out|   32|  ap_ctrl_hs|  run_reduce_unified_Pipeline_UNIFIED_PW|  return value|
|grp_drive_mac_fu_12889_p_din104    |  out|   32|  ap_ctrl_hs|  run_reduce_unified_Pipeline_UNIFIED_PW|  return value|
|grp_drive_mac_fu_12889_p_din105    |  out|   32|  ap_ctrl_hs|  run_reduce_unified_Pipeline_UNIFIED_PW|  return value|
|grp_drive_mac_fu_12889_p_din106    |  out|   32|  ap_ctrl_hs|  run_reduce_unified_Pipeline_UNIFIED_PW|  return value|
|grp_drive_mac_fu_12889_p_din107    |  out|   32|  ap_ctrl_hs|  run_reduce_unified_Pipeline_UNIFIED_PW|  return value|
|grp_drive_mac_fu_12889_p_din108    |  out|   32|  ap_ctrl_hs|  run_reduce_unified_Pipeline_UNIFIED_PW|  return value|
|grp_drive_mac_fu_12889_p_din109    |  out|   32|  ap_ctrl_hs|  run_reduce_unified_Pipeline_UNIFIED_PW|  return value|
|grp_drive_mac_fu_12889_p_din110    |  out|   32|  ap_ctrl_hs|  run_reduce_unified_Pipeline_UNIFIED_PW|  return value|
|grp_drive_mac_fu_12889_p_din111    |  out|   32|  ap_ctrl_hs|  run_reduce_unified_Pipeline_UNIFIED_PW|  return value|
|grp_drive_mac_fu_12889_p_din112    |  out|   32|  ap_ctrl_hs|  run_reduce_unified_Pipeline_UNIFIED_PW|  return value|
|grp_drive_mac_fu_12889_p_din113    |  out|   32|  ap_ctrl_hs|  run_reduce_unified_Pipeline_UNIFIED_PW|  return value|
|grp_drive_mac_fu_12889_p_din114    |  out|   32|  ap_ctrl_hs|  run_reduce_unified_Pipeline_UNIFIED_PW|  return value|
|grp_drive_mac_fu_12889_p_din115    |  out|   32|  ap_ctrl_hs|  run_reduce_unified_Pipeline_UNIFIED_PW|  return value|
|grp_drive_mac_fu_12889_p_din116    |  out|   32|  ap_ctrl_hs|  run_reduce_unified_Pipeline_UNIFIED_PW|  return value|
|grp_drive_mac_fu_12889_p_din117    |  out|   32|  ap_ctrl_hs|  run_reduce_unified_Pipeline_UNIFIED_PW|  return value|
|grp_drive_mac_fu_12889_p_din118    |  out|   32|  ap_ctrl_hs|  run_reduce_unified_Pipeline_UNIFIED_PW|  return value|
|grp_drive_mac_fu_12889_p_din119    |  out|   32|  ap_ctrl_hs|  run_reduce_unified_Pipeline_UNIFIED_PW|  return value|
|grp_drive_mac_fu_12889_p_din120    |  out|   32|  ap_ctrl_hs|  run_reduce_unified_Pipeline_UNIFIED_PW|  return value|
|grp_drive_mac_fu_12889_p_din121    |  out|   32|  ap_ctrl_hs|  run_reduce_unified_Pipeline_UNIFIED_PW|  return value|
|grp_drive_mac_fu_12889_p_din122    |  out|   32|  ap_ctrl_hs|  run_reduce_unified_Pipeline_UNIFIED_PW|  return value|
|grp_drive_mac_fu_12889_p_din123    |  out|   32|  ap_ctrl_hs|  run_reduce_unified_Pipeline_UNIFIED_PW|  return value|
|grp_drive_mac_fu_12889_p_din124    |  out|   32|  ap_ctrl_hs|  run_reduce_unified_Pipeline_UNIFIED_PW|  return value|
|grp_drive_mac_fu_12889_p_din125    |  out|   32|  ap_ctrl_hs|  run_reduce_unified_Pipeline_UNIFIED_PW|  return value|
|grp_drive_mac_fu_12889_p_din126    |  out|   32|  ap_ctrl_hs|  run_reduce_unified_Pipeline_UNIFIED_PW|  return value|
|grp_drive_mac_fu_12889_p_din127    |  out|   32|  ap_ctrl_hs|  run_reduce_unified_Pipeline_UNIFIED_PW|  return value|
|grp_drive_mac_fu_12889_p_din128    |  out|   32|  ap_ctrl_hs|  run_reduce_unified_Pipeline_UNIFIED_PW|  return value|
|grp_drive_mac_fu_12889_p_din129    |  out|   32|  ap_ctrl_hs|  run_reduce_unified_Pipeline_UNIFIED_PW|  return value|
|grp_drive_mac_fu_12889_p_din130    |  out|   32|  ap_ctrl_hs|  run_reduce_unified_Pipeline_UNIFIED_PW|  return value|
|grp_drive_mac_fu_12889_p_dout0_0   |   in|   32|  ap_ctrl_hs|  run_reduce_unified_Pipeline_UNIFIED_PW|  return value|
|grp_drive_mac_fu_12889_p_dout0_1   |   in|   32|  ap_ctrl_hs|  run_reduce_unified_Pipeline_UNIFIED_PW|  return value|
|grp_drive_mac_fu_12889_p_dout0_2   |   in|   32|  ap_ctrl_hs|  run_reduce_unified_Pipeline_UNIFIED_PW|  return value|
|grp_drive_mac_fu_12889_p_dout0_3   |   in|   32|  ap_ctrl_hs|  run_reduce_unified_Pipeline_UNIFIED_PW|  return value|
|grp_drive_mac_fu_12889_p_dout0_4   |   in|   32|  ap_ctrl_hs|  run_reduce_unified_Pipeline_UNIFIED_PW|  return value|
|grp_drive_mac_fu_12889_p_dout0_5   |   in|   32|  ap_ctrl_hs|  run_reduce_unified_Pipeline_UNIFIED_PW|  return value|
|grp_drive_mac_fu_12889_p_dout0_6   |   in|   32|  ap_ctrl_hs|  run_reduce_unified_Pipeline_UNIFIED_PW|  return value|
|grp_drive_mac_fu_12889_p_dout0_7   |   in|   32|  ap_ctrl_hs|  run_reduce_unified_Pipeline_UNIFIED_PW|  return value|
|grp_drive_mac_fu_12889_p_dout0_8   |   in|   32|  ap_ctrl_hs|  run_reduce_unified_Pipeline_UNIFIED_PW|  return value|
|grp_drive_mac_fu_12889_p_dout0_9   |   in|   32|  ap_ctrl_hs|  run_reduce_unified_Pipeline_UNIFIED_PW|  return value|
|grp_drive_mac_fu_12889_p_dout0_10  |   in|   32|  ap_ctrl_hs|  run_reduce_unified_Pipeline_UNIFIED_PW|  return value|
|grp_drive_mac_fu_12889_p_dout0_11  |   in|   32|  ap_ctrl_hs|  run_reduce_unified_Pipeline_UNIFIED_PW|  return value|
|grp_drive_mac_fu_12889_p_dout0_12  |   in|   32|  ap_ctrl_hs|  run_reduce_unified_Pipeline_UNIFIED_PW|  return value|
|grp_drive_mac_fu_12889_p_dout0_13  |   in|   32|  ap_ctrl_hs|  run_reduce_unified_Pipeline_UNIFIED_PW|  return value|
|grp_drive_mac_fu_12889_p_dout0_14  |   in|   32|  ap_ctrl_hs|  run_reduce_unified_Pipeline_UNIFIED_PW|  return value|
|grp_drive_mac_fu_12889_p_dout0_15  |   in|   32|  ap_ctrl_hs|  run_reduce_unified_Pipeline_UNIFIED_PW|  return value|
|grp_drive_mac_fu_12889_p_dout0_16  |   in|   32|  ap_ctrl_hs|  run_reduce_unified_Pipeline_UNIFIED_PW|  return value|
|grp_drive_mac_fu_12889_p_dout0_17  |   in|   32|  ap_ctrl_hs|  run_reduce_unified_Pipeline_UNIFIED_PW|  return value|
|grp_drive_mac_fu_12889_p_dout0_18  |   in|   32|  ap_ctrl_hs|  run_reduce_unified_Pipeline_UNIFIED_PW|  return value|
|grp_drive_mac_fu_12889_p_dout0_19  |   in|   32|  ap_ctrl_hs|  run_reduce_unified_Pipeline_UNIFIED_PW|  return value|
|grp_drive_mac_fu_12889_p_dout0_20  |   in|   32|  ap_ctrl_hs|  run_reduce_unified_Pipeline_UNIFIED_PW|  return value|
|grp_drive_mac_fu_12889_p_dout0_21  |   in|   32|  ap_ctrl_hs|  run_reduce_unified_Pipeline_UNIFIED_PW|  return value|
|grp_drive_mac_fu_12889_p_dout0_22  |   in|   32|  ap_ctrl_hs|  run_reduce_unified_Pipeline_UNIFIED_PW|  return value|
|grp_drive_mac_fu_12889_p_dout0_23  |   in|   32|  ap_ctrl_hs|  run_reduce_unified_Pipeline_UNIFIED_PW|  return value|
|grp_drive_mac_fu_12889_p_dout0_24  |   in|   32|  ap_ctrl_hs|  run_reduce_unified_Pipeline_UNIFIED_PW|  return value|
|grp_drive_mac_fu_12889_p_dout0_25  |   in|   32|  ap_ctrl_hs|  run_reduce_unified_Pipeline_UNIFIED_PW|  return value|
|grp_drive_mac_fu_12889_p_dout0_26  |   in|   32|  ap_ctrl_hs|  run_reduce_unified_Pipeline_UNIFIED_PW|  return value|
|grp_drive_mac_fu_12889_p_dout0_27  |   in|   32|  ap_ctrl_hs|  run_reduce_unified_Pipeline_UNIFIED_PW|  return value|
|grp_drive_mac_fu_12889_p_dout0_28  |   in|   32|  ap_ctrl_hs|  run_reduce_unified_Pipeline_UNIFIED_PW|  return value|
|grp_drive_mac_fu_12889_p_dout0_29  |   in|   32|  ap_ctrl_hs|  run_reduce_unified_Pipeline_UNIFIED_PW|  return value|
|grp_drive_mac_fu_12889_p_dout0_30  |   in|   32|  ap_ctrl_hs|  run_reduce_unified_Pipeline_UNIFIED_PW|  return value|
|grp_drive_mac_fu_12889_p_dout0_31  |   in|   32|  ap_ctrl_hs|  run_reduce_unified_Pipeline_UNIFIED_PW|  return value|
|grp_drive_mac_fu_12889_p_dout0_32  |   in|   32|  ap_ctrl_hs|  run_reduce_unified_Pipeline_UNIFIED_PW|  return value|
|grp_drive_mac_fu_12889_p_dout0_33  |   in|   32|  ap_ctrl_hs|  run_reduce_unified_Pipeline_UNIFIED_PW|  return value|
|grp_drive_mac_fu_12889_p_dout0_34  |   in|   32|  ap_ctrl_hs|  run_reduce_unified_Pipeline_UNIFIED_PW|  return value|
|grp_drive_mac_fu_12889_p_dout0_35  |   in|   32|  ap_ctrl_hs|  run_reduce_unified_Pipeline_UNIFIED_PW|  return value|
|grp_drive_mac_fu_12889_p_dout0_36  |   in|   32|  ap_ctrl_hs|  run_reduce_unified_Pipeline_UNIFIED_PW|  return value|
|grp_drive_mac_fu_12889_p_dout0_37  |   in|   32|  ap_ctrl_hs|  run_reduce_unified_Pipeline_UNIFIED_PW|  return value|
|grp_drive_mac_fu_12889_p_dout0_38  |   in|   32|  ap_ctrl_hs|  run_reduce_unified_Pipeline_UNIFIED_PW|  return value|
|grp_drive_mac_fu_12889_p_dout0_39  |   in|   32|  ap_ctrl_hs|  run_reduce_unified_Pipeline_UNIFIED_PW|  return value|
|grp_drive_mac_fu_12889_p_dout0_40  |   in|   32|  ap_ctrl_hs|  run_reduce_unified_Pipeline_UNIFIED_PW|  return value|
|grp_drive_mac_fu_12889_p_dout0_41  |   in|   32|  ap_ctrl_hs|  run_reduce_unified_Pipeline_UNIFIED_PW|  return value|
|grp_drive_mac_fu_12889_p_dout0_42  |   in|   32|  ap_ctrl_hs|  run_reduce_unified_Pipeline_UNIFIED_PW|  return value|
|grp_drive_mac_fu_12889_p_dout0_43  |   in|   32|  ap_ctrl_hs|  run_reduce_unified_Pipeline_UNIFIED_PW|  return value|
|grp_drive_mac_fu_12889_p_dout0_44  |   in|   32|  ap_ctrl_hs|  run_reduce_unified_Pipeline_UNIFIED_PW|  return value|
|grp_drive_mac_fu_12889_p_dout0_45  |   in|   32|  ap_ctrl_hs|  run_reduce_unified_Pipeline_UNIFIED_PW|  return value|
|grp_drive_mac_fu_12889_p_dout0_46  |   in|   32|  ap_ctrl_hs|  run_reduce_unified_Pipeline_UNIFIED_PW|  return value|
|grp_drive_mac_fu_12889_p_dout0_47  |   in|   32|  ap_ctrl_hs|  run_reduce_unified_Pipeline_UNIFIED_PW|  return value|
|grp_drive_mac_fu_12889_p_dout0_48  |   in|   32|  ap_ctrl_hs|  run_reduce_unified_Pipeline_UNIFIED_PW|  return value|
|grp_drive_mac_fu_12889_p_dout0_49  |   in|   32|  ap_ctrl_hs|  run_reduce_unified_Pipeline_UNIFIED_PW|  return value|
|grp_drive_mac_fu_12889_p_dout0_50  |   in|   32|  ap_ctrl_hs|  run_reduce_unified_Pipeline_UNIFIED_PW|  return value|
|grp_drive_mac_fu_12889_p_dout0_51  |   in|   32|  ap_ctrl_hs|  run_reduce_unified_Pipeline_UNIFIED_PW|  return value|
|grp_drive_mac_fu_12889_p_dout0_52  |   in|   32|  ap_ctrl_hs|  run_reduce_unified_Pipeline_UNIFIED_PW|  return value|
|grp_drive_mac_fu_12889_p_dout0_53  |   in|   32|  ap_ctrl_hs|  run_reduce_unified_Pipeline_UNIFIED_PW|  return value|
|grp_drive_mac_fu_12889_p_dout0_54  |   in|   32|  ap_ctrl_hs|  run_reduce_unified_Pipeline_UNIFIED_PW|  return value|
|grp_drive_mac_fu_12889_p_dout0_55  |   in|   32|  ap_ctrl_hs|  run_reduce_unified_Pipeline_UNIFIED_PW|  return value|
|grp_drive_mac_fu_12889_p_dout0_56  |   in|   32|  ap_ctrl_hs|  run_reduce_unified_Pipeline_UNIFIED_PW|  return value|
|grp_drive_mac_fu_12889_p_dout0_57  |   in|   32|  ap_ctrl_hs|  run_reduce_unified_Pipeline_UNIFIED_PW|  return value|
|grp_drive_mac_fu_12889_p_dout0_58  |   in|   32|  ap_ctrl_hs|  run_reduce_unified_Pipeline_UNIFIED_PW|  return value|
|grp_drive_mac_fu_12889_p_dout0_59  |   in|   32|  ap_ctrl_hs|  run_reduce_unified_Pipeline_UNIFIED_PW|  return value|
|grp_drive_mac_fu_12889_p_dout0_60  |   in|   32|  ap_ctrl_hs|  run_reduce_unified_Pipeline_UNIFIED_PW|  return value|
|grp_drive_mac_fu_12889_p_dout0_61  |   in|   32|  ap_ctrl_hs|  run_reduce_unified_Pipeline_UNIFIED_PW|  return value|
|grp_drive_mac_fu_12889_p_dout0_62  |   in|   32|  ap_ctrl_hs|  run_reduce_unified_Pipeline_UNIFIED_PW|  return value|
|grp_drive_mac_fu_12889_p_dout0_63  |   in|   32|  ap_ctrl_hs|  run_reduce_unified_Pipeline_UNIFIED_PW|  return value|
|grp_drive_mac_fu_12889_p_start     |  out|    1|  ap_ctrl_hs|  run_reduce_unified_Pipeline_UNIFIED_PW|  return value|
|grp_drive_mac_fu_12889_p_ready     |   in|    1|  ap_ctrl_hs|  run_reduce_unified_Pipeline_UNIFIED_PW|  return value|
|grp_drive_mac_fu_12889_p_done      |   in|    1|  ap_ctrl_hs|  run_reduce_unified_Pipeline_UNIFIED_PW|  return value|
|grp_drive_mac_fu_12889_p_idle      |   in|    1|  ap_ctrl_hs|  run_reduce_unified_Pipeline_UNIFIED_PW|  return value|
|n_steps                            |   in|   32|     ap_none|                                 n_steps|        scalar|
|pw_wtile_0_address0                |  out|    4|   ap_memory|                              pw_wtile_0|         array|
|pw_wtile_0_ce0                     |  out|    1|   ap_memory|                              pw_wtile_0|         array|
|pw_wtile_0_q0                      |   in|    8|   ap_memory|                              pw_wtile_0|         array|
|pw_patch_0_0_0_address0            |  out|    4|   ap_memory|                          pw_patch_0_0_0|         array|
|pw_patch_0_0_0_ce0                 |  out|    1|   ap_memory|                          pw_patch_0_0_0|         array|
|pw_patch_0_0_0_q0                  |   in|    8|   ap_memory|                          pw_patch_0_0_0|         array|
|pw_patch_0_0_1_address0            |  out|    4|   ap_memory|                          pw_patch_0_0_1|         array|
|pw_patch_0_0_1_ce0                 |  out|    1|   ap_memory|                          pw_patch_0_0_1|         array|
|pw_patch_0_0_1_q0                  |   in|    8|   ap_memory|                          pw_patch_0_0_1|         array|
|pw_patch_0_0_2_address0            |  out|    4|   ap_memory|                          pw_patch_0_0_2|         array|
|pw_patch_0_0_2_ce0                 |  out|    1|   ap_memory|                          pw_patch_0_0_2|         array|
|pw_patch_0_0_2_q0                  |   in|    8|   ap_memory|                          pw_patch_0_0_2|         array|
|pw_patch_0_0_3_address0            |  out|    4|   ap_memory|                          pw_patch_0_0_3|         array|
|pw_patch_0_0_3_ce0                 |  out|    1|   ap_memory|                          pw_patch_0_0_3|         array|
|pw_patch_0_0_3_q0                  |   in|    8|   ap_memory|                          pw_patch_0_0_3|         array|
|pw_patch_0_0_4_address0            |  out|    4|   ap_memory|                          pw_patch_0_0_4|         array|
|pw_patch_0_0_4_ce0                 |  out|    1|   ap_memory|                          pw_patch_0_0_4|         array|
|pw_patch_0_0_4_q0                  |   in|    8|   ap_memory|                          pw_patch_0_0_4|         array|
|pw_patch_0_0_5_address0            |  out|    4|   ap_memory|                          pw_patch_0_0_5|         array|
|pw_patch_0_0_5_ce0                 |  out|    1|   ap_memory|                          pw_patch_0_0_5|         array|
|pw_patch_0_0_5_q0                  |   in|    8|   ap_memory|                          pw_patch_0_0_5|         array|
|pw_patch_0_0_6_address0            |  out|    4|   ap_memory|                          pw_patch_0_0_6|         array|
|pw_patch_0_0_6_ce0                 |  out|    1|   ap_memory|                          pw_patch_0_0_6|         array|
|pw_patch_0_0_6_q0                  |   in|    8|   ap_memory|                          pw_patch_0_0_6|         array|
|pw_patch_0_0_7_address0            |  out|    4|   ap_memory|                          pw_patch_0_0_7|         array|
|pw_patch_0_0_7_ce0                 |  out|    1|   ap_memory|                          pw_patch_0_0_7|         array|
|pw_patch_0_0_7_q0                  |   in|    8|   ap_memory|                          pw_patch_0_0_7|         array|
|pw_patch_0_1_0_address0            |  out|    4|   ap_memory|                          pw_patch_0_1_0|         array|
|pw_patch_0_1_0_ce0                 |  out|    1|   ap_memory|                          pw_patch_0_1_0|         array|
|pw_patch_0_1_0_q0                  |   in|    8|   ap_memory|                          pw_patch_0_1_0|         array|
|pw_patch_0_1_1_address0            |  out|    4|   ap_memory|                          pw_patch_0_1_1|         array|
|pw_patch_0_1_1_ce0                 |  out|    1|   ap_memory|                          pw_patch_0_1_1|         array|
|pw_patch_0_1_1_q0                  |   in|    8|   ap_memory|                          pw_patch_0_1_1|         array|
|pw_patch_0_1_2_address0            |  out|    4|   ap_memory|                          pw_patch_0_1_2|         array|
|pw_patch_0_1_2_ce0                 |  out|    1|   ap_memory|                          pw_patch_0_1_2|         array|
|pw_patch_0_1_2_q0                  |   in|    8|   ap_memory|                          pw_patch_0_1_2|         array|
|pw_patch_0_1_3_address0            |  out|    4|   ap_memory|                          pw_patch_0_1_3|         array|
|pw_patch_0_1_3_ce0                 |  out|    1|   ap_memory|                          pw_patch_0_1_3|         array|
|pw_patch_0_1_3_q0                  |   in|    8|   ap_memory|                          pw_patch_0_1_3|         array|
|pw_patch_0_1_4_address0            |  out|    4|   ap_memory|                          pw_patch_0_1_4|         array|
|pw_patch_0_1_4_ce0                 |  out|    1|   ap_memory|                          pw_patch_0_1_4|         array|
|pw_patch_0_1_4_q0                  |   in|    8|   ap_memory|                          pw_patch_0_1_4|         array|
|pw_patch_0_1_5_address0            |  out|    4|   ap_memory|                          pw_patch_0_1_5|         array|
|pw_patch_0_1_5_ce0                 |  out|    1|   ap_memory|                          pw_patch_0_1_5|         array|
|pw_patch_0_1_5_q0                  |   in|    8|   ap_memory|                          pw_patch_0_1_5|         array|
|pw_patch_0_1_6_address0            |  out|    4|   ap_memory|                          pw_patch_0_1_6|         array|
|pw_patch_0_1_6_ce0                 |  out|    1|   ap_memory|                          pw_patch_0_1_6|         array|
|pw_patch_0_1_6_q0                  |   in|    8|   ap_memory|                          pw_patch_0_1_6|         array|
|pw_patch_0_1_7_address0            |  out|    4|   ap_memory|                          pw_patch_0_1_7|         array|
|pw_patch_0_1_7_ce0                 |  out|    1|   ap_memory|                          pw_patch_0_1_7|         array|
|pw_patch_0_1_7_q0                  |   in|    8|   ap_memory|                          pw_patch_0_1_7|         array|
|pw_patch_0_2_0_address0            |  out|    4|   ap_memory|                          pw_patch_0_2_0|         array|
|pw_patch_0_2_0_ce0                 |  out|    1|   ap_memory|                          pw_patch_0_2_0|         array|
|pw_patch_0_2_0_q0                  |   in|    8|   ap_memory|                          pw_patch_0_2_0|         array|
|pw_patch_0_2_1_address0            |  out|    4|   ap_memory|                          pw_patch_0_2_1|         array|
|pw_patch_0_2_1_ce0                 |  out|    1|   ap_memory|                          pw_patch_0_2_1|         array|
|pw_patch_0_2_1_q0                  |   in|    8|   ap_memory|                          pw_patch_0_2_1|         array|
|pw_patch_0_2_2_address0            |  out|    4|   ap_memory|                          pw_patch_0_2_2|         array|
|pw_patch_0_2_2_ce0                 |  out|    1|   ap_memory|                          pw_patch_0_2_2|         array|
|pw_patch_0_2_2_q0                  |   in|    8|   ap_memory|                          pw_patch_0_2_2|         array|
|pw_patch_0_2_3_address0            |  out|    4|   ap_memory|                          pw_patch_0_2_3|         array|
|pw_patch_0_2_3_ce0                 |  out|    1|   ap_memory|                          pw_patch_0_2_3|         array|
|pw_patch_0_2_3_q0                  |   in|    8|   ap_memory|                          pw_patch_0_2_3|         array|
|pw_patch_0_2_4_address0            |  out|    4|   ap_memory|                          pw_patch_0_2_4|         array|
|pw_patch_0_2_4_ce0                 |  out|    1|   ap_memory|                          pw_patch_0_2_4|         array|
|pw_patch_0_2_4_q0                  |   in|    8|   ap_memory|                          pw_patch_0_2_4|         array|
|pw_patch_0_2_5_address0            |  out|    4|   ap_memory|                          pw_patch_0_2_5|         array|
|pw_patch_0_2_5_ce0                 |  out|    1|   ap_memory|                          pw_patch_0_2_5|         array|
|pw_patch_0_2_5_q0                  |   in|    8|   ap_memory|                          pw_patch_0_2_5|         array|
|pw_patch_0_2_6_address0            |  out|    4|   ap_memory|                          pw_patch_0_2_6|         array|
|pw_patch_0_2_6_ce0                 |  out|    1|   ap_memory|                          pw_patch_0_2_6|         array|
|pw_patch_0_2_6_q0                  |   in|    8|   ap_memory|                          pw_patch_0_2_6|         array|
|pw_patch_0_2_7_address0            |  out|    4|   ap_memory|                          pw_patch_0_2_7|         array|
|pw_patch_0_2_7_ce0                 |  out|    1|   ap_memory|                          pw_patch_0_2_7|         array|
|pw_patch_0_2_7_q0                  |   in|    8|   ap_memory|                          pw_patch_0_2_7|         array|
|pw_patch_0_3_0_address0            |  out|    4|   ap_memory|                          pw_patch_0_3_0|         array|
|pw_patch_0_3_0_ce0                 |  out|    1|   ap_memory|                          pw_patch_0_3_0|         array|
|pw_patch_0_3_0_q0                  |   in|    8|   ap_memory|                          pw_patch_0_3_0|         array|
|pw_patch_0_3_1_address0            |  out|    4|   ap_memory|                          pw_patch_0_3_1|         array|
|pw_patch_0_3_1_ce0                 |  out|    1|   ap_memory|                          pw_patch_0_3_1|         array|
|pw_patch_0_3_1_q0                  |   in|    8|   ap_memory|                          pw_patch_0_3_1|         array|
|pw_patch_0_3_2_address0            |  out|    4|   ap_memory|                          pw_patch_0_3_2|         array|
|pw_patch_0_3_2_ce0                 |  out|    1|   ap_memory|                          pw_patch_0_3_2|         array|
|pw_patch_0_3_2_q0                  |   in|    8|   ap_memory|                          pw_patch_0_3_2|         array|
|pw_patch_0_3_3_address0            |  out|    4|   ap_memory|                          pw_patch_0_3_3|         array|
|pw_patch_0_3_3_ce0                 |  out|    1|   ap_memory|                          pw_patch_0_3_3|         array|
|pw_patch_0_3_3_q0                  |   in|    8|   ap_memory|                          pw_patch_0_3_3|         array|
|pw_patch_0_3_4_address0            |  out|    4|   ap_memory|                          pw_patch_0_3_4|         array|
|pw_patch_0_3_4_ce0                 |  out|    1|   ap_memory|                          pw_patch_0_3_4|         array|
|pw_patch_0_3_4_q0                  |   in|    8|   ap_memory|                          pw_patch_0_3_4|         array|
|pw_patch_0_3_5_address0            |  out|    4|   ap_memory|                          pw_patch_0_3_5|         array|
|pw_patch_0_3_5_ce0                 |  out|    1|   ap_memory|                          pw_patch_0_3_5|         array|
|pw_patch_0_3_5_q0                  |   in|    8|   ap_memory|                          pw_patch_0_3_5|         array|
|pw_patch_0_3_6_address0            |  out|    4|   ap_memory|                          pw_patch_0_3_6|         array|
|pw_patch_0_3_6_ce0                 |  out|    1|   ap_memory|                          pw_patch_0_3_6|         array|
|pw_patch_0_3_6_q0                  |   in|    8|   ap_memory|                          pw_patch_0_3_6|         array|
|pw_patch_0_3_7_address0            |  out|    4|   ap_memory|                          pw_patch_0_3_7|         array|
|pw_patch_0_3_7_ce0                 |  out|    1|   ap_memory|                          pw_patch_0_3_7|         array|
|pw_patch_0_3_7_q0                  |   in|    8|   ap_memory|                          pw_patch_0_3_7|         array|
|pw_wtile_1_address0                |  out|    4|   ap_memory|                              pw_wtile_1|         array|
|pw_wtile_1_ce0                     |  out|    1|   ap_memory|                              pw_wtile_1|         array|
|pw_wtile_1_q0                      |   in|    8|   ap_memory|                              pw_wtile_1|         array|
|pw_patch_1_0_0_address0            |  out|    4|   ap_memory|                          pw_patch_1_0_0|         array|
|pw_patch_1_0_0_ce0                 |  out|    1|   ap_memory|                          pw_patch_1_0_0|         array|
|pw_patch_1_0_0_q0                  |   in|    8|   ap_memory|                          pw_patch_1_0_0|         array|
|pw_patch_1_0_1_address0            |  out|    4|   ap_memory|                          pw_patch_1_0_1|         array|
|pw_patch_1_0_1_ce0                 |  out|    1|   ap_memory|                          pw_patch_1_0_1|         array|
|pw_patch_1_0_1_q0                  |   in|    8|   ap_memory|                          pw_patch_1_0_1|         array|
|pw_patch_1_0_2_address0            |  out|    4|   ap_memory|                          pw_patch_1_0_2|         array|
|pw_patch_1_0_2_ce0                 |  out|    1|   ap_memory|                          pw_patch_1_0_2|         array|
|pw_patch_1_0_2_q0                  |   in|    8|   ap_memory|                          pw_patch_1_0_2|         array|
|pw_patch_1_0_3_address0            |  out|    4|   ap_memory|                          pw_patch_1_0_3|         array|
|pw_patch_1_0_3_ce0                 |  out|    1|   ap_memory|                          pw_patch_1_0_3|         array|
|pw_patch_1_0_3_q0                  |   in|    8|   ap_memory|                          pw_patch_1_0_3|         array|
|pw_patch_1_0_4_address0            |  out|    4|   ap_memory|                          pw_patch_1_0_4|         array|
|pw_patch_1_0_4_ce0                 |  out|    1|   ap_memory|                          pw_patch_1_0_4|         array|
|pw_patch_1_0_4_q0                  |   in|    8|   ap_memory|                          pw_patch_1_0_4|         array|
|pw_patch_1_0_5_address0            |  out|    4|   ap_memory|                          pw_patch_1_0_5|         array|
|pw_patch_1_0_5_ce0                 |  out|    1|   ap_memory|                          pw_patch_1_0_5|         array|
|pw_patch_1_0_5_q0                  |   in|    8|   ap_memory|                          pw_patch_1_0_5|         array|
|pw_patch_1_0_6_address0            |  out|    4|   ap_memory|                          pw_patch_1_0_6|         array|
|pw_patch_1_0_6_ce0                 |  out|    1|   ap_memory|                          pw_patch_1_0_6|         array|
|pw_patch_1_0_6_q0                  |   in|    8|   ap_memory|                          pw_patch_1_0_6|         array|
|pw_patch_1_0_7_address0            |  out|    4|   ap_memory|                          pw_patch_1_0_7|         array|
|pw_patch_1_0_7_ce0                 |  out|    1|   ap_memory|                          pw_patch_1_0_7|         array|
|pw_patch_1_0_7_q0                  |   in|    8|   ap_memory|                          pw_patch_1_0_7|         array|
|pw_patch_1_1_0_address0            |  out|    4|   ap_memory|                          pw_patch_1_1_0|         array|
|pw_patch_1_1_0_ce0                 |  out|    1|   ap_memory|                          pw_patch_1_1_0|         array|
|pw_patch_1_1_0_q0                  |   in|    8|   ap_memory|                          pw_patch_1_1_0|         array|
|pw_patch_1_1_1_address0            |  out|    4|   ap_memory|                          pw_patch_1_1_1|         array|
|pw_patch_1_1_1_ce0                 |  out|    1|   ap_memory|                          pw_patch_1_1_1|         array|
|pw_patch_1_1_1_q0                  |   in|    8|   ap_memory|                          pw_patch_1_1_1|         array|
|pw_patch_1_1_2_address0            |  out|    4|   ap_memory|                          pw_patch_1_1_2|         array|
|pw_patch_1_1_2_ce0                 |  out|    1|   ap_memory|                          pw_patch_1_1_2|         array|
|pw_patch_1_1_2_q0                  |   in|    8|   ap_memory|                          pw_patch_1_1_2|         array|
|pw_patch_1_1_3_address0            |  out|    4|   ap_memory|                          pw_patch_1_1_3|         array|
|pw_patch_1_1_3_ce0                 |  out|    1|   ap_memory|                          pw_patch_1_1_3|         array|
|pw_patch_1_1_3_q0                  |   in|    8|   ap_memory|                          pw_patch_1_1_3|         array|
|pw_patch_1_1_4_address0            |  out|    4|   ap_memory|                          pw_patch_1_1_4|         array|
|pw_patch_1_1_4_ce0                 |  out|    1|   ap_memory|                          pw_patch_1_1_4|         array|
|pw_patch_1_1_4_q0                  |   in|    8|   ap_memory|                          pw_patch_1_1_4|         array|
|pw_patch_1_1_5_address0            |  out|    4|   ap_memory|                          pw_patch_1_1_5|         array|
|pw_patch_1_1_5_ce0                 |  out|    1|   ap_memory|                          pw_patch_1_1_5|         array|
|pw_patch_1_1_5_q0                  |   in|    8|   ap_memory|                          pw_patch_1_1_5|         array|
|pw_patch_1_1_6_address0            |  out|    4|   ap_memory|                          pw_patch_1_1_6|         array|
|pw_patch_1_1_6_ce0                 |  out|    1|   ap_memory|                          pw_patch_1_1_6|         array|
|pw_patch_1_1_6_q0                  |   in|    8|   ap_memory|                          pw_patch_1_1_6|         array|
|pw_patch_1_1_7_address0            |  out|    4|   ap_memory|                          pw_patch_1_1_7|         array|
|pw_patch_1_1_7_ce0                 |  out|    1|   ap_memory|                          pw_patch_1_1_7|         array|
|pw_patch_1_1_7_q0                  |   in|    8|   ap_memory|                          pw_patch_1_1_7|         array|
|pw_patch_1_2_0_address0            |  out|    4|   ap_memory|                          pw_patch_1_2_0|         array|
|pw_patch_1_2_0_ce0                 |  out|    1|   ap_memory|                          pw_patch_1_2_0|         array|
|pw_patch_1_2_0_q0                  |   in|    8|   ap_memory|                          pw_patch_1_2_0|         array|
|pw_patch_1_2_1_address0            |  out|    4|   ap_memory|                          pw_patch_1_2_1|         array|
|pw_patch_1_2_1_ce0                 |  out|    1|   ap_memory|                          pw_patch_1_2_1|         array|
|pw_patch_1_2_1_q0                  |   in|    8|   ap_memory|                          pw_patch_1_2_1|         array|
|pw_patch_1_2_2_address0            |  out|    4|   ap_memory|                          pw_patch_1_2_2|         array|
|pw_patch_1_2_2_ce0                 |  out|    1|   ap_memory|                          pw_patch_1_2_2|         array|
|pw_patch_1_2_2_q0                  |   in|    8|   ap_memory|                          pw_patch_1_2_2|         array|
|pw_patch_1_2_3_address0            |  out|    4|   ap_memory|                          pw_patch_1_2_3|         array|
|pw_patch_1_2_3_ce0                 |  out|    1|   ap_memory|                          pw_patch_1_2_3|         array|
|pw_patch_1_2_3_q0                  |   in|    8|   ap_memory|                          pw_patch_1_2_3|         array|
|pw_patch_1_2_4_address0            |  out|    4|   ap_memory|                          pw_patch_1_2_4|         array|
|pw_patch_1_2_4_ce0                 |  out|    1|   ap_memory|                          pw_patch_1_2_4|         array|
|pw_patch_1_2_4_q0                  |   in|    8|   ap_memory|                          pw_patch_1_2_4|         array|
|pw_patch_1_2_5_address0            |  out|    4|   ap_memory|                          pw_patch_1_2_5|         array|
|pw_patch_1_2_5_ce0                 |  out|    1|   ap_memory|                          pw_patch_1_2_5|         array|
|pw_patch_1_2_5_q0                  |   in|    8|   ap_memory|                          pw_patch_1_2_5|         array|
|pw_patch_1_2_6_address0            |  out|    4|   ap_memory|                          pw_patch_1_2_6|         array|
|pw_patch_1_2_6_ce0                 |  out|    1|   ap_memory|                          pw_patch_1_2_6|         array|
|pw_patch_1_2_6_q0                  |   in|    8|   ap_memory|                          pw_patch_1_2_6|         array|
|pw_patch_1_2_7_address0            |  out|    4|   ap_memory|                          pw_patch_1_2_7|         array|
|pw_patch_1_2_7_ce0                 |  out|    1|   ap_memory|                          pw_patch_1_2_7|         array|
|pw_patch_1_2_7_q0                  |   in|    8|   ap_memory|                          pw_patch_1_2_7|         array|
|pw_patch_1_3_0_address0            |  out|    4|   ap_memory|                          pw_patch_1_3_0|         array|
|pw_patch_1_3_0_ce0                 |  out|    1|   ap_memory|                          pw_patch_1_3_0|         array|
|pw_patch_1_3_0_q0                  |   in|    8|   ap_memory|                          pw_patch_1_3_0|         array|
|pw_patch_1_3_1_address0            |  out|    4|   ap_memory|                          pw_patch_1_3_1|         array|
|pw_patch_1_3_1_ce0                 |  out|    1|   ap_memory|                          pw_patch_1_3_1|         array|
|pw_patch_1_3_1_q0                  |   in|    8|   ap_memory|                          pw_patch_1_3_1|         array|
|pw_patch_1_3_2_address0            |  out|    4|   ap_memory|                          pw_patch_1_3_2|         array|
|pw_patch_1_3_2_ce0                 |  out|    1|   ap_memory|                          pw_patch_1_3_2|         array|
|pw_patch_1_3_2_q0                  |   in|    8|   ap_memory|                          pw_patch_1_3_2|         array|
|pw_patch_1_3_3_address0            |  out|    4|   ap_memory|                          pw_patch_1_3_3|         array|
|pw_patch_1_3_3_ce0                 |  out|    1|   ap_memory|                          pw_patch_1_3_3|         array|
|pw_patch_1_3_3_q0                  |   in|    8|   ap_memory|                          pw_patch_1_3_3|         array|
|pw_patch_1_3_4_address0            |  out|    4|   ap_memory|                          pw_patch_1_3_4|         array|
|pw_patch_1_3_4_ce0                 |  out|    1|   ap_memory|                          pw_patch_1_3_4|         array|
|pw_patch_1_3_4_q0                  |   in|    8|   ap_memory|                          pw_patch_1_3_4|         array|
|pw_patch_1_3_5_address0            |  out|    4|   ap_memory|                          pw_patch_1_3_5|         array|
|pw_patch_1_3_5_ce0                 |  out|    1|   ap_memory|                          pw_patch_1_3_5|         array|
|pw_patch_1_3_5_q0                  |   in|    8|   ap_memory|                          pw_patch_1_3_5|         array|
|pw_patch_1_3_6_address0            |  out|    4|   ap_memory|                          pw_patch_1_3_6|         array|
|pw_patch_1_3_6_ce0                 |  out|    1|   ap_memory|                          pw_patch_1_3_6|         array|
|pw_patch_1_3_6_q0                  |   in|    8|   ap_memory|                          pw_patch_1_3_6|         array|
|pw_patch_1_3_7_address0            |  out|    4|   ap_memory|                          pw_patch_1_3_7|         array|
|pw_patch_1_3_7_ce0                 |  out|    1|   ap_memory|                          pw_patch_1_3_7|         array|
|pw_patch_1_3_7_q0                  |   in|    8|   ap_memory|                          pw_patch_1_3_7|         array|
|acc_0_0_0_2_out                    |  out|   32|      ap_vld|                         acc_0_0_0_2_out|       pointer|
|acc_0_0_0_2_out_ap_vld             |  out|    1|      ap_vld|                         acc_0_0_0_2_out|       pointer|
|acc_0_0_1_2_out                    |  out|   32|      ap_vld|                         acc_0_0_1_2_out|       pointer|
|acc_0_0_1_2_out_ap_vld             |  out|    1|      ap_vld|                         acc_0_0_1_2_out|       pointer|
|acc_0_0_2_2_out                    |  out|   32|      ap_vld|                         acc_0_0_2_2_out|       pointer|
|acc_0_0_2_2_out_ap_vld             |  out|    1|      ap_vld|                         acc_0_0_2_2_out|       pointer|
|acc_0_0_3_2_out                    |  out|   32|      ap_vld|                         acc_0_0_3_2_out|       pointer|
|acc_0_0_3_2_out_ap_vld             |  out|    1|      ap_vld|                         acc_0_0_3_2_out|       pointer|
|acc_0_0_4_2_out                    |  out|   32|      ap_vld|                         acc_0_0_4_2_out|       pointer|
|acc_0_0_4_2_out_ap_vld             |  out|    1|      ap_vld|                         acc_0_0_4_2_out|       pointer|
|acc_0_0_5_2_out                    |  out|   32|      ap_vld|                         acc_0_0_5_2_out|       pointer|
|acc_0_0_5_2_out_ap_vld             |  out|    1|      ap_vld|                         acc_0_0_5_2_out|       pointer|
|acc_0_0_6_2_out                    |  out|   32|      ap_vld|                         acc_0_0_6_2_out|       pointer|
|acc_0_0_6_2_out_ap_vld             |  out|    1|      ap_vld|                         acc_0_0_6_2_out|       pointer|
|acc_0_0_7_2_out                    |  out|   32|      ap_vld|                         acc_0_0_7_2_out|       pointer|
|acc_0_0_7_2_out_ap_vld             |  out|    1|      ap_vld|                         acc_0_0_7_2_out|       pointer|
|acc_0_1_0_2_out                    |  out|   32|      ap_vld|                         acc_0_1_0_2_out|       pointer|
|acc_0_1_0_2_out_ap_vld             |  out|    1|      ap_vld|                         acc_0_1_0_2_out|       pointer|
|acc_0_1_1_2_out                    |  out|   32|      ap_vld|                         acc_0_1_1_2_out|       pointer|
|acc_0_1_1_2_out_ap_vld             |  out|    1|      ap_vld|                         acc_0_1_1_2_out|       pointer|
|acc_0_1_2_2_out                    |  out|   32|      ap_vld|                         acc_0_1_2_2_out|       pointer|
|acc_0_1_2_2_out_ap_vld             |  out|    1|      ap_vld|                         acc_0_1_2_2_out|       pointer|
|acc_0_1_3_2_out                    |  out|   32|      ap_vld|                         acc_0_1_3_2_out|       pointer|
|acc_0_1_3_2_out_ap_vld             |  out|    1|      ap_vld|                         acc_0_1_3_2_out|       pointer|
|acc_0_1_4_2_out                    |  out|   32|      ap_vld|                         acc_0_1_4_2_out|       pointer|
|acc_0_1_4_2_out_ap_vld             |  out|    1|      ap_vld|                         acc_0_1_4_2_out|       pointer|
|acc_0_1_5_2_out                    |  out|   32|      ap_vld|                         acc_0_1_5_2_out|       pointer|
|acc_0_1_5_2_out_ap_vld             |  out|    1|      ap_vld|                         acc_0_1_5_2_out|       pointer|
|acc_0_1_6_2_out                    |  out|   32|      ap_vld|                         acc_0_1_6_2_out|       pointer|
|acc_0_1_6_2_out_ap_vld             |  out|    1|      ap_vld|                         acc_0_1_6_2_out|       pointer|
|acc_0_1_7_2_out                    |  out|   32|      ap_vld|                         acc_0_1_7_2_out|       pointer|
|acc_0_1_7_2_out_ap_vld             |  out|    1|      ap_vld|                         acc_0_1_7_2_out|       pointer|
|acc_0_2_0_2_out                    |  out|   32|      ap_vld|                         acc_0_2_0_2_out|       pointer|
|acc_0_2_0_2_out_ap_vld             |  out|    1|      ap_vld|                         acc_0_2_0_2_out|       pointer|
|acc_0_2_1_2_out                    |  out|   32|      ap_vld|                         acc_0_2_1_2_out|       pointer|
|acc_0_2_1_2_out_ap_vld             |  out|    1|      ap_vld|                         acc_0_2_1_2_out|       pointer|
|acc_0_2_2_2_out                    |  out|   32|      ap_vld|                         acc_0_2_2_2_out|       pointer|
|acc_0_2_2_2_out_ap_vld             |  out|    1|      ap_vld|                         acc_0_2_2_2_out|       pointer|
|acc_0_2_3_2_out                    |  out|   32|      ap_vld|                         acc_0_2_3_2_out|       pointer|
|acc_0_2_3_2_out_ap_vld             |  out|    1|      ap_vld|                         acc_0_2_3_2_out|       pointer|
|acc_0_2_4_2_out                    |  out|   32|      ap_vld|                         acc_0_2_4_2_out|       pointer|
|acc_0_2_4_2_out_ap_vld             |  out|    1|      ap_vld|                         acc_0_2_4_2_out|       pointer|
|acc_0_2_5_2_out                    |  out|   32|      ap_vld|                         acc_0_2_5_2_out|       pointer|
|acc_0_2_5_2_out_ap_vld             |  out|    1|      ap_vld|                         acc_0_2_5_2_out|       pointer|
|acc_0_2_6_2_out                    |  out|   32|      ap_vld|                         acc_0_2_6_2_out|       pointer|
|acc_0_2_6_2_out_ap_vld             |  out|    1|      ap_vld|                         acc_0_2_6_2_out|       pointer|
|acc_0_2_7_2_out                    |  out|   32|      ap_vld|                         acc_0_2_7_2_out|       pointer|
|acc_0_2_7_2_out_ap_vld             |  out|    1|      ap_vld|                         acc_0_2_7_2_out|       pointer|
|acc_0_3_0_2_out                    |  out|   32|      ap_vld|                         acc_0_3_0_2_out|       pointer|
|acc_0_3_0_2_out_ap_vld             |  out|    1|      ap_vld|                         acc_0_3_0_2_out|       pointer|
|acc_0_3_1_2_out                    |  out|   32|      ap_vld|                         acc_0_3_1_2_out|       pointer|
|acc_0_3_1_2_out_ap_vld             |  out|    1|      ap_vld|                         acc_0_3_1_2_out|       pointer|
|acc_0_3_2_2_out                    |  out|   32|      ap_vld|                         acc_0_3_2_2_out|       pointer|
|acc_0_3_2_2_out_ap_vld             |  out|    1|      ap_vld|                         acc_0_3_2_2_out|       pointer|
|acc_0_3_3_2_out                    |  out|   32|      ap_vld|                         acc_0_3_3_2_out|       pointer|
|acc_0_3_3_2_out_ap_vld             |  out|    1|      ap_vld|                         acc_0_3_3_2_out|       pointer|
|acc_0_3_4_2_out                    |  out|   32|      ap_vld|                         acc_0_3_4_2_out|       pointer|
|acc_0_3_4_2_out_ap_vld             |  out|    1|      ap_vld|                         acc_0_3_4_2_out|       pointer|
|acc_0_3_5_2_out                    |  out|   32|      ap_vld|                         acc_0_3_5_2_out|       pointer|
|acc_0_3_5_2_out_ap_vld             |  out|    1|      ap_vld|                         acc_0_3_5_2_out|       pointer|
|acc_0_3_6_2_out                    |  out|   32|      ap_vld|                         acc_0_3_6_2_out|       pointer|
|acc_0_3_6_2_out_ap_vld             |  out|    1|      ap_vld|                         acc_0_3_6_2_out|       pointer|
|acc_0_3_7_2_out                    |  out|   32|      ap_vld|                         acc_0_3_7_2_out|       pointer|
|acc_0_3_7_2_out_ap_vld             |  out|    1|      ap_vld|                         acc_0_3_7_2_out|       pointer|
|acc_1_0_0_2_out                    |  out|   32|      ap_vld|                         acc_1_0_0_2_out|       pointer|
|acc_1_0_0_2_out_ap_vld             |  out|    1|      ap_vld|                         acc_1_0_0_2_out|       pointer|
|acc_1_0_1_2_out                    |  out|   32|      ap_vld|                         acc_1_0_1_2_out|       pointer|
|acc_1_0_1_2_out_ap_vld             |  out|    1|      ap_vld|                         acc_1_0_1_2_out|       pointer|
|acc_1_0_2_2_out                    |  out|   32|      ap_vld|                         acc_1_0_2_2_out|       pointer|
|acc_1_0_2_2_out_ap_vld             |  out|    1|      ap_vld|                         acc_1_0_2_2_out|       pointer|
|acc_1_0_3_2_out                    |  out|   32|      ap_vld|                         acc_1_0_3_2_out|       pointer|
|acc_1_0_3_2_out_ap_vld             |  out|    1|      ap_vld|                         acc_1_0_3_2_out|       pointer|
|acc_1_0_4_2_out                    |  out|   32|      ap_vld|                         acc_1_0_4_2_out|       pointer|
|acc_1_0_4_2_out_ap_vld             |  out|    1|      ap_vld|                         acc_1_0_4_2_out|       pointer|
|acc_1_0_5_2_out                    |  out|   32|      ap_vld|                         acc_1_0_5_2_out|       pointer|
|acc_1_0_5_2_out_ap_vld             |  out|    1|      ap_vld|                         acc_1_0_5_2_out|       pointer|
|acc_1_0_6_2_out                    |  out|   32|      ap_vld|                         acc_1_0_6_2_out|       pointer|
|acc_1_0_6_2_out_ap_vld             |  out|    1|      ap_vld|                         acc_1_0_6_2_out|       pointer|
|acc_1_0_7_2_out                    |  out|   32|      ap_vld|                         acc_1_0_7_2_out|       pointer|
|acc_1_0_7_2_out_ap_vld             |  out|    1|      ap_vld|                         acc_1_0_7_2_out|       pointer|
|acc_1_1_0_2_out                    |  out|   32|      ap_vld|                         acc_1_1_0_2_out|       pointer|
|acc_1_1_0_2_out_ap_vld             |  out|    1|      ap_vld|                         acc_1_1_0_2_out|       pointer|
|acc_1_1_1_2_out                    |  out|   32|      ap_vld|                         acc_1_1_1_2_out|       pointer|
|acc_1_1_1_2_out_ap_vld             |  out|    1|      ap_vld|                         acc_1_1_1_2_out|       pointer|
|acc_1_1_2_2_out                    |  out|   32|      ap_vld|                         acc_1_1_2_2_out|       pointer|
|acc_1_1_2_2_out_ap_vld             |  out|    1|      ap_vld|                         acc_1_1_2_2_out|       pointer|
|acc_1_1_3_2_out                    |  out|   32|      ap_vld|                         acc_1_1_3_2_out|       pointer|
|acc_1_1_3_2_out_ap_vld             |  out|    1|      ap_vld|                         acc_1_1_3_2_out|       pointer|
|acc_1_1_4_2_out                    |  out|   32|      ap_vld|                         acc_1_1_4_2_out|       pointer|
|acc_1_1_4_2_out_ap_vld             |  out|    1|      ap_vld|                         acc_1_1_4_2_out|       pointer|
|acc_1_1_5_2_out                    |  out|   32|      ap_vld|                         acc_1_1_5_2_out|       pointer|
|acc_1_1_5_2_out_ap_vld             |  out|    1|      ap_vld|                         acc_1_1_5_2_out|       pointer|
|acc_1_1_6_2_out                    |  out|   32|      ap_vld|                         acc_1_1_6_2_out|       pointer|
|acc_1_1_6_2_out_ap_vld             |  out|    1|      ap_vld|                         acc_1_1_6_2_out|       pointer|
|acc_1_1_7_2_out                    |  out|   32|      ap_vld|                         acc_1_1_7_2_out|       pointer|
|acc_1_1_7_2_out_ap_vld             |  out|    1|      ap_vld|                         acc_1_1_7_2_out|       pointer|
|acc_1_2_0_2_out                    |  out|   32|      ap_vld|                         acc_1_2_0_2_out|       pointer|
|acc_1_2_0_2_out_ap_vld             |  out|    1|      ap_vld|                         acc_1_2_0_2_out|       pointer|
|acc_1_2_1_2_out                    |  out|   32|      ap_vld|                         acc_1_2_1_2_out|       pointer|
|acc_1_2_1_2_out_ap_vld             |  out|    1|      ap_vld|                         acc_1_2_1_2_out|       pointer|
|acc_1_2_2_2_out                    |  out|   32|      ap_vld|                         acc_1_2_2_2_out|       pointer|
|acc_1_2_2_2_out_ap_vld             |  out|    1|      ap_vld|                         acc_1_2_2_2_out|       pointer|
|acc_1_2_3_2_out                    |  out|   32|      ap_vld|                         acc_1_2_3_2_out|       pointer|
|acc_1_2_3_2_out_ap_vld             |  out|    1|      ap_vld|                         acc_1_2_3_2_out|       pointer|
|acc_1_2_4_2_out                    |  out|   32|      ap_vld|                         acc_1_2_4_2_out|       pointer|
|acc_1_2_4_2_out_ap_vld             |  out|    1|      ap_vld|                         acc_1_2_4_2_out|       pointer|
|acc_1_2_5_2_out                    |  out|   32|      ap_vld|                         acc_1_2_5_2_out|       pointer|
|acc_1_2_5_2_out_ap_vld             |  out|    1|      ap_vld|                         acc_1_2_5_2_out|       pointer|
|acc_1_2_6_2_out                    |  out|   32|      ap_vld|                         acc_1_2_6_2_out|       pointer|
|acc_1_2_6_2_out_ap_vld             |  out|    1|      ap_vld|                         acc_1_2_6_2_out|       pointer|
|acc_1_2_7_2_out                    |  out|   32|      ap_vld|                         acc_1_2_7_2_out|       pointer|
|acc_1_2_7_2_out_ap_vld             |  out|    1|      ap_vld|                         acc_1_2_7_2_out|       pointer|
|acc_1_3_0_2_out                    |  out|   32|      ap_vld|                         acc_1_3_0_2_out|       pointer|
|acc_1_3_0_2_out_ap_vld             |  out|    1|      ap_vld|                         acc_1_3_0_2_out|       pointer|
|acc_1_3_1_2_out                    |  out|   32|      ap_vld|                         acc_1_3_1_2_out|       pointer|
|acc_1_3_1_2_out_ap_vld             |  out|    1|      ap_vld|                         acc_1_3_1_2_out|       pointer|
|acc_1_3_2_2_out                    |  out|   32|      ap_vld|                         acc_1_3_2_2_out|       pointer|
|acc_1_3_2_2_out_ap_vld             |  out|    1|      ap_vld|                         acc_1_3_2_2_out|       pointer|
|acc_1_3_3_2_out                    |  out|   32|      ap_vld|                         acc_1_3_3_2_out|       pointer|
|acc_1_3_3_2_out_ap_vld             |  out|    1|      ap_vld|                         acc_1_3_3_2_out|       pointer|
|acc_1_3_4_2_out                    |  out|   32|      ap_vld|                         acc_1_3_4_2_out|       pointer|
|acc_1_3_4_2_out_ap_vld             |  out|    1|      ap_vld|                         acc_1_3_4_2_out|       pointer|
|acc_1_3_5_2_out                    |  out|   32|      ap_vld|                         acc_1_3_5_2_out|       pointer|
|acc_1_3_5_2_out_ap_vld             |  out|    1|      ap_vld|                         acc_1_3_5_2_out|       pointer|
|acc_1_3_6_2_out                    |  out|   32|      ap_vld|                         acc_1_3_6_2_out|       pointer|
|acc_1_3_6_2_out_ap_vld             |  out|    1|      ap_vld|                         acc_1_3_6_2_out|       pointer|
|acc_1_3_7_2_out                    |  out|   32|      ap_vld|                         acc_1_3_7_2_out|       pointer|
|acc_1_3_7_2_out_ap_vld             |  out|    1|      ap_vld|                         acc_1_3_7_2_out|       pointer|
+-----------------------------------+-----+-----+------------+----------------------------------------+--------------+

