

================================================================
== Vitis HLS Report for 'run_layer_Pipeline_VITIS_LOOP_302_6_VITIS_LOOP_303_7'
================================================================
* Date:           Thu Aug 20 23:05:05 2026

* Version:        2024.2 (Build 5238294 on Nov  8 2024)
* Project:        mac_array_poc_a2_maxk7
* Solution:       solution1 (Vivado IP Flow Target)
* Product family: zynq
* Target device:  xc7z020-clg400-1


================================================================
== Performance Estimates
================================================================
+ Timing: 
    * Summary: 
    +--------+----------+----------+------------+
    |  Clock |  Target  | Estimated| Uncertainty|
    +--------+----------+----------+------------+
    |ap_clk  |  10.00 ns|  6.770 ns|     2.70 ns|
    +--------+----------+----------+------------+

+ Latency: 
    * Summary: 
    +---------+---------+----------+----------+-----+-----+------------------------------------------------+
    |  Latency (cycles) |  Latency (absolute) |  Interval |                    Pipeline                    |
    |   min   |   max   |    min   |    max   | min | max |                      Type                      |
    +---------+---------+----------+----------+-----+-----+------------------------------------------------+
    |        ?|        ?|         ?|         ?|    0|    0|  loop auto-rewind stp (delay=0 clock cycles(s))|
    +---------+---------+----------+----------+-----+-----+------------------------------------------------+

    + Detail: 
        * Instance: 
        N/A

        * Loop: 
        +-------------------------------------+---------+---------+----------+-----------+-----------+------+----------+
        |                                     |  Latency (cycles) | Iteration|  Initiation Interval  | Trip |          |
        |              Loop Name              |   min   |   max   |  Latency |  achieved |   target  | Count| Pipelined|
        +-------------------------------------+---------+---------+----------+-----------+-----------+------+----------+
        |- VITIS_LOOP_302_6_VITIS_LOOP_303_7  |        ?|        ?|         2|          1|          1|     ?|       yes|
        +-------------------------------------+---------+---------+----------+-----------+-----------+------+----------+



================================================================
== Utilization Estimates
================================================================
* Summary: 
+-----------------+---------+-----+--------+-------+-----+
|       Name      | BRAM_18K| DSP |   FF   |  LUT  | URAM|
+-----------------+---------+-----+--------+-------+-----+
|DSP              |        -|    -|       -|      -|    -|
|Expression       |        -|    -|       0|    498|    -|
|FIFO             |        -|    -|       -|      -|    -|
|Instance         |        -|    -|       -|      -|    -|
|Memory           |        -|    -|       -|      -|    -|
|Multiplexer      |        -|    -|       0|    936|    -|
|Register         |        -|    -|     888|      -|    -|
+-----------------+---------+-----+--------+-------+-----+
|Total            |        0|    0|     888|   1434|    0|
+-----------------+---------+-----+--------+-------+-----+
|Available        |      280|  220|  106400|  53200|    0|
+-----------------+---------+-----+--------+-------+-----+
|Utilization (%)  |        0|    0|      ~0|      2|    0|
+-----------------+---------+-----+--------+-------+-----+

+ Detail: 
    * Instance: 
    N/A

    * DSP: 
    N/A

    * Memory: 
    N/A

    * FIFO: 
    N/A

    * Expression: 
    +---------------------------+----------+----+---+----+------------+------------+
    |       Variable Name       | Operation| DSP| FF| LUT| Bitwidth P0| Bitwidth P1|
    +---------------------------+----------+----+---+----+------------+------------+
    |add_ln302_1_fu_2699_p2     |         +|   0|  0|  38|          31|           1|
    |add_ln302_fu_2665_p2       |         +|   0|  0|  70|          63|           1|
    |add_ln303_fu_3109_p2       |         +|   0|  0|  11|           3|           1|
    |ap_condition_1483          |       and|   0|  0|   2|           1|           1|
    |ap_condition_1486          |       and|   0|  0|   2|           1|           1|
    |ap_condition_1491          |       and|   0|  0|   2|           1|           1|
    |ap_condition_1496          |       and|   0|  0|   2|           1|           1|
    |ap_condition_1501          |       and|   0|  0|   2|           1|           1|
    |ap_condition_1506          |       and|   0|  0|   2|           1|           1|
    |ap_condition_1511          |       and|   0|  0|   2|           1|           1|
    |ap_condition_1516          |       and|   0|  0|   2|           1|           1|
    |ap_condition_1519          |       and|   0|  0|   2|           1|           1|
    |ap_condition_1524          |       and|   0|  0|   2|           1|           1|
    |ap_condition_1529          |       and|   0|  0|   2|           1|           1|
    |ap_condition_1534          |       and|   0|  0|   2|           1|           1|
    |ap_condition_1539          |       and|   0|  0|   2|           1|           1|
    |ap_condition_1544          |       and|   0|  0|   2|           1|           1|
    |ap_condition_1549          |       and|   0|  0|   2|           1|           1|
    |ap_condition_1552          |       and|   0|  0|   2|           1|           1|
    |ap_condition_1557          |       and|   0|  0|   2|           1|           1|
    |ap_condition_1562          |       and|   0|  0|   2|           1|           1|
    |ap_condition_1567          |       and|   0|  0|   2|           1|           1|
    |ap_condition_1572          |       and|   0|  0|   2|           1|           1|
    |ap_condition_1577          |       and|   0|  0|   2|           1|           1|
    |ap_condition_1582          |       and|   0|  0|   2|           1|           1|
    |ap_condition_1585          |       and|   0|  0|   2|           1|           1|
    |ap_condition_1588          |       and|   0|  0|   2|           1|           1|
    |ap_condition_1591          |       and|   0|  0|   2|           1|           1|
    |ap_condition_1594          |       and|   0|  0|   2|           1|           1|
    |ap_condition_1597          |       and|   0|  0|   2|           1|           1|
    |ap_condition_1600          |       and|   0|  0|   2|           1|           1|
    |ap_condition_1603          |       and|   0|  0|   2|           1|           1|
    |ap_condition_1606          |       and|   0|  0|   2|           1|           1|
    |ap_condition_1611          |       and|   0|  0|   2|           1|           1|
    |ap_condition_1616          |       and|   0|  0|   2|           1|           1|
    |ap_condition_1621          |       and|   0|  0|   2|           1|           1|
    |ap_condition_1626          |       and|   0|  0|   2|           1|           1|
    |ap_condition_1631          |       and|   0|  0|   2|           1|           1|
    |ap_condition_1636          |       and|   0|  0|   2|           1|           1|
    |ap_condition_1639          |       and|   0|  0|   2|           1|           1|
    |ap_condition_1644          |       and|   0|  0|   2|           1|           1|
    |ap_condition_1649          |       and|   0|  0|   2|           1|           1|
    |ap_condition_1654          |       and|   0|  0|   2|           1|           1|
    |ap_condition_1659          |       and|   0|  0|   2|           1|           1|
    |ap_condition_1664          |       and|   0|  0|   2|           1|           1|
    |ap_condition_1667          |       and|   0|  0|   2|           1|           1|
    |ap_condition_1672          |       and|   0|  0|   2|           1|           1|
    |ap_condition_1675          |       and|   0|  0|   2|           1|           1|
    |ap_condition_1680          |       and|   0|  0|   2|           1|           1|
    |ap_condition_1685          |       and|   0|  0|   2|           1|           1|
    |ap_condition_1690          |       and|   0|  0|   2|           1|           1|
    |ap_condition_1695          |       and|   0|  0|   2|           1|           1|
    |ap_condition_1700          |       and|   0|  0|   2|           1|           1|
    |ap_condition_1703          |       and|   0|  0|   2|           1|           1|
    |ap_condition_1706          |       and|   0|  0|   2|           1|           1|
    |ap_condition_1709          |       and|   0|  0|   2|           1|           1|
    |ap_condition_1712          |       and|   0|  0|   2|           1|           1|
    |ap_condition_1715          |       and|   0|  0|   2|           1|           1|
    |ap_condition_1718          |       and|   0|  0|   2|           1|           1|
    |ap_condition_1721          |       and|   0|  0|   2|           1|           1|
    |ap_condition_1724          |       and|   0|  0|   2|           1|           1|
    |ap_condition_1727          |       and|   0|  0|   2|           1|           1|
    |ap_condition_1730          |       and|   0|  0|   2|           1|           1|
    |ap_condition_1733          |       and|   0|  0|   2|           1|           1|
    |ap_condition_1736          |       and|   0|  0|   2|           1|           1|
    |ap_condition_1739          |       and|   0|  0|   2|           1|           1|
    |ap_condition_1742          |       and|   0|  0|   2|           1|           1|
    |ap_condition_1745          |       and|   0|  0|   2|           1|           1|
    |ap_condition_1748          |       and|   0|  0|   2|           1|           1|
    |ap_condition_1751          |       and|   0|  0|   2|           1|           1|
    |ap_condition_1754          |       and|   0|  0|   2|           1|           1|
    |ap_condition_1757          |       and|   0|  0|   2|           1|           1|
    |ap_condition_1760          |       and|   0|  0|   2|           1|           1|
    |ap_condition_1763          |       and|   0|  0|   2|           1|           1|
    |ap_condition_1766          |       and|   0|  0|   2|           1|           1|
    |ap_condition_1769          |       and|   0|  0|   2|           1|           1|
    |ap_condition_1772          |       and|   0|  0|   2|           1|           1|
    |ap_condition_1775          |       and|   0|  0|   2|           1|           1|
    |ap_condition_1778          |       and|   0|  0|   2|           1|           1|
    |ap_condition_1781          |       and|   0|  0|   2|           1|           1|
    |ap_condition_1784          |       and|   0|  0|   2|           1|           1|
    |ap_condition_1787          |       and|   0|  0|   2|           1|           1|
    |ap_condition_1790          |       and|   0|  0|   2|           1|           1|
    |ap_condition_1793          |       and|   0|  0|   2|           1|           1|
    |ap_condition_1796          |       and|   0|  0|   2|           1|           1|
    |ap_condition_1799          |       and|   0|  0|   2|           1|           1|
    |ap_condition_1802          |       and|   0|  0|   2|           1|           1|
    |ap_condition_1805          |       and|   0|  0|   2|           1|           1|
    |ap_condition_1808          |       and|   0|  0|   2|           1|           1|
    |ap_condition_1811          |       and|   0|  0|   2|           1|           1|
    |ap_condition_1814          |       and|   0|  0|   2|           1|           1|
    |ap_condition_1817          |       and|   0|  0|   2|           1|           1|
    |ap_condition_1820          |       and|   0|  0|   2|           1|           1|
    |ap_condition_1823          |       and|   0|  0|   2|           1|           1|
    |ap_condition_1826          |       and|   0|  0|   2|           1|           1|
    |ap_condition_1829          |       and|   0|  0|   2|           1|           1|
    |ap_condition_1832          |       and|   0|  0|   2|           1|           1|
    |ap_condition_1835          |       and|   0|  0|   2|           1|           1|
    |ap_condition_1838          |       and|   0|  0|   2|           1|           1|
    |ap_condition_1841          |       and|   0|  0|   2|           1|           1|
    |ap_condition_1844          |       and|   0|  0|   2|           1|           1|
    |icmp_ln301_fu_2146_p2      |      icmp|   0|  0|  38|          31|           1|
    |icmp_ln302_fu_2660_p2      |      icmp|   0|  0|  70|          63|          63|
    |icmp_ln303_fu_2683_p2      |      icmp|   0|  0|  39|          32|          32|
    |select_ln302_1_fu_2705_p3  |    select|   0|  0|  31|           1|          31|
    |select_ln302_fu_2691_p3    |    select|   0|  0|   3|           1|           1|
    |ap_enable_pp0              |       xor|   0|  0|   2|           1|           2|
    +---------------------------+----------+----+---+----+------------+------------+
    |Total                      |          |   0|  0| 498|         324|         231|
    +---------------------------+----------+----+---+----+------------+------------+

    * Multiplexer: 
    +----------------------------------+----+-----------+-----+-----------+
    |               Name               | LUT| Input Size| Bits| Total Bits|
    +----------------------------------+----+-----------+-----+-----------+
    |ap_done_int                       |   9|          2|    1|          2|
    |ap_enable_reg_pp0_iter1           |   9|          2|    1|          2|
    |ap_loop_exit_ready_pp0_iter2_reg  |   9|          2|    1|          2|
    |indvar_flatten35_fu_452           |   9|          2|   63|        126|
    |kh_fu_448                         |   9|          2|   31|         62|
    |kw_fu_444                         |   9|          2|    3|          6|
    |p_0_0_0130102_fu_532              |   9|          2|    8|         16|
    |p_0_0_0130106_fu_536              |   9|          2|    8|         16|
    |p_0_0_0130110_fu_540              |   9|          2|    8|         16|
    |p_0_0_0130114_fu_544              |   9|          2|    8|         16|
    |p_0_0_0130118_fu_548              |   9|          2|    8|         16|
    |p_0_0_0130122_fu_552              |   9|          2|    8|         16|
    |p_0_0_0130126_fu_556              |   9|          2|    8|         16|
    |p_0_0_0130130_fu_560              |   9|          2|    8|         16|
    |p_0_0_0130134_fu_564              |   9|          2|    8|         16|
    |p_0_0_0130138_fu_568              |   9|          2|    8|         16|
    |p_0_0_0130142_fu_572              |   9|          2|    8|         16|
    |p_0_0_0130146_fu_576              |   9|          2|    8|         16|
    |p_0_0_0130150_fu_580              |   9|          2|    8|         16|
    |p_0_0_0130154_fu_584              |   9|          2|    8|         16|
    |p_0_0_0130158_fu_588              |   9|          2|    8|         16|
    |p_0_0_0130162_fu_592              |   9|          2|    8|         16|
    |p_0_0_0130166_fu_596              |   9|          2|    8|         16|
    |p_0_0_0130170_fu_600              |   9|          2|    8|         16|
    |p_0_0_0130174_fu_604              |   9|          2|    8|         16|
    |p_0_0_0130178_fu_608              |   9|          2|    8|         16|
    |p_0_0_0130182_fu_612              |   9|          2|    8|         16|
    |p_0_0_0130186_fu_616              |   9|          2|    8|         16|
    |p_0_0_0130190_fu_620              |   9|          2|    8|         16|
    |p_0_0_0130194_fu_624              |   9|          2|    8|         16|
    |p_0_0_0130198_fu_628              |   9|          2|    8|         16|
    |p_0_0_0130202_fu_632              |   9|          2|    8|         16|
    |p_0_0_0130206_fu_636              |   9|          2|    8|         16|
    |p_0_0_0130210_fu_640              |   9|          2|    8|         16|
    |p_0_0_0130214_fu_644              |   9|          2|    8|         16|
    |p_0_0_0130218_fu_648              |   9|          2|    8|         16|
    |p_0_0_0130222_fu_652              |   9|          2|    8|         16|
    |p_0_0_0130226_fu_656              |   9|          2|    8|         16|
    |p_0_0_0130230_fu_660              |   9|          2|    8|         16|
    |p_0_0_0130234_fu_664              |   9|          2|    8|         16|
    |p_0_0_0130238_fu_668              |   9|          2|    8|         16|
    |p_0_0_0130242_fu_672              |   9|          2|    8|         16|
    |p_0_0_0130246_fu_676              |   9|          2|    8|         16|
    |p_0_0_0130250_fu_680              |   9|          2|    8|         16|
    |p_0_0_0130254_fu_684              |   9|          2|    8|         16|
    |p_0_0_0130258_fu_688              |   9|          2|    8|         16|
    |p_0_0_0130262_fu_692              |   9|          2|    8|         16|
    |p_0_0_0130266_fu_696              |   9|          2|    8|         16|
    |p_0_0_013026_fu_456               |   9|          2|    8|         16|
    |p_0_0_0130270_fu_700              |   9|          2|    8|         16|
    |p_0_0_0130274_fu_704              |   9|          2|    8|         16|
    |p_0_0_0130278_fu_708              |   9|          2|    8|         16|
    |p_0_0_0130282_fu_712              |   9|          2|    8|         16|
    |p_0_0_0130286_fu_716              |   9|          2|    8|         16|
    |p_0_0_0130290_fu_720              |   9|          2|    8|         16|
    |p_0_0_0130294_fu_724              |   9|          2|    8|         16|
    |p_0_0_0130298_fu_728              |   9|          2|    8|         16|
    |p_0_0_0130302_fu_732              |   9|          2|    8|         16|
    |p_0_0_0130306_fu_736              |   9|          2|    8|         16|
    |p_0_0_013030_fu_460               |   9|          2|    8|         16|
    |p_0_0_0130310_fu_740              |   9|          2|    8|         16|
    |p_0_0_0130314_fu_744              |   9|          2|    8|         16|
    |p_0_0_0130318_fu_748              |   9|          2|    8|         16|
    |p_0_0_0130322_fu_752              |   9|          2|    8|         16|
    |p_0_0_0130326_fu_756              |   9|          2|    8|         16|
    |p_0_0_0130330_fu_760              |   9|          2|    8|         16|
    |p_0_0_0130334_fu_764              |   9|          2|    8|         16|
    |p_0_0_0130338_fu_768              |   9|          2|    8|         16|
    |p_0_0_0130342_fu_772              |   9|          2|    8|         16|
    |p_0_0_0130346_fu_776              |   9|          2|    8|         16|
    |p_0_0_013034_fu_464               |   9|          2|    8|         16|
    |p_0_0_0130350_fu_780              |   9|          2|    8|         16|
    |p_0_0_0130354_fu_784              |   9|          2|    8|         16|
    |p_0_0_0130358_fu_788              |   9|          2|    8|         16|
    |p_0_0_0130359_fu_792              |   9|          2|    8|         16|
    |p_0_0_0130363_fu_796              |   9|          2|    8|         16|
    |p_0_0_0130367_fu_800              |   9|          2|    8|         16|
    |p_0_0_0130371_fu_804              |   9|          2|    8|         16|
    |p_0_0_0130375_fu_808              |   9|          2|    8|         16|
    |p_0_0_0130379_fu_812              |   9|          2|    8|         16|
    |p_0_0_0130383_fu_816              |   9|          2|    8|         16|
    |p_0_0_013038_fu_468               |   9|          2|    8|         16|
    |p_0_0_0130390_fu_820              |   9|          2|    8|         16|
    |p_0_0_0130394_fu_824              |   9|          2|    8|         16|
    |p_0_0_0130398_fu_828              |   9|          2|    8|         16|
    |p_0_0_0130402_fu_832              |   9|          2|    8|         16|
    |p_0_0_0130406_fu_836              |   9|          2|    8|         16|
    |p_0_0_0130410_fu_840              |   9|          2|    8|         16|
    |p_0_0_0130414_fu_844              |   9|          2|    8|         16|
    |p_0_0_013042_fu_472               |   9|          2|    8|         16|
    |p_0_0_013046_fu_476               |   9|          2|    8|         16|
    |p_0_0_013050_fu_480               |   9|          2|    8|         16|
    |p_0_0_013054_fu_484               |   9|          2|    8|         16|
    |p_0_0_013058_fu_488               |   9|          2|    8|         16|
    |p_0_0_013062_fu_492               |   9|          2|    8|         16|
    |p_0_0_013066_fu_496               |   9|          2|    8|         16|
    |p_0_0_013070_fu_500               |   9|          2|    8|         16|
    |p_0_0_013074_fu_504               |   9|          2|    8|         16|
    |p_0_0_013078_fu_508               |   9|          2|    8|         16|
    |p_0_0_013082_fu_512               |   9|          2|    8|         16|
    |p_0_0_013086_fu_516               |   9|          2|    8|         16|
    |p_0_0_013090_fu_520               |   9|          2|    8|         16|
    |p_0_0_013094_fu_524               |   9|          2|    8|         16|
    |p_0_0_013098_fu_528               |   9|          2|    8|         16|
    +----------------------------------+----+-----------+-----+-----------+
    |Total                             | 936|        208|  884|       1768|
    +----------------------------------+----+-----------+-----+-----------+

    * Register: 
    +----------------------------------+----+----+-----+-----------+
    |               Name               | FF | LUT| Bits| Const Bits|
    +----------------------------------+----+----+-----+-----------+
    |ap_CS_fsm                         |   1|   0|    1|          0|
    |ap_done_reg                       |   1|   0|    1|          0|
    |ap_enable_reg_pp0_iter1           |   1|   0|    1|          0|
    |ap_enable_reg_pp0_iter2           |   1|   0|    1|          0|
    |ap_loop_exit_ready_pp0_iter2_reg  |   1|   0|    1|          0|
    |icmp_ln301_reg_4336               |   1|   0|    1|          0|
    |icmp_ln302_reg_4340               |   1|   0|    1|          0|
    |indvar_flatten35_fu_452           |  63|   0|   63|          0|
    |kh_fu_448                         |  31|   0|   31|          0|
    |kw_fu_444                         |   3|   0|    3|          0|
    |p_0_0_0130102_fu_532              |   8|   0|    8|          0|
    |p_0_0_0130106_fu_536              |   8|   0|    8|          0|
    |p_0_0_0130110_fu_540              |   8|   0|    8|          0|
    |p_0_0_0130114_fu_544              |   8|   0|    8|          0|
    |p_0_0_0130118_fu_548              |   8|   0|    8|          0|
    |p_0_0_0130122_fu_552              |   8|   0|    8|          0|
    |p_0_0_0130126_fu_556              |   8|   0|    8|          0|
    |p_0_0_0130130_fu_560              |   8|   0|    8|          0|
    |p_0_0_0130134_fu_564              |   8|   0|    8|          0|
    |p_0_0_0130138_fu_568              |   8|   0|    8|          0|
    |p_0_0_0130142_fu_572              |   8|   0|    8|          0|
    |p_0_0_0130146_fu_576              |   8|   0|    8|          0|
    |p_0_0_0130150_fu_580              |   8|   0|    8|          0|
    |p_0_0_0130154_fu_584              |   8|   0|    8|          0|
    |p_0_0_0130158_fu_588              |   8|   0|    8|          0|
    |p_0_0_0130162_fu_592              |   8|   0|    8|          0|
    |p_0_0_0130166_fu_596              |   8|   0|    8|          0|
    |p_0_0_0130170_fu_600              |   8|   0|    8|          0|
    |p_0_0_0130174_fu_604              |   8|   0|    8|          0|
    |p_0_0_0130178_fu_608              |   8|   0|    8|          0|
    |p_0_0_0130182_fu_612              |   8|   0|    8|          0|
    |p_0_0_0130186_fu_616              |   8|   0|    8|          0|
    |p_0_0_0130190_fu_620              |   8|   0|    8|          0|
    |p_0_0_0130194_fu_624              |   8|   0|    8|          0|
    |p_0_0_0130198_fu_628              |   8|   0|    8|          0|
    |p_0_0_0130202_fu_632              |   8|   0|    8|          0|
    |p_0_0_0130206_fu_636              |   8|   0|    8|          0|
    |p_0_0_0130210_fu_640              |   8|   0|    8|          0|
    |p_0_0_0130214_fu_644              |   8|   0|    8|          0|
    |p_0_0_0130218_fu_648              |   8|   0|    8|          0|
    |p_0_0_0130222_fu_652              |   8|   0|    8|          0|
    |p_0_0_0130226_fu_656              |   8|   0|    8|          0|
    |p_0_0_0130230_fu_660              |   8|   0|    8|          0|
    |p_0_0_0130234_fu_664              |   8|   0|    8|          0|
    |p_0_0_0130238_fu_668              |   8|   0|    8|          0|
    |p_0_0_0130242_fu_672              |   8|   0|    8|          0|
    |p_0_0_0130246_fu_676              |   8|   0|    8|          0|
    |p_0_0_0130250_fu_680              |   8|   0|    8|          0|
    |p_0_0_0130254_fu_684              |   8|   0|    8|          0|
    |p_0_0_0130258_fu_688              |   8|   0|    8|          0|
    |p_0_0_0130262_fu_692              |   8|   0|    8|          0|
    |p_0_0_0130266_fu_696              |   8|   0|    8|          0|
    |p_0_0_013026_fu_456               |   8|   0|    8|          0|
    |p_0_0_0130270_fu_700              |   8|   0|    8|          0|
    |p_0_0_0130274_fu_704              |   8|   0|    8|          0|
    |p_0_0_0130278_fu_708              |   8|   0|    8|          0|
    |p_0_0_0130282_fu_712              |   8|   0|    8|          0|
    |p_0_0_0130286_fu_716              |   8|   0|    8|          0|
    |p_0_0_0130290_fu_720              |   8|   0|    8|          0|
    |p_0_0_0130294_fu_724              |   8|   0|    8|          0|
    |p_0_0_0130298_fu_728              |   8|   0|    8|          0|
    |p_0_0_0130302_fu_732              |   8|   0|    8|          0|
    |p_0_0_0130306_fu_736              |   8|   0|    8|          0|
    |p_0_0_013030_fu_460               |   8|   0|    8|          0|
    |p_0_0_0130310_fu_740              |   8|   0|    8|          0|
    |p_0_0_0130314_fu_744              |   8|   0|    8|          0|
    |p_0_0_0130318_fu_748              |   8|   0|    8|          0|
    |p_0_0_0130322_fu_752              |   8|   0|    8|          0|
    |p_0_0_0130326_fu_756              |   8|   0|    8|          0|
    |p_0_0_0130330_fu_760              |   8|   0|    8|          0|
    |p_0_0_0130334_fu_764              |   8|   0|    8|          0|
    |p_0_0_0130338_fu_768              |   8|   0|    8|          0|
    |p_0_0_0130342_fu_772              |   8|   0|    8|          0|
    |p_0_0_0130346_fu_776              |   8|   0|    8|          0|
    |p_0_0_013034_fu_464               |   8|   0|    8|          0|
    |p_0_0_0130350_fu_780              |   8|   0|    8|          0|
    |p_0_0_0130354_fu_784              |   8|   0|    8|          0|
    |p_0_0_0130358_fu_788              |   8|   0|    8|          0|
    |p_0_0_0130359_fu_792              |   8|   0|    8|          0|
    |p_0_0_0130363_fu_796              |   8|   0|    8|          0|
    |p_0_0_0130367_fu_800              |   8|   0|    8|          0|
    |p_0_0_0130371_fu_804              |   8|   0|    8|          0|
    |p_0_0_0130375_fu_808              |   8|   0|    8|          0|
    |p_0_0_0130379_fu_812              |   8|   0|    8|          0|
    |p_0_0_0130383_fu_816              |   8|   0|    8|          0|
    |p_0_0_013038_fu_468               |   8|   0|    8|          0|
    |p_0_0_0130390_fu_820              |   8|   0|    8|          0|
    |p_0_0_0130394_fu_824              |   8|   0|    8|          0|
    |p_0_0_0130398_fu_828              |   8|   0|    8|          0|
    |p_0_0_0130402_fu_832              |   8|   0|    8|          0|
    |p_0_0_0130406_fu_836              |   8|   0|    8|          0|
    |p_0_0_0130410_fu_840              |   8|   0|    8|          0|
    |p_0_0_0130414_fu_844              |   8|   0|    8|          0|
    |p_0_0_013042_fu_472               |   8|   0|    8|          0|
    |p_0_0_013046_fu_476               |   8|   0|    8|          0|
    |p_0_0_013050_fu_480               |   8|   0|    8|          0|
    |p_0_0_013054_fu_484               |   8|   0|    8|          0|
    |p_0_0_013058_fu_488               |   8|   0|    8|          0|
    |p_0_0_013062_fu_492               |   8|   0|    8|          0|
    |p_0_0_013066_fu_496               |   8|   0|    8|          0|
    |p_0_0_013070_fu_500               |   8|   0|    8|          0|
    |p_0_0_013074_fu_504               |   8|   0|    8|          0|
    |p_0_0_013078_fu_508               |   8|   0|    8|          0|
    |p_0_0_013082_fu_512               |   8|   0|    8|          0|
    |p_0_0_013086_fu_516               |   8|   0|    8|          0|
    |p_0_0_013090_fu_520               |   8|   0|    8|          0|
    |p_0_0_013094_fu_524               |   8|   0|    8|          0|
    |p_0_0_013098_fu_528               |   8|   0|    8|          0|
    +----------------------------------+----+----+-----+-----------+
    |Total                             | 888|   0|  888|          0|
    +----------------------------------+----+----+-----+-----------+



================================================================
== Interface
================================================================
* Summary: 
+-------------------------------+-----+-----+------------+------------------------------------------------------+--------------+
|           RTL Ports           | Dir | Bits|  Protocol  |                     Source Object                    |    C Type    |
+-------------------------------+-----+-----+------------+------------------------------------------------------+--------------+
|ap_clk                         |   in|    1|  ap_ctrl_hs|  run_layer_Pipeline_VITIS_LOOP_302_6_VITIS_LOOP_303_7|  return value|
|ap_rst                         |   in|    1|  ap_ctrl_hs|  run_layer_Pipeline_VITIS_LOOP_302_6_VITIS_LOOP_303_7|  return value|
|ap_start                       |   in|    1|  ap_ctrl_hs|  run_layer_Pipeline_VITIS_LOOP_302_6_VITIS_LOOP_303_7|  return value|
|ap_done                        |  out|    1|  ap_ctrl_hs|  run_layer_Pipeline_VITIS_LOOP_302_6_VITIS_LOOP_303_7|  return value|
|ap_idle                        |  out|    1|  ap_ctrl_hs|  run_layer_Pipeline_VITIS_LOOP_302_6_VITIS_LOOP_303_7|  return value|
|ap_ready                       |  out|    1|  ap_ctrl_hs|  run_layer_Pipeline_VITIS_LOOP_302_6_VITIS_LOOP_303_7|  return value|
|p_0_0_0130411_lcssa_lcssa4628  |   in|    8|     ap_none|                         p_0_0_0130411_lcssa_lcssa4628|        scalar|
|p_0_0_0130407_lcssa_lcssa4626  |   in|    8|     ap_none|                         p_0_0_0130407_lcssa_lcssa4626|        scalar|
|p_0_0_0130403_lcssa_lcssa4624  |   in|    8|     ap_none|                         p_0_0_0130403_lcssa_lcssa4624|        scalar|
|p_0_0_0130399_lcssa_lcssa4622  |   in|    8|     ap_none|                         p_0_0_0130399_lcssa_lcssa4622|        scalar|
|p_0_0_0130395_lcssa_lcssa4620  |   in|    8|     ap_none|                         p_0_0_0130395_lcssa_lcssa4620|        scalar|
|p_0_0_0130391_lcssa_lcssa4618  |   in|    8|     ap_none|                         p_0_0_0130391_lcssa_lcssa4618|        scalar|
|p_0_0_0130387_lcssa_lcssa4616  |   in|    8|     ap_none|                         p_0_0_0130387_lcssa_lcssa4616|        scalar|
|p_0_0_0130384_lcssa_lcssa4614  |   in|    8|     ap_none|                         p_0_0_0130384_lcssa_lcssa4614|        scalar|
|p_0_0_0130380_lcssa_lcssa4612  |   in|    8|     ap_none|                         p_0_0_0130380_lcssa_lcssa4612|        scalar|
|p_0_0_0130376_lcssa_lcssa4610  |   in|    8|     ap_none|                         p_0_0_0130376_lcssa_lcssa4610|        scalar|
|p_0_0_0130372_lcssa_lcssa4608  |   in|    8|     ap_none|                         p_0_0_0130372_lcssa_lcssa4608|        scalar|
|p_0_0_0130368_lcssa_lcssa4606  |   in|    8|     ap_none|                         p_0_0_0130368_lcssa_lcssa4606|        scalar|
|p_0_0_0130364_lcssa_lcssa4604  |   in|    8|     ap_none|                         p_0_0_0130364_lcssa_lcssa4604|        scalar|
|p_0_0_0130360_lcssa_lcssa4602  |   in|    8|     ap_none|                         p_0_0_0130360_lcssa_lcssa4602|        scalar|
|p_0_0_0130355_lcssa_lcssa4600  |   in|    8|     ap_none|                         p_0_0_0130355_lcssa_lcssa4600|        scalar|
|p_0_0_0130351_lcssa_lcssa4598  |   in|    8|     ap_none|                         p_0_0_0130351_lcssa_lcssa4598|        scalar|
|p_0_0_0130347_lcssa_lcssa4596  |   in|    8|     ap_none|                         p_0_0_0130347_lcssa_lcssa4596|        scalar|
|p_0_0_0130343_lcssa_lcssa4594  |   in|    8|     ap_none|                         p_0_0_0130343_lcssa_lcssa4594|        scalar|
|p_0_0_0130339_lcssa_lcssa4592  |   in|    8|     ap_none|                         p_0_0_0130339_lcssa_lcssa4592|        scalar|
|p_0_0_0130335_lcssa_lcssa4590  |   in|    8|     ap_none|                         p_0_0_0130335_lcssa_lcssa4590|        scalar|
|p_0_0_0130331_lcssa_lcssa4588  |   in|    8|     ap_none|                         p_0_0_0130331_lcssa_lcssa4588|        scalar|
|p_0_0_0130327_lcssa_lcssa4586  |   in|    8|     ap_none|                         p_0_0_0130327_lcssa_lcssa4586|        scalar|
|p_0_0_0130323_lcssa_lcssa4584  |   in|    8|     ap_none|                         p_0_0_0130323_lcssa_lcssa4584|        scalar|
|p_0_0_0130319_lcssa_lcssa4582  |   in|    8|     ap_none|                         p_0_0_0130319_lcssa_lcssa4582|        scalar|
|p_0_0_0130315_lcssa_lcssa4580  |   in|    8|     ap_none|                         p_0_0_0130315_lcssa_lcssa4580|        scalar|
|p_0_0_0130311_lcssa_lcssa4578  |   in|    8|     ap_none|                         p_0_0_0130311_lcssa_lcssa4578|        scalar|
|p_0_0_0130307_lcssa_lcssa4576  |   in|    8|     ap_none|                         p_0_0_0130307_lcssa_lcssa4576|        scalar|
|p_0_0_0130303_lcssa_lcssa4574  |   in|    8|     ap_none|                         p_0_0_0130303_lcssa_lcssa4574|        scalar|
|p_0_0_0130299_lcssa_lcssa4572  |   in|    8|     ap_none|                         p_0_0_0130299_lcssa_lcssa4572|        scalar|
|p_0_0_0130295_lcssa_lcssa4570  |   in|    8|     ap_none|                         p_0_0_0130295_lcssa_lcssa4570|        scalar|
|p_0_0_0130291_lcssa_lcssa4568  |   in|    8|     ap_none|                         p_0_0_0130291_lcssa_lcssa4568|        scalar|
|p_0_0_0130287_lcssa_lcssa4566  |   in|    8|     ap_none|                         p_0_0_0130287_lcssa_lcssa4566|        scalar|
|p_0_0_0130283_lcssa_lcssa4564  |   in|    8|     ap_none|                         p_0_0_0130283_lcssa_lcssa4564|        scalar|
|p_0_0_0130279_lcssa_lcssa4562  |   in|    8|     ap_none|                         p_0_0_0130279_lcssa_lcssa4562|        scalar|
|p_0_0_0130275_lcssa_lcssa4560  |   in|    8|     ap_none|                         p_0_0_0130275_lcssa_lcssa4560|        scalar|
|p_0_0_0130271_lcssa_lcssa4558  |   in|    8|     ap_none|                         p_0_0_0130271_lcssa_lcssa4558|        scalar|
|p_0_0_0130267_lcssa_lcssa4556  |   in|    8|     ap_none|                         p_0_0_0130267_lcssa_lcssa4556|        scalar|
|p_0_0_0130263_lcssa_lcssa4554  |   in|    8|     ap_none|                         p_0_0_0130263_lcssa_lcssa4554|        scalar|
|p_0_0_0130259_lcssa_lcssa4552  |   in|    8|     ap_none|                         p_0_0_0130259_lcssa_lcssa4552|        scalar|
|p_0_0_0130255_lcssa_lcssa4550  |   in|    8|     ap_none|                         p_0_0_0130255_lcssa_lcssa4550|        scalar|
|p_0_0_0130251_lcssa_lcssa4548  |   in|    8|     ap_none|                         p_0_0_0130251_lcssa_lcssa4548|        scalar|
|p_0_0_0130247_lcssa_lcssa4546  |   in|    8|     ap_none|                         p_0_0_0130247_lcssa_lcssa4546|        scalar|
|p_0_0_0130243_lcssa_lcssa4544  |   in|    8|     ap_none|                         p_0_0_0130243_lcssa_lcssa4544|        scalar|
|p_0_0_0130239_lcssa_lcssa4542  |   in|    8|     ap_none|                         p_0_0_0130239_lcssa_lcssa4542|        scalar|
|p_0_0_0130235_lcssa_lcssa4540  |   in|    8|     ap_none|                         p_0_0_0130235_lcssa_lcssa4540|        scalar|
|p_0_0_0130231_lcssa_lcssa4538  |   in|    8|     ap_none|                         p_0_0_0130231_lcssa_lcssa4538|        scalar|
|p_0_0_0130227_lcssa_lcssa4536  |   in|    8|     ap_none|                         p_0_0_0130227_lcssa_lcssa4536|        scalar|
|p_0_0_0130223_lcssa_lcssa4534  |   in|    8|     ap_none|                         p_0_0_0130223_lcssa_lcssa4534|        scalar|
|p_0_0_0130219_lcssa_lcssa4532  |   in|    8|     ap_none|                         p_0_0_0130219_lcssa_lcssa4532|        scalar|
|p_0_0_0130215_lcssa_lcssa4530  |   in|    8|     ap_none|                         p_0_0_0130215_lcssa_lcssa4530|        scalar|
|p_0_0_0130211_lcssa_lcssa4528  |   in|    8|     ap_none|                         p_0_0_0130211_lcssa_lcssa4528|        scalar|
|p_0_0_0130207_lcssa_lcssa4526  |   in|    8|     ap_none|                         p_0_0_0130207_lcssa_lcssa4526|        scalar|
|p_0_0_0130203_lcssa_lcssa4524  |   in|    8|     ap_none|                         p_0_0_0130203_lcssa_lcssa4524|        scalar|
|p_0_0_0130199_lcssa_lcssa4522  |   in|    8|     ap_none|                         p_0_0_0130199_lcssa_lcssa4522|        scalar|
|p_0_0_0130195_lcssa_lcssa4520  |   in|    8|     ap_none|                         p_0_0_0130195_lcssa_lcssa4520|        scalar|
|p_0_0_0130191_lcssa_lcssa4518  |   in|    8|     ap_none|                         p_0_0_0130191_lcssa_lcssa4518|        scalar|
|p_0_0_0130187_lcssa_lcssa4516  |   in|    8|     ap_none|                         p_0_0_0130187_lcssa_lcssa4516|        scalar|
|p_0_0_0130183_lcssa_lcssa4514  |   in|    8|     ap_none|                         p_0_0_0130183_lcssa_lcssa4514|        scalar|
|p_0_0_0130179_lcssa_lcssa4512  |   in|    8|     ap_none|                         p_0_0_0130179_lcssa_lcssa4512|        scalar|
|p_0_0_0130175_lcssa_lcssa4510  |   in|    8|     ap_none|                         p_0_0_0130175_lcssa_lcssa4510|        scalar|
|p_0_0_0130171_lcssa_lcssa4508  |   in|    8|     ap_none|                         p_0_0_0130171_lcssa_lcssa4508|        scalar|
|p_0_0_0130167_lcssa_lcssa4506  |   in|    8|     ap_none|                         p_0_0_0130167_lcssa_lcssa4506|        scalar|
|p_0_0_0130163_lcssa_lcssa4504  |   in|    8|     ap_none|                         p_0_0_0130163_lcssa_lcssa4504|        scalar|
|p_0_0_0130159_lcssa_lcssa4502  |   in|    8|     ap_none|                         p_0_0_0130159_lcssa_lcssa4502|        scalar|
|p_0_0_0130155_lcssa_lcssa4500  |   in|    8|     ap_none|                         p_0_0_0130155_lcssa_lcssa4500|        scalar|
|p_0_0_0130151_lcssa_lcssa4498  |   in|    8|     ap_none|                         p_0_0_0130151_lcssa_lcssa4498|        scalar|
|p_0_0_0130147_lcssa_lcssa4496  |   in|    8|     ap_none|                         p_0_0_0130147_lcssa_lcssa4496|        scalar|
|p_0_0_0130143_lcssa_lcssa4494  |   in|    8|     ap_none|                         p_0_0_0130143_lcssa_lcssa4494|        scalar|
|p_0_0_0130139_lcssa_lcssa4492  |   in|    8|     ap_none|                         p_0_0_0130139_lcssa_lcssa4492|        scalar|
|p_0_0_0130135_lcssa_lcssa4490  |   in|    8|     ap_none|                         p_0_0_0130135_lcssa_lcssa4490|        scalar|
|p_0_0_0130131_lcssa_lcssa4488  |   in|    8|     ap_none|                         p_0_0_0130131_lcssa_lcssa4488|        scalar|
|p_0_0_0130127_lcssa_lcssa4486  |   in|    8|     ap_none|                         p_0_0_0130127_lcssa_lcssa4486|        scalar|
|p_0_0_0130123_lcssa_lcssa4484  |   in|    8|     ap_none|                         p_0_0_0130123_lcssa_lcssa4484|        scalar|
|p_0_0_0130119_lcssa_lcssa4482  |   in|    8|     ap_none|                         p_0_0_0130119_lcssa_lcssa4482|        scalar|
|p_0_0_0130115_lcssa_lcssa4480  |   in|    8|     ap_none|                         p_0_0_0130115_lcssa_lcssa4480|        scalar|
|p_0_0_0130111_lcssa_lcssa4478  |   in|    8|     ap_none|                         p_0_0_0130111_lcssa_lcssa4478|        scalar|
|p_0_0_0130107_lcssa_lcssa4476  |   in|    8|     ap_none|                         p_0_0_0130107_lcssa_lcssa4476|        scalar|
|p_0_0_0130103_lcssa_lcssa4474  |   in|    8|     ap_none|                         p_0_0_0130103_lcssa_lcssa4474|        scalar|
|p_0_0_013099_lcssa_lcssa4472   |   in|    8|     ap_none|                          p_0_0_013099_lcssa_lcssa4472|        scalar|
|p_0_0_013095_lcssa_lcssa4470   |   in|    8|     ap_none|                          p_0_0_013095_lcssa_lcssa4470|        scalar|
|p_0_0_013091_lcssa_lcssa4468   |   in|    8|     ap_none|                          p_0_0_013091_lcssa_lcssa4468|        scalar|
|p_0_0_013087_lcssa_lcssa4466   |   in|    8|     ap_none|                          p_0_0_013087_lcssa_lcssa4466|        scalar|
|p_0_0_013083_lcssa_lcssa4464   |   in|    8|     ap_none|                          p_0_0_013083_lcssa_lcssa4464|        scalar|
|p_0_0_013079_lcssa_lcssa4462   |   in|    8|     ap_none|                          p_0_0_013079_lcssa_lcssa4462|        scalar|
|p_0_0_013075_lcssa_lcssa4460   |   in|    8|     ap_none|                          p_0_0_013075_lcssa_lcssa4460|        scalar|
|p_0_0_013071_lcssa_lcssa4458   |   in|    8|     ap_none|                          p_0_0_013071_lcssa_lcssa4458|        scalar|
|p_0_0_013067_lcssa_lcssa4456   |   in|    8|     ap_none|                          p_0_0_013067_lcssa_lcssa4456|        scalar|
|p_0_0_013063_lcssa_lcssa4454   |   in|    8|     ap_none|                          p_0_0_013063_lcssa_lcssa4454|        scalar|
|p_0_0_013059_lcssa_lcssa4452   |   in|    8|     ap_none|                          p_0_0_013059_lcssa_lcssa4452|        scalar|
|p_0_0_013055_lcssa_lcssa4450   |   in|    8|     ap_none|                          p_0_0_013055_lcssa_lcssa4450|        scalar|
|p_0_0_013051_lcssa_lcssa4448   |   in|    8|     ap_none|                          p_0_0_013051_lcssa_lcssa4448|        scalar|
|p_0_0_013047_lcssa_lcssa4446   |   in|    8|     ap_none|                          p_0_0_013047_lcssa_lcssa4446|        scalar|
|p_0_0_013043_lcssa_lcssa4444   |   in|    8|     ap_none|                          p_0_0_013043_lcssa_lcssa4444|        scalar|
|p_0_0_013039_lcssa_lcssa4442   |   in|    8|     ap_none|                          p_0_0_013039_lcssa_lcssa4442|        scalar|
|p_0_0_013035_lcssa_lcssa4440   |   in|    8|     ap_none|                          p_0_0_013035_lcssa_lcssa4440|        scalar|
|p_0_0_013031_lcssa_lcssa4438   |   in|    8|     ap_none|                          p_0_0_013031_lcssa_lcssa4438|        scalar|
|p_0_0_013027_lcssa_lcssa4436   |   in|    8|     ap_none|                          p_0_0_013027_lcssa_lcssa4436|        scalar|
|p_0_0_013023_lcssa_lcssa4434   |   in|    8|     ap_none|                          p_0_0_013023_lcssa_lcssa4434|        scalar|
|K                              |   in|   32|     ap_none|                                                     K|        scalar|
|bound30                        |   in|   63|     ap_none|                                               bound30|        scalar|
|w_base_read                    |   in|    8|     ap_none|                                           w_base_read|        scalar|
|cc                             |   in|   31|     ap_none|                                                    cc|        scalar|
|p_0_0_0130414_out              |  out|    8|      ap_vld|                                     p_0_0_0130414_out|       pointer|
|p_0_0_0130414_out_ap_vld       |  out|    1|      ap_vld|                                     p_0_0_0130414_out|       pointer|
|p_0_0_0130410_out              |  out|    8|      ap_vld|                                     p_0_0_0130410_out|       pointer|
|p_0_0_0130410_out_ap_vld       |  out|    1|      ap_vld|                                     p_0_0_0130410_out|       pointer|
|p_0_0_0130406_out              |  out|    8|      ap_vld|                                     p_0_0_0130406_out|       pointer|
|p_0_0_0130406_out_ap_vld       |  out|    1|      ap_vld|                                     p_0_0_0130406_out|       pointer|
|p_0_0_0130402_out              |  out|    8|      ap_vld|                                     p_0_0_0130402_out|       pointer|
|p_0_0_0130402_out_ap_vld       |  out|    1|      ap_vld|                                     p_0_0_0130402_out|       pointer|
|p_0_0_0130398_out              |  out|    8|      ap_vld|                                     p_0_0_0130398_out|       pointer|
|p_0_0_0130398_out_ap_vld       |  out|    1|      ap_vld|                                     p_0_0_0130398_out|       pointer|
|p_0_0_0130394_out              |  out|    8|      ap_vld|                                     p_0_0_0130394_out|       pointer|
|p_0_0_0130394_out_ap_vld       |  out|    1|      ap_vld|                                     p_0_0_0130394_out|       pointer|
|p_0_0_0130390_out              |  out|    8|      ap_vld|                                     p_0_0_0130390_out|       pointer|
|p_0_0_0130390_out_ap_vld       |  out|    1|      ap_vld|                                     p_0_0_0130390_out|       pointer|
|p_0_0_0130383_out              |  out|    8|      ap_vld|                                     p_0_0_0130383_out|       pointer|
|p_0_0_0130383_out_ap_vld       |  out|    1|      ap_vld|                                     p_0_0_0130383_out|       pointer|
|p_0_0_0130379_out              |  out|    8|      ap_vld|                                     p_0_0_0130379_out|       pointer|
|p_0_0_0130379_out_ap_vld       |  out|    1|      ap_vld|                                     p_0_0_0130379_out|       pointer|
|p_0_0_0130375_out              |  out|    8|      ap_vld|                                     p_0_0_0130375_out|       pointer|
|p_0_0_0130375_out_ap_vld       |  out|    1|      ap_vld|                                     p_0_0_0130375_out|       pointer|
|p_0_0_0130371_out              |  out|    8|      ap_vld|                                     p_0_0_0130371_out|       pointer|
|p_0_0_0130371_out_ap_vld       |  out|    1|      ap_vld|                                     p_0_0_0130371_out|       pointer|
|p_0_0_0130367_out              |  out|    8|      ap_vld|                                     p_0_0_0130367_out|       pointer|
|p_0_0_0130367_out_ap_vld       |  out|    1|      ap_vld|                                     p_0_0_0130367_out|       pointer|
|p_0_0_0130363_out              |  out|    8|      ap_vld|                                     p_0_0_0130363_out|       pointer|
|p_0_0_0130363_out_ap_vld       |  out|    1|      ap_vld|                                     p_0_0_0130363_out|       pointer|
|p_0_0_0130359_out              |  out|    8|      ap_vld|                                     p_0_0_0130359_out|       pointer|
|p_0_0_0130359_out_ap_vld       |  out|    1|      ap_vld|                                     p_0_0_0130359_out|       pointer|
|p_0_0_0130358_out              |  out|    8|      ap_vld|                                     p_0_0_0130358_out|       pointer|
|p_0_0_0130358_out_ap_vld       |  out|    1|      ap_vld|                                     p_0_0_0130358_out|       pointer|
|p_0_0_0130354_out              |  out|    8|      ap_vld|                                     p_0_0_0130354_out|       pointer|
|p_0_0_0130354_out_ap_vld       |  out|    1|      ap_vld|                                     p_0_0_0130354_out|       pointer|
|p_0_0_0130350_out              |  out|    8|      ap_vld|                                     p_0_0_0130350_out|       pointer|
|p_0_0_0130350_out_ap_vld       |  out|    1|      ap_vld|                                     p_0_0_0130350_out|       pointer|
|p_0_0_0130346_out              |  out|    8|      ap_vld|                                     p_0_0_0130346_out|       pointer|
|p_0_0_0130346_out_ap_vld       |  out|    1|      ap_vld|                                     p_0_0_0130346_out|       pointer|
|p_0_0_0130342_out              |  out|    8|      ap_vld|                                     p_0_0_0130342_out|       pointer|
|p_0_0_0130342_out_ap_vld       |  out|    1|      ap_vld|                                     p_0_0_0130342_out|       pointer|
|p_0_0_0130338_out              |  out|    8|      ap_vld|                                     p_0_0_0130338_out|       pointer|
|p_0_0_0130338_out_ap_vld       |  out|    1|      ap_vld|                                     p_0_0_0130338_out|       pointer|
|p_0_0_0130334_out              |  out|    8|      ap_vld|                                     p_0_0_0130334_out|       pointer|
|p_0_0_0130334_out_ap_vld       |  out|    1|      ap_vld|                                     p_0_0_0130334_out|       pointer|
|p_0_0_0130330_out              |  out|    8|      ap_vld|                                     p_0_0_0130330_out|       pointer|
|p_0_0_0130330_out_ap_vld       |  out|    1|      ap_vld|                                     p_0_0_0130330_out|       pointer|
|p_0_0_0130326_out              |  out|    8|      ap_vld|                                     p_0_0_0130326_out|       pointer|
|p_0_0_0130326_out_ap_vld       |  out|    1|      ap_vld|                                     p_0_0_0130326_out|       pointer|
|p_0_0_0130322_out              |  out|    8|      ap_vld|                                     p_0_0_0130322_out|       pointer|
|p_0_0_0130322_out_ap_vld       |  out|    1|      ap_vld|                                     p_0_0_0130322_out|       pointer|
|p_0_0_0130318_out              |  out|    8|      ap_vld|                                     p_0_0_0130318_out|       pointer|
|p_0_0_0130318_out_ap_vld       |  out|    1|      ap_vld|                                     p_0_0_0130318_out|       pointer|
|p_0_0_0130314_out              |  out|    8|      ap_vld|                                     p_0_0_0130314_out|       pointer|
|p_0_0_0130314_out_ap_vld       |  out|    1|      ap_vld|                                     p_0_0_0130314_out|       pointer|
|p_0_0_0130310_out              |  out|    8|      ap_vld|                                     p_0_0_0130310_out|       pointer|
|p_0_0_0130310_out_ap_vld       |  out|    1|      ap_vld|                                     p_0_0_0130310_out|       pointer|
|p_0_0_0130306_out              |  out|    8|      ap_vld|                                     p_0_0_0130306_out|       pointer|
|p_0_0_0130306_out_ap_vld       |  out|    1|      ap_vld|                                     p_0_0_0130306_out|       pointer|
|p_0_0_0130302_out              |  out|    8|      ap_vld|                                     p_0_0_0130302_out|       pointer|
|p_0_0_0130302_out_ap_vld       |  out|    1|      ap_vld|                                     p_0_0_0130302_out|       pointer|
|p_0_0_0130298_out              |  out|    8|      ap_vld|                                     p_0_0_0130298_out|       pointer|
|p_0_0_0130298_out_ap_vld       |  out|    1|      ap_vld|                                     p_0_0_0130298_out|       pointer|
|p_0_0_0130294_out              |  out|    8|      ap_vld|                                     p_0_0_0130294_out|       pointer|
|p_0_0_0130294_out_ap_vld       |  out|    1|      ap_vld|                                     p_0_0_0130294_out|       pointer|
|p_0_0_0130290_out              |  out|    8|      ap_vld|                                     p_0_0_0130290_out|       pointer|
|p_0_0_0130290_out_ap_vld       |  out|    1|      ap_vld|                                     p_0_0_0130290_out|       pointer|
|p_0_0_0130286_out              |  out|    8|      ap_vld|                                     p_0_0_0130286_out|       pointer|
|p_0_0_0130286_out_ap_vld       |  out|    1|      ap_vld|                                     p_0_0_0130286_out|       pointer|
|p_0_0_0130282_out              |  out|    8|      ap_vld|                                     p_0_0_0130282_out|       pointer|
|p_0_0_0130282_out_ap_vld       |  out|    1|      ap_vld|                                     p_0_0_0130282_out|       pointer|
|p_0_0_0130278_out              |  out|    8|      ap_vld|                                     p_0_0_0130278_out|       pointer|
|p_0_0_0130278_out_ap_vld       |  out|    1|      ap_vld|                                     p_0_0_0130278_out|       pointer|
|p_0_0_0130274_out              |  out|    8|      ap_vld|                                     p_0_0_0130274_out|       pointer|
|p_0_0_0130274_out_ap_vld       |  out|    1|      ap_vld|                                     p_0_0_0130274_out|       pointer|
|p_0_0_0130270_out              |  out|    8|      ap_vld|                                     p_0_0_0130270_out|       pointer|
|p_0_0_0130270_out_ap_vld       |  out|    1|      ap_vld|                                     p_0_0_0130270_out|       pointer|
|p_0_0_0130266_out              |  out|    8|      ap_vld|                                     p_0_0_0130266_out|       pointer|
|p_0_0_0130266_out_ap_vld       |  out|    1|      ap_vld|                                     p_0_0_0130266_out|       pointer|
|p_0_0_0130262_out              |  out|    8|      ap_vld|                                     p_0_0_0130262_out|       pointer|
|p_0_0_0130262_out_ap_vld       |  out|    1|      ap_vld|                                     p_0_0_0130262_out|       pointer|
|p_0_0_0130258_out              |  out|    8|      ap_vld|                                     p_0_0_0130258_out|       pointer|
|p_0_0_0130258_out_ap_vld       |  out|    1|      ap_vld|                                     p_0_0_0130258_out|       pointer|
|p_0_0_0130254_out              |  out|    8|      ap_vld|                                     p_0_0_0130254_out|       pointer|
|p_0_0_0130254_out_ap_vld       |  out|    1|      ap_vld|                                     p_0_0_0130254_out|       pointer|
|p_0_0_0130250_out              |  out|    8|      ap_vld|                                     p_0_0_0130250_out|       pointer|
|p_0_0_0130250_out_ap_vld       |  out|    1|      ap_vld|                                     p_0_0_0130250_out|       pointer|
|p_0_0_0130246_out              |  out|    8|      ap_vld|                                     p_0_0_0130246_out|       pointer|
|p_0_0_0130246_out_ap_vld       |  out|    1|      ap_vld|                                     p_0_0_0130246_out|       pointer|
|p_0_0_0130242_out              |  out|    8|      ap_vld|                                     p_0_0_0130242_out|       pointer|
|p_0_0_0130242_out_ap_vld       |  out|    1|      ap_vld|                                     p_0_0_0130242_out|       pointer|
|p_0_0_0130238_out              |  out|    8|      ap_vld|                                     p_0_0_0130238_out|       pointer|
|p_0_0_0130238_out_ap_vld       |  out|    1|      ap_vld|                                     p_0_0_0130238_out|       pointer|
|p_0_0_0130234_out              |  out|    8|      ap_vld|                                     p_0_0_0130234_out|       pointer|
|p_0_0_0130234_out_ap_vld       |  out|    1|      ap_vld|                                     p_0_0_0130234_out|       pointer|
|p_0_0_0130230_out              |  out|    8|      ap_vld|                                     p_0_0_0130230_out|       pointer|
|p_0_0_0130230_out_ap_vld       |  out|    1|      ap_vld|                                     p_0_0_0130230_out|       pointer|
|p_0_0_0130226_out              |  out|    8|      ap_vld|                                     p_0_0_0130226_out|       pointer|
|p_0_0_0130226_out_ap_vld       |  out|    1|      ap_vld|                                     p_0_0_0130226_out|       pointer|
|p_0_0_0130222_out              |  out|    8|      ap_vld|                                     p_0_0_0130222_out|       pointer|
|p_0_0_0130222_out_ap_vld       |  out|    1|      ap_vld|                                     p_0_0_0130222_out|       pointer|
|p_0_0_0130218_out              |  out|    8|      ap_vld|                                     p_0_0_0130218_out|       pointer|
|p_0_0_0130218_out_ap_vld       |  out|    1|      ap_vld|                                     p_0_0_0130218_out|       pointer|
|p_0_0_0130214_out              |  out|    8|      ap_vld|                                     p_0_0_0130214_out|       pointer|
|p_0_0_0130214_out_ap_vld       |  out|    1|      ap_vld|                                     p_0_0_0130214_out|       pointer|
|p_0_0_0130210_out              |  out|    8|      ap_vld|                                     p_0_0_0130210_out|       pointer|
|p_0_0_0130210_out_ap_vld       |  out|    1|      ap_vld|                                     p_0_0_0130210_out|       pointer|
|p_0_0_0130206_out              |  out|    8|      ap_vld|                                     p_0_0_0130206_out|       pointer|
|p_0_0_0130206_out_ap_vld       |  out|    1|      ap_vld|                                     p_0_0_0130206_out|       pointer|
|p_0_0_0130202_out              |  out|    8|      ap_vld|                                     p_0_0_0130202_out|       pointer|
|p_0_0_0130202_out_ap_vld       |  out|    1|      ap_vld|                                     p_0_0_0130202_out|       pointer|
|p_0_0_0130198_out              |  out|    8|      ap_vld|                                     p_0_0_0130198_out|       pointer|
|p_0_0_0130198_out_ap_vld       |  out|    1|      ap_vld|                                     p_0_0_0130198_out|       pointer|
|p_0_0_0130194_out              |  out|    8|      ap_vld|                                     p_0_0_0130194_out|       pointer|
|p_0_0_0130194_out_ap_vld       |  out|    1|      ap_vld|                                     p_0_0_0130194_out|       pointer|
|p_0_0_0130190_out              |  out|    8|      ap_vld|                                     p_0_0_0130190_out|       pointer|
|p_0_0_0130190_out_ap_vld       |  out|    1|      ap_vld|                                     p_0_0_0130190_out|       pointer|
|p_0_0_0130186_out              |  out|    8|      ap_vld|                                     p_0_0_0130186_out|       pointer|
|p_0_0_0130186_out_ap_vld       |  out|    1|      ap_vld|                                     p_0_0_0130186_out|       pointer|
|p_0_0_0130182_out              |  out|    8|      ap_vld|                                     p_0_0_0130182_out|       pointer|
|p_0_0_0130182_out_ap_vld       |  out|    1|      ap_vld|                                     p_0_0_0130182_out|       pointer|
|p_0_0_0130178_out              |  out|    8|      ap_vld|                                     p_0_0_0130178_out|       pointer|
|p_0_0_0130178_out_ap_vld       |  out|    1|      ap_vld|                                     p_0_0_0130178_out|       pointer|
|p_0_0_0130174_out              |  out|    8|      ap_vld|                                     p_0_0_0130174_out|       pointer|
|p_0_0_0130174_out_ap_vld       |  out|    1|      ap_vld|                                     p_0_0_0130174_out|       pointer|
|p_0_0_0130170_out              |  out|    8|      ap_vld|                                     p_0_0_0130170_out|       pointer|
|p_0_0_0130170_out_ap_vld       |  out|    1|      ap_vld|                                     p_0_0_0130170_out|       pointer|
|p_0_0_0130166_out              |  out|    8|      ap_vld|                                     p_0_0_0130166_out|       pointer|
|p_0_0_0130166_out_ap_vld       |  out|    1|      ap_vld|                                     p_0_0_0130166_out|       pointer|
|p_0_0_0130162_out              |  out|    8|      ap_vld|                                     p_0_0_0130162_out|       pointer|
|p_0_0_0130162_out_ap_vld       |  out|    1|      ap_vld|                                     p_0_0_0130162_out|       pointer|
|p_0_0_0130158_out              |  out|    8|      ap_vld|                                     p_0_0_0130158_out|       pointer|
|p_0_0_0130158_out_ap_vld       |  out|    1|      ap_vld|                                     p_0_0_0130158_out|       pointer|
|p_0_0_0130154_out              |  out|    8|      ap_vld|                                     p_0_0_0130154_out|       pointer|
|p_0_0_0130154_out_ap_vld       |  out|    1|      ap_vld|                                     p_0_0_0130154_out|       pointer|
|p_0_0_0130150_out              |  out|    8|      ap_vld|                                     p_0_0_0130150_out|       pointer|
|p_0_0_0130150_out_ap_vld       |  out|    1|      ap_vld|                                     p_0_0_0130150_out|       pointer|
|p_0_0_0130146_out              |  out|    8|      ap_vld|                                     p_0_0_0130146_out|       pointer|
|p_0_0_0130146_out_ap_vld       |  out|    1|      ap_vld|                                     p_0_0_0130146_out|       pointer|
|p_0_0_0130142_out              |  out|    8|      ap_vld|                                     p_0_0_0130142_out|       pointer|
|p_0_0_0130142_out_ap_vld       |  out|    1|      ap_vld|                                     p_0_0_0130142_out|       pointer|
|p_0_0_0130138_out              |  out|    8|      ap_vld|                                     p_0_0_0130138_out|       pointer|
|p_0_0_0130138_out_ap_vld       |  out|    1|      ap_vld|                                     p_0_0_0130138_out|       pointer|
|p_0_0_0130134_out              |  out|    8|      ap_vld|                                     p_0_0_0130134_out|       pointer|
|p_0_0_0130134_out_ap_vld       |  out|    1|      ap_vld|                                     p_0_0_0130134_out|       pointer|
|p_0_0_0130130_out              |  out|    8|      ap_vld|                                     p_0_0_0130130_out|       pointer|
|p_0_0_0130130_out_ap_vld       |  out|    1|      ap_vld|                                     p_0_0_0130130_out|       pointer|
|p_0_0_0130126_out              |  out|    8|      ap_vld|                                     p_0_0_0130126_out|       pointer|
|p_0_0_0130126_out_ap_vld       |  out|    1|      ap_vld|                                     p_0_0_0130126_out|       pointer|
|p_0_0_0130122_out              |  out|    8|      ap_vld|                                     p_0_0_0130122_out|       pointer|
|p_0_0_0130122_out_ap_vld       |  out|    1|      ap_vld|                                     p_0_0_0130122_out|       pointer|
|p_0_0_0130118_out              |  out|    8|      ap_vld|                                     p_0_0_0130118_out|       pointer|
|p_0_0_0130118_out_ap_vld       |  out|    1|      ap_vld|                                     p_0_0_0130118_out|       pointer|
|p_0_0_0130114_out              |  out|    8|      ap_vld|                                     p_0_0_0130114_out|       pointer|
|p_0_0_0130114_out_ap_vld       |  out|    1|      ap_vld|                                     p_0_0_0130114_out|       pointer|
|p_0_0_0130110_out              |  out|    8|      ap_vld|                                     p_0_0_0130110_out|       pointer|
|p_0_0_0130110_out_ap_vld       |  out|    1|      ap_vld|                                     p_0_0_0130110_out|       pointer|
|p_0_0_0130106_out              |  out|    8|      ap_vld|                                     p_0_0_0130106_out|       pointer|
|p_0_0_0130106_out_ap_vld       |  out|    1|      ap_vld|                                     p_0_0_0130106_out|       pointer|
|p_0_0_0130102_out              |  out|    8|      ap_vld|                                     p_0_0_0130102_out|       pointer|
|p_0_0_0130102_out_ap_vld       |  out|    1|      ap_vld|                                     p_0_0_0130102_out|       pointer|
|p_0_0_013098_out               |  out|    8|      ap_vld|                                      p_0_0_013098_out|       pointer|
|p_0_0_013098_out_ap_vld        |  out|    1|      ap_vld|                                      p_0_0_013098_out|       pointer|
|p_0_0_013094_out               |  out|    8|      ap_vld|                                      p_0_0_013094_out|       pointer|
|p_0_0_013094_out_ap_vld        |  out|    1|      ap_vld|                                      p_0_0_013094_out|       pointer|
|p_0_0_013090_out               |  out|    8|      ap_vld|                                      p_0_0_013090_out|       pointer|
|p_0_0_013090_out_ap_vld        |  out|    1|      ap_vld|                                      p_0_0_013090_out|       pointer|
|p_0_0_013086_out               |  out|    8|      ap_vld|                                      p_0_0_013086_out|       pointer|
|p_0_0_013086_out_ap_vld        |  out|    1|      ap_vld|                                      p_0_0_013086_out|       pointer|
|p_0_0_013082_out               |  out|    8|      ap_vld|                                      p_0_0_013082_out|       pointer|
|p_0_0_013082_out_ap_vld        |  out|    1|      ap_vld|                                      p_0_0_013082_out|       pointer|
|p_0_0_013078_out               |  out|    8|      ap_vld|                                      p_0_0_013078_out|       pointer|
|p_0_0_013078_out_ap_vld        |  out|    1|      ap_vld|                                      p_0_0_013078_out|       pointer|
|p_0_0_013074_out               |  out|    8|      ap_vld|                                      p_0_0_013074_out|       pointer|
|p_0_0_013074_out_ap_vld        |  out|    1|      ap_vld|                                      p_0_0_013074_out|       pointer|
|p_0_0_013070_out               |  out|    8|      ap_vld|                                      p_0_0_013070_out|       pointer|
|p_0_0_013070_out_ap_vld        |  out|    1|      ap_vld|                                      p_0_0_013070_out|       pointer|
|p_0_0_013066_out               |  out|    8|      ap_vld|                                      p_0_0_013066_out|       pointer|
|p_0_0_013066_out_ap_vld        |  out|    1|      ap_vld|                                      p_0_0_013066_out|       pointer|
|p_0_0_013062_out               |  out|    8|      ap_vld|                                      p_0_0_013062_out|       pointer|
|p_0_0_013062_out_ap_vld        |  out|    1|      ap_vld|                                      p_0_0_013062_out|       pointer|
|p_0_0_013058_out               |  out|    8|      ap_vld|                                      p_0_0_013058_out|       pointer|
|p_0_0_013058_out_ap_vld        |  out|    1|      ap_vld|                                      p_0_0_013058_out|       pointer|
|p_0_0_013054_out               |  out|    8|      ap_vld|                                      p_0_0_013054_out|       pointer|
|p_0_0_013054_out_ap_vld        |  out|    1|      ap_vld|                                      p_0_0_013054_out|       pointer|
|p_0_0_013050_out               |  out|    8|      ap_vld|                                      p_0_0_013050_out|       pointer|
|p_0_0_013050_out_ap_vld        |  out|    1|      ap_vld|                                      p_0_0_013050_out|       pointer|
|p_0_0_013046_out               |  out|    8|      ap_vld|                                      p_0_0_013046_out|       pointer|
|p_0_0_013046_out_ap_vld        |  out|    1|      ap_vld|                                      p_0_0_013046_out|       pointer|
|p_0_0_013042_out               |  out|    8|      ap_vld|                                      p_0_0_013042_out|       pointer|
|p_0_0_013042_out_ap_vld        |  out|    1|      ap_vld|                                      p_0_0_013042_out|       pointer|
|p_0_0_013038_out               |  out|    8|      ap_vld|                                      p_0_0_013038_out|       pointer|
|p_0_0_013038_out_ap_vld        |  out|    1|      ap_vld|                                      p_0_0_013038_out|       pointer|
|p_0_0_013034_out               |  out|    8|      ap_vld|                                      p_0_0_013034_out|       pointer|
|p_0_0_013034_out_ap_vld        |  out|    1|      ap_vld|                                      p_0_0_013034_out|       pointer|
|p_0_0_013030_out               |  out|    8|      ap_vld|                                      p_0_0_013030_out|       pointer|
|p_0_0_013030_out_ap_vld        |  out|    1|      ap_vld|                                      p_0_0_013030_out|       pointer|
|p_0_0_013026_out               |  out|    8|      ap_vld|                                      p_0_0_013026_out|       pointer|
|p_0_0_013026_out_ap_vld        |  out|    1|      ap_vld|                                      p_0_0_013026_out|       pointer|
+-------------------------------+-----+-----+------------+------------------------------------------------------+--------------+

