================================================================
== Design Size Report
================================================================

* Total Instructions per Compilation Phase
+---------------+-----------------------------+--------------+----------------------------------------------------------------------------------------+
| Phase         | Step                        | Instructions | Description                                                                            |
+---------------+-----------------------------+--------------+----------------------------------------------------------------------------------------+
| Compile/Link  |                             |   2,673      | After all functions are compiled and linked into a single design                       |
|               |                             |              |                                                                                        |
| Unroll/Inline |                             |              | After user unroll and inline pragmas are applied                                       |
|               | (1) unroll                  |  10,650      | user unroll pragmas are applied                                                        |
|               | (2) simplification          |   8,846      | simplification of applied user unroll pragmas                                          |
|               | (3) inline                  |   8,855      | user inline pragmas are applied                                                        |
|               | (4) simplification          |   8,839      | simplification of applied user inline pragmas                                          |
|               |                             |              |                                                                                        |
| Array/Struct  |                             |              | After user array partition and struct aggregate/disaggregate pragmas are applied       |
|               | (1) array partition         | 428,605 *    | user array partition pragmas are applied                                               |
|               | (2) simplification          |  40,968      | simplification of applied user array partition & struct aggregate/disaggregate pragmas |
|               | (3) aggregate/disaggregate  |  41,076      | user struct aggregate/disaggregate pragmas are applied                                 |
|               | (4) array reshape           |  41,042      | apply array reshape pragmas                                                            |
|               | (5) access patterns         |  46,601      | array access pattern optmizations                                                      |
|               |                             |              |                                                                                        |
| Performance   |                             |              | After transformations are applied to meet performance pragma targets                   |
|               | (1) loop simplification     |  46,494      | loop and instruction simplification                                                    |
|               | (2) parallelization         |  37,796      | loops are unrolled or pipelined to meet performance targets                            |
|               | (3) array partition         |  37,781      | arrays are partitioned to meet performance targets                                     |
|               | (4) simplification          |  37,781      | simplification of design after performance transformations                             |
|               |                             |              |                                                                                        |
| HW Transforms |                             |              | After hardware transfomations                                                          |
|               | (1) lowering                |  37,700      | initial conversion to HW specific instructions                                         |
|               | (2) optimizations           |  30,895      | high level synthesis optimizations                                                     |
+---------------+-----------------------------+--------------+----------------------------------------------------------------------------------------+
    * - Exceeded design size warning message threshold

* Instructions per Function for each Compilation Phase
+-----------------+-------------------+--------------+---------------+--------------+-------------+---------------+
| Function        | Location          | Compile/Link | Unroll/Inline | Array/Struct | Performance | HW Transforms |
+-----------------+-------------------+--------------+---------------+--------------+-------------+---------------+
| + mac_array_top | mac_array.cpp:241 | 2,673        | 8,839         | 46,601       | 37,781      | 30,895        |
|  + run_dwconv   | mac_array.cpp:42  |  932         | 4,416         | 34,007       | 25,759      | 20,964        |
|     clip_shift  | mac_array.cpp:25  |  145         |               |              |             |               |
|  + run_pwconv   | mac_array.cpp:147 | 1,714        | 4,402         | 12,571       | 12,002      | 9,895         |
|     clip_shift  | mac_array.cpp:25  |  145         |               |              |             |               |
+-----------------+-------------------+--------------+---------------+--------------+-------------+---------------+

* Design Size Message Settings
+---------------------------------------------+--------+------------------------------------------------------------------+
| Message Setting                             | Value  | Description                                                      |
+---------------------------------------------+--------+------------------------------------------------------------------+
| config_compile -design_size_maximum_warning | 100000 | Show a warning when total design instructions exceeds this value |
+---------------------------------------------+--------+------------------------------------------------------------------+


