================================================================
== Design Size Report
================================================================

* Total Instructions per Compilation Phase
+---------------+-----------------------------+--------------+----------------------------------------------------------------------------------------+
| Phase         | Step                        | Instructions | Description                                                                            |
+---------------+-----------------------------+--------------+----------------------------------------------------------------------------------------+
| Compile/Link  |                             |  1,403       | After all functions are compiled and linked into a single design                       |
|               |                             |              |                                                                                        |
| Unroll/Inline |                             |              | After user unroll and inline pragmas are applied                                       |
|               | (1) unroll                  | 11,563       | user unroll pragmas are applied                                                        |
|               | (2) simplification          |  8,698       | simplification of applied user unroll pragmas                                          |
|               | (3) inline                  |  7,227       | user inline pragmas are applied                                                        |
|               | (4) simplification          |  6,997       | simplification of applied user inline pragmas                                          |
|               |                             |              |                                                                                        |
| Array/Struct  |                             |              | After user array partition and struct aggregate/disaggregate pragmas are applied       |
|               | (1) array partition         | 45,223       | user array partition pragmas are applied                                               |
|               | (2) simplification          | 21,574       | simplification of applied user array partition & struct aggregate/disaggregate pragmas |
|               | (3) aggregate/disaggregate  | 21,679       | user struct aggregate/disaggregate pragmas are applied                                 |
|               | (4) array reshape           | 21,646       | apply array reshape pragmas                                                            |
|               | (5) access patterns         | 22,725       | array access pattern optmizations                                                      |
|               |                             |              |                                                                                        |
| Performance   |                             |              | After transformations are applied to meet performance pragma targets                   |
|               | (1) loop simplification     | 22,648       | loop and instruction simplification                                                    |
|               | (2) parallelization         | 21,326       | loops are unrolled or pipelined to meet performance targets                            |
|               | (3) array partition         | 20,795       | arrays are partitioned to meet performance targets                                     |
|               | (4) simplification          | 20,795       | simplification of design after performance transformations                             |
|               |                             |              |                                                                                        |
| HW Transforms |                             |              | After hardware transfomations                                                          |
|               | (1) lowering                | 19,803       | initial conversion to HW specific instructions                                         |
|               | (2) optimizations           | 18,811       | high level synthesis optimizations                                                     |
+---------------+-----------------------------+--------------+----------------------------------------------------------------------------------------+

* Instructions per Function for each Compilation Phase
+-----------------+-------------------+--------------+-----------------+------------------+-------------+---------------+
| Function        | Location          | Compile/Link | Unroll/Inline   | Array/Struct     | Performance | HW Transforms |
+-----------------+-------------------+--------------+-----------------+------------------+-------------+---------------+
| + mac_array_top | mac_array.cpp:201 | 1,403        | 6,997           | 22,725           | 20,795      | 18,811        |
|  + run_dwconv   | mac_array.cpp:57  |  722         | 3,817           | 16,677           | 15,825      | 14,994        |
|     clip_shift  | mac_array.cpp:22  |  145         |  704 (64 calls) |   704 (64 calls) |             |               |
|  + run_pwconv   | mac_array.cpp:130 |  654         | 3,159           | 6,025            | 4,950       | 3,781         |
|     clip_shift  | mac_array.cpp:22  |  145         |  704 (64 calls) |   704 (64 calls) |             |               |
+-----------------+-------------------+--------------+-----------------+------------------+-------------+---------------+

* Design Size Message Settings
+---------------------------------------------+--------+------------------------------------------------------------------+
| Message Setting                             | Value  | Description                                                      |
+---------------------------------------------+--------+------------------------------------------------------------------+
| config_compile -design_size_maximum_warning | 100000 | Show a warning when total design instructions exceeds this value |
+---------------------------------------------+--------+------------------------------------------------------------------+


