================================================================
== Design Size Report
================================================================

* Total Instructions per Compilation Phase
+---------------+-----------------------------+--------------+----------------------------------------------------------------------------------------+
| Phase         | Step                        | Instructions | Description                                                                            |
+---------------+-----------------------------+--------------+----------------------------------------------------------------------------------------+
| Compile/Link  |                             | 4,969        | After all functions are compiled and linked into a single design                       |
|               |                             |              |                                                                                        |
| Unroll/Inline |                             |              | After user unroll and inline pragmas are applied                                       |
|               | (1) unroll                  | 1,337        | user unroll pragmas are applied                                                        |
|               | (2) simplification          | 1,040        | simplification of applied user unroll pragmas                                          |
|               | (3) inline                  | 1,083        | user inline pragmas are applied                                                        |
|               | (4) simplification          | 1,083        | simplification of applied user inline pragmas                                          |
|               |                             |              |                                                                                        |
| Array/Struct  |                             |              | After user array partition and struct aggregate/disaggregate pragmas are applied       |
|               | (1) array partition         | 1,611        | user array partition pragmas are applied                                               |
|               | (2) simplification          | 1,725        | simplification of applied user array partition & struct aggregate/disaggregate pragmas |
|               | (3) aggregate/disaggregate  | 1,725        | user struct aggregate/disaggregate pragmas are applied                                 |
|               | (4) array reshape           | 1,725        | apply array reshape pragmas                                                            |
|               | (5) access patterns         | 2,047        | array access pattern optmizations                                                      |
|               |                             |              |                                                                                        |
| Performance   |                             |              | After transformations are applied to meet performance pragma targets                   |
|               | (1) loop simplification     | 2,044        | loop and instruction simplification                                                    |
|               | (2) parallelization         | 1,761        | loops are unrolled or pipelined to meet performance targets                            |
|               | (3) array partition         | 1,755        | arrays are partitioned to meet performance targets                                     |
|               | (4) simplification          | 1,755        | simplification of design after performance transformations                             |
|               |                             |              |                                                                                        |
| HW Transforms |                             |              | After hardware transfomations                                                          |
|               | (1) lowering                | 1,791        | initial conversion to HW specific instructions                                         |
|               | (2) optimizations           | 1,484        | high level synthesis optimizations                                                     |
+---------------+-----------------------------+--------------+----------------------------------------------------------------------------------------+

* Instructions per Function for each Compilation Phase
+---------------------+-----------------------+--------------+---------------+--------------+-------------+---------------+
| Function            | Location              | Compile/Link | Unroll/Inline | Array/Struct | Performance | HW Transforms |
+---------------------+-----------------------+--------------+---------------+--------------+-------------+---------------+
| + dwconv_worker     | dwconv_worker.cpp:120 | 4,969        | 1,083         | 2,047        | 1,755       | 1,484         |
|    dwconv_apply_act | dwconv_worker.cpp:108 |  260         |               |              |             |               |
+---------------------+-----------------------+--------------+---------------+--------------+-------------+---------------+

* Design Size Message Settings
+---------------------------------------------+--------+------------------------------------------------------------------+
| Message Setting                             | Value  | Description                                                      |
+---------------------------------------------+--------+------------------------------------------------------------------+
| config_compile -design_size_maximum_warning | 100000 | Show a warning when total design instructions exceeds this value |
+---------------------------------------------+--------+------------------------------------------------------------------+


