

================================================================
== Synthesis Summary Report of 'dwconv7_ip'
================================================================
+ General Information: 
    * Date:           Fri Jun 26 10:17:01 2026
    * Version:        2024.2 (Build 5238294 on Nov  8 2024)
    * Project:        dwconv7_ip_proj
    * Solution:       solution1 (Vivado IP Flow Target)
    * Product family: zynq
    * Target device:  xc7z020-clg400-1
    

+ Performance & Resource Estimates: 
    
    PS: '+' for module; 'o' for loop; '*' for dataflow
    +---------------------------------------------------------------------------------------+--------+-------+---------+-----------+----------+---------+------+----------+--------+---------+-------------+-------------+-----+
    |                                        Modules                                        |  Issue |       | Latency |  Latency  | Iteration|         | Trip |          |        |         |             |             |     |
    |                                        & Loops                                        |  Type  | Slack | (cycles)|    (ns)   |  Latency | Interval| Count| Pipelined|  BRAM  |   DSP   |      FF     |     LUT     | URAM|
    +---------------------------------------------------------------------------------------+--------+-------+---------+-----------+----------+---------+------+----------+--------+---------+-------------+-------------+-----+
    |+ dwconv7_ip                                                                           |  Timing|  -1.87|        -|          -|         -|        -|     -|        no|  7 (2%)|  17 (7%)|  12710 (11%)|  14267 (26%)|    -|
    | o LOOP_DW7_TN                                                                         |       -|   5.11|        -|          -|         -|        -|     -|        no|       -|        -|            -|            -|    -|
    |  + dwconv7_ip_Pipeline_LOAD_DW7_WT_VITIS_LOOP_83_1                                    |  Timing|  -0.00|      113|    791.000|         -|      113|     -|        no|       -|        -|    863 (~0%)|    1179 (2%)|    -|
    |   o LOAD_DW7_WT_VITIS_LOOP_83_1                                                       |      II|   5.11|      111|    777.000|        21|        7|    14|       yes|       -|        -|            -|            -|    -|
    |  o LOOP_DW7_TR                                                                        |       -|   5.11|        -|          -|         -|        -|     -|        no|       -|        -|            -|            -|    -|
    |   o LOOP_DW7_TC                                                                       |       -|   5.11|        -|          -|         -|        -|     -|        no|       -|        -|            -|            -|    -|
    |    + dwconv7_ip_Pipeline_LOAD_DW7_IN_VITIS_LOOP_112_3                                 |  Timing|  -1.87|      225|  1.575e+03|         -|      225|     -|        no|       -|        -|    3173 (2%)|    3234 (6%)|    -|
    |     o LOAD_DW7_IN_VITIS_LOOP_112_3                                                    |      II|   5.11|      223|  1.561e+03|        34|       10|    20|       yes|       -|        -|            -|            -|    -|
    |    + dwconv7_ip_Pipeline_CLEAR_DW7_OUT_VITIS_LOOP_129_5                               |  Timing|  -0.76|       21|    147.000|         -|       21|     -|        no|       -|        -|    266 (~0%)|    330 (~0%)|    -|
    |     o CLEAR_DW7_OUT_VITIS_LOOP_129_5                                                  |       -|   5.11|       19|    133.000|        13|        1|     8|       yes|       -|        -|            -|            -|    -|
    |    + dwconv7_ip_Pipeline_COMPUTE_DW7_KH_COMPUTE_DW7_KW_COMPUTE_DW7_TR_COMPUTE_DW7_TC  |  Timing|  -1.74|      792|  5.544e+03|         -|      792|     -|        no|       -|  2 (~0%)|    244 (~0%)|    450 (~0%)|    -|
    |     o COMPUTE_DW7_KH_COMPUTE_DW7_KW_COMPUTE_DW7_TR_COMPUTE_DW7_TC                     |       -|   5.11|      790|  5.530e+03|         8|        1|   784|       yes|       -|        -|            -|            -|    -|
    |    o WRITE_DW7_OUT_VITIS_LOOP_164_7                                                   |       -|   5.11|        -|          -|         -|        -|     -|        no|       -|        -|            -|            -|    -|
    |     o VITIS_LOOP_166_8                                                                |       -|   5.11|        -|          -|         5|        -|     -|        no|       -|        -|            -|            -|    -|
    +---------------------------------------------------------------------------------------+--------+-------+---------+-----------+----------+---------+------+----------+--------+---------+-------------+-------------+-----+


================================================================
== HW Interfaces
================================================================
* M_AXI
+-------------+------------+------------+---------------+---------+--------+----------+-----------+--------------+--------------+-------------+-------------+-------------------+
| Interface   | Read/Write | Data Width | Address Width | Latency | Offset | Register | Max Widen | Max Read     | Max Write    | Num Read    | Num Write   | Resource Estimate |
|             |            | (SW->HW)   |               |         |        |          | Bitwidth  | Burst Length | Burst Length | Outstanding | Outstanding |                   |
+-------------+------------+------------+---------------+---------+--------+----------+-----------+--------------+--------------+-------------+-------------+-------------------+
| m_axi_gmem0 | READ_ONLY  | 8 -> 8     | 64            | 0       | slave  | 0        | 0         | 16           | 16           | 16          | 16          | BRAM=2            |
| m_axi_gmem1 | READ_ONLY  | 8 -> 8     | 64            | 0       | slave  | 0        | 0         | 16           | 16           | 16          | 16          | BRAM=2            |
| m_axi_gmem2 | READ_ONLY  | 32 -> 32   | 64            | 0       | slave  | 0        | 0         | 16           | 16           | 16          | 16          | BRAM=2            |
| m_axi_gmem3 | WRITE_ONLY | 8 -> 8     | 64            | 0       | slave  | 0        | 0         | 16           | 16           | 16          | 16          | BRAM=1            |
+-------------+------------+------------+---------------+---------+--------+----------+-----------+--------------+--------------+-------------+-------------+-------------------+

* S_AXILITE Interfaces
+---------------+------------+---------------+--------+----------+
| Interface     | Data Width | Address Width | Offset | Register |
+---------------+------------+---------------+--------+----------+
| s_axi_control | 32         | 6             | 16     | 0        |
| s_axi_ctrl    | 32         | 6             | 16     | 0        |
+---------------+------------+---------------+--------+----------+

* S_AXILITE Registers
+---------------+------------+--------+-------+--------+----------------------------------+----------------------------------------------------------------------+
| Interface     | Register   | Offset | Width | Access | Description                      | Bit Fields                                                           |
+---------------+------------+--------+-------+--------+----------------------------------+----------------------------------------------------------------------+
| s_axi_control | feat_in_1  | 0x10   | 32    | W      | Data signal of feat_in           |                                                                      |
| s_axi_control | feat_in_2  | 0x14   | 32    | W      | Data signal of feat_in           |                                                                      |
| s_axi_control | weight_1   | 0x1c   | 32    | W      | Data signal of weight            |                                                                      |
| s_axi_control | weight_2   | 0x20   | 32    | W      | Data signal of weight            |                                                                      |
| s_axi_control | bias_1     | 0x28   | 32    | W      | Data signal of bias              |                                                                      |
| s_axi_control | bias_2     | 0x2c   | 32    | W      | Data signal of bias              |                                                                      |
| s_axi_control | feat_out_1 | 0x34   | 32    | W      | Data signal of feat_out          |                                                                      |
| s_axi_control | feat_out_2 | 0x38   | 32    | W      | Data signal of feat_out          |                                                                      |
| s_axi_ctrl    | CTRL       | 0x00   | 32    | RW     | Control signals                  | 0=AP_START 1=AP_DONE 2=AP_IDLE 3=AP_READY 7=AUTO_RESTART 9=INTERRUPT |
| s_axi_ctrl    | GIER       | 0x04   | 32    | RW     | Global Interrupt Enable Register | 0=Enable                                                             |
| s_axi_ctrl    | IP_IER     | 0x08   | 32    | RW     | IP Interrupt Enable Register     | 0=CHAN0_INT_EN 1=CHAN1_INT_EN                                        |
| s_axi_ctrl    | IP_ISR     | 0x0c   | 32    | RW     | IP Interrupt Status Register     | 0=CHAN0_INT_ST 1=CHAN1_INT_ST                                        |
| s_axi_ctrl    | CHin       | 0x10   | 32    | W      | Data signal of CHin              |                                                                      |
| s_axi_ctrl    | Hin        | 0x18   | 32    | W      | Data signal of Hin               |                                                                      |
| s_axi_ctrl    | Win        | 0x20   | 32    | W      | Data signal of Win               |                                                                      |
| s_axi_ctrl    | act_mode   | 0x28   | 32    | W      | Data signal of act_mode          |                                                                      |
| s_axi_ctrl    | out_shift  | 0x30   | 32    | W      | Data signal of out_shift         |                                                                      |
+---------------+------------+--------+-------+--------+----------------------------------+----------------------------------------------------------------------+

* TOP LEVEL CONTROL
+-----------+------------+-----------+
| Interface | Type       | Ports     |
+-----------+------------+-----------+
| ap_clk    | clock      | ap_clk    |
| ap_rst_n  | reset      | ap_rst_n  |
| interrupt | interrupt  | interrupt |
| ap_ctrl   | ap_ctrl_hs |           |
+-----------+------------+-----------+


================================================================
== SW I/O Information
================================================================
* Top Function Arguments
+-----------+-----------+-------------+
| Argument  | Direction | Datatype    |
+-----------+-----------+-------------+
| feat_in   | in        | ap_int<8>*  |
| weight    | in        | ap_int<8>*  |
| bias      | in        | ap_int<32>* |
| feat_out  | out       | ap_int<8>*  |
| CHin      | in        | int         |
| Hin       | in        | int         |
| Win       | in        | int         |
| act_mode  | in        | int         |
| out_shift | in        | int         |
+-----------+-----------+-------------+

* SW-to-HW Mapping
+-----------+---------------+-----------+----------+--------------------------------------+
| Argument  | HW Interface  | HW Type   | HW Usage | HW Info                              |
+-----------+---------------+-----------+----------+--------------------------------------+
| feat_in   | m_axi_gmem0   | interface |          | channel=0                            |
| feat_in   | s_axi_control | register  | offset   | name=feat_in_1 offset=0x10 range=32  |
| feat_in   | s_axi_control | register  | offset   | name=feat_in_2 offset=0x14 range=32  |
| weight    | m_axi_gmem1   | interface |          | channel=0                            |
| weight    | s_axi_control | register  | offset   | name=weight_1 offset=0x1c range=32   |
| weight    | s_axi_control | register  | offset   | name=weight_2 offset=0x20 range=32   |
| bias      | m_axi_gmem2   | interface |          | channel=0                            |
| bias      | s_axi_control | register  | offset   | name=bias_1 offset=0x28 range=32     |
| bias      | s_axi_control | register  | offset   | name=bias_2 offset=0x2c range=32     |
| feat_out  | m_axi_gmem3   | interface |          | channel=0                            |
| feat_out  | s_axi_control | register  | offset   | name=feat_out_1 offset=0x34 range=32 |
| feat_out  | s_axi_control | register  | offset   | name=feat_out_2 offset=0x38 range=32 |
| CHin      | s_axi_ctrl    | register  |          | name=CHin offset=0x10 range=32       |
| Hin       | s_axi_ctrl    | register  |          | name=Hin offset=0x18 range=32        |
| Win       | s_axi_ctrl    | register  |          | name=Win offset=0x20 range=32        |
| act_mode  | s_axi_ctrl    | register  |          | name=act_mode offset=0x28 range=32   |
| out_shift | s_axi_ctrl    | register  |          | name=out_shift offset=0x30 range=32  |
+-----------+---------------+-----------+----------+--------------------------------------+


================================================================
== M_AXI Burst Information
================================================================
 Note: All burst requests might be further partitioned into multiple requests during RTL generation based on max_read_burst_length or max_write_burst_length settings.

* Inferred Burst Summary
+--------------+-----------+----------+-------+------------------+-----------------------+
| HW Interface | Direction | Length   | Width | Loop             | Loop Location         |
+--------------+-----------+----------+-------+------------------+-----------------------+
| m_axi_gmem1  | read      | 2        | 8     |                  |                       |
| m_axi_gmem1  | read      | 5        | 8     |                  |                       |
| m_axi_gmem3  | write     | variable | 8     | VITIS_LOOP_166_8 | dwconv7_ip.cpp:166:20 |
+--------------+-----------+----------+-------+------------------+-----------------------+

* All M_AXI Variable Accesses
+--------------+----------+-----------------------+-----------+--------------+----------+------------------+-----------------------+------------+------------------------------------------------------------------------------------------------------+
| HW Interface | Variable | Access Location       | Direction | Burst Status | Length   | Loop             | Loop Location         | Resolution | Problem                                                                                              |
+--------------+----------+-----------------------+-----------+--------------+----------+------------------+-----------------------+------------+------------------------------------------------------------------------------------------------------+
| m_axi_gmem0  | feat_in  | dwconv7_ip.cpp:121:33 | read      | Fail         |          | VITIS_LOOP_112_3 | dwconv7_ip.cpp:112:39 | 214-232    | Access load is in the conditional branch                                                             |
| m_axi_gmem1  | weight   | dwconv7_ip.cpp:87:25  | read      | Widen Fail   |          |                  |                       | 214-353    | Could not widen since type i8 size is greater than or equal to the max_widen_bitwidth threshold of 0 |
| m_axi_gmem1  | weight   | dwconv7_ip.cpp:87:25  | read      | Fail         |          | VITIS_LOOP_83_1  | dwconv7_ip.cpp:83:30  | 214-230    | Stride is incompatible                                                                               |
| m_axi_gmem1  | weight   | dwconv7_ip.cpp:87:25  | read      | Inferred     | 5        | VITIS_LOOP_83_1  | dwconv7_ip.cpp:83:30  |            |                                                                                                      |
| m_axi_gmem1  | weight   | dwconv7_ip.cpp:87:25  | read      | Inferred     | 2        | VITIS_LOOP_83_1  | dwconv7_ip.cpp:83:30  |            |                                                                                                      |
| m_axi_gmem3  | feat_out | dwconv7_ip.cpp:168:58 | write     | Widen Fail   |          | VITIS_LOOP_166_8 | dwconv7_ip.cpp:166:20 | 214-353    | Could not widen since type i8 size is greater than or equal to the max_widen_bitwidth threshold of 0 |
| m_axi_gmem3  | feat_out | dwconv7_ip.cpp:168:58 | write     | Fail         |          | VITIS_LOOP_164_7 | dwconv7_ip.cpp:164:39 | 214-230    | Stride is incompatible                                                                               |
| m_axi_gmem3  | feat_out | dwconv7_ip.cpp:168:58 | write     | Inferred     | variable | VITIS_LOOP_166_8 | dwconv7_ip.cpp:166:20 |            |                                                                                                      |
+--------------+----------+-----------------------+-----------+--------------+----------+------------------+-----------------------+------------+------------------------------------------------------------------------------------------------------+

    * Resolution URL: docs.xilinx.com/access/sources/dita/topic?Doc_Version=2024.2%20English&url=ug1448-hls-guidance&resourceid=XXX-YYY.html (replace XXX-YYY with column value)

================================================================
== Bind Op Report
================================================================
+------------------------------------------------------------------------------------+-----+--------+-------------------------------+-----------+--------------------------+---------+
| Name                                                                               | DSP | Pragma | Variable                      | Op        | Impl                     | Latency |
+------------------------------------------------------------------------------------+-----+--------+-------------------------------+-----------+--------------------------+---------+
| + dwconv7_ip                                                                       | 17  |        |                               |           |                          |         |
|   add_ln69_fu_729_p2                                                               |     |        | add_ln69                      | add       | fabric                   | 0       |
|   xor_ln69_fu_652_p2                                                               |     |        | xor_ln69                      | xor       | auto                     | 0       |
|   sub_ln69_fu_662_p2                                                               |     |        | sub_ln69                      | sub       | fabric                   | 0       |
|   Tn_loops_fu_756_p3                                                               |     |        | Tn_loops                      | select    | auto_sel                 | 0       |
|   add_ln70_fu_763_p2                                                               |     |        | add_ln70                      | add       | fabric                   | 0       |
|   sub_ln70_fu_668_p2                                                               |     |        | sub_ln70                      | sub       | fabric                   | 0       |
|   sub_ln70_1_fu_779_p2                                                             |     |        | sub_ln70_1                    | sub       | fabric                   | 0       |
|   Tr_loops_fu_799_p3                                                               |     |        | Tr_loops                      | select    | auto_sel                 | 0       |
|   add_ln71_fu_807_p2                                                               |     |        | add_ln71                      | add       | fabric                   | 0       |
|   sub_ln71_fu_684_p2                                                               |     |        | sub_ln71                      | sub       | fabric                   | 0       |
|   sub_ln71_1_fu_823_p2                                                             |     |        | sub_ln71_1                    | sub       | fabric                   | 0       |
|   Tc_loops_fu_843_p3                                                               |     |        | Tc_loops                      | select    | auto_sel                 | 0       |
|   sub_i_i_fu_851_p2                                                                |     |        | sub_i_i                       | sub       | fabric                   | 0       |
|   cmp_i_fu_708_p2                                                                  |     |        | cmp_i                         | seteq     | auto                     | 0       |
|   add_ln74_2_fu_887_p2                                                             |     |        | add_ln74_2                    | add       | fabric                   | 0       |
|   icmp_ln74_fu_897_p2                                                              |     |        | icmp_ln74                     | setlt     | auto                     | 0       |
|   add_ln74_fu_902_p2                                                               |     |        | add_ln74                      | add       | fabric                   | 0       |
|   add_ln76_fu_920_p2                                                               |     |        | add_ln76                      | add       | fabric                   | 0       |
|   icmp_ln76_fu_930_p2                                                              |     |        | icmp_ln76                     | setlt     | auto                     | 0       |
|   ch_end_fu_938_p3                                                                 |     |        | ch_end                        | select    | auto_sel                 | 0       |
|   sub_ln77_fu_947_p2                                                               |     |        | sub_ln77                      | sub       | fabric                   | 0       |
|   add_ln93_fu_954_p2                                                               |     |        | add_ln93                      | add       | fabric                   | 0       |
|   icmp_ln74_1_fu_963_p2                                                            |     |        | icmp_ln74_1                   | setgt     | auto                     | 0       |
|   select_ln74_fu_968_p3                                                            |     |        | select_ln74                   | select    | auto_sel                 | 0       |
|   add_ln93_2_fu_979_p2                                                             |     |        | add_ln93_2                    | add       | fabric                   | 0       |
|   icmp_ln93_fu_988_p2                                                              |     |        | icmp_ln93                     | setlt     | auto                     | 0       |
|   add_ln93_1_fu_993_p2                                                             |     |        | add_ln93_1                    | add       | fabric                   | 0       |
|   add_ln96_fu_1011_p2                                                              |     |        | add_ln96                      | add       | fabric                   | 0       |
|   icmp_ln96_fu_1021_p2                                                             |     |        | icmp_ln96                     | setlt     | auto                     | 0       |
|   sub_ln96_fu_1026_p2                                                              |     |        | sub_ln96                      | sub       | fabric                   | 0       |
|   tr_valid_fu_1049_p3                                                              |     |        | tr_valid                      | select    | auto_sel                 | 0       |
|   in_tile_h_fu_1077_p2                                                             |     |        | in_tile_h                     | add       | fabric                   | 0       |
|   empty_fu_1059_p2                                                                 |     |        | empty                         | setgt     | auto                     | 0       |
|   smax59_fu_1065_p3                                                                |     |        | smax59                        | select    | auto_sel                 | 0       |
|   mul_31ns_31ns_62_5_1_U82                                                         | 4   |        | mul_ln93                      | mul       | auto                     | 4       |
|   icmp_ln101_fu_1086_p2                                                            |     |        | icmp_ln101                    | setlt     | auto                     | 0       |
|   add_ln101_fu_1091_p2                                                             |     |        | add_ln101                     | add       | fabric                   | 0       |
|   add_ln103_fu_1139_p2                                                             |     |        | add_ln103                     | add       | fabric                   | 0       |
|   add_ln104_fu_1109_p2                                                             |     |        | add_ln104                     | add       | fabric                   | 0       |
|   icmp_ln104_fu_1118_p2                                                            |     |        | icmp_ln104                    | setlt     | auto                     | 0       |
|   sub_ln104_fu_1123_p2                                                             |     |        | sub_ln104                     | sub       | fabric                   | 0       |
|   tc_valid_fu_1127_p3                                                              |     |        | tc_valid                      | select    | auto_sel                 | 0       |
|   in_tile_w_fu_1149_p2                                                             |     |        | in_tile_w                     | add       | fabric                   | 0       |
|   mul_64s_32s_64_5_1_U84                                                           |     |        | cmp95                         | setgt     | auto                     | 0       |
|   cmp103_fu_1170_p2                                                                |     |        | cmp103                        | setlt     | auto                     | 0       |
|   empty_49_fu_1176_p2                                                              |     |        | empty_49                      | add       | fabric                   | 0       |
|   icmp_fu_1196_p2                                                                  |     |        | icmp                          | setgt     | auto                     | 0       |
|   cmp103_1_fu_1212_p2                                                              |     |        | cmp103_1                      | setlt     | auto                     | 0       |
|   cmp95_2_fu_1218_p2                                                               |     |        | cmp95_2                       | setgt     | auto                     | 0       |
|   cmp101_2_fu_1225_p2                                                              |     |        | cmp101_2                      | setne     | auto                     | 0       |
|   slt_fu_1232_p2                                                                   |     |        | slt                           | setlt     | auto                     | 0       |
|   rev163_fu_1236_p2                                                                |     |        | rev163                        | xor       | auto                     | 0       |
|   icmp98_fu_1253_p2                                                                |     |        | icmp98                        | setgt     | auto                     | 0       |
|   cmp103_3_fu_1260_p2                                                              |     |        | cmp103_3                      | setlt     | auto                     | 0       |
|   cmp95_4_fu_1278_p2                                                               |     |        | cmp95_4                       | setgt     | auto                     | 0       |
|   cmp103_4_fu_1285_p2                                                              |     |        | cmp103_4                      | setlt     | auto                     | 0       |
|   cmp95_5_fu_1304_p2                                                               |     |        | cmp95_5                       | setgt     | auto                     | 0       |
|   cmp103_5_fu_1311_p2                                                              |     |        | cmp103_5                      | setlt     | auto                     | 0       |
|   cmp95_6_fu_1330_p2                                                               |     |        | cmp95_6                       | setgt     | auto                     | 0       |
|   cmp103_6_fu_1336_p2                                                              |     |        | cmp103_6                      | setlt     | auto                     | 0       |
|   icmp101_fu_1352_p2                                                               |     |        | icmp101                       | setgt     | auto                     | 0       |
|   empty_50_fu_1359_p2                                                              |     |        | empty_50                      | add       | fabric                   | 0       |
|   cmp95_8_fu_1369_p2                                                               |     |        | cmp95_8                       | setgt     | auto                     | 0       |
|   cmp103_8_fu_1376_p2                                                              |     |        | cmp103_8                      | setlt     | auto                     | 0       |
|   empty_51_fu_1382_p2                                                              |     |        | empty_51                      | add       | fabric                   | 0       |
|   cmp95_9_fu_1392_p2                                                               |     |        | cmp95_9                       | setgt     | auto                     | 0       |
|   cmp103_9_fu_1399_p2                                                              |     |        | cmp103_9                      | setlt     | auto                     | 0       |
|   icmp_ln164_fu_1413_p2                                                            |     |        | icmp_ln164                    | setlt     | auto                     | 0       |
|   icmp_ln162_fu_1418_p2                                                            |     |        | icmp_ln162                    | seteq     | auto                     | 0       |
|   add_ln162_1_fu_1423_p2                                                           |     |        | add_ln162_1                   | add       | fabric                   | 0       |
|   add_ln162_fu_1429_p2                                                             |     |        | add_ln162                     | add       | fabric                   | 0       |
|   select_ln162_fu_1435_p3                                                          |     |        | select_ln162                  | select    | auto_sel                 | 0       |
|   select_ln162_1_fu_1443_p3                                                        |     |        | select_ln162_1                | select    | auto_sel                 | 0       |
|   tmp13_fu_1451_p2                                                                 |     |        | tmp13                         | add       | fabric                   | 0       |
|   tmp2_fu_1465_p2                                                                  |     |        | tmp2                          | add       | fabric                   | 0       |
|   mul_32ns_32s_64_5_1_U83                                                          | 4   |        | tmp3                          | mul       | auto                     | 4       |
|   tmp4_fu_1482_p2                                                                  |     |        | tmp4                          | add       | fabric                   | 0       |
|   mul_64s_32s_64_5_1_U84                                                           | 7   |        | tmp5                          | mul       | auto                     | 4       |
|   tmp19_fu_1487_p2                                                                 |     |        | tmp19                         | add       | fabric                   | 0       |
|   empty_53_fu_1502_p2                                                              |     |        | empty_53                      | add       | fabric                   | 0       |
|   empty_54_fu_1456_p3                                                              |     |        | empty_54                      | select    | auto_sel                 | 0       |
|   empty_56_fu_1470_p2                                                              |     |        | empty_56                      | seteq     | auto                     | 0       |
|   icmp_ln166_fu_1521_p2                                                            |     |        | icmp_ln166                    | setlt     | auto                     | 0       |
|   add_ln166_fu_1526_p2                                                             |     |        | add_ln166                     | add       | fabric                   | 0       |
|   sparsemux_9_2_32_1_1_U85                                                         |     |        | tmp_1                         | sparsemux | compactencoding_dontcare | 0       |
|   sparsemux_9_2_32_1_1_U86                                                         |     |        | tmp_2                         | sparsemux | compactencoding_dontcare | 0       |
|   val_fu_1576_p3                                                                   |     |        | val                           | select    | auto_sel                 | 0       |
|   ashr_ln27_fu_1588_p2                                                             |     |        | ashr_ln27                     | ashr      | auto_pipe                | 0       |
|   shl_ln27_fu_1592_p2                                                              |     |        | shl_ln27                      | shl       | auto_pipe                | 0       |
|   s_fu_1596_p3                                                                     |     |        | s                             | select    | auto_sel                 | 0       |
|   icmp_ln29_fu_1611_p2                                                             |     |        | icmp_ln29                     | setgt     | auto                     | 0       |
|   icmp_ln30_fu_1617_p2                                                             |     |        | icmp_ln30                     | setlt     | auto                     | 0       |
|   select_ln29_fu_1627_p3                                                           |     |        | select_ln29                   | select    | auto_sel                 | 0       |
|   or_ln29_fu_1635_p2                                                               |     |        | or_ln29                       | or        | auto                     | 0       |
|   r_2_fu_1641_p3                                                                   |     |        | r_2                           | select    | auto_sel                 | 0       |
|   and_ln32_fu_1656_p2                                                              |     |        | and_ln32                      | and       | auto                     | 0       |
|   r_3_fu_1661_p3                                                                   |     |        | r_3                           | select    | auto_sel                 | 0       |
|   add_ln164_fu_1583_p2                                                             |     |        | add_ln164                     | add       | fabric                   | 0       |
|   add_ln74_1_fu_1031_p2                                                            |     |        | add_ln74_1                    | add       | fabric                   | 0       |
|  + dwconv7_ip_Pipeline_LOAD_DW7_WT_VITIS_LOOP_83_1                                 | 0   |        |                               |           |                          |         |
|    icmp_ln81_fu_370_p2                                                             |     |        | icmp_ln81                     | seteq     | auto                     | 0       |
|    add_ln81_1_fu_376_p2                                                            |     |        | add_ln81_1                    | add       | fabric                   | 0       |
|    add_ln81_fu_388_p2                                                              |     |        | add_ln81                      | add       | fabric                   | 0       |
|    icmp_ln83_fu_394_p2                                                             |     |        | icmp_ln83                     | seteq     | auto                     | 0       |
|    select_ln81_fu_400_p3                                                           |     |        | select_ln81                   | select    | auto_sel                 | 0       |
|    select_ln81_1_fu_408_p3                                                         |     |        | select_ln81_1                 | select    | auto_sel                 | 0       |
|    sub_ln81_fu_434_p2                                                              |     |        | sub_ln81                      | sub       | fabric                   | 0       |
|    cmp24_fu_444_p2                                                                 |     |        | cmp24                         | setlt     | auto                     | 0       |
|    cond29_fu_449_p2                                                                |     |        | cond29                        | seteq     | auto                     | 0       |
|    sub_ln86_fu_464_p2                                                              |     |        | sub_ln86                      | sub       | fabric                   | 0       |
|    add_ln86_fu_568_p2                                                              |     |        | add_ln86                      | add       | fabric                   | 0       |
|    add_ln86_1_fu_504_p2                                                            |     |        | add_ln86_1                    | add       | fabric                   | 0       |
|    add_ln86_2_fu_579_p2                                                            |     |        | add_ln86_2                    | add       | fabric                   | 0       |
|    add_ln86_3_fu_515_p2                                                            |     |        | add_ln86_3                    | add       | fabric                   | 0       |
|    add_ln86_4_fu_526_p2                                                            |     |        | add_ln86_4                    | add       | fabric                   | 0       |
|    add_ln86_5_fu_595_p2                                                            |     |        | add_ln86_5                    | add       | fabric                   | 0       |
|    add_ln83_fu_480_p2                                                              |     |        | add_ln83                      | add       | fabric                   | 0       |
|    add_ln83_2_fu_484_p2                                                            |     |        | add_ln83_2                    | add       | fabric                   | 0       |
|    add_ln83_1_fu_534_p2                                                            |     |        | add_ln83_1                    | add       | fabric                   | 0       |
|    add_ln83_5_fu_543_p2                                                            |     |        | add_ln83_5                    | add       | fabric                   | 0       |
|    add_ln83_3_fu_557_p2                                                            |     |        | add_ln83_3                    | add       | fabric                   | 0       |
|    add_ln83_4_fu_490_p2                                                            |     |        | add_ln83_4                    | add       | fabric                   | 0       |
|  + dwconv7_ip_Pipeline_LOAD_DW7_IN_VITIS_LOOP_112_3                                | 0   |        |                               |           |                          |         |
|    icmp_ln110_fu_948_p2                                                            |     |        | icmp_ln110                    | seteq     | auto                     | 0       |
|    add_ln110_1_fu_954_p2                                                           |     |        | add_ln110_1                   | add       | fabric                   | 0       |
|    add_ln110_fu_966_p2                                                             |     |        | add_ln110                     | add       | fabric                   | 0       |
|    icmp_ln112_fu_972_p2                                                            |     |        | icmp_ln112                    | seteq     | auto                     | 0       |
|    select_ln110_fu_978_p3                                                          |     |        | select_ln110                  | select    | auto_sel                 | 0       |
|    select_ln110_1_fu_986_p3                                                        |     |        | select_ln110_1                | select    | auto_sel                 | 0       |
|    add_ln111_fu_1005_p2                                                            |     |        | add_ln111                     | add       | fabric                   | 0       |
|    cmp92_fu_1010_p2                                                                |     |        | cmp92                         | setlt     | auto                     | 0       |
|    cond36_fu_1015_p2                                                               |     |        | cond36                        | seteq     | auto                     | 0       |
|    add_ln118_8_fu_1593_p2                                                          |     |        | add_ln118_8                   | add       | fabric                   | 0       |
|    add_ln118_fu_1632_p2                                                            |     |        | add_ln118                     | add       | fabric                   | 0       |
|    add_ln118_1_fu_1643_p2                                                          |     |        | add_ln118_1                   | add       | fabric                   | 0       |
|    add_ln118_2_fu_1654_p2                                                          |     |        | add_ln118_2                   | add       | fabric                   | 0       |
|    add_ln118_3_fu_1665_p2                                                          |     |        | add_ln118_3                   | add       | fabric                   | 0       |
|    add_ln118_4_fu_1676_p2                                                          |     |        | add_ln118_4                   | add       | fabric                   | 0       |
|    add_ln118_5_fu_1687_p2                                                          |     |        | add_ln118_5                   | add       | fabric                   | 0       |
|    add_ln118_6_fu_1698_p2                                                          |     |        | add_ln118_6                   | add       | fabric                   | 0       |
|    add_ln118_7_fu_1709_p2                                                          |     |        | add_ln118_7                   | add       | fabric                   | 0       |
|    tmp11_fu_1052_p2                                                                |     |        | tmp11                         | add       | fabric                   | 0       |
|    empty_38_fu_1061_p2                                                             |     |        | empty_38                      | add       | fabric                   | 0       |
|    cmp93_fu_1023_p2                                                                |     |        | cmp93                         | setlt     | auto                     | 0       |
|    slt_fu_1077_p2                                                                  |     |        | slt                           | setlt     | auto                     | 0       |
|    rev72_fu_1086_p2                                                                |     |        | rev72                         | xor       | auto                     | 0       |
|    empty_39_fu_1081_p2                                                             |     |        | empty_39                      | add       | fabric                   | 0       |
|    and_ln119_fu_1028_p2                                                            |     |        | and_ln119                     | and       | auto                     | 0       |
|    and_ln119_1_fu_1091_p2                                                          |     |        | and_ln119_1                   | and       | auto                     | 0       |
|    xor_ln119_fu_1095_p2                                                            |     |        | xor_ln119                     | xor       | auto                     | 0       |
|    or_ln119_fu_1101_p2                                                             |     |        | or_ln119                      | or        | auto                     | 0       |
|    or_ln119_1_fu_1107_p2                                                           |     |        | or_ln119_1                    | or        | auto                     | 0       |
|    or_ln119_20_fu_1112_p2                                                          |     |        | or_ln119_20                   | or        | auto                     | 0       |
|    xor_ln119_1_fu_1117_p2                                                          |     |        | xor_ln119_1                   | xor       | auto                     | 0       |
|    and_ln119_2_fu_1123_p2                                                          |     |        | and_ln119_2                   | and       | auto                     | 0       |
|    add_ln121_fu_1426_p2                                                            |     |        | add_ln121                     | add       | fabric                   | 0       |
|    add_ln121_1_fu_1471_p2                                                          |     |        | add_ln121_1                   | add       | fabric                   | 0       |
|    and_ln119_3_fu_1128_p2                                                          |     |        | and_ln119_3                   | and       | auto                     | 0       |
|    xor_ln119_2_fu_1132_p2                                                          |     |        | xor_ln119_2                   | xor       | auto                     | 0       |
|    or_ln119_2_fu_1138_p2                                                           |     |        | or_ln119_2                    | or        | auto                     | 0       |
|    or_ln119_3_fu_1144_p2                                                           |     |        | or_ln119_3                    | or        | auto                     | 0       |
|    or_ln119_21_fu_1149_p2                                                          |     |        | or_ln119_21                   | or        | auto                     | 0       |
|    xor_ln119_3_fu_1154_p2                                                          |     |        | xor_ln119_3                   | xor       | auto                     | 0       |
|    and_ln119_4_fu_1160_p2                                                          |     |        | and_ln119_4                   | and       | auto                     | 0       |
|    add_ln121_2_fu_1430_p2                                                          |     |        | add_ln121_2                   | add       | fabric                   | 0       |
|    add_ln121_3_fu_1481_p2                                                          |     |        | add_ln121_3                   | add       | fabric                   | 0       |
|    and_ln119_5_fu_1165_p2                                                          |     |        | and_ln119_5                   | and       | auto                     | 0       |
|    xor_ln119_4_fu_1169_p2                                                          |     |        | xor_ln119_4                   | xor       | auto                     | 0       |
|    or_ln119_4_fu_1175_p2                                                           |     |        | or_ln119_4                    | or        | auto                     | 0       |
|    or_ln119_5_fu_1181_p2                                                           |     |        | or_ln119_5                    | or        | auto                     | 0       |
|    xor_ln119_5_fu_1186_p2                                                          |     |        | xor_ln119_5                   | xor       | auto                     | 0       |
|    and_ln119_21_fu_1192_p2                                                         |     |        | and_ln119_21                  | and       | auto                     | 0       |
|    and_ln119_6_fu_1197_p2                                                          |     |        | and_ln119_6                   | and       | auto                     | 0       |
|    add_ln121_4_fu_1434_p2                                                          |     |        | add_ln121_4                   | add       | fabric                   | 0       |
|    add_ln121_6_fu_1438_p2                                                          |     |        | add_ln121_6                   | add       | fabric                   | 0       |
|    add_ln121_5_fu_1491_p2                                                          |     |        | add_ln121_5                   | add       | fabric                   | 0       |
|    and_ln119_7_fu_1202_p2                                                          |     |        | and_ln119_7                   | and       | auto                     | 0       |
|    xor_ln119_6_fu_1206_p2                                                          |     |        | xor_ln119_6                   | xor       | auto                     | 0       |
|    or_ln119_6_fu_1212_p2                                                           |     |        | or_ln119_6                    | or        | auto                     | 0       |
|    or_ln119_7_fu_1218_p2                                                           |     |        | or_ln119_7                    | or        | auto                     | 0       |
|    xor_ln119_7_fu_1223_p2                                                          |     |        | xor_ln119_7                   | xor       | auto                     | 0       |
|    and_ln119_8_fu_1229_p2                                                          |     |        | and_ln119_8                   | and       | auto                     | 0       |
|    add_ln121_8_fu_1443_p2                                                          |     |        | add_ln121_8                   | add       | fabric                   | 0       |
|    add_ln121_7_fu_1501_p2                                                          |     |        | add_ln121_7                   | add       | fabric                   | 0       |
|    and_ln119_9_fu_1234_p2                                                          |     |        | and_ln119_9                   | and       | auto                     | 0       |
|    xor_ln119_8_fu_1238_p2                                                          |     |        | xor_ln119_8                   | xor       | auto                     | 0       |
|    or_ln119_8_fu_1244_p2                                                           |     |        | or_ln119_8                    | or        | auto                     | 0       |
|    or_ln119_9_fu_1250_p2                                                           |     |        | or_ln119_9                    | or        | auto                     | 0       |
|    xor_ln119_9_fu_1255_p2                                                          |     |        | xor_ln119_9                   | xor       | auto                     | 0       |
|    and_ln119_10_fu_1261_p2                                                         |     |        | and_ln119_10                  | and       | auto                     | 0       |
|    add_ln121_10_fu_1447_p2                                                         |     |        | add_ln121_10                  | add       | fabric                   | 0       |
|    add_ln121_9_fu_1511_p2                                                          |     |        | add_ln121_9                   | add       | fabric                   | 0       |
|    and_ln119_11_fu_1266_p2                                                         |     |        | and_ln119_11                  | and       | auto                     | 0       |
|    xor_ln119_10_fu_1270_p2                                                         |     |        | xor_ln119_10                  | xor       | auto                     | 0       |
|    or_ln119_10_fu_1276_p2                                                          |     |        | or_ln119_10                   | or        | auto                     | 0       |
|    or_ln119_11_fu_1282_p2                                                          |     |        | or_ln119_11                   | or        | auto                     | 0       |
|    xor_ln119_11_fu_1287_p2                                                         |     |        | xor_ln119_11                  | xor       | auto                     | 0       |
|    and_ln119_12_fu_1293_p2                                                         |     |        | and_ln119_12                  | and       | auto                     | 0       |
|    add_ln121_12_fu_1451_p2                                                         |     |        | add_ln121_12                  | add       | fabric                   | 0       |
|    add_ln121_11_fu_1521_p2                                                         |     |        | add_ln121_11                  | add       | fabric                   | 0       |
|    and_ln119_13_fu_1298_p2                                                         |     |        | and_ln119_13                  | and       | auto                     | 0       |
|    xor_ln119_12_fu_1302_p2                                                         |     |        | xor_ln119_12                  | xor       | auto                     | 0       |
|    or_ln119_12_fu_1308_p2                                                          |     |        | or_ln119_12                   | or        | auto                     | 0       |
|    or_ln119_13_fu_1314_p2                                                          |     |        | or_ln119_13                   | or        | auto                     | 0       |
|    xor_ln119_13_fu_1319_p2                                                         |     |        | xor_ln119_13                  | xor       | auto                     | 0       |
|    and_ln119_14_fu_1325_p2                                                         |     |        | and_ln119_14                  | and       | auto                     | 0       |
|    add_ln121_14_fu_1455_p2                                                         |     |        | add_ln121_14                  | add       | fabric                   | 0       |
|    add_ln121_13_fu_1531_p2                                                         |     |        | add_ln121_13                  | add       | fabric                   | 0       |
|    and_ln119_15_fu_1330_p2                                                         |     |        | and_ln119_15                  | and       | auto                     | 0       |
|    xor_ln119_14_fu_1334_p2                                                         |     |        | xor_ln119_14                  | xor       | auto                     | 0       |
|    or_ln119_14_fu_1340_p2                                                          |     |        | or_ln119_14                   | or        | auto                     | 0       |
|    or_ln119_15_fu_1346_p2                                                          |     |        | or_ln119_15                   | or        | auto                     | 0       |
|    xor_ln119_15_fu_1351_p2                                                         |     |        | xor_ln119_15                  | xor       | auto                     | 0       |
|    and_ln119_16_fu_1357_p2                                                         |     |        | and_ln119_16                  | and       | auto                     | 0       |
|    add_ln121_16_fu_1459_p2                                                         |     |        | add_ln121_16                  | add       | fabric                   | 0       |
|    add_ln121_15_fu_1541_p2                                                         |     |        | add_ln121_15                  | add       | fabric                   | 0       |
|    and_ln119_17_fu_1362_p2                                                         |     |        | and_ln119_17                  | and       | auto                     | 0       |
|    xor_ln119_16_fu_1366_p2                                                         |     |        | xor_ln119_16                  | xor       | auto                     | 0       |
|    or_ln119_16_fu_1372_p2                                                          |     |        | or_ln119_16                   | or        | auto                     | 0       |
|    or_ln119_17_fu_1378_p2                                                          |     |        | or_ln119_17                   | or        | auto                     | 0       |
|    xor_ln119_17_fu_1383_p2                                                         |     |        | xor_ln119_17                  | xor       | auto                     | 0       |
|    and_ln119_18_fu_1389_p2                                                         |     |        | and_ln119_18                  | and       | auto                     | 0       |
|    add_ln121_18_fu_1463_p2                                                         |     |        | add_ln121_18                  | add       | fabric                   | 0       |
|    add_ln121_17_fu_1551_p2                                                         |     |        | add_ln121_17                  | add       | fabric                   | 0       |
|    and_ln119_19_fu_1394_p2                                                         |     |        | and_ln119_19                  | and       | auto                     | 0       |
|    xor_ln119_18_fu_1398_p2                                                         |     |        | xor_ln119_18                  | xor       | auto                     | 0       |
|    or_ln119_18_fu_1404_p2                                                          |     |        | or_ln119_18                   | or        | auto                     | 0       |
|    or_ln119_19_fu_1410_p2                                                          |     |        | or_ln119_19                   | or        | auto                     | 0       |
|    xor_ln119_19_fu_1415_p2                                                         |     |        | xor_ln119_19                  | xor       | auto                     | 0       |
|    and_ln119_20_fu_1421_p2                                                         |     |        | and_ln119_20                  | and       | auto                     | 0       |
|    add_ln121_20_fu_1467_p2                                                         |     |        | add_ln121_20                  | add       | fabric                   | 0       |
|    add_ln121_19_fu_1561_p2                                                         |     |        | add_ln121_19                  | add       | fabric                   | 0       |
|    add_ln112_fu_1034_p2                                                            |     |        | add_ln112                     | add       | fabric                   | 0       |
|  + dwconv7_ip_Pipeline_CLEAR_DW7_OUT_VITIS_LOOP_129_5                              | 0   |        |                               |           |                          |         |
|    icmp_ln128_fu_258_p2                                                            |     |        | icmp_ln128                    | seteq     | auto                     | 0       |
|    add_ln128_1_fu_264_p2                                                           |     |        | add_ln128_1                   | add       | fabric                   | 0       |
|    add_ln128_fu_281_p2                                                             |     |        | add_ln128                     | add       | fabric                   | 0       |
|    icmp_ln129_fu_287_p2                                                            |     |        | icmp_ln129                    | seteq     | auto                     | 0       |
|    select_ln128_fu_293_p3                                                          |     |        | select_ln128                  | select    | auto_sel                 | 0       |
|    select_ln128_1_fu_301_p3                                                        |     |        | select_ln128_1                | select    | auto_sel                 | 0       |
|    cmp145_fu_313_p2                                                                |     |        | cmp145                        | setlt     | auto                     | 0       |
|    cond149_fu_343_p2                                                               |     |        | cond149                       | and       | auto                     | 0       |
|    empty_47_fu_361_p2                                                              |     |        | empty_47                      | add       | fabric                   | 0       |
|    cond46_fu_318_p2                                                                |     |        | cond46                        | seteq     | auto                     | 0       |
|    add_ln129_fu_324_p2                                                             |     |        | add_ln129                     | add       | fabric                   | 0       |
|  + dwconv7_ip_Pipeline_COMPUTE_DW7_KH_COMPUTE_DW7_KW_COMPUTE_DW7_TR_COMPUTE_DW7_TC | 2   |        |                               |           |                          |         |
|    icmp_ln140_fu_345_p2                                                            |     |        | icmp_ln140                    | seteq     | auto                     | 0       |
|    add_ln140_1_fu_351_p2                                                           |     |        | add_ln140_1                   | add       | fabric                   | 0       |
|    add_ln140_fu_402_p2                                                             |     |        | add_ln140                     | add       | fabric                   | 0       |
|    icmp_ln142_fu_357_p2                                                            |     |        | icmp_ln142                    | seteq     | auto                     | 0       |
|    select_ln140_fu_408_p3                                                          |     |        | select_ln140                  | select    | auto_sel                 | 0       |
|    xor_ln140_fu_363_p2                                                             |     |        | xor_ln140                     | xor       | auto                     | 0       |
|    icmp_ln146_fu_487_p2                                                            |     |        | icmp_ln146                    | seteq     | auto                     | 0       |
|    icmp_ln144_fu_415_p2                                                            |     |        | icmp_ln144                    | seteq     | auto                     | 0       |
|    and_ln140_1_fu_421_p2                                                           |     |        | and_ln140_1                   | and       | auto                     | 0       |
|    select_ln140_1_fu_426_p3                                                        |     |        | select_ln140_1                | select    | auto_sel                 | 0       |
|    add_ln142_fu_433_p2                                                             |     |        | add_ln142                     | add       | fabric                   | 0       |
|    empty_fu_439_p2                                                                 |     |        | empty                         | or        | auto                     | 0       |
|    r_3_mid227_fu_493_p3                                                            |     |        | r_3_mid227                    | select    | auto_sel                 | 0       |
|    exitcond_flatten22_not_fu_500_p2                                                |     |        | exitcond_flatten22_not        | xor       | auto                     | 0       |
|    not_exitcond_flatten22_mid255_fu_505_p2                                         |     |        | not_exitcond_flatten22_mid255 | or        | auto                     | 0       |
|    and_ln140_fu_510_p2                                                             |     |        | and_ln140                     | and       | auto                     | 0       |
|    icmp_ln146_mid232_fu_515_p2                                                     |     |        | icmp_ln146_mid232             | and       | auto                     | 0       |
|    select_ln142_fu_444_p3                                                          |     |        | select_ln142                  | select    | auto_sel                 | 0       |
|    add_ln144_fu_521_p2                                                             |     |        | add_ln144                     | add       | fabric                   | 0       |
|    empty_41_fu_527_p2                                                              |     |        | empty_41                      | or        | auto                     | 0       |
|    empty_42_fu_532_p2                                                              |     |        | empty_42                      | or        | auto                     | 0       |
|    c_1_mid2_fu_537_p3                                                              |     |        | c_1_mid2                      | select    | auto_sel                 | 0       |
|    select_ln144_fu_545_p3                                                          |     |        | select_ln144                  | select    | auto_sel                 | 0       |
|    empty_45_fu_588_p2                                                              |     |        | empty_45                      | add       | fabric                   | 0       |
|    empty_46_fu_602_p2                                                              |     |        | empty_46                      | add       | fabric                   | 0       |
|    mac_muladd_8s_8s_32s_32_4_1_U66                                                 | 1   |        | mul_ln152                     | mul       | dsp_slice                | 3       |
|    mac_muladd_8s_8s_32s_32_4_1_U66                                                 | 1   |        | sext_ln151                    | sext      | dsp_slice                | 3       |
|    sparsemux_9_2_32_1_1_U64                                                        |     |        | tmp_4                         | sparsemux | compactencoding_dontcare | 0       |
|    mac_muladd_8s_8s_32s_32_4_1_U66                                                 | 1   |        | add_ln151                     | add       | dsp_slice                | 3       |
|    mac_muladd_8s_8s_32s_32_4_1_U67                                                 | 1   |        | mul_ln152_1                   | mul       | dsp_slice                | 3       |
|    mac_muladd_8s_8s_32s_32_4_1_U67                                                 | 1   |        | sext_ln151_1                  | sext      | dsp_slice                | 3       |
|    sparsemux_9_2_32_1_1_U65                                                        |     |        | tmp_5                         | sparsemux | compactencoding_dontcare | 0       |
|    mac_muladd_8s_8s_32s_32_4_1_U67                                                 | 1   |        | add_ln151_1                   | add       | dsp_slice                | 3       |
|    add_ln146_fu_608_p2                                                             |     |        | add_ln146                     | add       | fabric                   | 0       |
|    add_ln144_1_fu_452_p2                                                           |     |        | add_ln144_1                   | add       | fabric                   | 0       |
|    select_ln144_1_fu_458_p3                                                        |     |        | select_ln144_1                | select    | auto_sel                 | 0       |
|    add_ln142_1_fu_369_p2                                                           |     |        | add_ln142_1                   | add       | fabric                   | 0       |
|    select_ln142_1_fu_375_p3                                                        |     |        | select_ln142_1                | select    | auto_sel                 | 0       |
+------------------------------------------------------------------------------------+-----+--------+-------------------------------+-----------+--------------------------+---------+


================================================================
== Storage Report
================================================================
+---------------------------+-----------+-----------+------+------+--------+-----------------------+------+---------+------------------+
| Name                      | Usage     | Type      | BRAM | URAM | Pragma | Variable              | Impl | Latency | Bitwidth, Depth, |
|                           |           |           |      |      |        |                       |      |         | Banks            |
+---------------------------+-----------+-----------+------+------+--------+-----------------------+------+---------+------------------+
| + dwconv7_ip              |           |           | 7    | 0    |        |                       |      |         |                  |
|   control_s_axi_U         | interface | s_axilite |      |      |        |                       |      |         |                  |
|   ctrl_s_axi_U            | interface | s_axilite |      |      |        |                       |      |         |                  |
|   gmem0_m_axi_U           | interface | m_axi     | 2    |      |        |                       |      |         |                  |
|   gmem1_m_axi_U           | interface | m_axi     | 2    |      |        |                       |      |         |                  |
|   gmem2_m_axi_U           | interface | m_axi     | 2    |      |        |                       |      |         |                  |
|   gmem3_m_axi_U           | interface | m_axi     | 1    |      |        |                       |      |         |                  |
|   p_ZL10dw7_wt_buf_0_U    | ram_t2p   |           |      |      |        | p_ZL10dw7_wt_buf_0    | auto | 1       | 8, 49, 1         |
|   p_ZL10dw7_wt_buf_1_U    | ram_t2p   |           |      |      |        | p_ZL10dw7_wt_buf_1    | auto | 1       | 8, 49, 1         |
|   p_ZL10dw7_in_buf_0_U    | ram_1p    |           |      |      |        | p_ZL10dw7_in_buf_0    | auto | 1       | 8, 100, 1        |
|   p_ZL10dw7_in_buf_1_U    | ram_1p    |           |      |      |        | p_ZL10dw7_in_buf_1    | auto | 1       | 8, 100, 1        |
|   p_ZL11dw7_out_buf_0_0_U | ram_2p    |           |      |      |        | p_ZL11dw7_out_buf_0_0 | auto | 1       | 32, 4, 1         |
|   p_ZL11dw7_out_buf_0_1_U | ram_2p    |           |      |      |        | p_ZL11dw7_out_buf_0_1 | auto | 1       | 32, 4, 1         |
|   p_ZL11dw7_out_buf_0_2_U | ram_2p    |           |      |      |        | p_ZL11dw7_out_buf_0_2 | auto | 1       | 32, 4, 1         |
|   p_ZL11dw7_out_buf_0_3_U | ram_2p    |           |      |      |        | p_ZL11dw7_out_buf_0_3 | auto | 1       | 32, 4, 1         |
|   p_ZL11dw7_out_buf_1_0_U | ram_2p    |           |      |      |        | p_ZL11dw7_out_buf_1_0 | auto | 1       | 32, 4, 1         |
|   p_ZL11dw7_out_buf_1_1_U | ram_2p    |           |      |      |        | p_ZL11dw7_out_buf_1_1 | auto | 1       | 32, 4, 1         |
|   p_ZL11dw7_out_buf_1_2_U | ram_2p    |           |      |      |        | p_ZL11dw7_out_buf_1_2 | auto | 1       | 32, 4, 1         |
|   p_ZL11dw7_out_buf_1_3_U | ram_2p    |           |      |      |        | p_ZL11dw7_out_buf_1_3 | auto | 1       | 32, 4, 1         |
+---------------------------+-----------+-----------+------+------+--------+-----------------------+------+---------+------------------+


================================================================
== Pragma Report
================================================================
* Valid Pragma Syntax
+-----------------+--------------------------------------------------------------------------------------------------------------+----------------------------------------------+
| Type            | Options                                                                                                      | Location                                     |
+-----------------+--------------------------------------------------------------------------------------------------------------+----------------------------------------------+
| inline          |                                                                                                              | dwconv7_ip.cpp:26 in apply_act               |
| interface       | m_axi port=feat_in offset=slave bundle=gmem0 depth=65536 max_read_burst_length=16 num_read_outstanding=16    | dwconv7_ip.cpp:47 in dwconv7_ip, feat_in     |
| interface       | m_axi port=weight offset=slave bundle=gmem1 depth=4096 max_read_burst_length=16 num_read_outstanding=16      | dwconv7_ip.cpp:49 in dwconv7_ip, weight      |
| interface       | m_axi port=bias offset=slave bundle=gmem2 depth=512                                                          | dwconv7_ip.cpp:51 in dwconv7_ip, bias        |
| interface       | m_axi port=feat_out offset=slave bundle=gmem3 depth=65536 max_write_burst_length=16 num_write_outstanding=16 | dwconv7_ip.cpp:52 in dwconv7_ip, feat_out    |
| interface       | s_axilite port=CHin bundle=ctrl                                                                              | dwconv7_ip.cpp:55 in dwconv7_ip, CHin        |
| interface       | s_axilite port=Hin bundle=ctrl                                                                               | dwconv7_ip.cpp:56 in dwconv7_ip, Hin         |
| interface       | s_axilite port=Win bundle=ctrl                                                                               | dwconv7_ip.cpp:57 in dwconv7_ip, Win         |
| interface       | s_axilite port=act_mode bundle=ctrl                                                                          | dwconv7_ip.cpp:58 in dwconv7_ip, act_mode    |
| interface       | s_axilite port=out_shift bundle=ctrl                                                                         | dwconv7_ip.cpp:59 in dwconv7_ip, out_shift   |
| interface       | s_axilite port=return bundle=ctrl                                                                            | dwconv7_ip.cpp:60 in dwconv7_ip, return      |
| array_partition | variable=dw7_in_buf dim=1 complete                                                                           | dwconv7_ip.cpp:62 in dwconv7_ip, dw7_in_buf  |
| array_partition | variable=dw7_wt_buf dim=1 complete                                                                           | dwconv7_ip.cpp:63 in dwconv7_ip, dw7_wt_buf  |
| array_partition | variable=dw7_out_buf dim=1 complete                                                                          | dwconv7_ip.cpp:64 in dwconv7_ip, dw7_out_buf |
| pipeline        | II=1                                                                                                         | dwconv7_ip.cpp:84 in dwconv7_ip              |
| pipeline        | II=1                                                                                                         | dwconv7_ip.cpp:113 in dwconv7_ip             |
| loop_tripcount  | min=7 max=10 avg=10                                                                                          | dwconv7_ip.cpp:114 in dwconv7_ip             |
| pipeline        | II=1                                                                                                         | dwconv7_ip.cpp:130 in dwconv7_ip             |
| pipeline        | II=1                                                                                                         | dwconv7_ip.cpp:147 in dwconv7_ip             |
| unroll          |                                                                                                              | dwconv7_ip.cpp:150 in dwconv7_ip             |
| pipeline        | II=1                                                                                                         | dwconv7_ip.cpp:165 in dwconv7_ip             |
+-----------------+--------------------------------------------------------------------------------------------------------------+----------------------------------------------+


