

================================================================
== Vitis HLS Report for 'dwconv7_ip'
================================================================
* Date:           Fri Jun 26 10:17:01 2026

* Version:        2024.2 (Build 5238294 on Nov  8 2024)
* Project:        dwconv7_ip_proj
* Solution:       solution1 (Vivado IP Flow Target)
* Product family: zynq
* Target device:  xc7z020-clg400-1


================================================================
== Performance Estimates
================================================================
+ Timing: 
    * Summary: 
    +--------+---------+----------+------------+
    |  Clock |  Target | Estimated| Uncertainty|
    +--------+---------+----------+------------+
    |ap_clk  |  7.00 ns|  6.978 ns|     1.89 ns|
    +--------+---------+----------+------------+

+ Latency: 
    * Summary: 
    +---------+---------+----------+----------+-----+-----+---------+
    |  Latency (cycles) |  Latency (absolute) |  Interval | Pipeline|
    |   min   |   max   |    min   |    max   | min | max |   Type  |
    +---------+---------+----------+----------+-----+-----+---------+
    |        ?|        ?|         ?|         ?|    ?|    ?|       no|
    +---------+---------+----------+----------+-----+-----+---------+

    + Detail: 
        * Instance: 
        +--------------------------------------------------------------------------------------------+---------------------------------------------------------------------------------+---------+---------+----------+----------+-----+-----+------------------------------------------------+
        |                                                                                            |                                                                                 |  Latency (cycles) |  Latency (absolute) |  Interval |                    Pipeline                    |
        |                                          Instance                                          |                                      Module                                     |   min   |   max   |    min   |    max   | min | max |                      Type                      |
        +--------------------------------------------------------------------------------------------+---------------------------------------------------------------------------------+---------+---------+----------+----------+-----+-----+------------------------------------------------+
        |grp_dwconv7_ip_Pipeline_LOAD_DW7_WT_VITIS_LOOP_83_1_fu_514                                  |dwconv7_ip_Pipeline_LOAD_DW7_WT_VITIS_LOOP_83_1                                  |      113|      113|  0.791 us|  0.791 us|  105|  105|  loop auto-rewind stp (delay=0 clock cycles(s))|
        |grp_dwconv7_ip_Pipeline_LOAD_DW7_IN_VITIS_LOOP_112_3_fu_527                                 |dwconv7_ip_Pipeline_LOAD_DW7_IN_VITIS_LOOP_112_3                                 |      225|      225|  1.575 us|  1.575 us|  210|  210|  loop auto-rewind stp (delay=0 clock cycles(s))|
        |grp_dwconv7_ip_Pipeline_CLEAR_DW7_OUT_VITIS_LOOP_129_5_fu_577                               |dwconv7_ip_Pipeline_CLEAR_DW7_OUT_VITIS_LOOP_129_5                               |       21|       21|  0.147 us|  0.147 us|    9|    9|  loop auto-rewind stp (delay=0 clock cycles(s))|
        |grp_dwconv7_ip_Pipeline_COMPUTE_DW7_KH_COMPUTE_DW7_KW_COMPUTE_DW7_TR_COMPUTE_DW7_TC_fu_602  |dwconv7_ip_Pipeline_COMPUTE_DW7_KH_COMPUTE_DW7_KW_COMPUTE_DW7_TR_COMPUTE_DW7_TC  |      792|      792|  5.544 us|  5.544 us|  785|  785|  loop auto-rewind stp (delay=0 clock cycles(s))|
        +--------------------------------------------------------------------------------------------+---------------------------------------------------------------------------------+---------+---------+----------+----------+-----+-----+------------------------------------------------+

        * Loop: 
        +---------------------------------------+---------+---------+----------+-----------+-----------+----------------+----------+
        |                                       |  Latency (cycles) | Iteration|  Initiation Interval  |      Trip      |          |
        |               Loop Name               |   min   |   max   |  Latency |  achieved |   target  |      Count     | Pipelined|
        +---------------------------------------+---------+---------+----------+-----------+-----------+----------------+----------+
        |- LOOP_DW7_TN                          |        ?|        ?|         ?|          -|          -|  0 ~ 1073741823|        no|
        | + LOOP_DW7_TR                         |        ?|        ?|         ?|          -|          -|   0 ~ 536870911|        no|
        |  ++ LOOP_DW7_TC                       |        ?|        ?|         ?|          -|          -|   0 ~ 536870911|        no|
        |   +++ WRITE_DW7_OUT_VITIS_LOOP_164_7  |        ?|        ?|         ?|          -|          -|               ?|        no|
        |    ++++ VITIS_LOOP_166_8              |        ?|        ?|         5|          -|          -|               ?|        no|
        +---------------------------------------+---------+---------+----------+-----------+-----------+----------------+----------+



================================================================
== Utilization Estimates
================================================================
* Summary: 
+-----------------+---------+-----+--------+-------+-----+
|       Name      | BRAM_18K| DSP |   FF   |  LUT  | URAM|
+-----------------+---------+-----+--------+-------+-----+
|DSP              |        -|    -|       -|      -|    -|
|Expression       |        -|    -|       0|   3676|    -|
|FIFO             |        -|    -|       -|      -|    -|
|Instance         |        7|   17|    8709|   9385|    -|
|Memory           |        0|    -|     560|     56|    0|
|Multiplexer      |        -|    -|       0|   1146|    -|
|Register         |        -|    -|    3441|      -|    -|
+-----------------+---------+-----+--------+-------+-----+
|Total            |        7|   17|   12710|  14263|    0|
+-----------------+---------+-----+--------+-------+-----+
|Available        |      280|  220|  106400|  53200|    0|
+-----------------+---------+-----+--------+-------+-----+
|Utilization (%)  |        2|    7|      11|     26|    0|
+-----------------+---------+-----+--------+-------+-----+

+ Detail: 
    * Instance: 
    +--------------------------------------------------------------------------------------------+---------------------------------------------------------------------------------+---------+----+------+------+-----+
    |                                          Instance                                          |                                      Module                                     | BRAM_18K| DSP|  FF  |  LUT | URAM|
    +--------------------------------------------------------------------------------------------+---------------------------------------------------------------------------------+---------+----+------+------+-----+
    |control_s_axi_U                                                                             |control_s_axi                                                                    |        0|   0|   310|   552|    0|
    |ctrl_s_axi_U                                                                                |ctrl_s_axi                                                                       |        0|   0|   226|   360|    0|
    |grp_dwconv7_ip_Pipeline_CLEAR_DW7_OUT_VITIS_LOOP_129_5_fu_577                               |dwconv7_ip_Pipeline_CLEAR_DW7_OUT_VITIS_LOOP_129_5                               |        0|   0|   266|   328|    0|
    |grp_dwconv7_ip_Pipeline_COMPUTE_DW7_KH_COMPUTE_DW7_KW_COMPUTE_DW7_TR_COMPUTE_DW7_TC_fu_602  |dwconv7_ip_Pipeline_COMPUTE_DW7_KH_COMPUTE_DW7_KW_COMPUTE_DW7_TR_COMPUTE_DW7_TC  |        0|   2|   244|   450|    0|
    |grp_dwconv7_ip_Pipeline_LOAD_DW7_IN_VITIS_LOOP_112_3_fu_527                                 |dwconv7_ip_Pipeline_LOAD_DW7_IN_VITIS_LOOP_112_3                                 |        0|   0|  3173|  3232|    0|
    |grp_dwconv7_ip_Pipeline_LOAD_DW7_WT_VITIS_LOOP_83_1_fu_514                                  |dwconv7_ip_Pipeline_LOAD_DW7_WT_VITIS_LOOP_83_1                                  |        0|   0|   863|  1179|    0|
    |gmem0_m_axi_U                                                                               |gmem0_m_axi                                                                      |        2|   0|   707|   777|    0|
    |gmem1_m_axi_U                                                                               |gmem1_m_axi                                                                      |        2|   0|   707|   777|    0|
    |gmem2_m_axi_U                                                                               |gmem2_m_axi                                                                      |        2|   0|   671|   657|    0|
    |gmem3_m_axi_U                                                                               |gmem3_m_axi                                                                      |        1|   0|   705|   774|    0|
    |mul_31ns_31ns_62_5_1_U82                                                                    |mul_31ns_31ns_62_5_1                                                             |        0|   4|   181|     2|    0|
    |mul_32ns_32s_64_5_1_U83                                                                     |mul_32ns_32s_64_5_1                                                              |        0|   4|   215|     1|    0|
    |mul_64s_32s_64_5_1_U84                                                                      |mul_64s_32s_64_5_1                                                               |        0|   7|   441|   256|    0|
    |sparsemux_9_2_32_1_1_U85                                                                    |sparsemux_9_2_32_1_1                                                             |        0|   0|     0|    20|    0|
    |sparsemux_9_2_32_1_1_U86                                                                    |sparsemux_9_2_32_1_1                                                             |        0|   0|     0|    20|    0|
    +--------------------------------------------------------------------------------------------+---------------------------------------------------------------------------------+---------+----+------+------+-----+
    |Total                                                                                       |                                                                                 |        7|  17|  8709|  9385|    0|
    +--------------------------------------------------------------------------------------------+---------------------------------------------------------------------------------+---------+----+------+------+-----+

    * DSP: 
    N/A

    * Memory: 
    +-------------------------+-------------------------------------+---------+----+----+-----+------+-----+------+-------------+
    |          Memory         |                Module               | BRAM_18K| FF | LUT| URAM| Words| Bits| Banks| W*Bits*Banks|
    +-------------------------+-------------------------------------+---------+----+----+-----+------+-----+------+-------------+
    |p_ZL10dw7_in_buf_0_U     |p_ZL10dw7_in_buf_0_RAM_AUTO_1R1W     |        0|   8|  13|    0|   100|    8|     1|          800|
    |p_ZL10dw7_in_buf_1_U     |p_ZL10dw7_in_buf_0_RAM_AUTO_1R1W     |        0|   8|  13|    0|   100|    8|     1|          800|
    |p_ZL10dw7_wt_buf_0_U     |p_ZL10dw7_wt_buf_0_RAM_AUTO_1R1W     |        0|  16|   7|    0|    49|    8|     1|          392|
    |p_ZL10dw7_wt_buf_1_U     |p_ZL10dw7_wt_buf_0_RAM_AUTO_1R1W     |        0|  16|   7|    0|    49|    8|     1|          392|
    |p_ZL11dw7_out_buf_0_0_U  |p_ZL11dw7_out_buf_0_0_RAM_AUTO_1R1W  |        0|  64|   2|    0|     4|   32|     1|          128|
    |p_ZL11dw7_out_buf_0_1_U  |p_ZL11dw7_out_buf_0_0_RAM_AUTO_1R1W  |        0|  64|   2|    0|     4|   32|     1|          128|
    |p_ZL11dw7_out_buf_0_2_U  |p_ZL11dw7_out_buf_0_0_RAM_AUTO_1R1W  |        0|  64|   2|    0|     4|   32|     1|          128|
    |p_ZL11dw7_out_buf_0_3_U  |p_ZL11dw7_out_buf_0_0_RAM_AUTO_1R1W  |        0|  64|   2|    0|     4|   32|     1|          128|
    |p_ZL11dw7_out_buf_1_0_U  |p_ZL11dw7_out_buf_0_0_RAM_AUTO_1R1W  |        0|  64|   2|    0|     4|   32|     1|          128|
    |p_ZL11dw7_out_buf_1_1_U  |p_ZL11dw7_out_buf_0_0_RAM_AUTO_1R1W  |        0|  64|   2|    0|     4|   32|     1|          128|
    |p_ZL11dw7_out_buf_1_2_U  |p_ZL11dw7_out_buf_0_0_RAM_AUTO_1R1W  |        0|  64|   2|    0|     4|   32|     1|          128|
    |p_ZL11dw7_out_buf_1_3_U  |p_ZL11dw7_out_buf_0_0_RAM_AUTO_1R1W  |        0|  64|   2|    0|     4|   32|     1|          128|
    +-------------------------+-------------------------------------+---------+----+----+-----+------+-----+------+-------------+
    |Total                    |                                     |        0| 560|  56|    0|   330|  288|    12|         3408|
    +-------------------------+-------------------------------------+---------+----+----+-----+------+-----+------+-------------+

    * FIFO: 
    N/A

    * Expression: 
    +----------------------------------+----------+----+---+-----+------------+------------+
    |           Variable Name          | Operation| DSP| FF| LUT | Bitwidth P0| Bitwidth P1|
    +----------------------------------+----------+----+---+-----+------------+------------+
    |add_ln101_fu_1091_p2              |         +|   0|  0|   36|          29|           1|
    |add_ln103_fu_1139_p2              |         +|   0|  0|   39|          32|           3|
    |add_ln104_fu_1109_p2              |         +|   0|  0|   39|          32|           3|
    |add_ln162_1_fu_1423_p2            |         +|   0|  0|   69|          62|           1|
    |add_ln162_fu_1429_p2              |         +|   0|  0|   38|          31|           1|
    |add_ln164_fu_1583_p2              |         +|   0|  0|   38|          31|           1|
    |add_ln166_fu_1526_p2              |         +|   0|  0|   38|          31|           1|
    |add_ln69_fu_729_p2                |         +|   0|  0|   39|          32|           1|
    |add_ln70_fu_763_p2                |         +|   0|  0|   39|          32|           2|
    |add_ln71_fu_807_p2                |         +|   0|  0|   39|          32|           2|
    |add_ln74_1_fu_1031_p2             |         +|   0|  0|   39|          32|           3|
    |add_ln74_2_fu_887_p2              |         +|   0|  0|   44|          37|           7|
    |add_ln74_fu_902_p2                |         +|   0|  0|   37|          30|           1|
    |add_ln76_fu_920_p2                |         +|   0|  0|   39|          32|           2|
    |add_ln93_1_fu_993_p2              |         +|   0|  0|   36|          29|           1|
    |add_ln93_2_fu_979_p2              |         +|   0|  0|   68|          61|          61|
    |add_ln93_fu_954_p2                |         +|   0|  0|   40|          33|          33|
    |add_ln96_fu_1011_p2               |         +|   0|  0|   39|          32|           3|
    |empty_49_fu_1176_p2               |         +|   0|  0|   39|          32|           3|
    |empty_50_fu_1359_p2               |         +|   0|  0|   39|          32|           3|
    |empty_51_fu_1382_p2               |         +|   0|  0|   39|          32|           3|
    |empty_53_fu_1502_p2               |         +|   0|  0|   71|          64|          64|
    |in_tile_h_fu_1077_p2              |         +|   0|  0|   39|          32|           3|
    |in_tile_w_fu_1149_p2              |         +|   0|  0|   39|          32|           3|
    |tmp13_fu_1451_p2                  |         +|   0|  0|   68|          61|          61|
    |tmp19_fu_1487_p2                  |         +|   0|  0|   71|          64|          64|
    |tmp2_fu_1465_p2                   |         +|   0|  0|   39|          32|          32|
    |tmp4_fu_1482_p2                   |         +|   0|  0|   71|          64|          64|
    |sub_i_i_fu_851_p2                 |         -|   0|  0|   39|           1|          32|
    |sub_ln104_fu_1123_p2              |         -|   0|  0|   39|          32|          32|
    |sub_ln69_fu_662_p2                |         -|   0|  0|   39|           1|          32|
    |sub_ln70_1_fu_779_p2              |         -|   0|  0|   38|           1|          31|
    |sub_ln70_fu_668_p2                |         -|   0|  0|   39|           3|          32|
    |sub_ln71_1_fu_823_p2              |         -|   0|  0|   38|           1|          31|
    |sub_ln71_fu_684_p2                |         -|   0|  0|   39|           3|          32|
    |sub_ln77_fu_947_p2                |         -|   0|  0|   40|          33|          33|
    |sub_ln96_fu_1026_p2               |         -|   0|  0|   39|          32|          32|
    |and_ln32_fu_1656_p2               |       and|   0|  0|    2|           1|           1|
    |ashr_ln27_fu_1588_p2              |      ashr|   0|  0|  100|          32|          32|
    |cmp101_2_fu_1225_p2               |      icmp|   0|  0|   36|          29|           1|
    |cmp103_1_fu_1212_p2               |      icmp|   0|  0|   39|          32|          32|
    |cmp103_3_fu_1260_p2               |      icmp|   0|  0|   39|          32|          32|
    |cmp103_4_fu_1285_p2               |      icmp|   0|  0|   39|          32|          32|
    |cmp103_5_fu_1311_p2               |      icmp|   0|  0|   39|          32|          32|
    |cmp103_6_fu_1336_p2               |      icmp|   0|  0|   39|          32|          32|
    |cmp103_8_fu_1376_p2               |      icmp|   0|  0|   40|          33|          33|
    |cmp103_9_fu_1399_p2               |      icmp|   0|  0|   40|          33|          33|
    |cmp103_fu_1170_p2                 |      icmp|   0|  0|   39|          32|          32|
    |cmp95_2_fu_1218_p2                |      icmp|   0|  0|   39|          32|           2|
    |cmp95_4_fu_1278_p2                |      icmp|   0|  0|   39|          32|           3|
    |cmp95_5_fu_1304_p2                |      icmp|   0|  0|   39|          32|           3|
    |cmp95_6_fu_1330_p2                |      icmp|   0|  0|   39|          32|           1|
    |cmp95_8_fu_1369_p2                |      icmp|   0|  0|   39|          32|           4|
    |cmp95_9_fu_1392_p2                |      icmp|   0|  0|   39|          32|           4|
    |cmp95_fu_1154_p2                  |      icmp|   0|  0|   39|          32|           1|
    |cmp_i_fu_708_p2                   |      icmp|   0|  0|   39|          32|           1|
    |empty_56_fu_1470_p2               |      icmp|   0|  0|   38|          31|           1|
    |empty_fu_1059_p2                  |      icmp|   0|  0|   39|          32|           1|
    |icmp101_fu_1352_p2                |      icmp|   0|  0|   36|          29|           1|
    |icmp98_fu_1253_p2                 |      icmp|   0|  0|   37|          30|           1|
    |icmp_fu_1196_p2                   |      icmp|   0|  0|   38|          31|           1|
    |icmp_ln101_fu_1086_p2             |      icmp|   0|  0|   38|          31|          31|
    |icmp_ln104_fu_1118_p2             |      icmp|   0|  0|   40|          33|          33|
    |icmp_ln162_fu_1418_p2             |      icmp|   0|  0|   69|          62|          62|
    |icmp_ln164_fu_1413_p2             |      icmp|   0|  0|   39|          32|          32|
    |icmp_ln166_fu_1521_p2             |      icmp|   0|  0|   39|          32|          32|
    |icmp_ln29_fu_1611_p2              |      icmp|   0|  0|   32|          25|           1|
    |icmp_ln30_fu_1617_p2              |      icmp|   0|  0|   39|          32|           9|
    |icmp_ln74_1_fu_963_p2             |      icmp|   0|  0|   40|          33|           1|
    |icmp_ln74_fu_897_p2               |      icmp|   0|  0|   39|          32|          32|
    |icmp_ln76_fu_930_p2               |      icmp|   0|  0|   40|          33|          33|
    |icmp_ln93_fu_988_p2               |      icmp|   0|  0|   38|          31|          31|
    |icmp_ln96_fu_1021_p2              |      icmp|   0|  0|   40|          33|          33|
    |slt_fu_1232_p2                    |      icmp|   0|  0|   39|          32|          32|
    |ap_block_state16_on_subcall_done  |        or|   0|  0|    2|           1|           1|
    |or_ln29_fu_1635_p2                |        or|   0|  0|    2|           1|           1|
    |Tc_loops_fu_843_p3                |    select|   0|  0|   31|           1|          31|
    |Tn_loops_fu_756_p3                |    select|   0|  0|   32|           1|          32|
    |Tr_loops_fu_799_p3                |    select|   0|  0|   31|           1|          31|
    |ch_end_fu_938_p3                  |    select|   0|  0|   32|           1|          32|
    |empty_54_fu_1456_p3               |    select|   0|  0|   31|           1|          31|
    |r_2_fu_1641_p3                    |    select|   0|  0|    8|           1|           8|
    |r_3_fu_1661_p3                    |    select|   0|  0|    8|           1|           1|
    |s_fu_1596_p3                      |    select|   0|  0|   32|           1|          32|
    |select_ln162_1_fu_1443_p3         |    select|   0|  0|   31|           1|          31|
    |select_ln162_fu_1435_p3           |    select|   0|  0|   31|           1|          31|
    |select_ln29_fu_1627_p3            |    select|   0|  0|    9|           1|           7|
    |select_ln74_fu_968_p3             |    select|   0|  0|   31|           1|          31|
    |smax59_fu_1065_p3                 |    select|   0|  0|   31|           1|          31|
    |tc_valid_fu_1127_p3               |    select|   0|  0|   32|           1|           3|
    |tr_valid_fu_1049_p3               |    select|   0|  0|   32|           1|           3|
    |val_fu_1576_p3                    |    select|   0|  0|   32|           1|          32|
    |shl_ln27_fu_1592_p2               |       shl|   0|  0|  100|          32|          32|
    |rev163_fu_1236_p2                 |       xor|   0|  0|    2|           1|           2|
    |xor_ln69_fu_652_p2                |       xor|   0|  0|   31|          31|           2|
    +----------------------------------+----------+----+---+-----+------------+------------+
    |Total                             |          |   0|  0| 3676|        2434|        1797|
    +----------------------------------+----------+----+---+-----+------------+------------+

    * Multiplexer: 
    +--------------------------------+-----+-----------+-----+-----------+
    |              Name              | LUT | Input Size| Bits| Total Bits|
    +--------------------------------+-----+-----------+-----+-----------+
    |ap_NS_fsm                       |  197|         45|    1|         45|
    |c_reg_503                       |    9|          2|   31|         62|
    |gmem0_0_ARVALID                 |    9|          2|    1|          2|
    |gmem0_0_RREADY                  |    9|          2|    1|          2|
    |gmem1_0_ARVALID                 |    9|          2|    1|          2|
    |gmem1_0_RREADY                  |    9|          2|    1|          2|
    |gmem2_0_ARVALID                 |    9|          2|    1|          2|
    |gmem2_0_RREADY                  |    9|          2|    1|          2|
    |gmem3_blk_n_AW                  |    9|          2|    1|          2|
    |gmem3_blk_n_B                   |    9|          2|    1|          2|
    |gmem3_blk_n_W                   |    9|          2|    1|          2|
    |grp_fu_634_ce                   |    9|          2|    1|          2|
    |grp_fu_634_p0                   |   14|          3|   32|         96|
    |grp_fu_634_p1                   |   14|          3|   32|         96|
    |grp_fu_638_ce                   |    9|          2|    1|          2|
    |grp_fu_638_p0                   |   14|          3|   64|        192|
    |grp_fu_638_p1                   |   14|          3|   32|         96|
    |indvar_flatten64_reg_470        |    9|          2|   62|        124|
    |n_reg_481                       |    9|          2|   31|         62|
    |p_ZL10dw7_in_buf_0_address0     |   14|          3|    7|         21|
    |p_ZL10dw7_in_buf_0_ce0          |   14|          3|    1|          3|
    |p_ZL10dw7_in_buf_0_we0          |    9|          2|    1|          2|
    |p_ZL10dw7_in_buf_1_address0     |   14|          3|    7|         21|
    |p_ZL10dw7_in_buf_1_ce0          |   14|          3|    1|          3|
    |p_ZL10dw7_in_buf_1_we0          |    9|          2|    1|          2|
    |p_ZL10dw7_wt_buf_0_address0     |   14|          3|    6|         18|
    |p_ZL10dw7_wt_buf_0_ce0          |   14|          3|    1|          3|
    |p_ZL10dw7_wt_buf_0_ce1          |    9|          2|    1|          2|
    |p_ZL10dw7_wt_buf_0_we0          |    9|          2|    1|          2|
    |p_ZL10dw7_wt_buf_0_we1          |    9|          2|    1|          2|
    |p_ZL10dw7_wt_buf_1_address0     |   14|          3|    6|         18|
    |p_ZL10dw7_wt_buf_1_ce0          |   14|          3|    1|          3|
    |p_ZL10dw7_wt_buf_1_ce1          |    9|          2|    1|          2|
    |p_ZL10dw7_wt_buf_1_we0          |    9|          2|    1|          2|
    |p_ZL10dw7_wt_buf_1_we1          |    9|          2|    1|          2|
    |p_ZL11dw7_out_buf_0_0_address0  |   14|          3|    2|          6|
    |p_ZL11dw7_out_buf_0_0_ce0       |   14|          3|    1|          3|
    |p_ZL11dw7_out_buf_0_0_ce1       |    9|          2|    1|          2|
    |p_ZL11dw7_out_buf_0_0_d0        |   14|          3|   32|         96|
    |p_ZL11dw7_out_buf_0_0_we0       |   14|          3|    1|          3|
    |p_ZL11dw7_out_buf_0_1_address0  |   14|          3|    2|          6|
    |p_ZL11dw7_out_buf_0_1_ce0       |   14|          3|    1|          3|
    |p_ZL11dw7_out_buf_0_1_ce1       |    9|          2|    1|          2|
    |p_ZL11dw7_out_buf_0_1_d0        |   14|          3|   32|         96|
    |p_ZL11dw7_out_buf_0_1_we0       |   14|          3|    1|          3|
    |p_ZL11dw7_out_buf_0_2_address0  |   14|          3|    2|          6|
    |p_ZL11dw7_out_buf_0_2_ce0       |   14|          3|    1|          3|
    |p_ZL11dw7_out_buf_0_2_ce1       |    9|          2|    1|          2|
    |p_ZL11dw7_out_buf_0_2_d0        |   14|          3|   32|         96|
    |p_ZL11dw7_out_buf_0_2_we0       |   14|          3|    1|          3|
    |p_ZL11dw7_out_buf_0_3_address0  |   14|          3|    2|          6|
    |p_ZL11dw7_out_buf_0_3_ce0       |   14|          3|    1|          3|
    |p_ZL11dw7_out_buf_0_3_ce1       |    9|          2|    1|          2|
    |p_ZL11dw7_out_buf_0_3_d0        |   14|          3|   32|         96|
    |p_ZL11dw7_out_buf_0_3_we0       |   14|          3|    1|          3|
    |p_ZL11dw7_out_buf_1_0_address0  |   14|          3|    2|          6|
    |p_ZL11dw7_out_buf_1_0_ce0       |   14|          3|    1|          3|
    |p_ZL11dw7_out_buf_1_0_ce1       |    9|          2|    1|          2|
    |p_ZL11dw7_out_buf_1_0_d0        |   14|          3|   32|         96|
    |p_ZL11dw7_out_buf_1_0_we0       |   14|          3|    1|          3|
    |p_ZL11dw7_out_buf_1_1_address0  |   14|          3|    2|          6|
    |p_ZL11dw7_out_buf_1_1_ce0       |   14|          3|    1|          3|
    |p_ZL11dw7_out_buf_1_1_ce1       |    9|          2|    1|          2|
    |p_ZL11dw7_out_buf_1_1_d0        |   14|          3|   32|         96|
    |p_ZL11dw7_out_buf_1_1_we0       |   14|          3|    1|          3|
    |p_ZL11dw7_out_buf_1_2_address0  |   14|          3|    2|          6|
    |p_ZL11dw7_out_buf_1_2_ce0       |   14|          3|    1|          3|
    |p_ZL11dw7_out_buf_1_2_ce1       |    9|          2|    1|          2|
    |p_ZL11dw7_out_buf_1_2_d0        |   14|          3|   32|         96|
    |p_ZL11dw7_out_buf_1_2_we0       |   14|          3|    1|          3|
    |p_ZL11dw7_out_buf_1_3_address0  |   14|          3|    2|          6|
    |p_ZL11dw7_out_buf_1_3_ce0       |   14|          3|    1|          3|
    |p_ZL11dw7_out_buf_1_3_ce1       |    9|          2|    1|          2|
    |p_ZL11dw7_out_buf_1_3_d0        |   14|          3|   32|         96|
    |p_ZL11dw7_out_buf_1_3_we0       |   14|          3|    1|          3|
    |phi_mul85_fu_250                |    9|          2|   37|         74|
    |phi_mul_reg_446                 |    9|          2|   61|        122|
    |r_reg_492                       |    9|          2|   31|         62|
    |tc_reg_458                      |    9|          2|   29|         58|
    |tn_fu_254                       |    9|          2|   30|         60|
    |tr_reg_435                      |    9|          2|   29|         58|
    |tripcount_iv_fu_258             |    9|          2|   32|         64|
    +--------------------------------+-----+-----------+-----+-----------+
    |Total                           | 1146|        251|  879|       2279|
    +--------------------------------+-----+-----------+-----+-----------+

    * Register: 
    +---------------------------------------------------------------------------------------------------------+----+----+-----+-----------+
    |                                                   Name                                                  | FF | LUT| Bits| Const Bits|
    +---------------------------------------------------------------------------------------------------------+----+----+-----+-----------+
    |CHin_read_reg_1722                                                                                       |  32|   0|   32|          0|
    |Hin_read_reg_1712                                                                                        |  32|   0|   32|          0|
    |Tc_loops_reg_1784                                                                                        |  31|   0|   31|          0|
    |Tn_loops_reg_1774                                                                                        |  32|   0|   32|          0|
    |Tr_loops_reg_1779                                                                                        |  31|   0|   31|          0|
    |Win_read_reg_1695                                                                                        |  32|   0|   32|          0|
    |add_ln101_reg_1955                                                                                       |  29|   0|   29|          0|
    |add_ln103_reg_1999                                                                                       |  30|   0|   32|          2|
    |add_ln104_reg_1976                                                                                       |  30|   0|   32|          2|
    |add_ln162_1_reg_2153                                                                                     |  62|   0|   62|          0|
    |add_ln164_reg_2328                                                                                       |  31|   0|   31|          0|
    |add_ln166_reg_2317                                                                                       |  31|   0|   31|          0|
    |add_ln74_2_reg_1842                                                                                      |  37|   0|   37|          0|
    |add_ln74_reg_1850                                                                                        |  30|   0|   30|          0|
    |add_ln76_reg_1866                                                                                        |  31|   0|   32|          1|
    |add_ln93_1_reg_1906                                                                                      |  29|   0|   29|          0|
    |add_ln93_2_reg_1898                                                                                      |  61|   0|   61|          0|
    |add_ln93_reg_1883                                                                                        |  33|   0|   33|          0|
    |ap_CS_fsm                                                                                                |  44|   0|   44|          0|
    |ashr_ln27_reg_2333                                                                                       |  32|   0|   32|          0|
    |bias_read_reg_1734                                                                                       |  64|   0|   64|          0|
    |c_reg_503                                                                                                |  31|   0|   31|          0|
    |cmp101_2_reg_2044                                                                                        |   1|   0|    1|          0|
    |cmp103_1_reg_2034                                                                                        |   1|   0|    1|          0|
    |cmp103_3_reg_2059                                                                                        |   1|   0|    1|          0|
    |cmp103_4_reg_2074                                                                                        |   1|   0|    1|          0|
    |cmp103_5_reg_2089                                                                                        |   1|   0|    1|          0|
    |cmp103_6_reg_2105                                                                                        |   1|   0|    1|          0|
    |cmp103_8_reg_2125                                                                                        |   1|   0|    1|          0|
    |cmp103_9_reg_2140                                                                                        |   1|   0|    1|          0|
    |cmp103_reg_2014                                                                                          |   1|   0|    1|          0|
    |cmp95_2_reg_2039                                                                                         |   1|   0|    1|          0|
    |cmp95_4_reg_2069                                                                                         |   1|   0|    1|          0|
    |cmp95_5_reg_2084                                                                                         |   1|   0|    1|          0|
    |cmp95_6_reg_2099                                                                                         |   1|   0|    1|          0|
    |cmp95_8_reg_2120                                                                                         |   1|   0|    1|          0|
    |cmp95_9_reg_2135                                                                                         |   1|   0|    1|          0|
    |cmp95_reg_2004                                                                                           |   1|   0|    1|          0|
    |cmp_i_reg_1769                                                                                           |   1|   0|    1|          0|
    |empty_49_reg_2019                                                                                        |  30|   0|   32|          2|
    |empty_50_reg_2115                                                                                        |  30|   0|   32|          2|
    |empty_51_reg_2130                                                                                        |  30|   0|   32|          2|
    |empty_54_reg_2176                                                                                        |  31|   0|   31|          0|
    |empty_56_reg_2186                                                                                        |   1|   0|    1|          0|
    |feat_in_read_reg_1744                                                                                    |  64|   0|   64|          0|
    |feat_out_read_reg_1729                                                                                   |  64|   0|   64|          0|
    |gmem3_addr_reg_2228                                                                                      |  64|   0|   64|          0|
    |grp_dwconv7_ip_Pipeline_CLEAR_DW7_OUT_VITIS_LOOP_129_5_fu_577_ap_start_reg                               |   1|   0|    1|          0|
    |grp_dwconv7_ip_Pipeline_COMPUTE_DW7_KH_COMPUTE_DW7_KW_COMPUTE_DW7_TR_COMPUTE_DW7_TC_fu_602_ap_start_reg  |   1|   0|    1|          0|
    |grp_dwconv7_ip_Pipeline_LOAD_DW7_IN_VITIS_LOOP_112_3_fu_527_ap_start_reg                                 |   1|   0|    1|          0|
    |grp_dwconv7_ip_Pipeline_LOAD_DW7_WT_VITIS_LOOP_83_1_fu_514_ap_start_reg                                  |   1|   0|    1|          0|
    |icmp101_reg_2110                                                                                         |   1|   0|    1|          0|
    |icmp98_reg_2054                                                                                          |   1|   0|    1|          0|
    |icmp_ln104_reg_1982                                                                                      |   1|   0|    1|          0|
    |icmp_ln76_reg_1871                                                                                       |   1|   0|    1|          0|
    |icmp_ln96_reg_1916                                                                                       |   1|   0|    1|          0|
    |icmp_reg_2024                                                                                            |   1|   0|    1|          0|
    |in_tile_h_reg_1942                                                                                       |  32|   0|   32|          0|
    |indvar_flatten64_reg_470                                                                                 |  62|   0|   62|          0|
    |mul_ln93_reg_1947                                                                                        |  62|   0|   62|          0|
    |n_reg_481                                                                                                |  31|   0|   31|          0|
    |out_shift_read_reg_1689                                                                                  |  32|   0|   32|          0|
    |p_ZL11dw7_out_buf_0_0_load_reg_2274                                                                      |  32|   0|   32|          0|
    |p_ZL11dw7_out_buf_0_1_load_reg_2279                                                                      |  32|   0|   32|          0|
    |p_ZL11dw7_out_buf_0_2_load_reg_2284                                                                      |  32|   0|   32|          0|
    |p_ZL11dw7_out_buf_0_3_load_reg_2289                                                                      |  32|   0|   32|          0|
    |p_ZL11dw7_out_buf_1_0_load_reg_2294                                                                      |  32|   0|   32|          0|
    |p_ZL11dw7_out_buf_1_1_load_reg_2299                                                                      |  32|   0|   32|          0|
    |p_ZL11dw7_out_buf_1_2_load_reg_2304                                                                      |  32|   0|   32|          0|
    |p_ZL11dw7_out_buf_1_3_load_reg_2309                                                                      |  32|   0|   32|          0|
    |phi_mul85_fu_250                                                                                         |  37|   0|   37|          0|
    |phi_mul_reg_446                                                                                          |  61|   0|   61|          0|
    |r_2_reg_2343                                                                                             |   8|   0|    8|          0|
    |r_3_reg_2349                                                                                             |   8|   0|    8|          0|
    |r_reg_492                                                                                                |  31|   0|   31|          0|
    |rev163_reg_2049                                                                                          |   1|   0|    1|          0|
    |select_ln162_1_reg_2164                                                                                  |  31|   0|   31|          0|
    |select_ln162_reg_2158                                                                                    |  31|   0|   31|          0|
    |sext_ln74_1_reg_1811                                                                                     |  64|   0|   64|          0|
    |sext_ln74_2_reg_1799                                                                                     |  33|   0|   33|          0|
    |sext_ln74_3_reg_1806                                                                                     |  61|   0|   61|          0|
    |sext_ln74_4_reg_1816                                                                                     |  33|   0|   33|          0|
    |sext_ln74_5_reg_1821                                                                                     |  33|   0|   33|          0|
    |sext_ln74_6_reg_1837                                                                                     |  33|   0|   33|          0|
    |sext_ln74_reg_1794                                                                                       |  64|   0|   64|          0|
    |shl_ln1_reg_1911                                                                                         |  29|   0|   31|          2|
    |shl_ln27_reg_2338                                                                                        |  32|   0|   32|          0|
    |shl_ln2_reg_1960                                                                                         |  29|   0|   31|          2|
    |shl_ln_reg_1855                                                                                          |  30|   0|   31|          1|
    |smax59_reg_1932                                                                                          |  31|   0|   31|          0|
    |sub_i_i_reg_1789                                                                                         |  32|   0|   32|          0|
    |sub_ln69_reg_1749                                                                                        |  32|   0|   32|          0|
    |sub_ln77_reg_1876                                                                                        |  33|   0|   33|          0|
    |sub_ln96_reg_1921                                                                                        |  32|   0|   32|          0|
    |tc_reg_458                                                                                               |  29|   0|   29|          0|
    |tc_valid_reg_1987                                                                                        |  32|   0|   32|          0|
    |tmp13_reg_2171                                                                                           |  61|   0|   61|          0|
    |tmp19_reg_2223                                                                                           |  64|   0|   64|          0|
    |tmp2_reg_2181                                                                                            |  32|   0|   32|          0|
    |tmp3_reg_2196                                                                                            |  64|   0|   64|          0|
    |tmp4_reg_2213                                                                                            |  64|   0|   64|          0|
    |tmp5_reg_2218                                                                                            |  64|   0|   64|          0|
    |tmp_14_reg_1764                                                                                          |   1|   0|    1|          0|
    |tmp_15_reg_2009                                                                                          |   1|   0|    1|          0|
    |tmp_17_reg_2029                                                                                          |   1|   0|    1|          0|
    |tmp_6_reg_1759                                                                                           |  30|   0|   30|          0|
    |tmp_8_reg_2064                                                                                           |  29|   0|   31|          2|
    |tmp_9_reg_2079                                                                                           |  29|   0|   31|          2|
    |tmp_reg_1754                                                                                             |  30|   0|   30|          0|
    |tmp_s_reg_2094                                                                                           |  29|   0|   31|          2|
    |tn_1_reg_1829                                                                                            |  30|   0|   30|          0|
    |tn_fu_254                                                                                                |  30|   0|   30|          0|
    |tr_reg_435                                                                                               |  29|   0|   29|          0|
    |tr_valid_reg_1926                                                                                        |  32|   0|   32|          0|
    |tripcount_iv_fu_258                                                                                      |  32|   0|   32|          0|
    |trunc_ln162_reg_1994                                                                                     |  31|   0|   31|          0|
    |trunc_ln74_reg_1888                                                                                      |  31|   0|   31|          0|
    |val_reg_2322                                                                                             |  32|   0|   32|          0|
    |weight_read_reg_1739                                                                                     |  64|   0|   64|          0|
    |zext_ln101_1_reg_2145                                                                                    |  29|   0|   61|         32|
    |zext_ln103_reg_1965                                                                                      |  29|   0|   32|          3|
    |zext_ln164_reg_2201                                                                                      |  31|   0|   64|         33|
    |zext_ln76_reg_1861                                                                                       |  30|   0|   32|          2|
    |zext_ln93_reg_1893                                                                                       |  31|   0|   62|         31|
    +---------------------------------------------------------------------------------------------------------+----+----+-----+-----------+
    |Total                                                                                                    |3441|   0| 3564|        123|
    +---------------------------------------------------------------------------------------------------------+----+----+-----+-----------+



================================================================
== Interface
================================================================
* Summary: 
+-----------------------+-----+-----+------------+--------------+--------------+
|       RTL Ports       | Dir | Bits|  Protocol  | Source Object|    C Type    |
+-----------------------+-----+-----+------------+--------------+--------------+
|s_axi_control_AWVALID  |   in|    1|       s_axi|       control|        scalar|
|s_axi_control_AWREADY  |  out|    1|       s_axi|       control|        scalar|
|s_axi_control_AWADDR   |   in|    6|       s_axi|       control|        scalar|
|s_axi_control_WVALID   |   in|    1|       s_axi|       control|        scalar|
|s_axi_control_WREADY   |  out|    1|       s_axi|       control|        scalar|
|s_axi_control_WDATA    |   in|   32|       s_axi|       control|        scalar|
|s_axi_control_WSTRB    |   in|    4|       s_axi|       control|        scalar|
|s_axi_control_ARVALID  |   in|    1|       s_axi|       control|        scalar|
|s_axi_control_ARREADY  |  out|    1|       s_axi|       control|        scalar|
|s_axi_control_ARADDR   |   in|    6|       s_axi|       control|        scalar|
|s_axi_control_RVALID   |  out|    1|       s_axi|       control|        scalar|
|s_axi_control_RREADY   |   in|    1|       s_axi|       control|        scalar|
|s_axi_control_RDATA    |  out|   32|       s_axi|       control|        scalar|
|s_axi_control_RRESP    |  out|    2|       s_axi|       control|        scalar|
|s_axi_control_BVALID   |  out|    1|       s_axi|       control|        scalar|
|s_axi_control_BREADY   |   in|    1|       s_axi|       control|        scalar|
|s_axi_control_BRESP    |  out|    2|       s_axi|       control|        scalar|
|s_axi_ctrl_AWVALID     |   in|    1|       s_axi|          ctrl|        scalar|
|s_axi_ctrl_AWREADY     |  out|    1|       s_axi|          ctrl|        scalar|
|s_axi_ctrl_AWADDR      |   in|    6|       s_axi|          ctrl|        scalar|
|s_axi_ctrl_WVALID      |   in|    1|       s_axi|          ctrl|        scalar|
|s_axi_ctrl_WREADY      |  out|    1|       s_axi|          ctrl|        scalar|
|s_axi_ctrl_WDATA       |   in|   32|       s_axi|          ctrl|        scalar|
|s_axi_ctrl_WSTRB       |   in|    4|       s_axi|          ctrl|        scalar|
|s_axi_ctrl_ARVALID     |   in|    1|       s_axi|          ctrl|        scalar|
|s_axi_ctrl_ARREADY     |  out|    1|       s_axi|          ctrl|        scalar|
|s_axi_ctrl_ARADDR      |   in|    6|       s_axi|          ctrl|        scalar|
|s_axi_ctrl_RVALID      |  out|    1|       s_axi|          ctrl|        scalar|
|s_axi_ctrl_RREADY      |   in|    1|       s_axi|          ctrl|        scalar|
|s_axi_ctrl_RDATA       |  out|   32|       s_axi|          ctrl|        scalar|
|s_axi_ctrl_RRESP       |  out|    2|       s_axi|          ctrl|        scalar|
|s_axi_ctrl_BVALID      |  out|    1|       s_axi|          ctrl|        scalar|
|s_axi_ctrl_BREADY      |   in|    1|       s_axi|          ctrl|        scalar|
|s_axi_ctrl_BRESP       |  out|    2|       s_axi|          ctrl|        scalar|
|ap_clk                 |   in|    1|  ap_ctrl_hs|    dwconv7_ip|  return value|
|ap_rst_n               |   in|    1|  ap_ctrl_hs|    dwconv7_ip|  return value|
|interrupt              |  out|    1|  ap_ctrl_hs|    dwconv7_ip|  return value|
|m_axi_gmem0_AWVALID    |  out|    1|       m_axi|         gmem0|       pointer|
|m_axi_gmem0_AWREADY    |   in|    1|       m_axi|         gmem0|       pointer|
|m_axi_gmem0_AWADDR     |  out|   64|       m_axi|         gmem0|       pointer|
|m_axi_gmem0_AWID       |  out|    1|       m_axi|         gmem0|       pointer|
|m_axi_gmem0_AWLEN      |  out|    8|       m_axi|         gmem0|       pointer|
|m_axi_gmem0_AWSIZE     |  out|    3|       m_axi|         gmem0|       pointer|
|m_axi_gmem0_AWBURST    |  out|    2|       m_axi|         gmem0|       pointer|
|m_axi_gmem0_AWLOCK     |  out|    2|       m_axi|         gmem0|       pointer|
|m_axi_gmem0_AWCACHE    |  out|    4|       m_axi|         gmem0|       pointer|
|m_axi_gmem0_AWPROT     |  out|    3|       m_axi|         gmem0|       pointer|
|m_axi_gmem0_AWQOS      |  out|    4|       m_axi|         gmem0|       pointer|
|m_axi_gmem0_AWREGION   |  out|    4|       m_axi|         gmem0|       pointer|
|m_axi_gmem0_AWUSER     |  out|    1|       m_axi|         gmem0|       pointer|
|m_axi_gmem0_WVALID     |  out|    1|       m_axi|         gmem0|       pointer|
|m_axi_gmem0_WREADY     |   in|    1|       m_axi|         gmem0|       pointer|
|m_axi_gmem0_WDATA      |  out|   32|       m_axi|         gmem0|       pointer|
|m_axi_gmem0_WSTRB      |  out|    4|       m_axi|         gmem0|       pointer|
|m_axi_gmem0_WLAST      |  out|    1|       m_axi|         gmem0|       pointer|
|m_axi_gmem0_WID        |  out|    1|       m_axi|         gmem0|       pointer|
|m_axi_gmem0_WUSER      |  out|    1|       m_axi|         gmem0|       pointer|
|m_axi_gmem0_ARVALID    |  out|    1|       m_axi|         gmem0|       pointer|
|m_axi_gmem0_ARREADY    |   in|    1|       m_axi|         gmem0|       pointer|
|m_axi_gmem0_ARADDR     |  out|   64|       m_axi|         gmem0|       pointer|
|m_axi_gmem0_ARID       |  out|    1|       m_axi|         gmem0|       pointer|
|m_axi_gmem0_ARLEN      |  out|    8|       m_axi|         gmem0|       pointer|
|m_axi_gmem0_ARSIZE     |  out|    3|       m_axi|         gmem0|       pointer|
|m_axi_gmem0_ARBURST    |  out|    2|       m_axi|         gmem0|       pointer|
|m_axi_gmem0_ARLOCK     |  out|    2|       m_axi|         gmem0|       pointer|
|m_axi_gmem0_ARCACHE    |  out|    4|       m_axi|         gmem0|       pointer|
|m_axi_gmem0_ARPROT     |  out|    3|       m_axi|         gmem0|       pointer|
|m_axi_gmem0_ARQOS      |  out|    4|       m_axi|         gmem0|       pointer|
|m_axi_gmem0_ARREGION   |  out|    4|       m_axi|         gmem0|       pointer|
|m_axi_gmem0_ARUSER     |  out|    1|       m_axi|         gmem0|       pointer|
|m_axi_gmem0_RVALID     |   in|    1|       m_axi|         gmem0|       pointer|
|m_axi_gmem0_RREADY     |  out|    1|       m_axi|         gmem0|       pointer|
|m_axi_gmem0_RDATA      |   in|   32|       m_axi|         gmem0|       pointer|
|m_axi_gmem0_RLAST      |   in|    1|       m_axi|         gmem0|       pointer|
|m_axi_gmem0_RID        |   in|    1|       m_axi|         gmem0|       pointer|
|m_axi_gmem0_RUSER      |   in|    1|       m_axi|         gmem0|       pointer|
|m_axi_gmem0_RRESP      |   in|    2|       m_axi|         gmem0|       pointer|
|m_axi_gmem0_BVALID     |   in|    1|       m_axi|         gmem0|       pointer|
|m_axi_gmem0_BREADY     |  out|    1|       m_axi|         gmem0|       pointer|
|m_axi_gmem0_BRESP      |   in|    2|       m_axi|         gmem0|       pointer|
|m_axi_gmem0_BID        |   in|    1|       m_axi|         gmem0|       pointer|
|m_axi_gmem0_BUSER      |   in|    1|       m_axi|         gmem0|       pointer|
|m_axi_gmem1_AWVALID    |  out|    1|       m_axi|         gmem1|       pointer|
|m_axi_gmem1_AWREADY    |   in|    1|       m_axi|         gmem1|       pointer|
|m_axi_gmem1_AWADDR     |  out|   64|       m_axi|         gmem1|       pointer|
|m_axi_gmem1_AWID       |  out|    1|       m_axi|         gmem1|       pointer|
|m_axi_gmem1_AWLEN      |  out|    8|       m_axi|         gmem1|       pointer|
|m_axi_gmem1_AWSIZE     |  out|    3|       m_axi|         gmem1|       pointer|
|m_axi_gmem1_AWBURST    |  out|    2|       m_axi|         gmem1|       pointer|
|m_axi_gmem1_AWLOCK     |  out|    2|       m_axi|         gmem1|       pointer|
|m_axi_gmem1_AWCACHE    |  out|    4|       m_axi|         gmem1|       pointer|
|m_axi_gmem1_AWPROT     |  out|    3|       m_axi|         gmem1|       pointer|
|m_axi_gmem1_AWQOS      |  out|    4|       m_axi|         gmem1|       pointer|
|m_axi_gmem1_AWREGION   |  out|    4|       m_axi|         gmem1|       pointer|
|m_axi_gmem1_AWUSER     |  out|    1|       m_axi|         gmem1|       pointer|
|m_axi_gmem1_WVALID     |  out|    1|       m_axi|         gmem1|       pointer|
|m_axi_gmem1_WREADY     |   in|    1|       m_axi|         gmem1|       pointer|
|m_axi_gmem1_WDATA      |  out|   32|       m_axi|         gmem1|       pointer|
|m_axi_gmem1_WSTRB      |  out|    4|       m_axi|         gmem1|       pointer|
|m_axi_gmem1_WLAST      |  out|    1|       m_axi|         gmem1|       pointer|
|m_axi_gmem1_WID        |  out|    1|       m_axi|         gmem1|       pointer|
|m_axi_gmem1_WUSER      |  out|    1|       m_axi|         gmem1|       pointer|
|m_axi_gmem1_ARVALID    |  out|    1|       m_axi|         gmem1|       pointer|
|m_axi_gmem1_ARREADY    |   in|    1|       m_axi|         gmem1|       pointer|
|m_axi_gmem1_ARADDR     |  out|   64|       m_axi|         gmem1|       pointer|
|m_axi_gmem1_ARID       |  out|    1|       m_axi|         gmem1|       pointer|
|m_axi_gmem1_ARLEN      |  out|    8|       m_axi|         gmem1|       pointer|
|m_axi_gmem1_ARSIZE     |  out|    3|       m_axi|         gmem1|       pointer|
|m_axi_gmem1_ARBURST    |  out|    2|       m_axi|         gmem1|       pointer|
|m_axi_gmem1_ARLOCK     |  out|    2|       m_axi|         gmem1|       pointer|
|m_axi_gmem1_ARCACHE    |  out|    4|       m_axi|         gmem1|       pointer|
|m_axi_gmem1_ARPROT     |  out|    3|       m_axi|         gmem1|       pointer|
|m_axi_gmem1_ARQOS      |  out|    4|       m_axi|         gmem1|       pointer|
|m_axi_gmem1_ARREGION   |  out|    4|       m_axi|         gmem1|       pointer|
|m_axi_gmem1_ARUSER     |  out|    1|       m_axi|         gmem1|       pointer|
|m_axi_gmem1_RVALID     |   in|    1|       m_axi|         gmem1|       pointer|
|m_axi_gmem1_RREADY     |  out|    1|       m_axi|         gmem1|       pointer|
|m_axi_gmem1_RDATA      |   in|   32|       m_axi|         gmem1|       pointer|
|m_axi_gmem1_RLAST      |   in|    1|       m_axi|         gmem1|       pointer|
|m_axi_gmem1_RID        |   in|    1|       m_axi|         gmem1|       pointer|
|m_axi_gmem1_RUSER      |   in|    1|       m_axi|         gmem1|       pointer|
|m_axi_gmem1_RRESP      |   in|    2|       m_axi|         gmem1|       pointer|
|m_axi_gmem1_BVALID     |   in|    1|       m_axi|         gmem1|       pointer|
|m_axi_gmem1_BREADY     |  out|    1|       m_axi|         gmem1|       pointer|
|m_axi_gmem1_BRESP      |   in|    2|       m_axi|         gmem1|       pointer|
|m_axi_gmem1_BID        |   in|    1|       m_axi|         gmem1|       pointer|
|m_axi_gmem1_BUSER      |   in|    1|       m_axi|         gmem1|       pointer|
|m_axi_gmem2_AWVALID    |  out|    1|       m_axi|         gmem2|       pointer|
|m_axi_gmem2_AWREADY    |   in|    1|       m_axi|         gmem2|       pointer|
|m_axi_gmem2_AWADDR     |  out|   64|       m_axi|         gmem2|       pointer|
|m_axi_gmem2_AWID       |  out|    1|       m_axi|         gmem2|       pointer|
|m_axi_gmem2_AWLEN      |  out|    8|       m_axi|         gmem2|       pointer|
|m_axi_gmem2_AWSIZE     |  out|    3|       m_axi|         gmem2|       pointer|
|m_axi_gmem2_AWBURST    |  out|    2|       m_axi|         gmem2|       pointer|
|m_axi_gmem2_AWLOCK     |  out|    2|       m_axi|         gmem2|       pointer|
|m_axi_gmem2_AWCACHE    |  out|    4|       m_axi|         gmem2|       pointer|
|m_axi_gmem2_AWPROT     |  out|    3|       m_axi|         gmem2|       pointer|
|m_axi_gmem2_AWQOS      |  out|    4|       m_axi|         gmem2|       pointer|
|m_axi_gmem2_AWREGION   |  out|    4|       m_axi|         gmem2|       pointer|
|m_axi_gmem2_AWUSER     |  out|    1|       m_axi|         gmem2|       pointer|
|m_axi_gmem2_WVALID     |  out|    1|       m_axi|         gmem2|       pointer|
|m_axi_gmem2_WREADY     |   in|    1|       m_axi|         gmem2|       pointer|
|m_axi_gmem2_WDATA      |  out|   32|       m_axi|         gmem2|       pointer|
|m_axi_gmem2_WSTRB      |  out|    4|       m_axi|         gmem2|       pointer|
|m_axi_gmem2_WLAST      |  out|    1|       m_axi|         gmem2|       pointer|
|m_axi_gmem2_WID        |  out|    1|       m_axi|         gmem2|       pointer|
|m_axi_gmem2_WUSER      |  out|    1|       m_axi|         gmem2|       pointer|
|m_axi_gmem2_ARVALID    |  out|    1|       m_axi|         gmem2|       pointer|
|m_axi_gmem2_ARREADY    |   in|    1|       m_axi|         gmem2|       pointer|
|m_axi_gmem2_ARADDR     |  out|   64|       m_axi|         gmem2|       pointer|
|m_axi_gmem2_ARID       |  out|    1|       m_axi|         gmem2|       pointer|
|m_axi_gmem2_ARLEN      |  out|    8|       m_axi|         gmem2|       pointer|
|m_axi_gmem2_ARSIZE     |  out|    3|       m_axi|         gmem2|       pointer|
|m_axi_gmem2_ARBURST    |  out|    2|       m_axi|         gmem2|       pointer|
|m_axi_gmem2_ARLOCK     |  out|    2|       m_axi|         gmem2|       pointer|
|m_axi_gmem2_ARCACHE    |  out|    4|       m_axi|         gmem2|       pointer|
|m_axi_gmem2_ARPROT     |  out|    3|       m_axi|         gmem2|       pointer|
|m_axi_gmem2_ARQOS      |  out|    4|       m_axi|         gmem2|       pointer|
|m_axi_gmem2_ARREGION   |  out|    4|       m_axi|         gmem2|       pointer|
|m_axi_gmem2_ARUSER     |  out|    1|       m_axi|         gmem2|       pointer|
|m_axi_gmem2_RVALID     |   in|    1|       m_axi|         gmem2|       pointer|
|m_axi_gmem2_RREADY     |  out|    1|       m_axi|         gmem2|       pointer|
|m_axi_gmem2_RDATA      |   in|   32|       m_axi|         gmem2|       pointer|
|m_axi_gmem2_RLAST      |   in|    1|       m_axi|         gmem2|       pointer|
|m_axi_gmem2_RID        |   in|    1|       m_axi|         gmem2|       pointer|
|m_axi_gmem2_RUSER      |   in|    1|       m_axi|         gmem2|       pointer|
|m_axi_gmem2_RRESP      |   in|    2|       m_axi|         gmem2|       pointer|
|m_axi_gmem2_BVALID     |   in|    1|       m_axi|         gmem2|       pointer|
|m_axi_gmem2_BREADY     |  out|    1|       m_axi|         gmem2|       pointer|
|m_axi_gmem2_BRESP      |   in|    2|       m_axi|         gmem2|       pointer|
|m_axi_gmem2_BID        |   in|    1|       m_axi|         gmem2|       pointer|
|m_axi_gmem2_BUSER      |   in|    1|       m_axi|         gmem2|       pointer|
|m_axi_gmem3_AWVALID    |  out|    1|       m_axi|         gmem3|       pointer|
|m_axi_gmem3_AWREADY    |   in|    1|       m_axi|         gmem3|       pointer|
|m_axi_gmem3_AWADDR     |  out|   64|       m_axi|         gmem3|       pointer|
|m_axi_gmem3_AWID       |  out|    1|       m_axi|         gmem3|       pointer|
|m_axi_gmem3_AWLEN      |  out|    8|       m_axi|         gmem3|       pointer|
|m_axi_gmem3_AWSIZE     |  out|    3|       m_axi|         gmem3|       pointer|
|m_axi_gmem3_AWBURST    |  out|    2|       m_axi|         gmem3|       pointer|
|m_axi_gmem3_AWLOCK     |  out|    2|       m_axi|         gmem3|       pointer|
|m_axi_gmem3_AWCACHE    |  out|    4|       m_axi|         gmem3|       pointer|
|m_axi_gmem3_AWPROT     |  out|    3|       m_axi|         gmem3|       pointer|
|m_axi_gmem3_AWQOS      |  out|    4|       m_axi|         gmem3|       pointer|
|m_axi_gmem3_AWREGION   |  out|    4|       m_axi|         gmem3|       pointer|
|m_axi_gmem3_AWUSER     |  out|    1|       m_axi|         gmem3|       pointer|
|m_axi_gmem3_WVALID     |  out|    1|       m_axi|         gmem3|       pointer|
|m_axi_gmem3_WREADY     |   in|    1|       m_axi|         gmem3|       pointer|
|m_axi_gmem3_WDATA      |  out|   32|       m_axi|         gmem3|       pointer|
|m_axi_gmem3_WSTRB      |  out|    4|       m_axi|         gmem3|       pointer|
|m_axi_gmem3_WLAST      |  out|    1|       m_axi|         gmem3|       pointer|
|m_axi_gmem3_WID        |  out|    1|       m_axi|         gmem3|       pointer|
|m_axi_gmem3_WUSER      |  out|    1|       m_axi|         gmem3|       pointer|
|m_axi_gmem3_ARVALID    |  out|    1|       m_axi|         gmem3|       pointer|
|m_axi_gmem3_ARREADY    |   in|    1|       m_axi|         gmem3|       pointer|
|m_axi_gmem3_ARADDR     |  out|   64|       m_axi|         gmem3|       pointer|
|m_axi_gmem3_ARID       |  out|    1|       m_axi|         gmem3|       pointer|
|m_axi_gmem3_ARLEN      |  out|    8|       m_axi|         gmem3|       pointer|
|m_axi_gmem3_ARSIZE     |  out|    3|       m_axi|         gmem3|       pointer|
|m_axi_gmem3_ARBURST    |  out|    2|       m_axi|         gmem3|       pointer|
|m_axi_gmem3_ARLOCK     |  out|    2|       m_axi|         gmem3|       pointer|
|m_axi_gmem3_ARCACHE    |  out|    4|       m_axi|         gmem3|       pointer|
|m_axi_gmem3_ARPROT     |  out|    3|       m_axi|         gmem3|       pointer|
|m_axi_gmem3_ARQOS      |  out|    4|       m_axi|         gmem3|       pointer|
|m_axi_gmem3_ARREGION   |  out|    4|       m_axi|         gmem3|       pointer|
|m_axi_gmem3_ARUSER     |  out|    1|       m_axi|         gmem3|       pointer|
|m_axi_gmem3_RVALID     |   in|    1|       m_axi|         gmem3|       pointer|
|m_axi_gmem3_RREADY     |  out|    1|       m_axi|         gmem3|       pointer|
|m_axi_gmem3_RDATA      |   in|   32|       m_axi|         gmem3|       pointer|
|m_axi_gmem3_RLAST      |   in|    1|       m_axi|         gmem3|       pointer|
|m_axi_gmem3_RID        |   in|    1|       m_axi|         gmem3|       pointer|
|m_axi_gmem3_RUSER      |   in|    1|       m_axi|         gmem3|       pointer|
|m_axi_gmem3_RRESP      |   in|    2|       m_axi|         gmem3|       pointer|
|m_axi_gmem3_BVALID     |   in|    1|       m_axi|         gmem3|       pointer|
|m_axi_gmem3_BREADY     |  out|    1|       m_axi|         gmem3|       pointer|
|m_axi_gmem3_BRESP      |   in|    2|       m_axi|         gmem3|       pointer|
|m_axi_gmem3_BID        |   in|    1|       m_axi|         gmem3|       pointer|
|m_axi_gmem3_BUSER      |   in|    1|       m_axi|         gmem3|       pointer|
+-----------------------+-----+-----+------------+--------------+--------------+

