================================================================
== Design Size Report
================================================================

* Total Instructions per Compilation Phase
+---------------+-----------------------------+--------------+----------------------------------------------------------------------------------------+
| Phase         | Step                        | Instructions | Description                                                                            |
+---------------+-----------------------------+--------------+----------------------------------------------------------------------------------------+
| Compile/Link  |                             |  2,052       | After all functions are compiled and linked into a single design                       |
|               |                             |              |                                                                                        |
| Unroll/Inline |                             |              | After user unroll and inline pragmas are applied                                       |
|               | (1) unroll                  |  2,825       | user unroll pragmas are applied                                                        |
|               | (2) simplification          |  2,361       | simplification of applied user unroll pragmas                                          |
|               | (3) inline                  |  2,300       | user inline pragmas are applied                                                        |
|               | (4) simplification          |  2,278       | simplification of applied user inline pragmas                                          |
|               |                             |              |                                                                                        |
| Array/Struct  |                             |              | After user array partition and struct aggregate/disaggregate pragmas are applied       |
|               | (1) array partition         | 12,061       | user array partition pragmas are applied                                               |
|               | (2) simplification          |  5,969       | simplification of applied user array partition & struct aggregate/disaggregate pragmas |
|               | (3) aggregate/disaggregate  |  6,032       | user struct aggregate/disaggregate pragmas are applied                                 |
|               | (4) array reshape           |  6,011       | apply array reshape pragmas                                                            |
|               | (5) access patterns         | 10,344       | array access pattern optmizations                                                      |
|               |                             |              |                                                                                        |
| Performance   |                             |              | After transformations are applied to meet performance pragma targets                   |
|               | (1) loop simplification     |  6,951       | loop and instruction simplification                                                    |
|               | (2) parallelization         |  5,974       | loops are unrolled or pipelined to meet performance targets                            |
|               | (3) array partition         |  5,959       | arrays are partitioned to meet performance targets                                     |
|               | (4) simplification          |  5,958       | simplification of design after performance transformations                             |
|               |                             |              |                                                                                        |
| HW Transforms |                             |              | After hardware transfomations                                                          |
|               | (1) lowering                |  5,902       | initial conversion to HW specific instructions                                         |
|               | (2) optimizations           |  4,993       | high level synthesis optimizations                                                     |
+---------------+-----------------------------+--------------+----------------------------------------------------------------------------------------+

* Instructions per Function for each Compilation Phase
+------------------------+-------------------+----------------+-----------------+-----------------+----------------+----------------+
| Function               | Location          | Compile/Link   | Unroll/Inline   | Array/Struct    | Performance    | HW Transforms  |
+------------------------+-------------------+----------------+-----------------+-----------------+----------------+----------------+
| + mac_array_top        | mac_array.cpp:375 | 2,052          | 2,278           | 10,344          | 5,958          | 4,993          |
|  + run_layer           | mac_array.cpp:239 | 2,036          | 2,264           | 10,330          | 5,944          | 4,963          |
|   + run_reduce_unified | mac_array.cpp:103 |  766           | 1,850           | 2,299           | 1,235          | 1,248          |
|      drive_mac         | mac_array.cpp:52  |  472 (2 calls) | 1,036 (2 calls) |   778 (2 calls) |  646 (2 calls) |  650 (2 calls) |
|     clip_shift         | mac_array.cpp:25  |  290 (2 calls) |                 |                 |                |                |
+------------------------+-------------------+----------------+-----------------+-----------------+----------------+----------------+

* Design Size Message Settings
+---------------------------------------------+--------+------------------------------------------------------------------+
| Message Setting                             | Value  | Description                                                      |
+---------------------------------------------+--------+------------------------------------------------------------------+
| config_compile -design_size_maximum_warning | 100000 | Show a warning when total design instructions exceeds this value |
+---------------------------------------------+--------+------------------------------------------------------------------+


