

================================================================
== Vitis HLS Report for 'run_layer_Pipeline_PW_WSTAGE'
================================================================
* Date:           Thu Aug 20 11:23:32 2026

* Version:        2024.2 (Build 5238294 on Nov  8 2024)
* Project:        mac_array_poc_r15
* Solution:       solution1 (Vivado IP Flow Target)
* Product family: zynq
* Target device:  xc7z020-clg400-1


================================================================
== Performance Estimates
================================================================
+ Timing: 
    * Summary: 
    +--------+----------+----------+------------+
    |  Clock |  Target  | Estimated| Uncertainty|
    +--------+----------+----------+------------+
    |ap_clk  |  10.00 ns|  5.001 ns|     2.70 ns|
    +--------+----------+----------+------------+

+ Latency: 
    * Summary: 
    +---------+---------+----------+----------+-----+-----+------------------------------------------------+
    |  Latency (cycles) |  Latency (absolute) |  Interval |                    Pipeline                    |
    |   min   |   max   |    min   |    max   | min | max |                      Type                      |
    +---------+---------+----------+----------+-----+-----+------------------------------------------------+
    |       34|       34|  0.340 us|  0.340 us|   33|   33|  loop auto-rewind stp (delay=0 clock cycles(s))|
    +---------+---------+----------+----------+-----+-----+------------------------------------------------+

    + Detail: 
        * Instance: 
        N/A

        * Loop: 
        +-------------+---------+---------+----------+-----------+-----------+------+----------+
        |             |  Latency (cycles) | Iteration|  Initiation Interval  | Trip |          |
        |  Loop Name  |   min   |   max   |  Latency |  achieved |   target  | Count| Pipelined|
        +-------------+---------+---------+----------+-----------+-----------+------+----------+
        |- PW_WSTAGE  |       32|       32|         2|          1|          1|    32|       yes|
        +-------------+---------+---------+----------+-----------+-----------+------+----------+



================================================================
== Utilization Estimates
================================================================
* Summary: 
+-----------------+---------+-----+--------+-------+-----+
|       Name      | BRAM_18K| DSP |   FF   |  LUT  | URAM|
+-----------------+---------+-----+--------+-------+-----+
|DSP              |        -|    -|       -|      -|    -|
|Expression       |        -|    -|       0|     77|    -|
|FIFO             |        -|    -|       -|      -|    -|
|Instance         |        -|    -|       -|      -|    -|
|Memory           |        -|    -|       -|      -|    -|
|Multiplexer      |        -|    -|       0|     36|    -|
|Register         |        -|    -|      15|      -|    -|
+-----------------+---------+-----+--------+-------+-----+
|Total            |        0|    0|      15|    113|    0|
+-----------------+---------+-----+--------+-------+-----+
|Available        |      280|  220|  106400|  53200|    0|
+-----------------+---------+-----+--------+-------+-----+
|Utilization (%)  |        0|    0|      ~0|     ~0|    0|
+-----------------+---------+-----+--------+-------+-----+

+ Detail: 
    * Instance: 
    N/A

    * DSP: 
    N/A

    * Memory: 
    N/A

    * FIFO: 
    N/A

    * Expression: 
    +------------------------+----------+----+---+----+------------+------------+
    |      Variable Name     | Operation| DSP| FF| LUT| Bitwidth P0| Bitwidth P1|
    +------------------------+----------+----+---+----+------------+------------+
    |add_ln317_fu_100_p2     |         +|   0|  0|  14|           6|           1|
    |icmp_ln317_fu_94_p2     |      icmp|   0|  0|  14|           6|           7|
    |icmp_ln318_fu_124_p2    |      icmp|   0|  0|  39|          32|          32|
    |select_ln318_fu_140_p3  |    select|   0|  0|   8|           1|           8|
    |ap_enable_pp0           |       xor|   0|  0|   2|           1|           2|
    +------------------------+----------+----+---+----+------------+------------+
    |Total                   |          |   0|  0|  77|          46|          50|
    +------------------------+----------+----+---+----+------------+------------+

    * Multiplexer: 
    +-------------------------+----+-----------+-----+-----------+
    |           Name          | LUT| Input Size| Bits| Total Bits|
    +-------------------------+----+-----------+-----+-----------+
    |ap_done_int              |   9|          2|    1|          2|
    |ap_enable_reg_pp0_iter1  |   9|          2|    1|          2|
    |ap_sig_allocacmp_ci_1    |   9|          2|    6|         12|
    |ci_fu_44                 |   9|          2|    6|         12|
    +-------------------------+----+-----------+-----+-----------+
    |Total                    |  36|          8|   14|         28|
    +-------------------------+----+-----------+-----+-----------+

    * Register: 
    +-------------------------+---+----+-----+-----------+
    |           Name          | FF| LUT| Bits| Const Bits|
    +-------------------------+---+----+-----+-----------+
    |ap_CS_fsm                |  1|   0|    1|          0|
    |ap_done_reg              |  1|   0|    1|          0|
    |ap_enable_reg_pp0_iter1  |  1|   0|    1|          0|
    |ci_fu_44                 |  6|   0|    6|          0|
    |icmp_ln318_reg_172       |  1|   0|    1|          0|
    |lshr_ln1_reg_167         |  4|   0|    4|          0|
    |trunc_ln317_reg_163      |  1|   0|    1|          0|
    +-------------------------+---+----+-----+-----------+
    |Total                    | 15|   0|   15|          0|
    +-------------------------+---+----+-----+-----------+



================================================================
== Interface
================================================================
* Summary: 
+---------------------+-----+-----+------------+------------------------------+--------------+
|      RTL Ports      | Dir | Bits|  Protocol  |         Source Object        |    C Type    |
+---------------------+-----+-----+------------+------------------------------+--------------+
|ap_clk               |   in|    1|  ap_ctrl_hs|  run_layer_Pipeline_PW_WSTAGE|  return value|
|ap_rst               |   in|    1|  ap_ctrl_hs|  run_layer_Pipeline_PW_WSTAGE|  return value|
|ap_start             |   in|    1|  ap_ctrl_hs|  run_layer_Pipeline_PW_WSTAGE|  return value|
|ap_done              |  out|    1|  ap_ctrl_hs|  run_layer_Pipeline_PW_WSTAGE|  return value|
|ap_idle              |  out|    1|  ap_ctrl_hs|  run_layer_Pipeline_PW_WSTAGE|  return value|
|ap_ready             |  out|    1|  ap_ctrl_hs|  run_layer_Pipeline_PW_WSTAGE|  return value|
|pw_wtile_1_address0  |  out|    4|   ap_memory|                    pw_wtile_1|         array|
|pw_wtile_1_ce0       |  out|    1|   ap_memory|                    pw_wtile_1|         array|
|pw_wtile_1_we0       |  out|    1|   ap_memory|                    pw_wtile_1|         array|
|pw_wtile_1_d0        |  out|    8|   ap_memory|                    pw_wtile_1|         array|
|pw_wtile_address0    |  out|    4|   ap_memory|                      pw_wtile|         array|
|pw_wtile_ce0         |  out|    1|   ap_memory|                      pw_wtile|         array|
|pw_wtile_we0         |  out|    1|   ap_memory|                      pw_wtile|         array|
|pw_wtile_d0          |  out|    8|   ap_memory|                      pw_wtile|         array|
|Cin                  |   in|   32|     ap_none|                           Cin|        scalar|
|w_base_read          |   in|    8|     ap_none|                   w_base_read|        scalar|
+---------------------+-----+-----+------------+------------------------------+--------------+

