Copyright 1986-2022 Xilinx, Inc. All Rights Reserved. Copyright 2022-2024 Advanced Micro Devices, Inc. All Rights Reserved.
------------------------------------------------------------------------------------------------------------------------------------------------------------------------------------------------------------
| Tool Version : Vivado v.2024.2 (win64) Build 5239630 Fri Nov 08 22:35:27 MST 2024
| Date         : Wed Aug 12 21:50:02 2026
| Host         : DESKTOP-GBLH5MP running 64-bit major release  (build 9200)
| Command      : report_timing -delay_type max -max_paths 10 -sort_by group -file E:/codes/microzed/fastvit_hls/vivado_impl/fastvit_dsconv_fused_only_200mhz_proj/timing_detail_dsconv_fused_round6cong.rpt
| Design       : fastvit_bd_wrapper
| Device       : 7z020-clg400
| Speed File   : -1  PRODUCTION 1.12 2019-11-22
| Design State : Physopt postRoute
------------------------------------------------------------------------------------------------------------------------------------------------------------------------------------------------------------

Timing Report

Slack (VIOLATED) :        -1.504ns  (required time - arrival time)
  Source:                 fastvit_bd_i/worker_0/inst/grp_dsconv_worker_Pipeline_WRITEBACK_PW_VITIS_LOOP_533_6_VITIS_LOOP_555_7_fu_2912/add_ln558_reg_9716_reg[3]/C
                            (rising edge-triggered cell FDRE clocked by clk_fpga_0  {rise@0.000ns fall@2.500ns period=5.000ns})
  Destination:            fastvit_bd_i/worker_0/inst/pw_acc_60_U/ram_reg/ADDRBWRADDR[7]
                            (rising edge-triggered cell RAMB18E1 clocked by clk_fpga_0  {rise@0.000ns fall@2.500ns period=5.000ns})
  Path Group:             clk_fpga_0
  Path Type:              Setup (Max at Slow Process Corner)
  Requirement:            5.000ns  (clk_fpga_0 rise@5.000ns - clk_fpga_0 rise@0.000ns)
  Data Path Delay:        5.486ns  (logic 0.952ns (17.352%)  route 4.534ns (82.648%))
  Logic Levels:           4  (LUT5=2 LUT6=2)
  Clock Path Skew:        -0.369ns (DCD - SCD + CPR)
    Destination Clock Delay (DCD):    3.367ns = ( 8.367 - 5.000 ) 
    Source Clock Delay      (SCD):    3.934ns
    Clock Pessimism Removal (CPR):    0.198ns
  Clock Uncertainty:      0.083ns  ((TSJ^2 + TIJ^2)^1/2 + DJ) / 2 + PE
    Total System Jitter     (TSJ):    0.071ns
    Total Input Jitter      (TIJ):    0.150ns
    Discrete Jitter          (DJ):    0.000ns
    Phase Error              (PE):    0.000ns

    Location             Delay type                Incr(ns)  Path(ns)    Netlist Resource(s)
  -------------------------------------------------------------------    -------------------
                         (clock clk_fpga_0 rise edge)
                                                      0.000     0.000 r  
    PS7_X0Y0             PS7                          0.000     0.000 r  fastvit_bd_i/ps7_0/inst/PS7_i/FCLKCLK[0]
                         net (fo=1, routed)           1.193     1.193    fastvit_bd_i/ps7_0/inst/FCLK_CLK_unbuffered[0]
    BUFGCTRL_X0Y19       BUFG (Prop_bufg_I_O)         0.101     1.294 r  fastvit_bd_i/ps7_0/inst/buffer_fclk_clk_0.FCLK_CLK_0_BUFG_replica_2/O
                         net (fo=7, routed)           0.146     1.440    fastvit_bd_i/ps7_0/inst/FCLK_CLK0_repN_2
    BUFGCTRL_X0Y18       BUFG (Prop_bufg_I_O)         0.101     1.541 r  fastvit_bd_i/ps7_0/inst/buffer_fclk_clk_0.FCLK_CLK_0_BUFG_replica_1/O
                         net (fo=7, routed)           0.146     1.687    fastvit_bd_i/ps7_0/inst/FCLK_CLK0_repN_1
    BUFGCTRL_X0Y17       BUFG (Prop_bufg_I_O)         0.101     1.788 r  fastvit_bd_i/ps7_0/inst/buffer_fclk_clk_0.FCLK_CLK_0_BUFG_replica/O
                         net (fo=51, routed)          0.146     1.934    fastvit_bd_i/ps7_0/inst/FCLK_CLK0_repN
    BUFGCTRL_X0Y16       BUFG (Prop_bufg_I_O)         0.101     2.035 r  fastvit_bd_i/ps7_0/inst/buffer_fclk_clk_0.FCLK_CLK_0_BUFG/O
                         net (fo=46412, routed)       1.899     3.934    fastvit_bd_i/worker_0/inst/grp_dsconv_worker_Pipeline_WRITEBACK_PW_VITIS_LOOP_533_6_VITIS_LOOP_555_7_fu_2912/ap_clk
    SLICE_X56Y114        FDRE                                         r  fastvit_bd_i/worker_0/inst/grp_dsconv_worker_Pipeline_WRITEBACK_PW_VITIS_LOOP_533_6_VITIS_LOOP_555_7_fu_2912/add_ln558_reg_9716_reg[3]/C
  -------------------------------------------------------------------    -------------------
    SLICE_X56Y114        FDRE (Prop_fdre_C_Q)         0.456     4.390 r  fastvit_bd_i/worker_0/inst/grp_dsconv_worker_Pipeline_WRITEBACK_PW_VITIS_LOOP_533_6_VITIS_LOOP_555_7_fu_2912/add_ln558_reg_9716_reg[3]/Q
                         net (fo=6, routed)           0.522     4.912    fastvit_bd_i/worker_0/inst/grp_dsconv_worker_Pipeline_WRITEBACK_PW_VITIS_LOOP_533_6_VITIS_LOOP_555_7_fu_2912/add_ln558_reg_9716[3]
    SLICE_X56Y114        LUT5 (Prop_lut5_I2_O)        0.124     5.036 r  fastvit_bd_i/worker_0/inst/grp_dsconv_worker_Pipeline_WRITEBACK_PW_VITIS_LOOP_533_6_VITIS_LOOP_555_7_fu_2912/ram_reg_i_85/O
                         net (fo=60, routed)          1.587     6.624    fastvit_bd_i/worker_0/inst/grp_dsconv_worker_Pipeline_WRITEBACK_PW_VITIS_LOOP_533_6_VITIS_LOOP_555_7_fu_2912/ram_reg_i_85_n_0
    SLICE_X49Y105        LUT6 (Prop_lut6_I1_O)        0.124     6.748 f  fastvit_bd_i/worker_0/inst/grp_dsconv_worker_Pipeline_WRITEBACK_PW_VITIS_LOOP_533_6_VITIS_LOOP_555_7_fu_2912/ram_reg_i_15__47/O
                         net (fo=1, routed)           0.451     7.199    fastvit_bd_i/worker_0/inst/grp_dsconv_worker_Pipeline_WRITEBACK_PW_VITIS_LOOP_533_6_VITIS_LOOP_555_7_fu_2912/ram_reg_i_15__47_n_0
    SLICE_X49Y104        LUT6 (Prop_lut6_I0_O)        0.124     7.323 r  fastvit_bd_i/worker_0/inst/grp_dsconv_worker_Pipeline_WRITEBACK_PW_VITIS_LOOP_533_6_VITIS_LOOP_555_7_fu_2912/ram_reg_i_8__28/O
                         net (fo=1, routed)           0.782     8.105    fastvit_bd_i/worker_0/inst/grp_dsconv_worker_Pipeline_WRITEBACK_PW_VITIS_LOOP_533_6_VITIS_LOOP_555_7_fu_2912/grp_dsconv_worker_Pipeline_WRITEBACK_PW_VITIS_LOOP_533_6_VITIS_LOOP_555_7_fu_2912_pw_acc_60_address0[3]
    SLICE_X43Y96         LUT5 (Prop_lut5_I0_O)        0.124     8.229 r  fastvit_bd_i/worker_0/inst/grp_dsconv_worker_Pipeline_WRITEBACK_PW_VITIS_LOOP_533_6_VITIS_LOOP_555_7_fu_2912/ram_reg_i_2__104/O
                         net (fo=2, routed)           1.191     9.420    fastvit_bd_i/worker_0/inst/pw_acc_60_U/ram_reg_0[3]
    RAMB18_X2Y35         RAMB18E1                                     r  fastvit_bd_i/worker_0/inst/pw_acc_60_U/ram_reg/ADDRBWRADDR[7]
  -------------------------------------------------------------------    -------------------

                         (clock clk_fpga_0 rise edge)
                                                      5.000     5.000 r  
    PS7_X0Y0             PS7                          0.000     5.000 r  fastvit_bd_i/ps7_0/inst/PS7_i/FCLKCLK[0]
                         net (fo=1, routed)           1.088     6.088    fastvit_bd_i/ps7_0/inst/FCLK_CLK_unbuffered[0]
    BUFGCTRL_X0Y19       BUFG (Prop_bufg_I_O)         0.091     6.179 r  fastvit_bd_i/ps7_0/inst/buffer_fclk_clk_0.FCLK_CLK_0_BUFG_replica_2/O
                         net (fo=7, routed)           0.133     6.312    fastvit_bd_i/ps7_0/inst/FCLK_CLK0_repN_2
    BUFGCTRL_X0Y18       BUFG (Prop_bufg_I_O)         0.091     6.403 r  fastvit_bd_i/ps7_0/inst/buffer_fclk_clk_0.FCLK_CLK_0_BUFG_replica_1/O
                         net (fo=7, routed)           0.133     6.536    fastvit_bd_i/ps7_0/inst/FCLK_CLK0_repN_1
    BUFGCTRL_X0Y17       BUFG (Prop_bufg_I_O)         0.091     6.627 r  fastvit_bd_i/ps7_0/inst/buffer_fclk_clk_0.FCLK_CLK_0_BUFG_replica/O
                         net (fo=51, routed)          0.133     6.760    fastvit_bd_i/ps7_0/inst/FCLK_CLK0_repN
    BUFGCTRL_X0Y16       BUFG (Prop_bufg_I_O)         0.091     6.851 r  fastvit_bd_i/ps7_0/inst/buffer_fclk_clk_0.FCLK_CLK_0_BUFG/O
                         net (fo=46412, routed)       1.516     8.367    fastvit_bd_i/worker_0/inst/pw_acc_60_U/ap_clk
    RAMB18_X2Y35         RAMB18E1                                     r  fastvit_bd_i/worker_0/inst/pw_acc_60_U/ram_reg/CLKBWRCLK
                         clock pessimism              0.198     8.565    
                         clock uncertainty           -0.083     8.482    
    RAMB18_X2Y35         RAMB18E1 (Setup_ramb18e1_CLKBWRCLK_ADDRBWRADDR[7])
                                                     -0.566     7.916    fastvit_bd_i/worker_0/inst/pw_acc_60_U/ram_reg
  -------------------------------------------------------------------
                         required time                          7.916    
                         arrival time                          -9.420    
  -------------------------------------------------------------------
                         slack                                 -1.504    

Slack (VIOLATED) :        -1.504ns  (required time - arrival time)
  Source:                 fastvit_bd_i/worker_0/inst/grp_dsconv_worker_Pipeline_WRITEBACK_PW_VITIS_LOOP_533_6_VITIS_LOOP_555_7_fu_2912/add_ln558_reg_9716_reg[3]/C
                            (rising edge-triggered cell FDRE clocked by clk_fpga_0  {rise@0.000ns fall@2.500ns period=5.000ns})
  Destination:            fastvit_bd_i/worker_0/inst/pw_acc_60_U/ram_reg/ADDRARDADDR[7]
                            (rising edge-triggered cell RAMB18E1 clocked by clk_fpga_0  {rise@0.000ns fall@2.500ns period=5.000ns})
  Path Group:             clk_fpga_0
  Path Type:              Setup (Max at Slow Process Corner)
  Requirement:            5.000ns  (clk_fpga_0 rise@5.000ns - clk_fpga_0 rise@0.000ns)
  Data Path Delay:        5.488ns  (logic 0.952ns (17.347%)  route 4.536ns (82.653%))
  Logic Levels:           4  (LUT5=2 LUT6=2)
  Clock Path Skew:        -0.367ns (DCD - SCD + CPR)
    Destination Clock Delay (DCD):    3.369ns = ( 8.369 - 5.000 ) 
    Source Clock Delay      (SCD):    3.934ns
    Clock Pessimism Removal (CPR):    0.198ns
  Clock Uncertainty:      0.083ns  ((TSJ^2 + TIJ^2)^1/2 + DJ) / 2 + PE
    Total System Jitter     (TSJ):    0.071ns
    Total Input Jitter      (TIJ):    0.150ns
    Discrete Jitter          (DJ):    0.000ns
    Phase Error              (PE):    0.000ns

    Location             Delay type                Incr(ns)  Path(ns)    Netlist Resource(s)
  -------------------------------------------------------------------    -------------------
                         (clock clk_fpga_0 rise edge)
                                                      0.000     0.000 r  
    PS7_X0Y0             PS7                          0.000     0.000 r  fastvit_bd_i/ps7_0/inst/PS7_i/FCLKCLK[0]
                         net (fo=1, routed)           1.193     1.193    fastvit_bd_i/ps7_0/inst/FCLK_CLK_unbuffered[0]
    BUFGCTRL_X0Y19       BUFG (Prop_bufg_I_O)         0.101     1.294 r  fastvit_bd_i/ps7_0/inst/buffer_fclk_clk_0.FCLK_CLK_0_BUFG_replica_2/O
                         net (fo=7, routed)           0.146     1.440    fastvit_bd_i/ps7_0/inst/FCLK_CLK0_repN_2
    BUFGCTRL_X0Y18       BUFG (Prop_bufg_I_O)         0.101     1.541 r  fastvit_bd_i/ps7_0/inst/buffer_fclk_clk_0.FCLK_CLK_0_BUFG_replica_1/O
                         net (fo=7, routed)           0.146     1.687    fastvit_bd_i/ps7_0/inst/FCLK_CLK0_repN_1
    BUFGCTRL_X0Y17       BUFG (Prop_bufg_I_O)         0.101     1.788 r  fastvit_bd_i/ps7_0/inst/buffer_fclk_clk_0.FCLK_CLK_0_BUFG_replica/O
                         net (fo=51, routed)          0.146     1.934    fastvit_bd_i/ps7_0/inst/FCLK_CLK0_repN
    BUFGCTRL_X0Y16       BUFG (Prop_bufg_I_O)         0.101     2.035 r  fastvit_bd_i/ps7_0/inst/buffer_fclk_clk_0.FCLK_CLK_0_BUFG/O
                         net (fo=46412, routed)       1.899     3.934    fastvit_bd_i/worker_0/inst/grp_dsconv_worker_Pipeline_WRITEBACK_PW_VITIS_LOOP_533_6_VITIS_LOOP_555_7_fu_2912/ap_clk
    SLICE_X56Y114        FDRE                                         r  fastvit_bd_i/worker_0/inst/grp_dsconv_worker_Pipeline_WRITEBACK_PW_VITIS_LOOP_533_6_VITIS_LOOP_555_7_fu_2912/add_ln558_reg_9716_reg[3]/C
  -------------------------------------------------------------------    -------------------
    SLICE_X56Y114        FDRE (Prop_fdre_C_Q)         0.456     4.390 r  fastvit_bd_i/worker_0/inst/grp_dsconv_worker_Pipeline_WRITEBACK_PW_VITIS_LOOP_533_6_VITIS_LOOP_555_7_fu_2912/add_ln558_reg_9716_reg[3]/Q
                         net (fo=6, routed)           0.522     4.912    fastvit_bd_i/worker_0/inst/grp_dsconv_worker_Pipeline_WRITEBACK_PW_VITIS_LOOP_533_6_VITIS_LOOP_555_7_fu_2912/add_ln558_reg_9716[3]
    SLICE_X56Y114        LUT5 (Prop_lut5_I2_O)        0.124     5.036 r  fastvit_bd_i/worker_0/inst/grp_dsconv_worker_Pipeline_WRITEBACK_PW_VITIS_LOOP_533_6_VITIS_LOOP_555_7_fu_2912/ram_reg_i_85/O
                         net (fo=60, routed)          1.587     6.624    fastvit_bd_i/worker_0/inst/grp_dsconv_worker_Pipeline_WRITEBACK_PW_VITIS_LOOP_533_6_VITIS_LOOP_555_7_fu_2912/ram_reg_i_85_n_0
    SLICE_X49Y105        LUT6 (Prop_lut6_I1_O)        0.124     6.748 f  fastvit_bd_i/worker_0/inst/grp_dsconv_worker_Pipeline_WRITEBACK_PW_VITIS_LOOP_533_6_VITIS_LOOP_555_7_fu_2912/ram_reg_i_15__47/O
                         net (fo=1, routed)           0.451     7.199    fastvit_bd_i/worker_0/inst/grp_dsconv_worker_Pipeline_WRITEBACK_PW_VITIS_LOOP_533_6_VITIS_LOOP_555_7_fu_2912/ram_reg_i_15__47_n_0
    SLICE_X49Y104        LUT6 (Prop_lut6_I0_O)        0.124     7.323 r  fastvit_bd_i/worker_0/inst/grp_dsconv_worker_Pipeline_WRITEBACK_PW_VITIS_LOOP_533_6_VITIS_LOOP_555_7_fu_2912/ram_reg_i_8__28/O
                         net (fo=1, routed)           0.782     8.105    fastvit_bd_i/worker_0/inst/grp_dsconv_worker_Pipeline_WRITEBACK_PW_VITIS_LOOP_533_6_VITIS_LOOP_555_7_fu_2912/grp_dsconv_worker_Pipeline_WRITEBACK_PW_VITIS_LOOP_533_6_VITIS_LOOP_555_7_fu_2912_pw_acc_60_address0[3]
    SLICE_X43Y96         LUT5 (Prop_lut5_I0_O)        0.124     8.229 r  fastvit_bd_i/worker_0/inst/grp_dsconv_worker_Pipeline_WRITEBACK_PW_VITIS_LOOP_533_6_VITIS_LOOP_555_7_fu_2912/ram_reg_i_2__104/O
                         net (fo=2, routed)           1.193     9.422    fastvit_bd_i/worker_0/inst/pw_acc_60_U/ram_reg_0[3]
    RAMB18_X2Y35         RAMB18E1                                     r  fastvit_bd_i/worker_0/inst/pw_acc_60_U/ram_reg/ADDRARDADDR[7]
  -------------------------------------------------------------------    -------------------

                         (clock clk_fpga_0 rise edge)
                                                      5.000     5.000 r  
    PS7_X0Y0             PS7                          0.000     5.000 r  fastvit_bd_i/ps7_0/inst/PS7_i/FCLKCLK[0]
                         net (fo=1, routed)           1.088     6.088    fastvit_bd_i/ps7_0/inst/FCLK_CLK_unbuffered[0]
    BUFGCTRL_X0Y19       BUFG (Prop_bufg_I_O)         0.091     6.179 r  fastvit_bd_i/ps7_0/inst/buffer_fclk_clk_0.FCLK_CLK_0_BUFG_replica_2/O
                         net (fo=7, routed)           0.133     6.312    fastvit_bd_i/ps7_0/inst/FCLK_CLK0_repN_2
    BUFGCTRL_X0Y18       BUFG (Prop_bufg_I_O)         0.091     6.403 r  fastvit_bd_i/ps7_0/inst/buffer_fclk_clk_0.FCLK_CLK_0_BUFG_replica_1/O
                         net (fo=7, routed)           0.133     6.536    fastvit_bd_i/ps7_0/inst/FCLK_CLK0_repN_1
    BUFGCTRL_X0Y17       BUFG (Prop_bufg_I_O)         0.091     6.627 r  fastvit_bd_i/ps7_0/inst/buffer_fclk_clk_0.FCLK_CLK_0_BUFG_replica/O
                         net (fo=51, routed)          0.133     6.760    fastvit_bd_i/ps7_0/inst/FCLK_CLK0_repN
    BUFGCTRL_X0Y16       BUFG (Prop_bufg_I_O)         0.091     6.851 r  fastvit_bd_i/ps7_0/inst/buffer_fclk_clk_0.FCLK_CLK_0_BUFG/O
                         net (fo=46412, routed)       1.518     8.369    fastvit_bd_i/worker_0/inst/pw_acc_60_U/ap_clk
    RAMB18_X2Y35         RAMB18E1                                     r  fastvit_bd_i/worker_0/inst/pw_acc_60_U/ram_reg/CLKARDCLK
                         clock pessimism              0.198     8.567    
                         clock uncertainty           -0.083     8.484    
    RAMB18_X2Y35         RAMB18E1 (Setup_ramb18e1_CLKARDCLK_ADDRARDADDR[7])
                                                     -0.566     7.918    fastvit_bd_i/worker_0/inst/pw_acc_60_U/ram_reg
  -------------------------------------------------------------------
                         required time                          7.918    
                         arrival time                          -9.422    
  -------------------------------------------------------------------
                         slack                                 -1.504    

Slack (VIOLATED) :        -1.504ns  (required time - arrival time)
  Source:                 fastvit_bd_i/worker_0/inst/grp_dsconv_worker_Pipeline_COMPUTE_PW_S_fu_2646/ap_enable_reg_pp0_iter7_reg/C
                            (rising edge-triggered cell FDRE clocked by clk_fpga_0  {rise@0.000ns fall@2.500ns period=5.000ns})
  Destination:            fastvit_bd_i/worker_0/inst/pw_acc_10_U/ram_reg/ADDRBWRADDR[8]
                            (rising edge-triggered cell RAMB18E1 clocked by clk_fpga_0  {rise@0.000ns fall@2.500ns period=5.000ns})
  Path Group:             clk_fpga_0
  Path Type:              Setup (Max at Slow Process Corner)
  Requirement:            5.000ns  (clk_fpga_0 rise@5.000ns - clk_fpga_0 rise@0.000ns)
  Data Path Delay:        5.847ns  (logic 0.704ns (12.040%)  route 5.143ns (87.960%))
  Logic Levels:           2  (LUT4=1 LUT5=1)
  Clock Path Skew:        -0.007ns (DCD - SCD + CPR)
    Destination Clock Delay (DCD):    3.542ns = ( 8.542 - 5.000 ) 
    Source Clock Delay      (SCD):    3.747ns
    Clock Pessimism Removal (CPR):    0.198ns
  Clock Uncertainty:      0.083ns  ((TSJ^2 + TIJ^2)^1/2 + DJ) / 2 + PE
    Total System Jitter     (TSJ):    0.071ns
    Total Input Jitter      (TIJ):    0.150ns
    Discrete Jitter          (DJ):    0.000ns
    Phase Error              (PE):    0.000ns

    Location             Delay type                Incr(ns)  Path(ns)    Netlist Resource(s)
  -------------------------------------------------------------------    -------------------
                         (clock clk_fpga_0 rise edge)
                                                      0.000     0.000 r  
    PS7_X0Y0             PS7                          0.000     0.000 r  fastvit_bd_i/ps7_0/inst/PS7_i/FCLKCLK[0]
                         net (fo=1, routed)           1.193     1.193    fastvit_bd_i/ps7_0/inst/FCLK_CLK_unbuffered[0]
    BUFGCTRL_X0Y19       BUFG (Prop_bufg_I_O)         0.101     1.294 r  fastvit_bd_i/ps7_0/inst/buffer_fclk_clk_0.FCLK_CLK_0_BUFG_replica_2/O
                         net (fo=7, routed)           0.146     1.440    fastvit_bd_i/ps7_0/inst/FCLK_CLK0_repN_2
    BUFGCTRL_X0Y18       BUFG (Prop_bufg_I_O)         0.101     1.541 r  fastvit_bd_i/ps7_0/inst/buffer_fclk_clk_0.FCLK_CLK_0_BUFG_replica_1/O
                         net (fo=7, routed)           0.146     1.687    fastvit_bd_i/ps7_0/inst/FCLK_CLK0_repN_1
    BUFGCTRL_X0Y17       BUFG (Prop_bufg_I_O)         0.101     1.788 r  fastvit_bd_i/ps7_0/inst/buffer_fclk_clk_0.FCLK_CLK_0_BUFG_replica/O
                         net (fo=51, routed)          0.146     1.934    fastvit_bd_i/ps7_0/inst/FCLK_CLK0_repN
    BUFGCTRL_X0Y16       BUFG (Prop_bufg_I_O)         0.101     2.035 r  fastvit_bd_i/ps7_0/inst/buffer_fclk_clk_0.FCLK_CLK_0_BUFG/O
                         net (fo=46412, routed)       1.712     3.747    fastvit_bd_i/worker_0/inst/grp_dsconv_worker_Pipeline_COMPUTE_PW_S_fu_2646/ap_clk
    SLICE_X56Y93         FDRE                                         r  fastvit_bd_i/worker_0/inst/grp_dsconv_worker_Pipeline_COMPUTE_PW_S_fu_2646/ap_enable_reg_pp0_iter7_reg/C
  -------------------------------------------------------------------    -------------------
    SLICE_X56Y93         FDRE (Prop_fdre_C_Q)         0.456     4.203 r  fastvit_bd_i/worker_0/inst/grp_dsconv_worker_Pipeline_COMPUTE_PW_S_fu_2646/ap_enable_reg_pp0_iter7_reg/Q
                         net (fo=17, routed)          1.414     5.617    fastvit_bd_i/worker_0/inst/grp_dsconv_worker_Pipeline_COMPUTE_PW_S_fu_2646/ap_enable_reg_pp0_iter7
    SLICE_X67Y101        LUT4 (Prop_lut4_I1_O)        0.124     5.741 r  fastvit_bd_i/worker_0/inst/grp_dsconv_worker_Pipeline_COMPUTE_PW_S_fu_2646/ram_reg_i_43__71/O
                         net (fo=64, routed)          2.946     8.688    fastvit_bd_i/worker_0/inst/grp_dsconv_worker_Pipeline_WRITEBACK_PW_VITIS_LOOP_533_6_VITIS_LOOP_555_7_fu_2912/grp_dsconv_worker_Pipeline_COMPUTE_PW_S_fu_2646_pw_acc_56_address0[4]
    SLICE_X34Y137        LUT5 (Prop_lut5_I4_O)        0.124     8.812 r  fastvit_bd_i/worker_0/inst/grp_dsconv_worker_Pipeline_WRITEBACK_PW_VITIS_LOOP_533_6_VITIS_LOOP_555_7_fu_2912/ram_reg_i_1__83/O
                         net (fo=2, routed)           0.783     9.594    fastvit_bd_i/worker_0/inst/pw_acc_10_U/ram_reg_0[4]
    RAMB18_X2Y54         RAMB18E1                                     r  fastvit_bd_i/worker_0/inst/pw_acc_10_U/ram_reg/ADDRBWRADDR[8]
  -------------------------------------------------------------------    -------------------

                         (clock clk_fpga_0 rise edge)
                                                      5.000     5.000 r  
    PS7_X0Y0             PS7                          0.000     5.000 r  fastvit_bd_i/ps7_0/inst/PS7_i/FCLKCLK[0]
                         net (fo=1, routed)           1.088     6.088    fastvit_bd_i/ps7_0/inst/FCLK_CLK_unbuffered[0]
    BUFGCTRL_X0Y19       BUFG (Prop_bufg_I_O)         0.091     6.179 r  fastvit_bd_i/ps7_0/inst/buffer_fclk_clk_0.FCLK_CLK_0_BUFG_replica_2/O
                         net (fo=7, routed)           0.133     6.312    fastvit_bd_i/ps7_0/inst/FCLK_CLK0_repN_2
    BUFGCTRL_X0Y18       BUFG (Prop_bufg_I_O)         0.091     6.403 r  fastvit_bd_i/ps7_0/inst/buffer_fclk_clk_0.FCLK_CLK_0_BUFG_replica_1/O
                         net (fo=7, routed)           0.133     6.536    fastvit_bd_i/ps7_0/inst/FCLK_CLK0_repN_1
    BUFGCTRL_X0Y17       BUFG (Prop_bufg_I_O)         0.091     6.627 r  fastvit_bd_i/ps7_0/inst/buffer_fclk_clk_0.FCLK_CLK_0_BUFG_replica/O
                         net (fo=51, routed)          0.133     6.760    fastvit_bd_i/ps7_0/inst/FCLK_CLK0_repN
    BUFGCTRL_X0Y16       BUFG (Prop_bufg_I_O)         0.091     6.851 r  fastvit_bd_i/ps7_0/inst/buffer_fclk_clk_0.FCLK_CLK_0_BUFG/O
                         net (fo=46412, routed)       1.691     8.542    fastvit_bd_i/worker_0/inst/pw_acc_10_U/ap_clk
    RAMB18_X2Y54         RAMB18E1                                     r  fastvit_bd_i/worker_0/inst/pw_acc_10_U/ram_reg/CLKBWRCLK
                         clock pessimism              0.198     8.740    
                         clock uncertainty           -0.083     8.657    
    RAMB18_X2Y54         RAMB18E1 (Setup_ramb18e1_CLKBWRCLK_ADDRBWRADDR[8])
                                                     -0.566     8.091    fastvit_bd_i/worker_0/inst/pw_acc_10_U/ram_reg
  -------------------------------------------------------------------
                         required time                          8.091    
                         arrival time                          -9.594    
  -------------------------------------------------------------------
                         slack                                 -1.504    

Slack (VIOLATED) :        -1.503ns  (required time - arrival time)
  Source:                 fastvit_bd_i/worker_0/inst/grp_dsconv_worker_Pipeline_COMPUTE_PW_S_fu_2646/ap_enable_reg_pp0_iter7_reg/C
                            (rising edge-triggered cell FDRE clocked by clk_fpga_0  {rise@0.000ns fall@2.500ns period=5.000ns})
  Destination:            fastvit_bd_i/worker_0/inst/pw_acc_10_U/ram_reg/ADDRARDADDR[8]
                            (rising edge-triggered cell RAMB18E1 clocked by clk_fpga_0  {rise@0.000ns fall@2.500ns period=5.000ns})
  Path Group:             clk_fpga_0
  Path Type:              Setup (Max at Slow Process Corner)
  Requirement:            5.000ns  (clk_fpga_0 rise@5.000ns - clk_fpga_0 rise@0.000ns)
  Data Path Delay:        5.849ns  (logic 0.704ns (12.036%)  route 5.145ns (87.964%))
  Logic Levels:           2  (LUT4=1 LUT5=1)
  Clock Path Skew:        -0.005ns (DCD - SCD + CPR)
    Destination Clock Delay (DCD):    3.544ns = ( 8.544 - 5.000 ) 
    Source Clock Delay      (SCD):    3.747ns
    Clock Pessimism Removal (CPR):    0.198ns
  Clock Uncertainty:      0.083ns  ((TSJ^2 + TIJ^2)^1/2 + DJ) / 2 + PE
    Total System Jitter     (TSJ):    0.071ns
    Total Input Jitter      (TIJ):    0.150ns
    Discrete Jitter          (DJ):    0.000ns
    Phase Error              (PE):    0.000ns

    Location             Delay type                Incr(ns)  Path(ns)    Netlist Resource(s)
  -------------------------------------------------------------------    -------------------
                         (clock clk_fpga_0 rise edge)
                                                      0.000     0.000 r  
    PS7_X0Y0             PS7                          0.000     0.000 r  fastvit_bd_i/ps7_0/inst/PS7_i/FCLKCLK[0]
                         net (fo=1, routed)           1.193     1.193    fastvit_bd_i/ps7_0/inst/FCLK_CLK_unbuffered[0]
    BUFGCTRL_X0Y19       BUFG (Prop_bufg_I_O)         0.101     1.294 r  fastvit_bd_i/ps7_0/inst/buffer_fclk_clk_0.FCLK_CLK_0_BUFG_replica_2/O
                         net (fo=7, routed)           0.146     1.440    fastvit_bd_i/ps7_0/inst/FCLK_CLK0_repN_2
    BUFGCTRL_X0Y18       BUFG (Prop_bufg_I_O)         0.101     1.541 r  fastvit_bd_i/ps7_0/inst/buffer_fclk_clk_0.FCLK_CLK_0_BUFG_replica_1/O
                         net (fo=7, routed)           0.146     1.687    fastvit_bd_i/ps7_0/inst/FCLK_CLK0_repN_1
    BUFGCTRL_X0Y17       BUFG (Prop_bufg_I_O)         0.101     1.788 r  fastvit_bd_i/ps7_0/inst/buffer_fclk_clk_0.FCLK_CLK_0_BUFG_replica/O
                         net (fo=51, routed)          0.146     1.934    fastvit_bd_i/ps7_0/inst/FCLK_CLK0_repN
    BUFGCTRL_X0Y16       BUFG (Prop_bufg_I_O)         0.101     2.035 r  fastvit_bd_i/ps7_0/inst/buffer_fclk_clk_0.FCLK_CLK_0_BUFG/O
                         net (fo=46412, routed)       1.712     3.747    fastvit_bd_i/worker_0/inst/grp_dsconv_worker_Pipeline_COMPUTE_PW_S_fu_2646/ap_clk
    SLICE_X56Y93         FDRE                                         r  fastvit_bd_i/worker_0/inst/grp_dsconv_worker_Pipeline_COMPUTE_PW_S_fu_2646/ap_enable_reg_pp0_iter7_reg/C
  -------------------------------------------------------------------    -------------------
    SLICE_X56Y93         FDRE (Prop_fdre_C_Q)         0.456     4.203 r  fastvit_bd_i/worker_0/inst/grp_dsconv_worker_Pipeline_COMPUTE_PW_S_fu_2646/ap_enable_reg_pp0_iter7_reg/Q
                         net (fo=17, routed)          1.414     5.617    fastvit_bd_i/worker_0/inst/grp_dsconv_worker_Pipeline_COMPUTE_PW_S_fu_2646/ap_enable_reg_pp0_iter7
    SLICE_X67Y101        LUT4 (Prop_lut4_I1_O)        0.124     5.741 r  fastvit_bd_i/worker_0/inst/grp_dsconv_worker_Pipeline_COMPUTE_PW_S_fu_2646/ram_reg_i_43__71/O
                         net (fo=64, routed)          2.946     8.688    fastvit_bd_i/worker_0/inst/grp_dsconv_worker_Pipeline_WRITEBACK_PW_VITIS_LOOP_533_6_VITIS_LOOP_555_7_fu_2912/grp_dsconv_worker_Pipeline_COMPUTE_PW_S_fu_2646_pw_acc_56_address0[4]
    SLICE_X34Y137        LUT5 (Prop_lut5_I4_O)        0.124     8.812 r  fastvit_bd_i/worker_0/inst/grp_dsconv_worker_Pipeline_WRITEBACK_PW_VITIS_LOOP_533_6_VITIS_LOOP_555_7_fu_2912/ram_reg_i_1__83/O
                         net (fo=2, routed)           0.784     9.596    fastvit_bd_i/worker_0/inst/pw_acc_10_U/ram_reg_0[4]
    RAMB18_X2Y54         RAMB18E1                                     r  fastvit_bd_i/worker_0/inst/pw_acc_10_U/ram_reg/ADDRARDADDR[8]
  -------------------------------------------------------------------    -------------------

                         (clock clk_fpga_0 rise edge)
                                                      5.000     5.000 r  
    PS7_X0Y0             PS7                          0.000     5.000 r  fastvit_bd_i/ps7_0/inst/PS7_i/FCLKCLK[0]
                         net (fo=1, routed)           1.088     6.088    fastvit_bd_i/ps7_0/inst/FCLK_CLK_unbuffered[0]
    BUFGCTRL_X0Y19       BUFG (Prop_bufg_I_O)         0.091     6.179 r  fastvit_bd_i/ps7_0/inst/buffer_fclk_clk_0.FCLK_CLK_0_BUFG_replica_2/O
                         net (fo=7, routed)           0.133     6.312    fastvit_bd_i/ps7_0/inst/FCLK_CLK0_repN_2
    BUFGCTRL_X0Y18       BUFG (Prop_bufg_I_O)         0.091     6.403 r  fastvit_bd_i/ps7_0/inst/buffer_fclk_clk_0.FCLK_CLK_0_BUFG_replica_1/O
                         net (fo=7, routed)           0.133     6.536    fastvit_bd_i/ps7_0/inst/FCLK_CLK0_repN_1
    BUFGCTRL_X0Y17       BUFG (Prop_bufg_I_O)         0.091     6.627 r  fastvit_bd_i/ps7_0/inst/buffer_fclk_clk_0.FCLK_CLK_0_BUFG_replica/O
                         net (fo=51, routed)          0.133     6.760    fastvit_bd_i/ps7_0/inst/FCLK_CLK0_repN
    BUFGCTRL_X0Y16       BUFG (Prop_bufg_I_O)         0.091     6.851 r  fastvit_bd_i/ps7_0/inst/buffer_fclk_clk_0.FCLK_CLK_0_BUFG/O
                         net (fo=46412, routed)       1.693     8.544    fastvit_bd_i/worker_0/inst/pw_acc_10_U/ap_clk
    RAMB18_X2Y54         RAMB18E1                                     r  fastvit_bd_i/worker_0/inst/pw_acc_10_U/ram_reg/CLKARDCLK
                         clock pessimism              0.198     8.742    
                         clock uncertainty           -0.083     8.659    
    RAMB18_X2Y54         RAMB18E1 (Setup_ramb18e1_CLKARDCLK_ADDRARDADDR[8])
                                                     -0.566     8.093    fastvit_bd_i/worker_0/inst/pw_acc_10_U/ram_reg
  -------------------------------------------------------------------
                         required time                          8.093    
                         arrival time                          -9.596    
  -------------------------------------------------------------------
                         slack                                 -1.503    

Slack (VIOLATED) :        -1.501ns  (required time - arrival time)
  Source:                 fastvit_bd_i/worker_0/inst/grp_dsconv_worker_Pipeline_WRITEBACK_PW_VITIS_LOOP_533_6_VITIS_LOOP_555_7_fu_2912/add_ln558_reg_9716_reg[4]_replica_8/C
                            (rising edge-triggered cell FDRE clocked by clk_fpga_0  {rise@0.000ns fall@2.500ns period=5.000ns})
  Destination:            fastvit_bd_i/worker_0/inst/pw_acc_26_U/ram_reg/ADDRARDADDR[5]
                            (rising edge-triggered cell RAMB18E1 clocked by clk_fpga_0  {rise@0.000ns fall@2.500ns period=5.000ns})
  Path Group:             clk_fpga_0
  Path Type:              Setup (Max at Slow Process Corner)
  Requirement:            5.000ns  (clk_fpga_0 rise@5.000ns - clk_fpga_0 rise@0.000ns)
  Data Path Delay:        5.977ns  (logic 0.952ns (15.928%)  route 5.025ns (84.072%))
  Logic Levels:           4  (LUT3=1 LUT5=1 LUT6=2)
  Clock Path Skew:        0.124ns (DCD - SCD + CPR)
    Destination Clock Delay (DCD):    3.667ns = ( 8.667 - 5.000 ) 
    Source Clock Delay      (SCD):    3.858ns
    Clock Pessimism Removal (CPR):    0.316ns
  Clock Uncertainty:      0.083ns  ((TSJ^2 + TIJ^2)^1/2 + DJ) / 2 + PE
    Total System Jitter     (TSJ):    0.071ns
    Total Input Jitter      (TIJ):    0.150ns
    Discrete Jitter          (DJ):    0.000ns
    Phase Error              (PE):    0.000ns

    Location             Delay type                Incr(ns)  Path(ns)    Netlist Resource(s)
  -------------------------------------------------------------------    -------------------
                         (clock clk_fpga_0 rise edge)
                                                      0.000     0.000 r  
    PS7_X0Y0             PS7                          0.000     0.000 r  fastvit_bd_i/ps7_0/inst/PS7_i/FCLKCLK[0]
                         net (fo=1, routed)           1.193     1.193    fastvit_bd_i/ps7_0/inst/FCLK_CLK_unbuffered[0]
    BUFGCTRL_X0Y19       BUFG (Prop_bufg_I_O)         0.101     1.294 r  fastvit_bd_i/ps7_0/inst/buffer_fclk_clk_0.FCLK_CLK_0_BUFG_replica_2/O
                         net (fo=7, routed)           0.146     1.440    fastvit_bd_i/ps7_0/inst/FCLK_CLK0_repN_2
    BUFGCTRL_X0Y18       BUFG (Prop_bufg_I_O)         0.101     1.541 r  fastvit_bd_i/ps7_0/inst/buffer_fclk_clk_0.FCLK_CLK_0_BUFG_replica_1/O
                         net (fo=7, routed)           0.146     1.687    fastvit_bd_i/ps7_0/inst/FCLK_CLK0_repN_1
    BUFGCTRL_X0Y17       BUFG (Prop_bufg_I_O)         0.101     1.788 r  fastvit_bd_i/ps7_0/inst/buffer_fclk_clk_0.FCLK_CLK_0_BUFG_replica/O
                         net (fo=51, routed)          0.146     1.934    fastvit_bd_i/ps7_0/inst/FCLK_CLK0_repN
    BUFGCTRL_X0Y16       BUFG (Prop_bufg_I_O)         0.101     2.035 r  fastvit_bd_i/ps7_0/inst/buffer_fclk_clk_0.FCLK_CLK_0_BUFG/O
                         net (fo=46412, routed)       1.823     3.858    fastvit_bd_i/worker_0/inst/grp_dsconv_worker_Pipeline_WRITEBACK_PW_VITIS_LOOP_533_6_VITIS_LOOP_555_7_fu_2912/ap_clk
    SLICE_X51Y116        FDRE                                         r  fastvit_bd_i/worker_0/inst/grp_dsconv_worker_Pipeline_WRITEBACK_PW_VITIS_LOOP_533_6_VITIS_LOOP_555_7_fu_2912/add_ln558_reg_9716_reg[4]_replica_8/C
  -------------------------------------------------------------------    -------------------
    SLICE_X51Y116        FDRE (Prop_fdre_C_Q)         0.456     4.314 r  fastvit_bd_i/worker_0/inst/grp_dsconv_worker_Pipeline_WRITEBACK_PW_VITIS_LOOP_533_6_VITIS_LOOP_555_7_fu_2912/add_ln558_reg_9716_reg[4]_replica_8/Q
                         net (fo=1, routed)           0.607     4.921    fastvit_bd_i/worker_0/inst/grp_dsconv_worker_Pipeline_WRITEBACK_PW_VITIS_LOOP_533_6_VITIS_LOOP_555_7_fu_2912/add_ln558_reg_9716[4]_repN_8
    SLICE_X50Y117        LUT3 (Prop_lut3_I0_O)        0.124     5.045 r  fastvit_bd_i/worker_0/inst/grp_dsconv_worker_Pipeline_WRITEBACK_PW_VITIS_LOOP_533_6_VITIS_LOOP_555_7_fu_2912/ram_reg_i_95/O
                         net (fo=64, routed)          1.986     7.031    fastvit_bd_i/worker_0/inst/grp_dsconv_worker_Pipeline_WRITEBACK_PW_VITIS_LOOP_533_6_VITIS_LOOP_555_7_fu_2912/ram_reg_i_95_n_0
    SLICE_X92Y113        LUT6 (Prop_lut6_I1_O)        0.124     7.155 f  fastvit_bd_i/worker_0/inst/grp_dsconv_worker_Pipeline_WRITEBACK_PW_VITIS_LOOP_533_6_VITIS_LOOP_555_7_fu_2912/ram_reg_i_18__10/O
                         net (fo=1, routed)           0.756     7.911    fastvit_bd_i/worker_0/inst/grp_dsconv_worker_Pipeline_WRITEBACK_PW_VITIS_LOOP_533_6_VITIS_LOOP_555_7_fu_2912/ram_reg_i_18__10_n_0
    SLICE_X99Y113        LUT6 (Prop_lut6_I0_O)        0.124     8.035 r  fastvit_bd_i/worker_0/inst/grp_dsconv_worker_Pipeline_WRITEBACK_PW_VITIS_LOOP_533_6_VITIS_LOOP_555_7_fu_2912/ram_reg_i_10__11/O
                         net (fo=1, routed)           0.849     8.884    fastvit_bd_i/worker_0/inst/grp_dsconv_worker_Pipeline_WRITEBACK_PW_VITIS_LOOP_533_6_VITIS_LOOP_555_7_fu_2912/grp_dsconv_worker_Pipeline_WRITEBACK_PW_VITIS_LOOP_533_6_VITIS_LOOP_555_7_fu_2912_pw_acc_26_address0[1]
    SLICE_X106Y113       LUT5 (Prop_lut5_I0_O)        0.124     9.008 r  fastvit_bd_i/worker_0/inst/grp_dsconv_worker_Pipeline_WRITEBACK_PW_VITIS_LOOP_533_6_VITIS_LOOP_555_7_fu_2912/ram_reg_i_4__116/O
                         net (fo=2, routed)           0.827     9.835    fastvit_bd_i/worker_0/inst/pw_acc_26_U/ram_reg_0[1]
    RAMB18_X5Y46         RAMB18E1                                     r  fastvit_bd_i/worker_0/inst/pw_acc_26_U/ram_reg/ADDRARDADDR[5]
  -------------------------------------------------------------------    -------------------

                         (clock clk_fpga_0 rise edge)
                                                      5.000     5.000 r  
    PS7_X0Y0             PS7                          0.000     5.000 r  fastvit_bd_i/ps7_0/inst/PS7_i/FCLKCLK[0]
                         net (fo=1, routed)           1.088     6.088    fastvit_bd_i/ps7_0/inst/FCLK_CLK_unbuffered[0]
    BUFGCTRL_X0Y19       BUFG (Prop_bufg_I_O)         0.091     6.179 r  fastvit_bd_i/ps7_0/inst/buffer_fclk_clk_0.FCLK_CLK_0_BUFG_replica_2/O
                         net (fo=7, routed)           0.133     6.312    fastvit_bd_i/ps7_0/inst/FCLK_CLK0_repN_2
    BUFGCTRL_X0Y18       BUFG (Prop_bufg_I_O)         0.091     6.403 r  fastvit_bd_i/ps7_0/inst/buffer_fclk_clk_0.FCLK_CLK_0_BUFG_replica_1/O
                         net (fo=7, routed)           0.133     6.536    fastvit_bd_i/ps7_0/inst/FCLK_CLK0_repN_1
    BUFGCTRL_X0Y17       BUFG (Prop_bufg_I_O)         0.091     6.627 r  fastvit_bd_i/ps7_0/inst/buffer_fclk_clk_0.FCLK_CLK_0_BUFG_replica/O
                         net (fo=51, routed)          0.133     6.760    fastvit_bd_i/ps7_0/inst/FCLK_CLK0_repN
    BUFGCTRL_X0Y16       BUFG (Prop_bufg_I_O)         0.091     6.851 r  fastvit_bd_i/ps7_0/inst/buffer_fclk_clk_0.FCLK_CLK_0_BUFG/O
                         net (fo=46412, routed)       1.816     8.667    fastvit_bd_i/worker_0/inst/pw_acc_26_U/ap_clk
    RAMB18_X5Y46         RAMB18E1                                     r  fastvit_bd_i/worker_0/inst/pw_acc_26_U/ram_reg/CLKARDCLK
                         clock pessimism              0.316     8.982    
                         clock uncertainty           -0.083     8.900    
    RAMB18_X5Y46         RAMB18E1 (Setup_ramb18e1_CLKARDCLK_ADDRARDADDR[5])
                                                     -0.566     8.334    fastvit_bd_i/worker_0/inst/pw_acc_26_U/ram_reg
  -------------------------------------------------------------------
                         required time                          8.334    
                         arrival time                          -9.835    
  -------------------------------------------------------------------
                         slack                                 -1.501    

Slack (VIOLATED) :        -1.497ns  (required time - arrival time)
  Source:                 fastvit_bd_i/worker_0/inst/grp_dsconv_worker_Pipeline_WRITEBACK_PW_VITIS_LOOP_533_6_VITIS_LOOP_555_7_fu_2912/add_ln558_reg_9716_reg[4]_replica_8/C
                            (rising edge-triggered cell FDRE clocked by clk_fpga_0  {rise@0.000ns fall@2.500ns period=5.000ns})
  Destination:            fastvit_bd_i/worker_0/inst/pw_acc_26_U/ram_reg/ADDRBWRADDR[5]
                            (rising edge-triggered cell RAMB18E1 clocked by clk_fpga_0  {rise@0.000ns fall@2.500ns period=5.000ns})
  Path Group:             clk_fpga_0
  Path Type:              Setup (Max at Slow Process Corner)
  Requirement:            5.000ns  (clk_fpga_0 rise@5.000ns - clk_fpga_0 rise@0.000ns)
  Data Path Delay:        5.975ns  (logic 0.952ns (15.932%)  route 5.023ns (84.068%))
  Logic Levels:           4  (LUT3=1 LUT5=1 LUT6=2)
  Clock Path Skew:        0.127ns (DCD - SCD + CPR)
    Destination Clock Delay (DCD):    3.670ns = ( 8.670 - 5.000 ) 
    Source Clock Delay      (SCD):    3.858ns
    Clock Pessimism Removal (CPR):    0.316ns
  Clock Uncertainty:      0.083ns  ((TSJ^2 + TIJ^2)^1/2 + DJ) / 2 + PE
    Total System Jitter     (TSJ):    0.071ns
    Total Input Jitter      (TIJ):    0.150ns
    Discrete Jitter          (DJ):    0.000ns
    Phase Error              (PE):    0.000ns

    Location             Delay type                Incr(ns)  Path(ns)    Netlist Resource(s)
  -------------------------------------------------------------------    -------------------
                         (clock clk_fpga_0 rise edge)
                                                      0.000     0.000 r  
    PS7_X0Y0             PS7                          0.000     0.000 r  fastvit_bd_i/ps7_0/inst/PS7_i/FCLKCLK[0]
                         net (fo=1, routed)           1.193     1.193    fastvit_bd_i/ps7_0/inst/FCLK_CLK_unbuffered[0]
    BUFGCTRL_X0Y19       BUFG (Prop_bufg_I_O)         0.101     1.294 r  fastvit_bd_i/ps7_0/inst/buffer_fclk_clk_0.FCLK_CLK_0_BUFG_replica_2/O
                         net (fo=7, routed)           0.146     1.440    fastvit_bd_i/ps7_0/inst/FCLK_CLK0_repN_2
    BUFGCTRL_X0Y18       BUFG (Prop_bufg_I_O)         0.101     1.541 r  fastvit_bd_i/ps7_0/inst/buffer_fclk_clk_0.FCLK_CLK_0_BUFG_replica_1/O
                         net (fo=7, routed)           0.146     1.687    fastvit_bd_i/ps7_0/inst/FCLK_CLK0_repN_1
    BUFGCTRL_X0Y17       BUFG (Prop_bufg_I_O)         0.101     1.788 r  fastvit_bd_i/ps7_0/inst/buffer_fclk_clk_0.FCLK_CLK_0_BUFG_replica/O
                         net (fo=51, routed)          0.146     1.934    fastvit_bd_i/ps7_0/inst/FCLK_CLK0_repN
    BUFGCTRL_X0Y16       BUFG (Prop_bufg_I_O)         0.101     2.035 r  fastvit_bd_i/ps7_0/inst/buffer_fclk_clk_0.FCLK_CLK_0_BUFG/O
                         net (fo=46412, routed)       1.823     3.858    fastvit_bd_i/worker_0/inst/grp_dsconv_worker_Pipeline_WRITEBACK_PW_VITIS_LOOP_533_6_VITIS_LOOP_555_7_fu_2912/ap_clk
    SLICE_X51Y116        FDRE                                         r  fastvit_bd_i/worker_0/inst/grp_dsconv_worker_Pipeline_WRITEBACK_PW_VITIS_LOOP_533_6_VITIS_LOOP_555_7_fu_2912/add_ln558_reg_9716_reg[4]_replica_8/C
  -------------------------------------------------------------------    -------------------
    SLICE_X51Y116        FDRE (Prop_fdre_C_Q)         0.456     4.314 r  fastvit_bd_i/worker_0/inst/grp_dsconv_worker_Pipeline_WRITEBACK_PW_VITIS_LOOP_533_6_VITIS_LOOP_555_7_fu_2912/add_ln558_reg_9716_reg[4]_replica_8/Q
                         net (fo=1, routed)           0.607     4.921    fastvit_bd_i/worker_0/inst/grp_dsconv_worker_Pipeline_WRITEBACK_PW_VITIS_LOOP_533_6_VITIS_LOOP_555_7_fu_2912/add_ln558_reg_9716[4]_repN_8
    SLICE_X50Y117        LUT3 (Prop_lut3_I0_O)        0.124     5.045 r  fastvit_bd_i/worker_0/inst/grp_dsconv_worker_Pipeline_WRITEBACK_PW_VITIS_LOOP_533_6_VITIS_LOOP_555_7_fu_2912/ram_reg_i_95/O
                         net (fo=64, routed)          1.986     7.031    fastvit_bd_i/worker_0/inst/grp_dsconv_worker_Pipeline_WRITEBACK_PW_VITIS_LOOP_533_6_VITIS_LOOP_555_7_fu_2912/ram_reg_i_95_n_0
    SLICE_X92Y113        LUT6 (Prop_lut6_I1_O)        0.124     7.155 f  fastvit_bd_i/worker_0/inst/grp_dsconv_worker_Pipeline_WRITEBACK_PW_VITIS_LOOP_533_6_VITIS_LOOP_555_7_fu_2912/ram_reg_i_18__10/O
                         net (fo=1, routed)           0.756     7.911    fastvit_bd_i/worker_0/inst/grp_dsconv_worker_Pipeline_WRITEBACK_PW_VITIS_LOOP_533_6_VITIS_LOOP_555_7_fu_2912/ram_reg_i_18__10_n_0
    SLICE_X99Y113        LUT6 (Prop_lut6_I0_O)        0.124     8.035 r  fastvit_bd_i/worker_0/inst/grp_dsconv_worker_Pipeline_WRITEBACK_PW_VITIS_LOOP_533_6_VITIS_LOOP_555_7_fu_2912/ram_reg_i_10__11/O
                         net (fo=1, routed)           0.849     8.884    fastvit_bd_i/worker_0/inst/grp_dsconv_worker_Pipeline_WRITEBACK_PW_VITIS_LOOP_533_6_VITIS_LOOP_555_7_fu_2912/grp_dsconv_worker_Pipeline_WRITEBACK_PW_VITIS_LOOP_533_6_VITIS_LOOP_555_7_fu_2912_pw_acc_26_address0[1]
    SLICE_X106Y113       LUT5 (Prop_lut5_I0_O)        0.124     9.008 r  fastvit_bd_i/worker_0/inst/grp_dsconv_worker_Pipeline_WRITEBACK_PW_VITIS_LOOP_533_6_VITIS_LOOP_555_7_fu_2912/ram_reg_i_4__116/O
                         net (fo=2, routed)           0.825     9.833    fastvit_bd_i/worker_0/inst/pw_acc_26_U/ram_reg_0[1]
    RAMB18_X5Y46         RAMB18E1                                     r  fastvit_bd_i/worker_0/inst/pw_acc_26_U/ram_reg/ADDRBWRADDR[5]
  -------------------------------------------------------------------    -------------------

                         (clock clk_fpga_0 rise edge)
                                                      5.000     5.000 r  
    PS7_X0Y0             PS7                          0.000     5.000 r  fastvit_bd_i/ps7_0/inst/PS7_i/FCLKCLK[0]
                         net (fo=1, routed)           1.088     6.088    fastvit_bd_i/ps7_0/inst/FCLK_CLK_unbuffered[0]
    BUFGCTRL_X0Y19       BUFG (Prop_bufg_I_O)         0.091     6.179 r  fastvit_bd_i/ps7_0/inst/buffer_fclk_clk_0.FCLK_CLK_0_BUFG_replica_2/O
                         net (fo=7, routed)           0.133     6.312    fastvit_bd_i/ps7_0/inst/FCLK_CLK0_repN_2
    BUFGCTRL_X0Y18       BUFG (Prop_bufg_I_O)         0.091     6.403 r  fastvit_bd_i/ps7_0/inst/buffer_fclk_clk_0.FCLK_CLK_0_BUFG_replica_1/O
                         net (fo=7, routed)           0.133     6.536    fastvit_bd_i/ps7_0/inst/FCLK_CLK0_repN_1
    BUFGCTRL_X0Y17       BUFG (Prop_bufg_I_O)         0.091     6.627 r  fastvit_bd_i/ps7_0/inst/buffer_fclk_clk_0.FCLK_CLK_0_BUFG_replica/O
                         net (fo=51, routed)          0.133     6.760    fastvit_bd_i/ps7_0/inst/FCLK_CLK0_repN
    BUFGCTRL_X0Y16       BUFG (Prop_bufg_I_O)         0.091     6.851 r  fastvit_bd_i/ps7_0/inst/buffer_fclk_clk_0.FCLK_CLK_0_BUFG/O
                         net (fo=46412, routed)       1.819     8.670    fastvit_bd_i/worker_0/inst/pw_acc_26_U/ap_clk
    RAMB18_X5Y46         RAMB18E1                                     r  fastvit_bd_i/worker_0/inst/pw_acc_26_U/ram_reg/CLKBWRCLK
                         clock pessimism              0.316     8.985    
                         clock uncertainty           -0.083     8.903    
    RAMB18_X5Y46         RAMB18E1 (Setup_ramb18e1_CLKBWRCLK_ADDRBWRADDR[5])
                                                     -0.566     8.337    fastvit_bd_i/worker_0/inst/pw_acc_26_U/ram_reg
  -------------------------------------------------------------------
                         required time                          8.337    
                         arrival time                          -9.833    
  -------------------------------------------------------------------
                         slack                                 -1.497    

Slack (VIOLATED) :        -1.496ns  (required time - arrival time)
  Source:                 fastvit_bd_i/worker_0/inst/pw_acc_58_U/ram_reg/CLKBWRCLK
                            (rising edge-triggered cell RAMB18E1 clocked by clk_fpga_0  {rise@0.000ns fall@2.500ns period=5.000ns})
  Destination:            fastvit_bd_i/worker_0/inst/grp_dsconv_worker_Pipeline_WRITEBACK_PW_VITIS_LOOP_533_6_VITIS_LOOP_555_7_fu_2912/tmp_79_reg_12612_reg[21]/D
                            (rising edge-triggered cell FDRE clocked by clk_fpga_0  {rise@0.000ns fall@2.500ns period=5.000ns})
  Path Group:             clk_fpga_0
  Path Type:              Setup (Max at Slow Process Corner)
  Requirement:            5.000ns  (clk_fpga_0 rise@5.000ns - clk_fpga_0 rise@0.000ns)
  Data Path Delay:        6.474ns  (logic 2.702ns (41.737%)  route 3.772ns (58.263%))
  Logic Levels:           2  (LUT3=1 LUT6=1)
  Clock Path Skew:        0.032ns (DCD - SCD + CPR)
    Destination Clock Delay (DCD):    3.552ns = ( 8.552 - 5.000 ) 
    Source Clock Delay      (SCD):    3.718ns
    Clock Pessimism Removal (CPR):    0.198ns
  Clock Uncertainty:      0.083ns  ((TSJ^2 + TIJ^2)^1/2 + DJ) / 2 + PE
    Total System Jitter     (TSJ):    0.071ns
    Total Input Jitter      (TIJ):    0.150ns
    Discrete Jitter          (DJ):    0.000ns
    Phase Error              (PE):    0.000ns

    Location             Delay type                Incr(ns)  Path(ns)    Netlist Resource(s)
  -------------------------------------------------------------------    -------------------
                         (clock clk_fpga_0 rise edge)
                                                      0.000     0.000 r  
    PS7_X0Y0             PS7                          0.000     0.000 r  fastvit_bd_i/ps7_0/inst/PS7_i/FCLKCLK[0]
                         net (fo=1, routed)           1.193     1.193    fastvit_bd_i/ps7_0/inst/FCLK_CLK_unbuffered[0]
    BUFGCTRL_X0Y19       BUFG (Prop_bufg_I_O)         0.101     1.294 r  fastvit_bd_i/ps7_0/inst/buffer_fclk_clk_0.FCLK_CLK_0_BUFG_replica_2/O
                         net (fo=7, routed)           0.146     1.440    fastvit_bd_i/ps7_0/inst/FCLK_CLK0_repN_2
    BUFGCTRL_X0Y18       BUFG (Prop_bufg_I_O)         0.101     1.541 r  fastvit_bd_i/ps7_0/inst/buffer_fclk_clk_0.FCLK_CLK_0_BUFG_replica_1/O
                         net (fo=7, routed)           0.146     1.687    fastvit_bd_i/ps7_0/inst/FCLK_CLK0_repN_1
    BUFGCTRL_X0Y17       BUFG (Prop_bufg_I_O)         0.101     1.788 r  fastvit_bd_i/ps7_0/inst/buffer_fclk_clk_0.FCLK_CLK_0_BUFG_replica/O
                         net (fo=51, routed)          0.146     1.934    fastvit_bd_i/ps7_0/inst/FCLK_CLK0_repN
    BUFGCTRL_X0Y16       BUFG (Prop_bufg_I_O)         0.101     2.035 r  fastvit_bd_i/ps7_0/inst/buffer_fclk_clk_0.FCLK_CLK_0_BUFG/O
                         net (fo=46412, routed)       1.683     3.718    fastvit_bd_i/worker_0/inst/pw_acc_58_U/ap_clk
    RAMB18_X2Y32         RAMB18E1                                     r  fastvit_bd_i/worker_0/inst/pw_acc_58_U/ram_reg/CLKBWRCLK
  -------------------------------------------------------------------    -------------------
    RAMB18_X2Y32         RAMB18E1 (Prop_ramb18e1_CLKBWRCLK_DOBDO[3])
                                                      2.454     6.172 r  fastvit_bd_i/worker_0/inst/pw_acc_58_U/ram_reg/DOBDO[3]
                         net (fo=5, routed)           2.685     8.858    fastvit_bd_i/worker_0/inst/grp_dsconv_worker_Pipeline_WRITEBACK_PW_VITIS_LOOP_533_6_VITIS_LOOP_555_7_fu_2912/pw_acc_58_q0[21]
    SLICE_X37Y131        LUT6 (Prop_lut6_I0_O)        0.124     8.982 r  fastvit_bd_i/worker_0/inst/grp_dsconv_worker_Pipeline_WRITEBACK_PW_VITIS_LOOP_533_6_VITIS_LOOP_555_7_fu_2912/tmp_79_reg_12612[21]_i_3/O
                         net (fo=2, routed)           1.087    10.068    fastvit_bd_i/worker_0/inst/grp_dsconv_worker_Pipeline_WRITEBACK_PW_VITIS_LOOP_533_6_VITIS_LOOP_555_7_fu_2912/tmp_79_reg_12612[21]_i_3_n_0
    SLICE_X57Y131        LUT3 (Prop_lut3_I2_O)        0.124    10.192 r  fastvit_bd_i/worker_0/inst/grp_dsconv_worker_Pipeline_WRITEBACK_PW_VITIS_LOOP_533_6_VITIS_LOOP_555_7_fu_2912/tmp_79_reg_12612[21]_i_1/O
                         net (fo=1, routed)           0.000    10.192    fastvit_bd_i/worker_0/inst/grp_dsconv_worker_Pipeline_WRITEBACK_PW_VITIS_LOOP_533_6_VITIS_LOOP_555_7_fu_2912/dout_tmp__0[21]
    SLICE_X57Y131        FDRE                                         r  fastvit_bd_i/worker_0/inst/grp_dsconv_worker_Pipeline_WRITEBACK_PW_VITIS_LOOP_533_6_VITIS_LOOP_555_7_fu_2912/tmp_79_reg_12612_reg[21]/D
  -------------------------------------------------------------------    -------------------

                         (clock clk_fpga_0 rise edge)
                                                      5.000     5.000 r  
    PS7_X0Y0             PS7                          0.000     5.000 r  fastvit_bd_i/ps7_0/inst/PS7_i/FCLKCLK[0]
                         net (fo=1, routed)           1.088     6.088    fastvit_bd_i/ps7_0/inst/FCLK_CLK_unbuffered[0]
    BUFGCTRL_X0Y19       BUFG (Prop_bufg_I_O)         0.091     6.179 r  fastvit_bd_i/ps7_0/inst/buffer_fclk_clk_0.FCLK_CLK_0_BUFG_replica_2/O
                         net (fo=7, routed)           0.133     6.312    fastvit_bd_i/ps7_0/inst/FCLK_CLK0_repN_2
    BUFGCTRL_X0Y18       BUFG (Prop_bufg_I_O)         0.091     6.403 r  fastvit_bd_i/ps7_0/inst/buffer_fclk_clk_0.FCLK_CLK_0_BUFG_replica_1/O
                         net (fo=7, routed)           0.133     6.536    fastvit_bd_i/ps7_0/inst/FCLK_CLK0_repN_1
    BUFGCTRL_X0Y17       BUFG (Prop_bufg_I_O)         0.091     6.627 r  fastvit_bd_i/ps7_0/inst/buffer_fclk_clk_0.FCLK_CLK_0_BUFG_replica/O
                         net (fo=51, routed)          0.133     6.760    fastvit_bd_i/ps7_0/inst/FCLK_CLK0_repN
    BUFGCTRL_X0Y16       BUFG (Prop_bufg_I_O)         0.091     6.851 r  fastvit_bd_i/ps7_0/inst/buffer_fclk_clk_0.FCLK_CLK_0_BUFG/O
                         net (fo=46412, routed)       1.701     8.552    fastvit_bd_i/worker_0/inst/grp_dsconv_worker_Pipeline_WRITEBACK_PW_VITIS_LOOP_533_6_VITIS_LOOP_555_7_fu_2912/ap_clk
    SLICE_X57Y131        FDRE                                         r  fastvit_bd_i/worker_0/inst/grp_dsconv_worker_Pipeline_WRITEBACK_PW_VITIS_LOOP_533_6_VITIS_LOOP_555_7_fu_2912/tmp_79_reg_12612_reg[21]/C
                         clock pessimism              0.198     8.750    
                         clock uncertainty           -0.083     8.667    
    SLICE_X57Y131        FDRE (Setup_fdre_C_D)        0.029     8.696    fastvit_bd_i/worker_0/inst/grp_dsconv_worker_Pipeline_WRITEBACK_PW_VITIS_LOOP_533_6_VITIS_LOOP_555_7_fu_2912/tmp_79_reg_12612_reg[21]
  -------------------------------------------------------------------
                         required time                          8.696    
                         arrival time                         -10.192    
  -------------------------------------------------------------------
                         slack                                 -1.496    

Slack (VIOLATED) :        -1.491ns  (required time - arrival time)
  Source:                 fastvit_bd_i/worker_0/inst/pw_acc_63_U/ram_reg/CLKARDCLK
                            (rising edge-triggered cell RAMB18E1 clocked by clk_fpga_0  {rise@0.000ns fall@2.500ns period=5.000ns})
  Destination:            fastvit_bd_i/worker_0/inst/grp_dsconv_worker_Pipeline_WRITEBACK_PW_VITIS_LOOP_533_6_VITIS_LOOP_555_7_fu_2912/tmp_19_reg_12372_reg[5]/D
                            (rising edge-triggered cell FDRE clocked by clk_fpga_0  {rise@0.000ns fall@2.500ns period=5.000ns})
  Path Group:             clk_fpga_0
  Path Type:              Setup (Max at Slow Process Corner)
  Requirement:            5.000ns  (clk_fpga_0 rise@5.000ns - clk_fpga_0 rise@0.000ns)
  Data Path Delay:        6.443ns  (logic 2.702ns (41.934%)  route 3.741ns (58.066%))
  Logic Levels:           2  (LUT3=1 LUT6=1)
  Clock Path Skew:        -0.041ns (DCD - SCD + CPR)
    Destination Clock Delay (DCD):    3.549ns = ( 8.549 - 5.000 ) 
    Source Clock Delay      (SCD):    3.788ns
    Clock Pessimism Removal (CPR):    0.198ns
  Clock Uncertainty:      0.083ns  ((TSJ^2 + TIJ^2)^1/2 + DJ) / 2 + PE
    Total System Jitter     (TSJ):    0.071ns
    Total Input Jitter      (TIJ):    0.150ns
    Discrete Jitter          (DJ):    0.000ns
    Phase Error              (PE):    0.000ns

    Location             Delay type                Incr(ns)  Path(ns)    Netlist Resource(s)
  -------------------------------------------------------------------    -------------------
                         (clock clk_fpga_0 rise edge)
                                                      0.000     0.000 r  
    PS7_X0Y0             PS7                          0.000     0.000 r  fastvit_bd_i/ps7_0/inst/PS7_i/FCLKCLK[0]
                         net (fo=1, routed)           1.193     1.193    fastvit_bd_i/ps7_0/inst/FCLK_CLK_unbuffered[0]
    BUFGCTRL_X0Y19       BUFG (Prop_bufg_I_O)         0.101     1.294 r  fastvit_bd_i/ps7_0/inst/buffer_fclk_clk_0.FCLK_CLK_0_BUFG_replica_2/O
                         net (fo=7, routed)           0.146     1.440    fastvit_bd_i/ps7_0/inst/FCLK_CLK0_repN_2
    BUFGCTRL_X0Y18       BUFG (Prop_bufg_I_O)         0.101     1.541 r  fastvit_bd_i/ps7_0/inst/buffer_fclk_clk_0.FCLK_CLK_0_BUFG_replica_1/O
                         net (fo=7, routed)           0.146     1.687    fastvit_bd_i/ps7_0/inst/FCLK_CLK0_repN_1
    BUFGCTRL_X0Y17       BUFG (Prop_bufg_I_O)         0.101     1.788 r  fastvit_bd_i/ps7_0/inst/buffer_fclk_clk_0.FCLK_CLK_0_BUFG_replica/O
                         net (fo=51, routed)          0.146     1.934    fastvit_bd_i/ps7_0/inst/FCLK_CLK0_repN
    BUFGCTRL_X0Y16       BUFG (Prop_bufg_I_O)         0.101     2.035 r  fastvit_bd_i/ps7_0/inst/buffer_fclk_clk_0.FCLK_CLK_0_BUFG/O
                         net (fo=46412, routed)       1.753     3.788    fastvit_bd_i/worker_0/inst/pw_acc_63_U/ap_clk
    RAMB18_X3Y37         RAMB18E1                                     r  fastvit_bd_i/worker_0/inst/pw_acc_63_U/ram_reg/CLKARDCLK
  -------------------------------------------------------------------    -------------------
    RAMB18_X3Y37         RAMB18E1 (Prop_ramb18e1_CLKARDCLK_DOADO[5])
                                                      2.454     6.242 r  fastvit_bd_i/worker_0/inst/pw_acc_63_U/ram_reg/DOADO[5]
                         net (fo=6, routed)           2.425     8.667    fastvit_bd_i/worker_0/inst/grp_dsconv_worker_Pipeline_WRITEBACK_PW_VITIS_LOOP_533_6_VITIS_LOOP_555_7_fu_2912/pw_acc_63_q0[5]
    SLICE_X36Y121        LUT6 (Prop_lut6_I1_O)        0.124     8.791 r  fastvit_bd_i/worker_0/inst/grp_dsconv_worker_Pipeline_WRITEBACK_PW_VITIS_LOOP_533_6_VITIS_LOOP_555_7_fu_2912/tmp_59_reg_12532[5]_i_3/O
                         net (fo=2, routed)           1.317    10.108    fastvit_bd_i/worker_0/inst/grp_dsconv_worker_Pipeline_WRITEBACK_PW_VITIS_LOOP_533_6_VITIS_LOOP_555_7_fu_2912/tmp_59_reg_12532[5]_i_3_n_0
    SLICE_X54Y121        LUT3 (Prop_lut3_I0_O)        0.124    10.232 r  fastvit_bd_i/worker_0/inst/grp_dsconv_worker_Pipeline_WRITEBACK_PW_VITIS_LOOP_533_6_VITIS_LOOP_555_7_fu_2912/tmp_19_reg_12372[5]_i_1/O
                         net (fo=1, routed)           0.000    10.232    fastvit_bd_i/worker_0/inst/grp_dsconv_worker_Pipeline_WRITEBACK_PW_VITIS_LOOP_533_6_VITIS_LOOP_555_7_fu_2912/tmp_19_reg_12372[5]_i_1_n_0
    SLICE_X54Y121        FDRE                                         r  fastvit_bd_i/worker_0/inst/grp_dsconv_worker_Pipeline_WRITEBACK_PW_VITIS_LOOP_533_6_VITIS_LOOP_555_7_fu_2912/tmp_19_reg_12372_reg[5]/D
  -------------------------------------------------------------------    -------------------

                         (clock clk_fpga_0 rise edge)
                                                      5.000     5.000 r  
    PS7_X0Y0             PS7                          0.000     5.000 r  fastvit_bd_i/ps7_0/inst/PS7_i/FCLKCLK[0]
                         net (fo=1, routed)           1.088     6.088    fastvit_bd_i/ps7_0/inst/FCLK_CLK_unbuffered[0]
    BUFGCTRL_X0Y19       BUFG (Prop_bufg_I_O)         0.091     6.179 r  fastvit_bd_i/ps7_0/inst/buffer_fclk_clk_0.FCLK_CLK_0_BUFG_replica_2/O
                         net (fo=7, routed)           0.133     6.312    fastvit_bd_i/ps7_0/inst/FCLK_CLK0_repN_2
    BUFGCTRL_X0Y18       BUFG (Prop_bufg_I_O)         0.091     6.403 r  fastvit_bd_i/ps7_0/inst/buffer_fclk_clk_0.FCLK_CLK_0_BUFG_replica_1/O
                         net (fo=7, routed)           0.133     6.536    fastvit_bd_i/ps7_0/inst/FCLK_CLK0_repN_1
    BUFGCTRL_X0Y17       BUFG (Prop_bufg_I_O)         0.091     6.627 r  fastvit_bd_i/ps7_0/inst/buffer_fclk_clk_0.FCLK_CLK_0_BUFG_replica/O
                         net (fo=51, routed)          0.133     6.760    fastvit_bd_i/ps7_0/inst/FCLK_CLK0_repN
    BUFGCTRL_X0Y16       BUFG (Prop_bufg_I_O)         0.091     6.851 r  fastvit_bd_i/ps7_0/inst/buffer_fclk_clk_0.FCLK_CLK_0_BUFG/O
                         net (fo=46412, routed)       1.698     8.549    fastvit_bd_i/worker_0/inst/grp_dsconv_worker_Pipeline_WRITEBACK_PW_VITIS_LOOP_533_6_VITIS_LOOP_555_7_fu_2912/ap_clk
    SLICE_X54Y121        FDRE                                         r  fastvit_bd_i/worker_0/inst/grp_dsconv_worker_Pipeline_WRITEBACK_PW_VITIS_LOOP_533_6_VITIS_LOOP_555_7_fu_2912/tmp_19_reg_12372_reg[5]/C
                         clock pessimism              0.198     8.747    
                         clock uncertainty           -0.083     8.664    
    SLICE_X54Y121        FDRE (Setup_fdre_C_D)        0.077     8.741    fastvit_bd_i/worker_0/inst/grp_dsconv_worker_Pipeline_WRITEBACK_PW_VITIS_LOOP_533_6_VITIS_LOOP_555_7_fu_2912/tmp_19_reg_12372_reg[5]
  -------------------------------------------------------------------
                         required time                          8.741    
                         arrival time                         -10.232    
  -------------------------------------------------------------------
                         slack                                 -1.491    

Slack (VIOLATED) :        -1.490ns  (required time - arrival time)
  Source:                 fastvit_bd_i/worker_0/inst/grp_dsconv_worker_Pipeline_WRITEBACK_PW_VITIS_LOOP_533_6_VITIS_LOOP_555_7_fu_2912/tmp_32_reg_12417_reg[28]/C
                            (rising edge-triggered cell FDRE clocked by clk_fpga_0  {rise@0.000ns fall@2.500ns period=5.000ns})
  Destination:            fastvit_bd_i/worker_0/inst/grp_dsconv_worker_Pipeline_WRITEBACK_PW_VITIS_LOOP_533_6_VITIS_LOOP_555_7_fu_2912/ashr_32ns_32ns_32_2_1_U1030/buff0_reg[26]/D
                            (rising edge-triggered cell FDRE clocked by clk_fpga_0  {rise@0.000ns fall@2.500ns period=5.000ns})
  Path Group:             clk_fpga_0
  Path Type:              Setup (Max at Slow Process Corner)
  Requirement:            5.000ns  (clk_fpga_0 rise@5.000ns - clk_fpga_0 rise@0.000ns)
  Data Path Delay:        6.319ns  (logic 1.339ns (21.191%)  route 4.980ns (78.809%))
  Logic Levels:           5  (LUT3=1 LUT5=2 LUT6=1 MUXF7=1)
  Clock Path Skew:        -0.119ns (DCD - SCD + CPR)
    Destination Clock Delay (DCD):    3.559ns = ( 8.559 - 5.000 ) 
    Source Clock Delay      (SCD):    3.994ns
    Clock Pessimism Removal (CPR):    0.316ns
  Clock Uncertainty:      0.083ns  ((TSJ^2 + TIJ^2)^1/2 + DJ) / 2 + PE
    Total System Jitter     (TSJ):    0.071ns
    Total Input Jitter      (TIJ):    0.150ns
    Discrete Jitter          (DJ):    0.000ns
    Phase Error              (PE):    0.000ns

    Location             Delay type                Incr(ns)  Path(ns)    Netlist Resource(s)
  -------------------------------------------------------------------    -------------------
                         (clock clk_fpga_0 rise edge)
                                                      0.000     0.000 r  
    PS7_X0Y0             PS7                          0.000     0.000 r  fastvit_bd_i/ps7_0/inst/PS7_i/FCLKCLK[0]
                         net (fo=1, routed)           1.193     1.193    fastvit_bd_i/ps7_0/inst/FCLK_CLK_unbuffered[0]
    BUFGCTRL_X0Y19       BUFG (Prop_bufg_I_O)         0.101     1.294 r  fastvit_bd_i/ps7_0/inst/buffer_fclk_clk_0.FCLK_CLK_0_BUFG_replica_2/O
                         net (fo=7, routed)           0.146     1.440    fastvit_bd_i/ps7_0/inst/FCLK_CLK0_repN_2
    BUFGCTRL_X0Y18       BUFG (Prop_bufg_I_O)         0.101     1.541 r  fastvit_bd_i/ps7_0/inst/buffer_fclk_clk_0.FCLK_CLK_0_BUFG_replica_1/O
                         net (fo=7, routed)           0.146     1.687    fastvit_bd_i/ps7_0/inst/FCLK_CLK0_repN_1
    BUFGCTRL_X0Y17       BUFG (Prop_bufg_I_O)         0.101     1.788 r  fastvit_bd_i/ps7_0/inst/buffer_fclk_clk_0.FCLK_CLK_0_BUFG_replica/O
                         net (fo=51, routed)          0.146     1.934    fastvit_bd_i/ps7_0/inst/FCLK_CLK0_repN
    BUFGCTRL_X0Y16       BUFG (Prop_bufg_I_O)         0.101     2.035 r  fastvit_bd_i/ps7_0/inst/buffer_fclk_clk_0.FCLK_CLK_0_BUFG/O
                         net (fo=46412, routed)       1.959     3.994    fastvit_bd_i/worker_0/inst/grp_dsconv_worker_Pipeline_WRITEBACK_PW_VITIS_LOOP_533_6_VITIS_LOOP_555_7_fu_2912/ap_clk
    SLICE_X103Y126       FDRE                                         r  fastvit_bd_i/worker_0/inst/grp_dsconv_worker_Pipeline_WRITEBACK_PW_VITIS_LOOP_533_6_VITIS_LOOP_555_7_fu_2912/tmp_32_reg_12417_reg[28]/C
  -------------------------------------------------------------------    -------------------
    SLICE_X103Y126       FDRE (Prop_fdre_C_Q)         0.456     4.450 r  fastvit_bd_i/worker_0/inst/grp_dsconv_worker_Pipeline_WRITEBACK_PW_VITIS_LOOP_533_6_VITIS_LOOP_555_7_fu_2912/tmp_32_reg_12417_reg[28]/Q
                         net (fo=1, routed)           1.829     6.279    fastvit_bd_i/worker_0/inst/grp_dsconv_worker_Pipeline_WRITEBACK_PW_VITIS_LOOP_533_6_VITIS_LOOP_555_7_fu_2912/ashr_32ns_32ns_32_2_1_U1030/buff0_reg[31]_5[11]
    SLICE_X60Y128        LUT6 (Prop_lut6_I5_O)        0.124     6.403 r  fastvit_bd_i/worker_0/inst/grp_dsconv_worker_Pipeline_WRITEBACK_PW_VITIS_LOOP_533_6_VITIS_LOOP_555_7_fu_2912/ashr_32ns_32ns_32_2_1_U1030/buff0[28]_i_6__3/O
                         net (fo=1, routed)           0.000     6.403    fastvit_bd_i/worker_0/inst/grp_dsconv_worker_Pipeline_WRITEBACK_PW_VITIS_LOOP_533_6_VITIS_LOOP_555_7_fu_2912/ashr_32ns_32ns_32_2_1_U1030/buff0[28]_i_6__3_n_0
    SLICE_X60Y128        MUXF7 (Prop_muxf7_I0_O)      0.212     6.615 r  fastvit_bd_i/worker_0/inst/grp_dsconv_worker_Pipeline_WRITEBACK_PW_VITIS_LOOP_533_6_VITIS_LOOP_555_7_fu_2912/ashr_32ns_32ns_32_2_1_U1030/buff0_reg[28]_i_5__3/O
                         net (fo=6, routed)           1.340     7.955    fastvit_bd_i/worker_0/inst/grp_dsconv_worker_Pipeline_WRITEBACK_PW_VITIS_LOOP_533_6_VITIS_LOOP_555_7_fu_2912/ashr_32ns_32ns_32_2_1_U1030/trunc_ln532_reg_9551_pp0_iter10_reg_reg[2]__0_10
    SLICE_X51Y145        LUT5 (Prop_lut5_I0_O)        0.299     8.254 r  fastvit_bd_i/worker_0/inst/grp_dsconv_worker_Pipeline_WRITEBACK_PW_VITIS_LOOP_533_6_VITIS_LOOP_555_7_fu_2912/ashr_32ns_32ns_32_2_1_U1030/buff0[28]_i_4/O
                         net (fo=2, routed)           0.698     8.952    fastvit_bd_i/worker_0/inst/grp_dsconv_worker_Pipeline_WRITEBACK_PW_VITIS_LOOP_533_6_VITIS_LOOP_555_7_fu_2912/ashr_32ns_32ns_32_2_1_U1030/buff0[28]_i_4_n_0
    SLICE_X51Y142        LUT3 (Prop_lut3_I0_O)        0.124     9.076 r  fastvit_bd_i/worker_0/inst/grp_dsconv_worker_Pipeline_WRITEBACK_PW_VITIS_LOOP_533_6_VITIS_LOOP_555_7_fu_2912/ashr_32ns_32ns_32_2_1_U1030/buff0[26]_i_2/O
                         net (fo=2, routed)           1.113    10.189    fastvit_bd_i/worker_0/inst/grp_dsconv_worker_Pipeline_WRITEBACK_PW_VITIS_LOOP_533_6_VITIS_LOOP_555_7_fu_2912/ashr_32ns_32ns_32_2_1_U1030/buff0[26]_i_2_n_0
    SLICE_X56Y138        LUT5 (Prop_lut5_I1_O)        0.124    10.313 r  fastvit_bd_i/worker_0/inst/grp_dsconv_worker_Pipeline_WRITEBACK_PW_VITIS_LOOP_533_6_VITIS_LOOP_555_7_fu_2912/ashr_32ns_32ns_32_2_1_U1030/buff0[26]_i_1/O
                         net (fo=1, routed)           0.000    10.313    fastvit_bd_i/worker_0/inst/grp_dsconv_worker_Pipeline_WRITEBACK_PW_VITIS_LOOP_533_6_VITIS_LOOP_555_7_fu_2912/ashr_32ns_32ns_32_2_1_U1030/tmp_product[26]
    SLICE_X56Y138        FDRE                                         r  fastvit_bd_i/worker_0/inst/grp_dsconv_worker_Pipeline_WRITEBACK_PW_VITIS_LOOP_533_6_VITIS_LOOP_555_7_fu_2912/ashr_32ns_32ns_32_2_1_U1030/buff0_reg[26]/D
  -------------------------------------------------------------------    -------------------

                         (clock clk_fpga_0 rise edge)
                                                      5.000     5.000 r  
    PS7_X0Y0             PS7                          0.000     5.000 r  fastvit_bd_i/ps7_0/inst/PS7_i/FCLKCLK[0]
                         net (fo=1, routed)           1.088     6.088    fastvit_bd_i/ps7_0/inst/FCLK_CLK_unbuffered[0]
    BUFGCTRL_X0Y19       BUFG (Prop_bufg_I_O)         0.091     6.179 r  fastvit_bd_i/ps7_0/inst/buffer_fclk_clk_0.FCLK_CLK_0_BUFG_replica_2/O
                         net (fo=7, routed)           0.133     6.312    fastvit_bd_i/ps7_0/inst/FCLK_CLK0_repN_2
    BUFGCTRL_X0Y18       BUFG (Prop_bufg_I_O)         0.091     6.403 r  fastvit_bd_i/ps7_0/inst/buffer_fclk_clk_0.FCLK_CLK_0_BUFG_replica_1/O
                         net (fo=7, routed)           0.133     6.536    fastvit_bd_i/ps7_0/inst/FCLK_CLK0_repN_1
    BUFGCTRL_X0Y17       BUFG (Prop_bufg_I_O)         0.091     6.627 r  fastvit_bd_i/ps7_0/inst/buffer_fclk_clk_0.FCLK_CLK_0_BUFG_replica/O
                         net (fo=51, routed)          0.133     6.760    fastvit_bd_i/ps7_0/inst/FCLK_CLK0_repN
    BUFGCTRL_X0Y16       BUFG (Prop_bufg_I_O)         0.091     6.851 r  fastvit_bd_i/ps7_0/inst/buffer_fclk_clk_0.FCLK_CLK_0_BUFG/O
                         net (fo=46412, routed)       1.708     8.559    fastvit_bd_i/worker_0/inst/grp_dsconv_worker_Pipeline_WRITEBACK_PW_VITIS_LOOP_533_6_VITIS_LOOP_555_7_fu_2912/ashr_32ns_32ns_32_2_1_U1030/ap_clk
    SLICE_X56Y138        FDRE                                         r  fastvit_bd_i/worker_0/inst/grp_dsconv_worker_Pipeline_WRITEBACK_PW_VITIS_LOOP_533_6_VITIS_LOOP_555_7_fu_2912/ashr_32ns_32ns_32_2_1_U1030/buff0_reg[26]/C
                         clock pessimism              0.316     8.875    
                         clock uncertainty           -0.083     8.792    
    SLICE_X56Y138        FDRE (Setup_fdre_C_D)        0.031     8.823    fastvit_bd_i/worker_0/inst/grp_dsconv_worker_Pipeline_WRITEBACK_PW_VITIS_LOOP_533_6_VITIS_LOOP_555_7_fu_2912/ashr_32ns_32ns_32_2_1_U1030/buff0_reg[26]
  -------------------------------------------------------------------
                         required time                          8.823    
                         arrival time                         -10.313    
  -------------------------------------------------------------------
                         slack                                 -1.490    

Slack (VIOLATED) :        -1.483ns  (required time - arrival time)
  Source:                 fastvit_bd_i/worker_0/inst/grp_dsconv_worker_Pipeline_WRITEBACK_DW_PATCH_VITIS_LOOP_444_3_fu_2213/ap_predicate_pred3102_state8_reg/C
                            (rising edge-triggered cell FDRE clocked by clk_fpga_0  {rise@0.000ns fall@2.500ns period=5.000ns})
  Destination:            fastvit_bd_i/worker_0/inst/p_ZL12dw_patch_buf_5_3_U/ram_reg/ENARDEN
                            (rising edge-triggered cell RAMB18E1 clocked by clk_fpga_0  {rise@0.000ns fall@2.500ns period=5.000ns})
  Path Group:             clk_fpga_0
  Path Type:              Setup (Max at Slow Process Corner)
  Requirement:            5.000ns  (clk_fpga_0 rise@5.000ns - clk_fpga_0 rise@0.000ns)
  Data Path Delay:        6.032ns  (logic 0.842ns (13.959%)  route 5.190ns (86.041%))
  Logic Levels:           2  (LUT6=2)
  Clock Path Skew:        0.074ns (DCD - SCD + CPR)
    Destination Clock Delay (DCD):    3.467ns = ( 8.467 - 5.000 ) 
    Source Clock Delay      (SCD):    3.691ns
    Clock Pessimism Removal (CPR):    0.299ns
  Clock Uncertainty:      0.083ns  ((TSJ^2 + TIJ^2)^1/2 + DJ) / 2 + PE
    Total System Jitter     (TSJ):    0.071ns
    Total Input Jitter      (TIJ):    0.150ns
    Discrete Jitter          (DJ):    0.000ns
    Phase Error              (PE):    0.000ns

    Location             Delay type                Incr(ns)  Path(ns)    Netlist Resource(s)
  -------------------------------------------------------------------    -------------------
                         (clock clk_fpga_0 rise edge)
                                                      0.000     0.000 r  
    PS7_X0Y0             PS7                          0.000     0.000 r  fastvit_bd_i/ps7_0/inst/PS7_i/FCLKCLK[0]
                         net (fo=1, routed)           1.193     1.193    fastvit_bd_i/ps7_0/inst/FCLK_CLK_unbuffered[0]
    BUFGCTRL_X0Y19       BUFG (Prop_bufg_I_O)         0.101     1.294 r  fastvit_bd_i/ps7_0/inst/buffer_fclk_clk_0.FCLK_CLK_0_BUFG_replica_2/O
                         net (fo=7, routed)           0.146     1.440    fastvit_bd_i/ps7_0/inst/FCLK_CLK0_repN_2
    BUFGCTRL_X0Y18       BUFG (Prop_bufg_I_O)         0.101     1.541 r  fastvit_bd_i/ps7_0/inst/buffer_fclk_clk_0.FCLK_CLK_0_BUFG_replica_1/O
                         net (fo=7, routed)           0.146     1.687    fastvit_bd_i/ps7_0/inst/FCLK_CLK0_repN_1
    BUFGCTRL_X0Y17       BUFG (Prop_bufg_I_O)         0.101     1.788 r  fastvit_bd_i/ps7_0/inst/buffer_fclk_clk_0.FCLK_CLK_0_BUFG_replica/O
                         net (fo=51, routed)          0.146     1.934    fastvit_bd_i/ps7_0/inst/FCLK_CLK0_repN
    BUFGCTRL_X0Y16       BUFG (Prop_bufg_I_O)         0.101     2.035 r  fastvit_bd_i/ps7_0/inst/buffer_fclk_clk_0.FCLK_CLK_0_BUFG/O
                         net (fo=46412, routed)       1.656     3.691    fastvit_bd_i/worker_0/inst/grp_dsconv_worker_Pipeline_WRITEBACK_DW_PATCH_VITIS_LOOP_444_3_fu_2213/ap_clk
    SLICE_X41Y19         FDRE                                         r  fastvit_bd_i/worker_0/inst/grp_dsconv_worker_Pipeline_WRITEBACK_DW_PATCH_VITIS_LOOP_444_3_fu_2213/ap_predicate_pred3102_state8_reg/C
  -------------------------------------------------------------------    -------------------
    SLICE_X41Y19         FDRE (Prop_fdre_C_Q)         0.419     4.110 r  fastvit_bd_i/worker_0/inst/grp_dsconv_worker_Pipeline_WRITEBACK_DW_PATCH_VITIS_LOOP_444_3_fu_2213/ap_predicate_pred3102_state8_reg/Q
                         net (fo=81, routed)          3.403     7.513    fastvit_bd_i/worker_0/inst/grp_dsconv_worker_Pipeline_WRITEBACK_DW_PATCH_VITIS_LOOP_444_3_fu_2213/ap_predicate_pred3102_state8
    SLICE_X38Y21         LUT6 (Prop_lut6_I2_O)        0.299     7.812 r  fastvit_bd_i/worker_0/inst/grp_dsconv_worker_Pipeline_WRITEBACK_DW_PATCH_VITIS_LOOP_444_3_fu_2213/ram_reg_i_14__125_comp/O
                         net (fo=1, routed)           0.307     8.119    fastvit_bd_i/worker_0/inst/grp_dsconv_worker_Pipeline_COMPUTE_PW_S_fu_2646/grp_dsconv_worker_Pipeline_WRITEBACK_DW_PATCH_VITIS_LOOP_444_3_fu_2213_p_ZL12dw_patch_buf_5_0_ce0
    SLICE_X36Y20         LUT6 (Prop_lut6_I2_O)        0.124     8.243 r  fastvit_bd_i/worker_0/inst/grp_dsconv_worker_Pipeline_COMPUTE_PW_S_fu_2646/ram_reg_i_1__48/O
                         net (fo=8, routed)           1.480     9.723    fastvit_bd_i/worker_0/inst/p_ZL12dw_patch_buf_5_3_U/p_ZL12dw_patch_buf_5_0_ce0
    RAMB18_X1Y5          RAMB18E1                                     r  fastvit_bd_i/worker_0/inst/p_ZL12dw_patch_buf_5_3_U/ram_reg/ENARDEN
  -------------------------------------------------------------------    -------------------

                         (clock clk_fpga_0 rise edge)
                                                      5.000     5.000 r  
    PS7_X0Y0             PS7                          0.000     5.000 r  fastvit_bd_i/ps7_0/inst/PS7_i/FCLKCLK[0]
                         net (fo=1, routed)           1.088     6.088    fastvit_bd_i/ps7_0/inst/FCLK_CLK_unbuffered[0]
    BUFGCTRL_X0Y19       BUFG (Prop_bufg_I_O)         0.091     6.179 r  fastvit_bd_i/ps7_0/inst/buffer_fclk_clk_0.FCLK_CLK_0_BUFG_replica_2/O
                         net (fo=7, routed)           0.133     6.312    fastvit_bd_i/ps7_0/inst/FCLK_CLK0_repN_2
    BUFGCTRL_X0Y18       BUFG (Prop_bufg_I_O)         0.091     6.403 r  fastvit_bd_i/ps7_0/inst/buffer_fclk_clk_0.FCLK_CLK_0_BUFG_replica_1/O
                         net (fo=7, routed)           0.133     6.536    fastvit_bd_i/ps7_0/inst/FCLK_CLK0_repN_1
    BUFGCTRL_X0Y17       BUFG (Prop_bufg_I_O)         0.091     6.627 r  fastvit_bd_i/ps7_0/inst/buffer_fclk_clk_0.FCLK_CLK_0_BUFG_replica/O
                         net (fo=51, routed)          0.133     6.760    fastvit_bd_i/ps7_0/inst/FCLK_CLK0_repN
    BUFGCTRL_X0Y16       BUFG (Prop_bufg_I_O)         0.091     6.851 r  fastvit_bd_i/ps7_0/inst/buffer_fclk_clk_0.FCLK_CLK_0_BUFG/O
                         net (fo=46412, routed)       1.616     8.467    fastvit_bd_i/worker_0/inst/p_ZL12dw_patch_buf_5_3_U/ap_clk
    RAMB18_X1Y5          RAMB18E1                                     r  fastvit_bd_i/worker_0/inst/p_ZL12dw_patch_buf_5_3_U/ram_reg/CLKARDCLK
                         clock pessimism              0.299     8.765    
                         clock uncertainty           -0.083     8.683    
    RAMB18_X1Y5          RAMB18E1 (Setup_ramb18e1_CLKARDCLK_ENARDEN)
                                                     -0.443     8.240    fastvit_bd_i/worker_0/inst/p_ZL12dw_patch_buf_5_3_U/ram_reg
  -------------------------------------------------------------------
                         required time                          8.240    
                         arrival time                          -9.723    
  -------------------------------------------------------------------
                         slack                                 -1.483    




