Copyright 1986-2022 Xilinx, Inc. All Rights Reserved. Copyright 2022-2024 Advanced Micro Devices, Inc. All Rights Reserved.
---------------------------------------------------------------------------------------------------------------------------------------------------------
| Tool Version : Vivado v.2024.2 (win64) Build 5239630 Fri Nov 08 22:35:27 MST 2024
| Date         : Tue Aug 11 03:29:51 2026
| Host         : DESKTOP-GBLH5MP running 64-bit major release  (build 9200)
| Command      : report_timing_summary -delay_type max -max_paths 1 -file V:/vivado_impl/fastvit_w8a4_200mhz_proj/timing_summary_w8a4_tile_reference.rpt
| Design       : fastvit_bd_wrapper
| Device       : 7z020-clg400
| Speed File   : -1  PRODUCTION 1.12 2019-11-22
| Design State : Routed
---------------------------------------------------------------------------------------------------------------------------------------------------------

Timing Summary Report

------------------------------------------------------------------------------------------------
| Timer Settings
| --------------
------------------------------------------------------------------------------------------------

  Enable Multi Corner Analysis               :  Yes
  Enable Pessimism Removal                   :  Yes
  Pessimism Removal Resolution               :  Nearest Common Node
  Enable Input Delay Default Clock           :  No
  Enable Preset / Clear Arcs                 :  No
  Disable Flight Delays                      :  No
  Ignore I/O Paths                           :  No
  Timing Early Launch at Borrowing Latches   :  No
  Borrow Time for Max Delay Exceptions       :  Yes
  Merge Timing Exceptions                    :  Yes
  Inter-SLR Compensation                     :  Conservative

  Corner  Analyze    Analyze    
  Name    Max Paths  Min Paths  
  ------  ---------  ---------  
  Slow    Yes        Yes        
  Fast    Yes        Yes        


------------------------------------------------------------------------------------------------
| Report Methodology
| ------------------
------------------------------------------------------------------------------------------------

Rule       Severity  Description                                  Violations  
---------  --------  -------------------------------------------  ----------  
TIMING-16  Warning   Large setup violation                        1000        
ULMTCS-1   Warning   Control Sets use limits recommend reduction  1           

Note: This report is based on the most recent report_methodology run and may not be up-to-date. Run report_methodology on the current design for the latest report.



check_timing report

Table of Contents
-----------------
1. checking no_clock (0)
2. checking constant_clock (0)
3. checking pulse_width_clock (0)
4. checking unconstrained_internal_endpoints (0)
5. checking no_input_delay (0)
6. checking no_output_delay (0)
7. checking multiple_clock (0)
8. checking generated_clocks (0)
9. checking loops (0)
10. checking partial_input_delay (0)
11. checking partial_output_delay (0)
12. checking latch_loops (0)

1. checking no_clock (0)
------------------------
 There are 0 register/latch pins with no clock.


2. checking constant_clock (0)
------------------------------
 There are 0 register/latch pins with constant_clock.


3. checking pulse_width_clock (0)
---------------------------------
 There are 0 register/latch pins which need pulse_width check


4. checking unconstrained_internal_endpoints (0)
------------------------------------------------
 There are 0 pins that are not constrained for maximum delay.

 There are 0 pins that are not constrained for maximum delay due to constant clock.


5. checking no_input_delay (0)
------------------------------
 There are 0 input ports with no input delay specified.

 There are 0 input ports with no input delay but user has a false path constraint.


6. checking no_output_delay (0)
-------------------------------
 There are 0 ports with no output delay specified.

 There are 0 ports with no output delay but user has a false path constraint

 There are 0 ports with no output delay but with a timing clock defined on it or propagating through it


7. checking multiple_clock (0)
------------------------------
 There are 0 register/latch pins with multiple clocks.


8. checking generated_clocks (0)
--------------------------------
 There are 0 generated clocks that are not connected to a clock source.


9. checking loops (0)
---------------------
 There are 0 combinational loops in the design.


10. checking partial_input_delay (0)
------------------------------------
 There are 0 input ports with partial input delay specified.


11. checking partial_output_delay (0)
-------------------------------------
 There are 0 ports with partial output delay specified.


12. checking latch_loops (0)
----------------------------
 There are 0 combinational latch loops in the design through latch input



------------------------------------------------------------------------------------------------
| Design Timing Summary
| ---------------------
------------------------------------------------------------------------------------------------

    WNS(ns)      TNS(ns)  TNS Failing Endpoints  TNS Total Endpoints     WPWS(ns)     TPWS(ns)  TPWS Failing Endpoints  TPWS Total Endpoints  
    -------      -------  ---------------------  -------------------     --------     --------  ----------------------  --------------------  
     -2.530   -28367.156                  43529               126175        1.116        0.000                       0                 56011  


Timing constraints are not met.


------------------------------------------------------------------------------------------------
| Clock Summary
| -------------
------------------------------------------------------------------------------------------------

Clock       Waveform(ns)         Period(ns)      Frequency(MHz)
-----       ------------         ----------      --------------
clk_fpga_0  {0.000 2.500}        5.000           200.000         


------------------------------------------------------------------------------------------------
| Intra Clock Table
| -----------------
------------------------------------------------------------------------------------------------

Clock             WNS(ns)      TNS(ns)  TNS Failing Endpoints  TNS Total Endpoints     WPWS(ns)     TPWS(ns)  TPWS Failing Endpoints  TPWS Total Endpoints  
-----             -------      -------  ---------------------  -------------------     --------     --------  ----------------------  --------------------  
clk_fpga_0         -2.530   -28367.156                  43529               126175        1.116        0.000                       0                 56011  


------------------------------------------------------------------------------------------------
| Inter Clock Table
| -----------------
------------------------------------------------------------------------------------------------

From Clock    To Clock          WNS(ns)      TNS(ns)  TNS Failing Endpoints  TNS Total Endpoints  
----------    --------          -------      -------  ---------------------  -------------------  


------------------------------------------------------------------------------------------------
| Other Path Groups Table
| -----------------------
------------------------------------------------------------------------------------------------

Path Group    From Clock    To Clock          WNS(ns)      TNS(ns)  TNS Failing Endpoints  TNS Total Endpoints  
----------    ----------    --------          -------      -------  ---------------------  -------------------  


------------------------------------------------------------------------------------------------
| Timing Details
| --------------
------------------------------------------------------------------------------------------------


---------------------------------------------------------------------------------------------------
From Clock:  clk_fpga_0
  To Clock:  clk_fpga_0

Setup :        43529  Failing Endpoints,  Worst Slack       -2.530ns,  Total Violation   -28367.156ns
Hold  :           NA  Failing Endpoints,  Worst Slack           NA  ,  Total Violation           NA
PW    :            0  Failing Endpoints,  Worst Slack        1.116ns,  Total Violation        0.000ns
---------------------------------------------------------------------------------------------------


Max Delay Paths
--------------------------------------------------------------------------------------
Slack (VIOLATED) :        -2.530ns  (required time - arrival time)
  Source:                 fastvit_bd_i/fastvit_ip_0/inst/gmem1_m_axi_U/load_unit_0/fifo_rreq/full_n_reg/C
                            (rising edge-triggered cell FDRE clocked by clk_fpga_0  {rise@0.000ns fall@2.500ns period=5.000ns})
  Destination:            fastvit_bd_i/fastvit_ip_0/inst/gmem1_m_axi_U/load_unit_0/fifo_rreq/raddr_reg[5]_rep/D
                            (rising edge-triggered cell FDRE clocked by clk_fpga_0  {rise@0.000ns fall@2.500ns period=5.000ns})
  Path Group:             clk_fpga_0
  Path Type:              Setup (Max at Slow Process Corner)
  Requirement:            5.000ns  (clk_fpga_0 rise@5.000ns - clk_fpga_0 rise@0.000ns)
  Data Path Delay:        6.984ns  (logic 1.905ns (27.278%)  route 5.079ns (72.722%))
  Logic Levels:           7  (CARRY4=2 LUT2=1 LUT5=1 LUT6=3)
  Clock Path Skew:        -0.227ns (DCD - SCD + CPR)
    Destination Clock Delay (DCD):    2.737ns = ( 7.737 - 5.000 ) 
    Source Clock Delay      (SCD):    3.079ns
    Clock Pessimism Removal (CPR):    0.115ns
  Clock Uncertainty:      0.083ns  ((TSJ^2 + TIJ^2)^1/2 + DJ) / 2 + PE
    Total System Jitter     (TSJ):    0.071ns
    Total Input Jitter      (TIJ):    0.150ns
    Discrete Jitter          (DJ):    0.000ns
    Phase Error              (PE):    0.000ns

    Location             Delay type                Incr(ns)  Path(ns)    Netlist Resource(s)
  -------------------------------------------------------------------    -------------------
                         (clock clk_fpga_0 rise edge)
                                                      0.000     0.000 r  
    PS7_X0Y0             PS7                          0.000     0.000 r  fastvit_bd_i/ps7_0/inst/PS7_i/FCLKCLK[0]
                         net (fo=1, routed)           1.193     1.193    fastvit_bd_i/ps7_0/inst/FCLK_CLK_unbuffered[0]
    BUFGCTRL_X0Y16       BUFG (Prop_bufg_I_O)         0.101     1.294 r  fastvit_bd_i/ps7_0/inst/buffer_fclk_clk_0.FCLK_CLK_0_BUFG/O
                         net (fo=56012, routed)       1.785     3.079    fastvit_bd_i/fastvit_ip_0/inst/gmem1_m_axi_U/load_unit_0/fifo_rreq/ap_clk
    SLICE_X98Y55         FDRE                                         r  fastvit_bd_i/fastvit_ip_0/inst/gmem1_m_axi_U/load_unit_0/fifo_rreq/full_n_reg/C
  -------------------------------------------------------------------    -------------------
    SLICE_X98Y55         FDRE (Prop_fdre_C_Q)         0.518     3.597 r  fastvit_bd_i/fastvit_ip_0/inst/gmem1_m_axi_U/load_unit_0/fifo_rreq/full_n_reg/Q
                         net (fo=68, routed)          1.040     4.637    fastvit_bd_i/fastvit_ip_0/inst/grp_pwconv_worker_fu_2137/grp_pwconv_worker_Pipeline_LOAD_PW_WT_fu_1995/gmem1_0_ARREADY
    SLICE_X101Y54        LUT6 (Prop_lut6_I1_O)        0.124     4.761 f  fastvit_bd_i/fastvit_ip_0/inst/grp_pwconv_worker_fu_2137/grp_pwconv_worker_Pipeline_LOAD_PW_WT_fu_1995/mem_reg[68][0]_srl32_i_29__0/O
                         net (fo=65, routed)          0.438     5.199    fastvit_bd_i/fastvit_ip_0/inst/grp_pwconv_worker_fu_2137/grp_pwconv_worker_Pipeline_LOAD_PW_WT_fu_1995/mem_reg[68][0]_srl32_i_29__0_n_0
    SLICE_X98Y53         LUT2 (Prop_lut2_I0_O)        0.124     5.323 f  fastvit_bd_i/fastvit_ip_0/inst/grp_pwconv_worker_fu_2137/grp_pwconv_worker_Pipeline_LOAD_PW_WT_fu_1995/mem_reg[68][0]_srl32_i_13__0/O
                         net (fo=65, routed)          0.603     5.926    fastvit_bd_i/fastvit_ip_0/inst/grp_pwconv_worker_fu_2137/grp_pwconv_worker_Pipeline_LOAD_PW_WT_fu_1995/mem_reg[68][0]_srl32_i_13__0_n_0
    SLICE_X98Y54         LUT6 (Prop_lut6_I4_O)        0.124     6.050 f  fastvit_bd_i/fastvit_ip_0/inst/grp_pwconv_worker_fu_2137/grp_pwconv_worker_Pipeline_LOAD_PW_WT_fu_1995/i_1_LOPT_REMAP_3_comp/O
                         net (fo=1, routed)           1.012     7.062    fastvit_bd_i/fastvit_ip_0/inst/grp_pwconv_worker_fu_2137/grp_pwconv_worker_Pipeline_LOAD_PW_WT_fu_1995/i_1/O_n_3
    SLICE_X87Y54         LUT6 (Prop_lut6_I5_O)        0.124     7.186 r  fastvit_bd_i/fastvit_ip_0/inst/grp_pwconv_worker_fu_2137/grp_pwconv_worker_Pipeline_LOAD_PW_WT_fu_1995/i_0_LOPT_REMAP_3/O
                         net (fo=6, routed)           1.402     8.589    fastvit_bd_i/fastvit_ip_0/inst/gmem1_m_axi_U/load_unit_0/fifo_rreq/raddr_reg[5]_rep__0_0
    SLICE_X72Y41         LUT5 (Prop_lut5_I3_O)        0.124     8.713 r  fastvit_bd_i/fastvit_ip_0/inst/gmem1_m_axi_U/load_unit_0/fifo_rreq/raddr[4]_i_6_comp/O
                         net (fo=1, routed)           0.000     8.713    fastvit_bd_i/fastvit_ip_0/inst/gmem1_m_axi_U/load_unit_0/fifo_rreq/raddr[4]_i_6_n_0
    SLICE_X72Y41         CARRY4 (Prop_carry4_S[0]_CO[3])
                                                      0.532     9.245 r  fastvit_bd_i/fastvit_ip_0/inst/gmem1_m_axi_U/load_unit_0/fifo_rreq/raddr_reg[4]_i_1__6/CO[3]
                         net (fo=1, routed)           0.000     9.245    fastvit_bd_i/fastvit_ip_0/inst/gmem1_m_axi_U/load_unit_0/fifo_rreq/raddr_reg[4]_i_1__6_n_0
    SLICE_X72Y42         CARRY4 (Prop_carry4_CI_O[0])
                                                      0.235     9.480 r  fastvit_bd_i/fastvit_ip_0/inst/gmem1_m_axi_U/load_unit_0/fifo_rreq/raddr_reg[6]_i_2__2/O[0]
                         net (fo=3, routed)           0.583    10.063    fastvit_bd_i/fastvit_ip_0/inst/gmem1_m_axi_U/load_unit_0/fifo_rreq/raddr_reg[6]_i_2__2_n_7
    SLICE_X72Y42         FDRE                                         r  fastvit_bd_i/fastvit_ip_0/inst/gmem1_m_axi_U/load_unit_0/fifo_rreq/raddr_reg[5]_rep/D
  -------------------------------------------------------------------    -------------------

                         (clock clk_fpga_0 rise edge)
                                                      5.000     5.000 r  
    PS7_X0Y0             PS7                          0.000     5.000 r  fastvit_bd_i/ps7_0/inst/PS7_i/FCLKCLK[0]
                         net (fo=1, routed)           1.088     6.088    fastvit_bd_i/ps7_0/inst/FCLK_CLK_unbuffered[0]
    BUFGCTRL_X0Y16       BUFG (Prop_bufg_I_O)         0.091     6.179 r  fastvit_bd_i/ps7_0/inst/buffer_fclk_clk_0.FCLK_CLK_0_BUFG/O
                         net (fo=56012, routed)       1.558     7.737    fastvit_bd_i/fastvit_ip_0/inst/gmem1_m_axi_U/load_unit_0/fifo_rreq/ap_clk
    SLICE_X72Y42         FDRE                                         r  fastvit_bd_i/fastvit_ip_0/inst/gmem1_m_axi_U/load_unit_0/fifo_rreq/raddr_reg[5]_rep/C
                         clock pessimism              0.115     7.852    
                         clock uncertainty           -0.083     7.769    
    SLICE_X72Y42         FDRE (Setup_fdre_C_D)       -0.237     7.532    fastvit_bd_i/fastvit_ip_0/inst/gmem1_m_axi_U/load_unit_0/fifo_rreq/raddr_reg[5]_rep
  -------------------------------------------------------------------
                         required time                          7.532    
                         arrival time                         -10.063    
  -------------------------------------------------------------------
                         slack                                 -2.530    





Pulse Width Checks
--------------------------------------------------------------------------------------
Clock Name:         clk_fpga_0
Waveform(ns):       { 0.000 2.500 }
Period(ns):         5.000
Sources:            { fastvit_bd_i/ps7_0/inst/PS7_i/FCLKCLK[0] }

Check Type        Corner  Lib Pin      Reference Pin  Required(ns)  Actual(ns)  Slack(ns)  Location       Pin
Min Period        n/a     DSP48E1/CLK  n/a            3.884         5.000       1.116      DSP48_X3Y34    fastvit_bd_i/fastvit_ip_0/inst/grp_add_worker_fu_2121/mul_32s_32s_32_5_1_U25/buff0_reg/CLK
Low Pulse Width   Slow    RAMS32/CLK   n/a            1.250         2.500       1.250      SLICE_X112Y91  fastvit_bd_i/fastvit_ip_0/inst/grp_conv_worker_fu_3999/p_ZL6in_buf_0_U/ram_reg_0_15_0_0/SP/CLK
High Pulse Width  Slow    RAMS32/CLK   n/a            1.250         2.500       1.250      SLICE_X112Y91  fastvit_bd_i/fastvit_ip_0/inst/grp_conv_worker_fu_3999/p_ZL6in_buf_0_U/ram_reg_0_15_0_0/SP/CLK



