==============================================================
Vitis HLS - High-Level Synthesis from C, C++ and OpenCL v2024.2 (64-bit)
Tool Version Limit: 2024.11
Copyright 1986-2022 Xilinx, Inc. All Rights Reserved.
Copyright 2022-2024 Advanced Micro Devices, Inc. All Rights Reserved.

==============================================================
INFO: [HLS 200-1505] Using flow_target 'vivado'
INFO: [HLS 200-1510] Running: set_part xc7z020clg400-1 
INFO: [HLS 200-1611] Setting target device to 'xc7z020-clg400-1'
INFO: [HLS 200-1510] Running: create_clock -period 7 -name default 
INFO: [SYN 201-201] Setting up clock 'default' with a period of 7ns.
INFO: [HLS 200-1510] Running: csynth_design 
INFO: [HLS 200-111] Finished File checks and directory preparation: CPU user time: 0 seconds. CPU system time: 0 seconds. Elapsed time: 0.052 seconds; current allocated memory: 150.062 MB.
INFO: [HLS 200-10] Analyzing design file 'dwconv3_ip.cpp' ... 
INFO: [HLS 200-111] Finished Source Code Analysis and Preprocessing: CPU user time: 0 seconds. CPU system time: 0 seconds. Elapsed time: 3.202 seconds; current allocated memory: 153.051 MB.
INFO: [HLS 200-777] Using interface defaults for 'Vivado' flow target.
INFO: [HLS 200-1995] There were 851 instructions in the design after the 'Compile/Link' phase of compilation. See the Design Size Report for more details: E:/codes/microzed/fastvit_hls/dwconv3_ip/dwconv3_ip_proj/solution1/syn/report/csynth_design_size.rpt
INFO: [HLS 200-1995] There were 466 instructions in the design after the 'Unroll/Inline (step 1)' phase of compilation. See the Design Size Report for more details: E:/codes/microzed/fastvit_hls/dwconv3_ip/dwconv3_ip_proj/solution1/syn/report/csynth_design_size.rpt
INFO: [HLS 200-1995] There were 396 instructions in the design after the 'Unroll/Inline (step 2)' phase of compilation. See the Design Size Report for more details: E:/codes/microzed/fastvit_hls/dwconv3_ip/dwconv3_ip_proj/solution1/syn/report/csynth_design_size.rpt
INFO: [HLS 200-1995] There were 380 instructions in the design after the 'Unroll/Inline (step 3)' phase of compilation. See the Design Size Report for more details: E:/codes/microzed/fastvit_hls/dwconv3_ip/dwconv3_ip_proj/solution1/syn/report/csynth_design_size.rpt
INFO: [HLS 200-1995] There were 379 instructions in the design after the 'Unroll/Inline (step 4)' phase of compilation. See the Design Size Report for more details: E:/codes/microzed/fastvit_hls/dwconv3_ip/dwconv3_ip_proj/solution1/syn/report/csynth_design_size.rpt
INFO: [HLS 200-1995] There were 641 instructions in the design after the 'Array/Struct (step 1)' phase of compilation. See the Design Size Report for more details: E:/codes/microzed/fastvit_hls/dwconv3_ip/dwconv3_ip_proj/solution1/syn/report/csynth_design_size.rpt
INFO: [HLS 200-1995] There were 571 instructions in the design after the 'Array/Struct (step 2)' phase of compilation. See the Design Size Report for more details: E:/codes/microzed/fastvit_hls/dwconv3_ip/dwconv3_ip_proj/solution1/syn/report/csynth_design_size.rpt
INFO: [HLS 200-1995] There were 571 instructions in the design after the 'Array/Struct (step 3)' phase of compilation. See the Design Size Report for more details: E:/codes/microzed/fastvit_hls/dwconv3_ip/dwconv3_ip_proj/solution1/syn/report/csynth_design_size.rpt
INFO: [HLS 200-1995] There were 565 instructions in the design after the 'Array/Struct (step 4)' phase of compilation. See the Design Size Report for more details: E:/codes/microzed/fastvit_hls/dwconv3_ip/dwconv3_ip_proj/solution1/syn/report/csynth_design_size.rpt
INFO: [HLS 200-1995] There were 581 instructions in the design after the 'Array/Struct (step 5)' phase of compilation. See the Design Size Report for more details: E:/codes/microzed/fastvit_hls/dwconv3_ip/dwconv3_ip_proj/solution1/syn/report/csynth_design_size.rpt
INFO: [HLS 200-1995] There were 580 instructions in the design after the 'Performance (step 1)' phase of compilation. See the Design Size Report for more details: E:/codes/microzed/fastvit_hls/dwconv3_ip/dwconv3_ip_proj/solution1/syn/report/csynth_design_size.rpt
INFO: [HLS 200-1995] There were 580 instructions in the design after the 'Performance (step 2)' phase of compilation. See the Design Size Report for more details: E:/codes/microzed/fastvit_hls/dwconv3_ip/dwconv3_ip_proj/solution1/syn/report/csynth_design_size.rpt
INFO: [HLS 200-1995] There were 811 instructions in the design after the 'Performance (step 3)' phase of compilation. See the Design Size Report for more details: E:/codes/microzed/fastvit_hls/dwconv3_ip/dwconv3_ip_proj/solution1/syn/report/csynth_design_size.rpt
INFO: [HLS 200-1995] There were 742 instructions in the design after the 'Performance (step 4)' phase of compilation. See the Design Size Report for more details: E:/codes/microzed/fastvit_hls/dwconv3_ip/dwconv3_ip_proj/solution1/syn/report/csynth_design_size.rpt
INFO: [HLS 200-1995] There were 768 instructions in the design after the 'HW Transforms (step 1)' phase of compilation. See the Design Size Report for more details: E:/codes/microzed/fastvit_hls/dwconv3_ip/dwconv3_ip_proj/solution1/syn/report/csynth_design_size.rpt
INFO: [HLS 200-1995] There were 807 instructions in the design after the 'HW Transforms (step 2)' phase of compilation. See the Design Size Report for more details: E:/codes/microzed/fastvit_hls/dwconv3_ip/dwconv3_ip_proj/solution1/syn/report/csynth_design_size.rpt
INFO: [HLS 214-131] Inlining function 'apply_act(ap_int<32>, int, int)' into 'dwconv3_ip(ap_int<8>*, ap_int<8>*, ap_int<32>*, ap_int<8>*, int, int, int, int, int)' (dwconv3_ip.cpp:167:33)
INFO: [HLS 214-291] Loop 'VITIS_LOOP_83_2' is marked as complete unroll implied by the pipeline pragma (dwconv3_ip.cpp:83:19)
INFO: [HLS 214-291] Loop 'VITIS_LOOP_113_4' is marked as complete unroll implied by the pipeline pragma (dwconv3_ip.cpp:113:20)
INFO: [HLS 214-291] Loop 'VITIS_LOOP_129_6' is marked as complete unroll implied by the pipeline pragma (dwconv3_ip.cpp:129:20)
INFO: [HLS 214-291] Loop 'COMPUTE_DW3_TN' is marked as complete unroll implied by the pipeline pragma (dwconv3_ip.cpp:147:33)
INFO: [HLS 214-291] Loop 'VITIS_LOOP_164_8' is marked as complete unroll implied by the pipeline pragma (dwconv3_ip.cpp:164:20)
WARNING: [HLS 214-398] Updating loop lower bound from 3 to 6 for loop 'VITIS_LOOP_110_3' (dwconv3_ip.cpp:110:39) in function 'dwconv3_ip'. (dwconv3_ip.cpp:44:0)
INFO: [HLS 214-186] Unrolling loop 'VITIS_LOOP_83_2' (dwconv3_ip.cpp:83:19) in function 'dwconv3_ip' completely with a factor of 3 (dwconv3_ip.cpp:44:0)
INFO: [HLS 214-186] Unrolling loop 'VITIS_LOOP_113_4' (dwconv3_ip.cpp:113:20) in function 'dwconv3_ip' completely with a factor of 6 (dwconv3_ip.cpp:44:0)
INFO: [HLS 214-186] Unrolling loop 'VITIS_LOOP_129_6' (dwconv3_ip.cpp:129:20) in function 'dwconv3_ip' completely with a factor of 4 (dwconv3_ip.cpp:44:0)
INFO: [HLS 214-186] Unrolling loop 'COMPUTE_DW3_TN' (dwconv3_ip.cpp:147:33) in function 'dwconv3_ip' completely with a factor of 4 (dwconv3_ip.cpp:44:0)
INFO: [HLS 214-248] Applying array_partition to '_ZL11dw3_out_buf': Complete partitioning on dimension 1. (dwconv3_ip.cpp:21:0)
INFO: [HLS 214-248] Applying array_partition to '_ZL10dw3_wt_buf': Complete partitioning on dimension 1. (dwconv3_ip.cpp:20:0)
INFO: [HLS 214-248] Applying array_partition to '_ZL10dw3_in_buf': Complete partitioning on dimension 1. (dwconv3_ip.cpp:19:0)
INFO: [HLS 214-270] Inferring pragma 'array_partition type=complete dim=2' for array '_ZL11dw3_out_buf_0' due to pipeline pragma (dwconv3_ip.cpp:128:9)
INFO: [HLS 214-270] Inferring pragma 'array_partition type=complete dim=2' for array '_ZL11dw3_out_buf_1' due to pipeline pragma (dwconv3_ip.cpp:128:9)
INFO: [HLS 214-270] Inferring pragma 'array_partition type=complete dim=2' for array '_ZL11dw3_out_buf_2' due to pipeline pragma (dwconv3_ip.cpp:128:9)
INFO: [HLS 214-270] Inferring pragma 'array_partition type=complete dim=2' for array '_ZL11dw3_out_buf_3' due to pipeline pragma (dwconv3_ip.cpp:128:9)
INFO: [HLS 214-248] Applying array_partition to '_ZL11dw3_out_buf_3': Complete partitioning on dimension 2.
INFO: [HLS 214-248] Applying array_partition to '_ZL11dw3_out_buf_2': Complete partitioning on dimension 2.
INFO: [HLS 214-248] Applying array_partition to '_ZL11dw3_out_buf_1': Complete partitioning on dimension 2.
INFO: [HLS 214-248] Applying array_partition to '_ZL11dw3_out_buf_0': Complete partitioning on dimension 2.
INFO: [HLS 214-115] Multiple burst writes of variable length and bit width 8 in loop 'VITIS_LOOP_164_8'(dwconv3_ip.cpp:164:20) has been inferred on bundle 'gmem3'. These burst requests might be further partitioned into multiple requests during RTL generation, based on max_read_burst_length or max_write_burst_length settings. (dwconv3_ip.cpp:164:20)
INFO: [HLS 214-115] Multiple burst reads of length 2 and bit width 8 has been inferred on bundle 'gmem1'. These burst requests might be further partitioned into multiple requests during RTL generation, based on max_read_burst_length or max_write_burst_length settings. (dwconv3_ip.cpp:85:25)
WARNING: [HLS 214-187] Cannot unroll loop 'VITIS_LOOP_164_8' (dwconv3_ip.cpp:164:20) in function 'dwconv3_ip' as it has a variable trip count (dwconv3_ip.cpp:164:20)
INFO: [HLS 200-111] Finished Compiling Optimization and Transform: CPU user time: 0 seconds. CPU system time: 1 seconds. Elapsed time: 9.426 seconds; current allocated memory: 155.074 MB.
INFO: [HLS 200-111] Finished Checking Pragmas: CPU user time: 0 seconds. CPU system time: 0 seconds. Elapsed time: 0.002 seconds; current allocated memory: 155.078 MB.
INFO: [HLS 200-10] Starting code transformations ...
INFO: [HLS 200-111] Finished Standard Transforms: CPU user time: 0 seconds. CPU system time: 0 seconds. Elapsed time: 0.073 seconds; current allocated memory: 161.500 MB.
INFO: [HLS 200-10] Checking synthesizability ...
INFO: [HLS 200-111] Finished Checking Synthesizability: CPU user time: 0 seconds. CPU system time: 0 seconds. Elapsed time: 0.069 seconds; current allocated memory: 163.602 MB.
INFO: [XFORM 203-11] Balancing expressions in function 'dwconv3_ip' (dwconv3_ip.cpp:25:39)...9 expression(s) balanced.
INFO: [HLS 200-111] Finished Loop, function and other optimizations: CPU user time: 0 seconds. CPU system time: 0 seconds. Elapsed time: 0.281 seconds; current allocated memory: 189.367 MB.
INFO: [HLS 200-2061] Successfully converted nested loops 'LOAD_DW3_WT'(dwconv3_ip.cpp:79:9) and 'VITIS_LOOP_81_1'(dwconv3_ip.cpp:81:30) in function 'dwconv3_ip' into perfectly nested loops.
INFO: [HLS 200-2061] Successfully converted nested loops 'LOAD_DW3_IN'(dwconv3_ip.cpp:108:17) and 'VITIS_LOOP_110_3'(dwconv3_ip.cpp:110:39) in function 'dwconv3_ip' into perfectly nested loops.
INFO: [HLS 200-2061] Successfully converted nested loops 'CLEAR_DW3_OUT'(dwconv3_ip.cpp:126:17) and 'VITIS_LOOP_127_5'(dwconv3_ip.cpp:127:39) in function 'dwconv3_ip' into perfectly nested loops.
INFO: [HLS 200-2061] Successfully converted nested loops 'COMPUTE_DW3_TR'(dwconv3_ip.cpp:142:25) and 'COMPUTE_DW3_TC'(dwconv3_ip.cpp:144:29) in function 'dwconv3_ip' into perfectly nested loops.
INFO: [HLS 200-2061] Successfully converted nested loops 'COMPUTE_DW3_KW'(dwconv3_ip.cpp:140:21) and 'COMPUTE_DW3_TR'(dwconv3_ip.cpp:142:25) in function 'dwconv3_ip' into perfectly nested loops.
INFO: [HLS 200-2061] Successfully converted nested loops 'COMPUTE_DW3_KH'(dwconv3_ip.cpp:138:17) and 'COMPUTE_DW3_KW'(dwconv3_ip.cpp:140:21) in function 'dwconv3_ip' into perfectly nested loops.
INFO: [XFORM 203-541] Flattening a loop nest 'LOAD_DW3_WT' (dwconv3_ip.cpp:79:9) in function 'dwconv3_ip'.
INFO: [XFORM 203-541] Flattening a loop nest 'LOAD_DW3_IN' (dwconv3_ip.cpp:108:17) in function 'dwconv3_ip'.
INFO: [XFORM 203-541] Flattening a loop nest 'CLEAR_DW3_OUT' (dwconv3_ip.cpp:126:17) in function 'dwconv3_ip'.
INFO: [XFORM 203-541] Flattening a loop nest 'COMPUTE_DW3_TR' (dwconv3_ip.cpp:142:25) in function 'dwconv3_ip'.
INFO: [XFORM 203-541] Flattening a loop nest 'COMPUTE_DW3_KW' (dwconv3_ip.cpp:140:21) in function 'dwconv3_ip'.
INFO: [XFORM 203-541] Flattening a loop nest 'COMPUTE_DW3_KH' (dwconv3_ip.cpp:138:17) in function 'dwconv3_ip'.
INFO: [XFORM 203-541] Flattening a loop nest 'WRITE_DW3_OUT' (dwconv3_ip.cpp:160:17) in function 'dwconv3_ip'.
INFO: [HLS 200-111] Finished Architecture Synthesis: CPU user time: 1 seconds. CPU system time: 0 seconds. Elapsed time: 0.385 seconds; current allocated memory: 219.301 MB.
INFO: [HLS 200-10] Starting hardware synthesis ...
INFO: [HLS 200-10] Synthesizing 'dwconv3_ip' ...
INFO: [HLS 200-10] ----------------------------------------------------------------
INFO: [HLS 200-42] -- Implementing module 'dwconv3_ip_Pipeline_LOAD_DW3_WT_VITIS_LOOP_81_1' 
INFO: [HLS 200-10] ----------------------------------------------------------------
INFO: [SCHED 204-11] Starting scheduling ...
INFO: [SCHED 204-61] Pipelining loop 'LOAD_DW3_WT_VITIS_LOOP_81_1'.
WARNING: [HLS 200-880] The II Violation in module 'dwconv3_ip_Pipeline_LOAD_DW3_WT_VITIS_LOOP_81_1' (loop 'LOAD_DW3_WT_VITIS_LOOP_81_1'): Unable to enforce a carried dependence constraint (II = 1, distance = 1, offset = 1) between bus read operation ('gmem1_addr_1_read_1', dwconv3_ip.cpp:85) on port 'gmem1' (dwconv3_ip.cpp:85) and bus read operation ('gmem1_addr_1_read', dwconv3_ip.cpp:85) on port 'gmem1' (dwconv3_ip.cpp:85).
WARNING: [HLS 200-885] The II Violation in module 'dwconv3_ip_Pipeline_LOAD_DW3_WT_VITIS_LOOP_81_1' (loop 'LOAD_DW3_WT_VITIS_LOOP_81_1'): Unable to schedule bus read operation ('gmem1_addr_1_read_1', dwconv3_ip.cpp:85) on port 'gmem1' (dwconv3_ip.cpp:85) due to limited memory ports (II = 2). Please consider using a memory core with more ports or partitioning the array.
INFO: [HLS 200-1470] Pipelining result : Target II = 1, Final II = 3, Depth = 16, loop 'LOAD_DW3_WT_VITIS_LOOP_81_1'
INFO: [SCHED 204-11] Finished scheduling.
INFO: [HLS 200-111] Finished Scheduling: CPU user time: 0 seconds. CPU system time: 0 seconds. Elapsed time: 0.292 seconds; current allocated memory: 223.855 MB.
INFO: [BIND 205-100] Starting micro-architecture generation ...
INFO: [BIND 205-101] Performing variable lifetime analysis.
INFO: [BIND 205-101] Exploring resource sharing.
INFO: [BIND 205-101] Binding ...
INFO: [BIND 205-100] Finished micro-architecture generation.
INFO: [HLS 200-111] Finished Binding: CPU user time: 0 seconds. CPU system time: 0 seconds. Elapsed time: 0.077 seconds; current allocated memory: 224.949 MB.
INFO: [HLS 200-10] ----------------------------------------------------------------
INFO: [HLS 200-42] -- Implementing module 'dwconv3_ip_Pipeline_LOAD_DW3_IN_VITIS_LOOP_110_3' 
INFO: [HLS 200-10] ----------------------------------------------------------------
INFO: [SCHED 204-11] Starting scheduling ...
INFO: [SCHED 204-61] Pipelining loop 'LOAD_DW3_IN_VITIS_LOOP_110_3'.
WARNING: [HLS 200-885] The II Violation in module 'dwconv3_ip_Pipeline_LOAD_DW3_IN_VITIS_LOOP_110_3' (loop 'LOAD_DW3_IN_VITIS_LOOP_110_3'): Unable to schedule bus request operation ('gmem0_load_1_req', dwconv3_ip.cpp:119) on port 'gmem0' (dwconv3_ip.cpp:119) due to limited memory ports (II = 1). Please consider using a memory core with more ports or partitioning the array.
WARNING: [HLS 200-885] The II Violation in module 'dwconv3_ip_Pipeline_LOAD_DW3_IN_VITIS_LOOP_110_3' (loop 'LOAD_DW3_IN_VITIS_LOOP_110_3'): Unable to schedule bus request operation ('gmem0_load_2_req', dwconv3_ip.cpp:119) on port 'gmem0' (dwconv3_ip.cpp:119) due to limited memory ports (II = 2). Please consider using a memory core with more ports or partitioning the array.
WARNING: [HLS 200-885] The II Violation in module 'dwconv3_ip_Pipeline_LOAD_DW3_IN_VITIS_LOOP_110_3' (loop 'LOAD_DW3_IN_VITIS_LOOP_110_3'): Unable to schedule bus request operation ('gmem0_load_3_req', dwconv3_ip.cpp:119) on port 'gmem0' (dwconv3_ip.cpp:119) due to limited memory ports (II = 3). Please consider using a memory core with more ports or partitioning the array.
WARNING: [HLS 200-885] The II Violation in module 'dwconv3_ip_Pipeline_LOAD_DW3_IN_VITIS_LOOP_110_3' (loop 'LOAD_DW3_IN_VITIS_LOOP_110_3'): Unable to schedule bus request operation ('gmem0_load_4_req', dwconv3_ip.cpp:119) on port 'gmem0' (dwconv3_ip.cpp:119) due to limited memory ports (II = 4). Please consider using a memory core with more ports or partitioning the array.
WARNING: [HLS 200-885] The II Violation in module 'dwconv3_ip_Pipeline_LOAD_DW3_IN_VITIS_LOOP_110_3' (loop 'LOAD_DW3_IN_VITIS_LOOP_110_3'): Unable to schedule bus request operation ('gmem0_load_5_req', dwconv3_ip.cpp:119) on port 'gmem0' (dwconv3_ip.cpp:119) due to limited memory ports (II = 5). Please consider using a memory core with more ports or partitioning the array.
INFO: [HLS 200-1470] Pipelining result : Target II = 1, Final II = 6, Depth = 31, loop 'LOAD_DW3_IN_VITIS_LOOP_110_3'
WARNING: [HLS 200-871] Estimated clock period (6.978 ns) exceeds the target (target clock period: 7.000 ns, clock uncertainty: 1.890 ns, effective delay budget: 5.110 ns).
WARNING: [HLS 200-1016] The critical path in module 'dwconv3_ip_Pipeline_LOAD_DW3_IN_VITIS_LOOP_110_3' consists of the following:
	'mul' operation 64 bit ('empty_40', dwconv3_ip.cpp:110) [150]  (6.978 ns)

INFO: [SCHED 204-11] Finished scheduling.
INFO: [HLS 200-111] Finished Scheduling: CPU user time: 0 seconds. CPU system time: 0 seconds. Elapsed time: 0.372 seconds; current allocated memory: 228.535 MB.
INFO: [BIND 205-100] Starting micro-architecture generation ...
INFO: [BIND 205-101] Performing variable lifetime analysis.
INFO: [BIND 205-101] Exploring resource sharing.
INFO: [BIND 205-101] Binding ...
INFO: [BIND 205-100] Finished micro-architecture generation.
INFO: [HLS 200-111] Finished Binding: CPU user time: 0 seconds. CPU system time: 0 seconds. Elapsed time: 0.095 seconds; current allocated memory: 228.750 MB.
INFO: [HLS 200-10] ----------------------------------------------------------------
INFO: [HLS 200-42] -- Implementing module 'dwconv3_ip_Pipeline_CLEAR_DW3_OUT_VITIS_LOOP_127_5' 
INFO: [HLS 200-10] ----------------------------------------------------------------
INFO: [SCHED 204-11] Starting scheduling ...
INFO: [SCHED 204-61] Pipelining loop 'CLEAR_DW3_OUT_VITIS_LOOP_127_5'.
INFO: [HLS 200-1470] Pipelining result : Target II = 1, Final II = 1, Depth = 13, loop 'CLEAR_DW3_OUT_VITIS_LOOP_127_5'
WARNING: [HLS 200-871] Estimated clock period (5.868 ns) exceeds the target (target clock period: 7.000 ns, clock uncertainty: 1.890 ns, effective delay budget: 5.110 ns).
WARNING: [HLS 200-1016] The critical path in module 'dwconv3_ip_Pipeline_CLEAR_DW3_OUT_VITIS_LOOP_127_5' consists of the following:
	'load' operation 3 bit ('r_load', dwconv3_ip.cpp:127) on local variable 'r', dwconv3_ip.cpp:127 [39]  (0.000 ns)
	'icmp' operation 1 bit ('icmp_ln127', dwconv3_ip.cpp:127) [44]  (1.650 ns)
	'select' operation 3 bit ('select_ln126', dwconv3_ip.cpp:126) [45]  (0.980 ns)
	'add' operation 3 bit ('add_ln127', dwconv3_ip.cpp:127) [103]  (1.650 ns)
	'store' operation 0 bit ('r_write_ln127', dwconv3_ip.cpp:127) of variable 'add_ln127', dwconv3_ip.cpp:127 on local variable 'r', dwconv3_ip.cpp:127 [106]  (1.588 ns)

INFO: [SCHED 204-11] Finished scheduling.
INFO: [HLS 200-111] Finished Scheduling: CPU user time: 0 seconds. CPU system time: 0 seconds. Elapsed time: 0.155 seconds; current allocated memory: 229.109 MB.
INFO: [BIND 205-100] Starting micro-architecture generation ...
INFO: [BIND 205-101] Performing variable lifetime analysis.
INFO: [BIND 205-101] Exploring resource sharing.
INFO: [BIND 205-101] Binding ...
INFO: [BIND 205-100] Finished micro-architecture generation.
INFO: [HLS 200-111] Finished Binding: CPU user time: 0 seconds. CPU system time: 0 seconds. Elapsed time: 0.06 seconds; current allocated memory: 229.227 MB.
INFO: [HLS 200-10] ----------------------------------------------------------------
INFO: [HLS 200-42] -- Implementing module 'dwconv3_ip_Pipeline_COMPUTE_DW3_KH_COMPUTE_DW3_KW_COMPUTE_DW3_TR_COMPUTE_DW3_TC' 
INFO: [HLS 200-10] ----------------------------------------------------------------
INFO: [SCHED 204-11] Starting scheduling ...
INFO: [HLS 200-486] Changing DSP latency (root=add_ln149_3) to 3 in order to utilize available DSP registers.
INFO: [HLS 200-486] Changing DSP latency (root=add_ln149_2) to 3 in order to utilize available DSP registers.
INFO: [HLS 200-486] Changing DSP latency (root=add_ln149_1) to 3 in order to utilize available DSP registers.
INFO: [HLS 200-486] Changing DSP latency (root=add_ln149) to 3 in order to utilize available DSP registers.
INFO: [SCHED 204-61] Pipelining loop 'COMPUTE_DW3_KH_COMPUTE_DW3_KW_COMPUTE_DW3_TR_COMPUTE_DW3_TC'.
INFO: [HLS 200-1470] Pipelining result : Target II = 1, Final II = 1, Depth = 8, loop 'COMPUTE_DW3_KH_COMPUTE_DW3_KW_COMPUTE_DW3_TR_COMPUTE_DW3_TC'
WARNING: [HLS 200-871] Estimated clock period (6.846 ns) exceeds the target (target clock period: 7.000 ns, clock uncertainty: 1.890 ns, effective delay budget: 5.110 ns).
WARNING: [HLS 200-1016] The critical path in module 'dwconv3_ip_Pipeline_COMPUTE_DW3_KH_COMPUTE_DW3_KW_COMPUTE_DW3_TR_COMPUTE_DW3_TC' consists of the following:
	'load' operation 3 bit ('c_load', dwconv3_ip.cpp:144) on local variable 'c', dwconv3_ip.cpp:144 [48]  (0.000 ns)
	'icmp' operation 1 bit ('icmp_ln144', dwconv3_ip.cpp:144) [58]  (1.650 ns)
	'and' operation 1 bit ('icmp_ln144_mid232', dwconv3_ip.cpp:138) [68]  (0.978 ns)
	'or' operation 1 bit ('empty_41', dwconv3_ip.cpp:138) [71]  (0.000 ns)
	'or' operation 1 bit ('empty_42', dwconv3_ip.cpp:138) [72]  (0.000 ns)
	'select' operation 3 bit ('c_1_mid2', dwconv3_ip.cpp:138) [73]  (0.980 ns)
	'add' operation 3 bit ('add_ln144', dwconv3_ip.cpp:144) [193]  (1.650 ns)
	'store' operation 0 bit ('c_write_ln144', dwconv3_ip.cpp:144) of variable 'add_ln144', dwconv3_ip.cpp:144 on local variable 'c', dwconv3_ip.cpp:144 [204]  (1.588 ns)

INFO: [SCHED 204-11] Finished scheduling.
INFO: [HLS 200-111] Finished Scheduling: CPU user time: 0 seconds. CPU system time: 0 seconds. Elapsed time: 0.198 seconds; current allocated memory: 230.066 MB.
INFO: [BIND 205-100] Starting micro-architecture generation ...
INFO: [BIND 205-101] Performing variable lifetime analysis.
INFO: [BIND 205-101] Exploring resource sharing.
INFO: [BIND 205-101] Binding ...
INFO: [BIND 205-100] Finished micro-architecture generation.
INFO: [HLS 200-111] Finished Binding: CPU user time: 1 seconds. CPU system time: 0 seconds. Elapsed time: 0.077 seconds; current allocated memory: 230.441 MB.
INFO: [HLS 200-10] ----------------------------------------------------------------
INFO: [HLS 200-42] -- Implementing module 'dwconv3_ip' 
INFO: [HLS 200-10] ----------------------------------------------------------------
INFO: [SCHED 204-11] Starting scheduling ...
WARNING: [SCHED 204-65] Unable to satisfy pipeline directive for loop 'WRITE_DW3_OUT_VITIS_LOOP_162_7': contains subloop(s) that are not unrolled or flattened.
WARNING: [HLS 200-871] Estimated clock period (6.978 ns) exceeds the target (target clock period: 7.000 ns, clock uncertainty: 1.890 ns, effective delay budget: 5.110 ns).
WARNING: [HLS 200-1016] The critical path in module 'dwconv3_ip' consists of the following:
	'mul' operation 64 bit ('mul_ln160', dwconv3_ip.cpp:160) [246]  (6.978 ns)

INFO: [SCHED 204-11] Finished scheduling.
INFO: [HLS 200-111] Finished Scheduling: CPU user time: 0 seconds. CPU system time: 0 seconds. Elapsed time: 0.24 seconds; current allocated memory: 232.621 MB.
INFO: [BIND 205-100] Starting micro-architecture generation ...
INFO: [BIND 205-101] Performing variable lifetime analysis.
INFO: [BIND 205-101] Exploring resource sharing.
INFO: [BIND 205-101] Binding ...
INFO: [BIND 205-100] Finished micro-architecture generation.
INFO: [HLS 200-111] Finished Binding: CPU user time: 0 seconds. CPU system time: 0 seconds. Elapsed time: 0.102 seconds; current allocated memory: 233.344 MB.
INFO: [HLS 200-10] ----------------------------------------------------------------
INFO: [HLS 200-10] -- Generating RTL for module 'dwconv3_ip_Pipeline_LOAD_DW3_WT_VITIS_LOOP_81_1' 
INFO: [HLS 200-10] ----------------------------------------------------------------
INFO: [HLS 200-1030] Apply Unified Pipeline Control on module 'dwconv3_ip_Pipeline_LOAD_DW3_WT_VITIS_LOOP_81_1' pipeline 'LOAD_DW3_WT_VITIS_LOOP_81_1' pipeline type 'loop pipeline'
INFO: [RTGEN 206-100] Finished creating RTL model for 'dwconv3_ip_Pipeline_LOAD_DW3_WT_VITIS_LOOP_81_1'.
INFO: [HLS 200-111] Finished Creating RTL model: CPU user time: 0 seconds. CPU system time: 0 seconds. Elapsed time: 0.155 seconds; current allocated memory: 235.938 MB.
INFO: [HLS 200-10] ----------------------------------------------------------------
INFO: [HLS 200-10] -- Generating RTL for module 'dwconv3_ip_Pipeline_LOAD_DW3_IN_VITIS_LOOP_110_3' 
INFO: [HLS 200-10] ----------------------------------------------------------------
INFO: [HLS 200-1030] Apply Unified Pipeline Control on module 'dwconv3_ip_Pipeline_LOAD_DW3_IN_VITIS_LOOP_110_3' pipeline 'LOAD_DW3_IN_VITIS_LOOP_110_3' pipeline type 'loop pipeline'
INFO: [RTGEN 206-100] Generating core module 'mul_32ns_32s_64_5_1': 1 instance(s).
INFO: [RTGEN 206-100] Generating core module 'mul_64s_32s_64_5_1': 1 instance(s).
INFO: [RTGEN 206-100] Finished creating RTL model for 'dwconv3_ip_Pipeline_LOAD_DW3_IN_VITIS_LOOP_110_3'.
INFO: [HLS 200-111] Finished Creating RTL model: CPU user time: 0 seconds. CPU system time: 0 seconds. Elapsed time: 0.356 seconds; current allocated memory: 241.055 MB.
INFO: [HLS 200-10] ----------------------------------------------------------------
INFO: [HLS 200-10] -- Generating RTL for module 'dwconv3_ip_Pipeline_CLEAR_DW3_OUT_VITIS_LOOP_127_5' 
INFO: [HLS 200-10] ----------------------------------------------------------------
INFO: [HLS 200-1030] Apply Unified Pipeline Control on module 'dwconv3_ip_Pipeline_CLEAR_DW3_OUT_VITIS_LOOP_127_5' pipeline 'CLEAR_DW3_OUT_VITIS_LOOP_127_5' pipeline type 'loop pipeline'
INFO: [RTGEN 206-100] Finished creating RTL model for 'dwconv3_ip_Pipeline_CLEAR_DW3_OUT_VITIS_LOOP_127_5'.
INFO: [HLS 200-111] Finished Creating RTL model: CPU user time: 0 seconds. CPU system time: 0 seconds. Elapsed time: 0.379 seconds; current allocated memory: 246.457 MB.
INFO: [HLS 200-10] ----------------------------------------------------------------
INFO: [HLS 200-10] -- Generating RTL for module 'dwconv3_ip_Pipeline_COMPUTE_DW3_KH_COMPUTE_DW3_KW_COMPUTE_DW3_TR_COMPUTE_DW3_TC' 
INFO: [HLS 200-10] ----------------------------------------------------------------
INFO: [HLS 200-1030] Apply Unified Pipeline Control on module 'dwconv3_ip_Pipeline_COMPUTE_DW3_KH_COMPUTE_DW3_KW_COMPUTE_DW3_TR_COMPUTE_DW3_TC' pipeline 'COMPUTE_DW3_KH_COMPUTE_DW3_KW_COMPUTE_DW3_TR_COMPUTE_DW3_TC' pipeline type 'loop pipeline'
INFO: [RTGEN 206-100] Generating core module 'mac_muladd_8s_8s_32s_32_4_1': 4 instance(s).
INFO: [RTGEN 206-100] Generating core module 'sparsemux_9_2_32_1_1': 4 instance(s).
INFO: [RTGEN 206-100] Finished creating RTL model for 'dwconv3_ip_Pipeline_COMPUTE_DW3_KH_COMPUTE_DW3_KW_COMPUTE_DW3_TR_COMPUTE_DW3_TC'.
INFO: [HLS 200-111] Finished Creating RTL model: CPU user time: 1 seconds. CPU system time: 0 seconds. Elapsed time: 0.281 seconds; current allocated memory: 249.406 MB.
INFO: [HLS 200-10] ----------------------------------------------------------------
INFO: [HLS 200-10] -- Generating RTL for module 'dwconv3_ip' 
INFO: [HLS 200-10] ----------------------------------------------------------------
WARNING: [RTGEN 206-101] Design contains AXI ports. Reset is fixed to synchronous and active low.
INFO: [RTGEN 206-500] Setting interface mode on port 'dwconv3_ip/gmem0' to 'm_axi'.
INFO: [RTGEN 206-500] Setting interface mode on port 'dwconv3_ip/gmem1' to 'm_axi'.
INFO: [RTGEN 206-500] Setting interface mode on port 'dwconv3_ip/gmem2' to 'm_axi'.
INFO: [RTGEN 206-500] Setting interface mode on port 'dwconv3_ip/gmem3' to 'm_axi'.
INFO: [RTGEN 206-500] Setting interface mode on port 'dwconv3_ip/feat_in' to 's_axilite & ap_none'.
INFO: [RTGEN 206-500] Setting interface mode on port 'dwconv3_ip/weight' to 's_axilite & ap_none'.
INFO: [RTGEN 206-500] Setting interface mode on port 'dwconv3_ip/bias' to 's_axilite & ap_none'.
INFO: [RTGEN 206-500] Setting interface mode on port 'dwconv3_ip/feat_out' to 's_axilite & ap_none'.
INFO: [RTGEN 206-500] Setting interface mode on port 'dwconv3_ip/CHin' to 's_axilite & ap_none'.
INFO: [RTGEN 206-500] Setting interface mode on port 'dwconv3_ip/Hin' to 's_axilite & ap_none'.
INFO: [RTGEN 206-500] Setting interface mode on port 'dwconv3_ip/Win' to 's_axilite & ap_none'.
INFO: [RTGEN 206-500] Setting interface mode on port 'dwconv3_ip/act_mode' to 's_axilite & ap_none'.
INFO: [RTGEN 206-500] Setting interface mode on port 'dwconv3_ip/out_shift' to 's_axilite & ap_none'.
INFO: [RTGEN 206-500] Setting interface mode on function 'dwconv3_ip' to 's_axilite & ap_ctrl_hs'.
INFO: [RTGEN 206-100] Bundling port 'feat_in', 'weight', 'bias' and 'feat_out' to AXI-Lite port control.
INFO: [RTGEN 206-100] Bundling port 'CHin', 'Hin', 'Win', 'act_mode', 'out_shift' and 'return' to AXI-Lite port ctrl.
INFO: [RTGEN 206-100] Generating core module 'mul_29ns_62s_62_5_1': 1 instance(s).
INFO: [RTGEN 206-100] Generating core module 'mul_31ns_31ns_62_5_1': 1 instance(s).
INFO: [RTGEN 206-100] Generating core module 'mul_31ns_32s_63_5_1': 1 instance(s).
INFO: [RTGEN 206-100] Generating core module 'mul_31ns_64s_64_5_1': 1 instance(s).
INFO: [RTGEN 206-100] Generating core module 'mul_32ns_32s_64_5_1': 1 instance(s).
INFO: [RTGEN 206-100] Generating core module 'sparsemux_9_2_32_1_1': 5 instance(s).
INFO: [RTGEN 206-100] Finished creating RTL model for 'dwconv3_ip'.
INFO: [RTMG 210-278] Implementing memory 'dwconv3_ip_p_ZL10dw3_wt_buf_0_RAM_AUTO_1R1W' using auto RAMs.
INFO: [RTMG 210-278] Implementing memory 'dwconv3_ip_p_ZL10dw3_in_buf_0_RAM_AUTO_1R1W' using auto RAMs.
INFO: [RTMG 210-278] Implementing memory 'dwconv3_ip_p_ZL11dw3_out_buf_0_0_RAM_AUTO_1R1W' using auto RAMs.
INFO: [HLS 200-111] Finished Creating RTL model: CPU user time: 0 seconds. CPU system time: 0 seconds. Elapsed time: 0.682 seconds; current allocated memory: 259.543 MB.
INFO: [HLS 200-111] Finished Generating all RTL models: CPU user time: 1 seconds. CPU system time: 0 seconds. Elapsed time: 1.031 seconds; current allocated memory: 267.891 MB.
INFO: [HLS 200-1603] Design has inferred MAXI bursts and missed bursts, see Vitis HLS GUI synthesis summary report for detailed information.
INFO: [HLS 200-111] Finished Updating report files: CPU user time: 0 seconds. CPU system time: 0 seconds. Elapsed time: 1.147 seconds; current allocated memory: 280.418 MB.
INFO: [VHDL 208-304] Generating VHDL RTL for dwconv3_ip.
INFO: [VLOG 209-307] Generating Verilog RTL for dwconv3_ip.
INFO: [HLS 200-790] **** Loop Constraint Status: All loop constraints were NOT satisfied.
INFO: [HLS 200-789] **** Estimated Fmax: 143.31 MHz
INFO: [HLS 200-2161] Finished Command csynth_design Elapsed time: 00:00:19; Allocated memory: 130.574 MB.
INFO: [HLS 200-1510] Running: export_design -format ip_catalog -display_name FastVIT_DWConv3_IP -description K=3 DW Conv TN=4, 7ns -vendor user.org -version 1.0 
INFO: [IMPL 213-8] Exporting RTL as a Vivado IP.
INFO: [HLS 200-802] Generated output file dwconv3_ip_proj/solution1/impl/export.zip
INFO: [HLS 200-2161] Finished Command export_design Elapsed time: 00:00:14; Allocated memory: 3.984 MB.
INFO: [HLS 200-1510] Running: close_project 
