

================================================================
== Vitis HLS Report for 'run_layer_Pipeline_DW_WT_STAGE_VITIS_LOOP_345_9_VITIS_LOOP_346_10'
================================================================
* Date:           Thu Aug 20 23:19:29 2026

* Version:        2024.2 (Build 5238294 on Nov  8 2024)
* Project:        mac_array_poc_a2_w32
* Solution:       solution1 (Vivado IP Flow Target)
* Product family: zynq
* Target device:  xc7z020-clg400-1


================================================================
== Performance Estimates
================================================================
+ Timing: 
    * Summary: 
    +--------+----------+----------+------------+
    |  Clock |  Target  | Estimated| Uncertainty|
    +--------+----------+----------+------------+
    |ap_clk  |  10.00 ns|  6.589 ns|     2.70 ns|
    +--------+----------+----------+------------+

+ Latency: 
    * Summary: 
    +---------+---------+----------+----------+-----+-----+------------------------------------------------+
    |  Latency (cycles) |  Latency (absolute) |  Interval |                    Pipeline                    |
    |   min   |   max   |    min   |    max   | min | max |                      Type                      |
    +---------+---------+----------+----------+-----+-----+------------------------------------------------+
    |        ?|        ?|         ?|         ?|    0|    0|  loop auto-rewind stp (delay=0 clock cycles(s))|
    +---------+---------+----------+----------+-----+-----+------------------------------------------------+

    + Detail: 
        * Instance: 
        N/A

        * Loop: 
        +--------------------------------------------------+---------+---------+----------+-----------+-----------+------+----------+
        |                                                  |  Latency (cycles) | Iteration|  Initiation Interval  | Trip |          |
        |                     Loop Name                    |   min   |   max   |  Latency |  achieved |   target  | Count| Pipelined|
        +--------------------------------------------------+---------+---------+----------+-----------+-----------+------+----------+
        |- DW_WT_STAGE_VITIS_LOOP_345_9_VITIS_LOOP_346_10  |        ?|        ?|         3|          1|          1|     ?|       yes|
        +--------------------------------------------------+---------+---------+----------+-----------+-----------+------+----------+



================================================================
== Utilization Estimates
================================================================
* Summary: 
+-----------------+---------+-----+--------+-------+-----+
|       Name      | BRAM_18K| DSP |   FF   |  LUT  | URAM|
+-----------------+---------+-----+--------+-------+-----+
|DSP              |        -|    -|       -|      -|    -|
|Expression       |        -|    -|       0|   1079|    -|
|FIFO             |        -|    -|       -|      -|    -|
|Instance         |        -|    -|       -|      -|    -|
|Memory           |        -|    -|       -|      -|    -|
|Multiplexer      |        -|    -|       0|    990|    -|
|Register         |        -|    -|    1243|      -|    -|
+-----------------+---------+-----+--------+-------+-----+
|Total            |        0|    0|    1243|   2069|    0|
+-----------------+---------+-----+--------+-------+-----+
|Available        |      280|  220|  106400|  53200|    0|
+-----------------+---------+-----+--------+-------+-----+
|Utilization (%)  |        0|    0|       1|      3|    0|
+-----------------+---------+-----+--------+-------+-----+

+ Detail: 
    * Instance: 
    N/A

    * DSP: 
    N/A

    * Memory: 
    N/A

    * FIFO: 
    N/A

    * Expression: 
    +---------------------------+----------+----+---+-----+------------+------------+
    |       Variable Name       | Operation| DSP| FF| LUT | Bitwidth P0| Bitwidth P1|
    +---------------------------+----------+----+---+-----+------------+------------+
    |add_ln341_1_fu_2782_p2     |         +|   0|  0|   38|          31|           1|
    |add_ln341_fu_2747_p2       |         +|   0|  0|  102|          95|           1|
    |add_ln345_1_fu_2873_p2     |         +|   0|  0|   71|          64|           1|
    |add_ln345_fu_2921_p2       |         +|   0|  0|   38|          31|           1|
    |add_ln346_fu_3330_p2       |         +|   0|  0|   11|           3|           1|
    |ap_condition_1811          |       and|   0|  0|    2|           1|           1|
    |ap_condition_1815          |       and|   0|  0|    2|           1|           1|
    |ap_condition_1819          |       and|   0|  0|    2|           1|           1|
    |ap_condition_1823          |       and|   0|  0|    2|           1|           1|
    |ap_condition_1827          |       and|   0|  0|    2|           1|           1|
    |ap_condition_1831          |       and|   0|  0|    2|           1|           1|
    |ap_condition_1834          |       and|   0|  0|    2|           1|           1|
    |ap_condition_1838          |       and|   0|  0|    2|           1|           1|
    |ap_condition_1842          |       and|   0|  0|    2|           1|           1|
    |ap_condition_1846          |       and|   0|  0|    2|           1|           1|
    |ap_condition_1850          |       and|   0|  0|    2|           1|           1|
    |ap_condition_1854          |       and|   0|  0|    2|           1|           1|
    |ap_condition_1858          |       and|   0|  0|    2|           1|           1|
    |ap_condition_1861          |       and|   0|  0|    2|           1|           1|
    |ap_condition_1865          |       and|   0|  0|    2|           1|           1|
    |ap_condition_1869          |       and|   0|  0|    2|           1|           1|
    |ap_condition_1873          |       and|   0|  0|    2|           1|           1|
    |ap_condition_1877          |       and|   0|  0|    2|           1|           1|
    |ap_condition_1881          |       and|   0|  0|    2|           1|           1|
    |ap_condition_1885          |       and|   0|  0|    2|           1|           1|
    |ap_condition_1888          |       and|   0|  0|    2|           1|           1|
    |ap_condition_1892          |       and|   0|  0|    2|           1|           1|
    |ap_condition_1896          |       and|   0|  0|    2|           1|           1|
    |ap_condition_1900          |       and|   0|  0|    2|           1|           1|
    |ap_condition_1904          |       and|   0|  0|    2|           1|           1|
    |ap_condition_1908          |       and|   0|  0|    2|           1|           1|
    |ap_condition_1912          |       and|   0|  0|    2|           1|           1|
    |ap_condition_1915          |       and|   0|  0|    2|           1|           1|
    |ap_condition_1919          |       and|   0|  0|    2|           1|           1|
    |ap_condition_1923          |       and|   0|  0|    2|           1|           1|
    |ap_condition_1927          |       and|   0|  0|    2|           1|           1|
    |ap_condition_1931          |       and|   0|  0|    2|           1|           1|
    |ap_condition_1935          |       and|   0|  0|    2|           1|           1|
    |ap_condition_1939          |       and|   0|  0|    2|           1|           1|
    |ap_condition_1942          |       and|   0|  0|    2|           1|           1|
    |ap_condition_1946          |       and|   0|  0|    2|           1|           1|
    |ap_condition_1950          |       and|   0|  0|    2|           1|           1|
    |ap_condition_1954          |       and|   0|  0|    2|           1|           1|
    |ap_condition_1958          |       and|   0|  0|    2|           1|           1|
    |ap_condition_1962          |       and|   0|  0|    2|           1|           1|
    |ap_condition_1966          |       and|   0|  0|    2|           1|           1|
    |ap_condition_1969          |       and|   0|  0|    2|           1|           1|
    |ap_condition_1972          |       and|   0|  0|    2|           1|           1|
    |ap_condition_1975          |       and|   0|  0|    2|           1|           1|
    |ap_condition_1978          |       and|   0|  0|    2|           1|           1|
    |ap_condition_1981          |       and|   0|  0|    2|           1|           1|
    |ap_condition_1984          |       and|   0|  0|    2|           1|           1|
    |ap_condition_1987          |       and|   0|  0|    2|           1|           1|
    |ap_condition_1990          |       and|   0|  0|    2|           1|           1|
    |ap_condition_1993          |       and|   0|  0|    2|           1|           1|
    |ap_condition_1996          |       and|   0|  0|    2|           1|           1|
    |ap_condition_1999          |       and|   0|  0|    2|           1|           1|
    |ap_condition_2002          |       and|   0|  0|    2|           1|           1|
    |ap_condition_2005          |       and|   0|  0|    2|           1|           1|
    |ap_condition_2008          |       and|   0|  0|    2|           1|           1|
    |ap_condition_2011          |       and|   0|  0|    2|           1|           1|
    |ap_condition_2014          |       and|   0|  0|    2|           1|           1|
    |ap_condition_2017          |       and|   0|  0|    2|           1|           1|
    |ap_condition_2020          |       and|   0|  0|    2|           1|           1|
    |ap_condition_2023          |       and|   0|  0|    2|           1|           1|
    |ap_condition_2026          |       and|   0|  0|    2|           1|           1|
    |ap_condition_2029          |       and|   0|  0|    2|           1|           1|
    |ap_condition_2032          |       and|   0|  0|    2|           1|           1|
    |ap_condition_2035          |       and|   0|  0|    2|           1|           1|
    |ap_condition_2038          |       and|   0|  0|    2|           1|           1|
    |ap_condition_2041          |       and|   0|  0|    2|           1|           1|
    |ap_condition_2044          |       and|   0|  0|    2|           1|           1|
    |ap_condition_2047          |       and|   0|  0|    2|           1|           1|
    |ap_condition_2050          |       and|   0|  0|    2|           1|           1|
    |ap_condition_2053          |       and|   0|  0|    2|           1|           1|
    |ap_condition_2056          |       and|   0|  0|    2|           1|           1|
    |ap_condition_2059          |       and|   0|  0|    2|           1|           1|
    |ap_condition_2062          |       and|   0|  0|    2|           1|           1|
    |ap_condition_2065          |       and|   0|  0|    2|           1|           1|
    |ap_condition_2068          |       and|   0|  0|    2|           1|           1|
    |ap_condition_2071          |       and|   0|  0|    2|           1|           1|
    |ap_condition_2074          |       and|   0|  0|    2|           1|           1|
    |ap_condition_2077          |       and|   0|  0|    2|           1|           1|
    |ap_condition_2080          |       and|   0|  0|    2|           1|           1|
    |ap_condition_2083          |       and|   0|  0|    2|           1|           1|
    |ap_condition_2086          |       and|   0|  0|    2|           1|           1|
    |ap_condition_2089          |       and|   0|  0|    2|           1|           1|
    |ap_condition_2092          |       and|   0|  0|    2|           1|           1|
    |ap_condition_2095          |       and|   0|  0|    2|           1|           1|
    |ap_condition_2098          |       and|   0|  0|    2|           1|           1|
    |ap_condition_2101          |       and|   0|  0|    2|           1|           1|
    |ap_condition_2104          |       and|   0|  0|    2|           1|           1|
    |ap_condition_2107          |       and|   0|  0|    2|           1|           1|
    |ap_condition_2110          |       and|   0|  0|    2|           1|           1|
    |ap_condition_2113          |       and|   0|  0|    2|           1|           1|
    |ap_condition_2116          |       and|   0|  0|    2|           1|           1|
    |ap_condition_2119          |       and|   0|  0|    2|           1|           1|
    |ap_condition_2122          |       and|   0|  0|    2|           1|           1|
    |ap_condition_2125          |       and|   0|  0|    2|           1|           1|
    |ap_condition_2128          |       and|   0|  0|    2|           1|           1|
    |ap_condition_2131          |       and|   0|  0|    2|           1|           1|
    |ap_condition_2134          |       and|   0|  0|    2|           1|           1|
    |ap_condition_2137          |       and|   0|  0|    2|           1|           1|
    |icmp_ln341_fu_2742_p2      |      icmp|   0|  0|  102|          95|          95|
    |icmp_ln344_1_fu_2794_p2    |      icmp|   0|  0|   38|          31|           1|
    |icmp_ln344_fu_2788_p2      |      icmp|   0|  0|   38|          31|           1|
    |icmp_ln345_fu_2777_p2      |      icmp|   0|  0|   71|          64|          64|
    |icmp_ln346_1_fu_2808_p2    |      icmp|   0|  0|   39|          32|           1|
    |icmp_ln346_fu_2763_p2      |      icmp|   0|  0|   39|          32|          32|
    |or_ln345_fu_2859_p2        |        or|   0|  0|    2|           1|           1|
    |select_ln341_1_fu_2800_p3  |    select|   0|  0|    2|           1|           1|
    |select_ln341_2_fu_2813_p3  |    select|   0|  0|    2|           1|           1|
    |select_ln341_3_fu_2828_p3  |    select|   0|  0|   32|           1|          32|
    |select_ln341_4_fu_2843_p3  |    select|   0|  0|   32|           1|          32|
    |select_ln341_5_fu_2851_p3  |    select|   0|  0|   31|           1|          31|
    |select_ln341_fu_2914_p3    |    select|   0|  0|   31|           1|           1|
    |select_ln344_1_fu_2836_p3  |    select|   0|  0|   32|           1|          32|
    |select_ln344_fu_2821_p3    |    select|   0|  0|   32|           1|          32|
    |select_ln345_1_fu_2927_p3  |    select|   0|  0|   31|           1|          31|
    |select_ln345_2_fu_2879_p3  |    select|   0|  0|   64|           1|           1|
    |select_ln345_fu_2865_p3    |    select|   0|  0|    3|           1|           1|
    |ap_enable_pp0              |       xor|   0|  0|    2|           1|           2|
    +---------------------------+----------+----+---+-----+------------+------------+
    |Total                      |          |   0|  0| 1079|         620|         495|
    +---------------------------+----------+----+---+-----+------------+------------+

    * Multiplexer: 
    +-----------------------------------------+----+-----------+-----+-----------+
    |                   Name                  | LUT| Input Size| Bits| Total Bits|
    +-----------------------------------------+----+-----------+-----+-----------+
    |ap_done_int                              |   9|          2|    1|          2|
    |ap_enable_reg_pp0_iter1                  |   9|          2|    1|          2|
    |ap_enable_reg_pp0_iter3                  |   9|          2|    1|          2|
    |ap_sig_allocacmp_indvar_flatten959_load  |   9|          2|   95|        190|
    |ap_sig_allocacmp_kw_1                    |   9|          2|    3|          6|
    |cc_fu_472                                |   9|          2|   31|         62|
    |dw_btile_2_fu_476                        |   9|          2|   32|         64|
    |dw_btile_3_fu_480                        |   9|          2|   32|         64|
    |indvar_flatten741_fu_468                 |   9|          2|   64|        128|
    |indvar_flatten959_fu_484                 |   9|          2|   95|        190|
    |kh_fu_464                                |   9|          2|   31|         62|
    |kw_fu_460                                |   9|          2|    3|          6|
    |p_0_0_01232731_fu_488                    |   9|          2|    8|         16|
    |p_0_0_01232735_fu_492                    |   9|          2|    8|         16|
    |p_0_0_01232739_fu_496                    |   9|          2|    8|         16|
    |p_0_0_01232743_fu_500                    |   9|          2|    8|         16|
    |p_0_0_01232747_fu_504                    |   9|          2|    8|         16|
    |p_0_0_01232751_fu_508                    |   9|          2|    8|         16|
    |p_0_0_01232755_fu_512                    |   9|          2|    8|         16|
    |p_0_0_01232759_fu_516                    |   9|          2|    8|         16|
    |p_0_0_01232763_fu_520                    |   9|          2|    8|         16|
    |p_0_0_01232767_fu_524                    |   9|          2|    8|         16|
    |p_0_0_01232771_fu_528                    |   9|          2|    8|         16|
    |p_0_0_01232775_fu_532                    |   9|          2|    8|         16|
    |p_0_0_01232779_fu_536                    |   9|          2|    8|         16|
    |p_0_0_01232783_fu_540                    |   9|          2|    8|         16|
    |p_0_0_01232787_fu_544                    |   9|          2|    8|         16|
    |p_0_0_01232791_fu_548                    |   9|          2|    8|         16|
    |p_0_0_01232795_fu_552                    |   9|          2|    8|         16|
    |p_0_0_01232799_fu_556                    |   9|          2|    8|         16|
    |p_0_0_01232803_fu_560                    |   9|          2|    8|         16|
    |p_0_0_01232807_fu_564                    |   9|          2|    8|         16|
    |p_0_0_01232811_fu_568                    |   9|          2|    8|         16|
    |p_0_0_01232815_fu_572                    |   9|          2|    8|         16|
    |p_0_0_01232819_fu_576                    |   9|          2|    8|         16|
    |p_0_0_01232823_fu_580                    |   9|          2|    8|         16|
    |p_0_0_01232827_fu_584                    |   9|          2|    8|         16|
    |p_0_0_01232831_fu_588                    |   9|          2|    8|         16|
    |p_0_0_01232835_fu_592                    |   9|          2|    8|         16|
    |p_0_0_01232839_fu_596                    |   9|          2|    8|         16|
    |p_0_0_01232843_fu_600                    |   9|          2|    8|         16|
    |p_0_0_01232847_fu_604                    |   9|          2|    8|         16|
    |p_0_0_01232851_fu_608                    |   9|          2|    8|         16|
    |p_0_0_01232855_fu_612                    |   9|          2|    8|         16|
    |p_0_0_01232859_fu_616                    |   9|          2|    8|         16|
    |p_0_0_01232863_fu_620                    |   9|          2|    8|         16|
    |p_0_0_01232867_fu_624                    |   9|          2|    8|         16|
    |p_0_0_01232871_fu_628                    |   9|          2|    8|         16|
    |p_0_0_01232875_fu_632                    |   9|          2|    8|         16|
    |p_0_0_01232879_fu_636                    |   9|          2|    8|         16|
    |p_0_0_01232883_fu_640                    |   9|          2|    8|         16|
    |p_0_0_01232887_fu_644                    |   9|          2|    8|         16|
    |p_0_0_01232891_fu_648                    |   9|          2|    8|         16|
    |p_0_0_01232895_fu_652                    |   9|          2|    8|         16|
    |p_0_0_01232899_fu_656                    |   9|          2|    8|         16|
    |p_0_0_01232903_fu_660                    |   9|          2|    8|         16|
    |p_0_0_01232907_fu_664                    |   9|          2|    8|         16|
    |p_0_0_01232911_fu_668                    |   9|          2|    8|         16|
    |p_0_0_01232915_fu_672                    |   9|          2|    8|         16|
    |p_0_0_01232919_fu_676                    |   9|          2|    8|         16|
    |p_0_0_01232923_fu_680                    |   9|          2|    8|         16|
    |p_0_0_01232927_fu_684                    |   9|          2|    8|         16|
    |p_0_0_01232931_fu_688                    |   9|          2|    8|         16|
    |p_0_0_01232935_fu_692                    |   9|          2|    8|         16|
    |p_0_0_01232939_fu_696                    |   9|          2|    8|         16|
    |p_0_0_01232943_fu_700                    |   9|          2|    8|         16|
    |p_0_0_01232947_fu_704                    |   9|          2|    8|         16|
    |p_0_0_01232951_fu_708                    |   9|          2|    8|         16|
    |p_0_0_01232955_fu_712                    |   9|          2|    8|         16|
    |p_0_0_01232959_fu_716                    |   9|          2|    8|         16|
    |p_0_0_01232963_fu_720                    |   9|          2|    8|         16|
    |p_0_0_01232967_fu_724                    |   9|          2|    8|         16|
    |p_0_0_01232971_fu_728                    |   9|          2|    8|         16|
    |p_0_0_01232975_fu_732                    |   9|          2|    8|         16|
    |p_0_0_01232979_fu_736                    |   9|          2|    8|         16|
    |p_0_0_01232983_fu_740                    |   9|          2|    8|         16|
    |p_0_0_01232987_fu_744                    |   9|          2|    8|         16|
    |p_0_0_01232991_fu_748                    |   9|          2|    8|         16|
    |p_0_0_01232995_fu_752                    |   9|          2|    8|         16|
    |p_0_0_01232999_fu_756                    |   9|          2|    8|         16|
    |p_0_0_01233003_fu_760                    |   9|          2|    8|         16|
    |p_0_0_01233007_fu_764                    |   9|          2|    8|         16|
    |p_0_0_01233011_fu_768                    |   9|          2|    8|         16|
    |p_0_0_01233015_fu_772                    |   9|          2|    8|         16|
    |p_0_0_01233019_fu_776                    |   9|          2|    8|         16|
    |p_0_0_01233023_fu_780                    |   9|          2|    8|         16|
    |p_0_0_01233027_fu_784                    |   9|          2|    8|         16|
    |p_0_0_01233031_fu_788                    |   9|          2|    8|         16|
    |p_0_0_01233035_fu_792                    |   9|          2|    8|         16|
    |p_0_0_01233039_fu_796                    |   9|          2|    8|         16|
    |p_0_0_01233043_fu_800                    |   9|          2|    8|         16|
    |p_0_0_01233047_fu_804                    |   9|          2|    8|         16|
    |p_0_0_01233051_fu_808                    |   9|          2|    8|         16|
    |p_0_0_01233055_fu_812                    |   9|          2|    8|         16|
    |p_0_0_01233059_fu_816                    |   9|          2|    8|         16|
    |p_0_0_01233063_fu_820                    |   9|          2|    8|         16|
    |p_0_0_01233064_fu_824                    |   9|          2|    8|         16|
    |p_0_0_01233068_fu_828                    |   9|          2|    8|         16|
    |p_0_0_01233072_fu_832                    |   9|          2|    8|         16|
    |p_0_0_01233076_fu_836                    |   9|          2|    8|         16|
    |p_0_0_01233080_fu_840                    |   9|          2|    8|         16|
    |p_0_0_01233084_fu_844                    |   9|          2|    8|         16|
    |p_0_0_01233088_fu_848                    |   9|          2|    8|         16|
    |p_0_0_01233095_fu_852                    |   9|          2|    8|         16|
    |p_0_0_01233099_fu_856                    |   9|          2|    8|         16|
    |p_0_0_01233103_fu_860                    |   9|          2|    8|         16|
    |p_0_0_01233107_fu_864                    |   9|          2|    8|         16|
    |p_0_0_01233111_fu_868                    |   9|          2|    8|         16|
    |p_0_0_01233115_fu_872                    |   9|          2|    8|         16|
    |p_0_0_01233119_fu_876                    |   9|          2|    8|         16|
    +-----------------------------------------+----+-----------+-----+-----------+
    |Total                                    | 990|        220| 1173|       2346|
    +-----------------------------------------+----+-----------+-----+-----------+

    * Register: 
    +----------------------------------+----+----+-----+-----------+
    |               Name               | FF | LUT| Bits| Const Bits|
    +----------------------------------+----+----+-----+-----------+
    |add_ln341_reg_4610                |  95|   0|   95|          0|
    |ap_CS_fsm                         |   1|   0|    1|          0|
    |ap_done_reg                       |   1|   0|    1|          0|
    |ap_enable_reg_pp0_iter1           |   1|   0|    1|          0|
    |ap_enable_reg_pp0_iter2           |   1|   0|    1|          0|
    |ap_enable_reg_pp0_iter3           |   1|   0|    1|          0|
    |ap_loop_exit_ready_pp0_iter2_reg  |   1|   0|    1|          0|
    |bound736_cast_reg_4601            |  63|   0|   64|          1|
    |cc_fu_472                         |  31|   0|   31|          0|
    |dw_btile_2_fu_476                 |  32|   0|   32|          0|
    |dw_btile_3_fu_480                 |  32|   0|   32|          0|
    |icmp_ln341_reg_4606               |   1|   0|    1|          0|
    |icmp_ln345_reg_4615               |   1|   0|    1|          0|
    |indvar_flatten741_fu_468          |  64|   0|   64|          0|
    |indvar_flatten959_fu_484          |  95|   0|   95|          0|
    |kh_fu_464                         |  31|   0|   31|          0|
    |kw_fu_460                         |   3|   0|    3|          0|
    |p_0_0_01232731_fu_488             |   8|   0|    8|          0|
    |p_0_0_01232735_fu_492             |   8|   0|    8|          0|
    |p_0_0_01232739_fu_496             |   8|   0|    8|          0|
    |p_0_0_01232743_fu_500             |   8|   0|    8|          0|
    |p_0_0_01232747_fu_504             |   8|   0|    8|          0|
    |p_0_0_01232751_fu_508             |   8|   0|    8|          0|
    |p_0_0_01232755_fu_512             |   8|   0|    8|          0|
    |p_0_0_01232759_fu_516             |   8|   0|    8|          0|
    |p_0_0_01232763_fu_520             |   8|   0|    8|          0|
    |p_0_0_01232767_fu_524             |   8|   0|    8|          0|
    |p_0_0_01232771_fu_528             |   8|   0|    8|          0|
    |p_0_0_01232775_fu_532             |   8|   0|    8|          0|
    |p_0_0_01232779_fu_536             |   8|   0|    8|          0|
    |p_0_0_01232783_fu_540             |   8|   0|    8|          0|
    |p_0_0_01232787_fu_544             |   8|   0|    8|          0|
    |p_0_0_01232791_fu_548             |   8|   0|    8|          0|
    |p_0_0_01232795_fu_552             |   8|   0|    8|          0|
    |p_0_0_01232799_fu_556             |   8|   0|    8|          0|
    |p_0_0_01232803_fu_560             |   8|   0|    8|          0|
    |p_0_0_01232807_fu_564             |   8|   0|    8|          0|
    |p_0_0_01232811_fu_568             |   8|   0|    8|          0|
    |p_0_0_01232815_fu_572             |   8|   0|    8|          0|
    |p_0_0_01232819_fu_576             |   8|   0|    8|          0|
    |p_0_0_01232823_fu_580             |   8|   0|    8|          0|
    |p_0_0_01232827_fu_584             |   8|   0|    8|          0|
    |p_0_0_01232831_fu_588             |   8|   0|    8|          0|
    |p_0_0_01232835_fu_592             |   8|   0|    8|          0|
    |p_0_0_01232839_fu_596             |   8|   0|    8|          0|
    |p_0_0_01232843_fu_600             |   8|   0|    8|          0|
    |p_0_0_01232847_fu_604             |   8|   0|    8|          0|
    |p_0_0_01232851_fu_608             |   8|   0|    8|          0|
    |p_0_0_01232855_fu_612             |   8|   0|    8|          0|
    |p_0_0_01232859_fu_616             |   8|   0|    8|          0|
    |p_0_0_01232863_fu_620             |   8|   0|    8|          0|
    |p_0_0_01232867_fu_624             |   8|   0|    8|          0|
    |p_0_0_01232871_fu_628             |   8|   0|    8|          0|
    |p_0_0_01232875_fu_632             |   8|   0|    8|          0|
    |p_0_0_01232879_fu_636             |   8|   0|    8|          0|
    |p_0_0_01232883_fu_640             |   8|   0|    8|          0|
    |p_0_0_01232887_fu_644             |   8|   0|    8|          0|
    |p_0_0_01232891_fu_648             |   8|   0|    8|          0|
    |p_0_0_01232895_fu_652             |   8|   0|    8|          0|
    |p_0_0_01232899_fu_656             |   8|   0|    8|          0|
    |p_0_0_01232903_fu_660             |   8|   0|    8|          0|
    |p_0_0_01232907_fu_664             |   8|   0|    8|          0|
    |p_0_0_01232911_fu_668             |   8|   0|    8|          0|
    |p_0_0_01232915_fu_672             |   8|   0|    8|          0|
    |p_0_0_01232919_fu_676             |   8|   0|    8|          0|
    |p_0_0_01232923_fu_680             |   8|   0|    8|          0|
    |p_0_0_01232927_fu_684             |   8|   0|    8|          0|
    |p_0_0_01232931_fu_688             |   8|   0|    8|          0|
    |p_0_0_01232935_fu_692             |   8|   0|    8|          0|
    |p_0_0_01232939_fu_696             |   8|   0|    8|          0|
    |p_0_0_01232943_fu_700             |   8|   0|    8|          0|
    |p_0_0_01232947_fu_704             |   8|   0|    8|          0|
    |p_0_0_01232951_fu_708             |   8|   0|    8|          0|
    |p_0_0_01232955_fu_712             |   8|   0|    8|          0|
    |p_0_0_01232959_fu_716             |   8|   0|    8|          0|
    |p_0_0_01232963_fu_720             |   8|   0|    8|          0|
    |p_0_0_01232967_fu_724             |   8|   0|    8|          0|
    |p_0_0_01232971_fu_728             |   8|   0|    8|          0|
    |p_0_0_01232975_fu_732             |   8|   0|    8|          0|
    |p_0_0_01232979_fu_736             |   8|   0|    8|          0|
    |p_0_0_01232983_fu_740             |   8|   0|    8|          0|
    |p_0_0_01232987_fu_744             |   8|   0|    8|          0|
    |p_0_0_01232991_fu_748             |   8|   0|    8|          0|
    |p_0_0_01232995_fu_752             |   8|   0|    8|          0|
    |p_0_0_01232999_fu_756             |   8|   0|    8|          0|
    |p_0_0_01233003_fu_760             |   8|   0|    8|          0|
    |p_0_0_01233007_fu_764             |   8|   0|    8|          0|
    |p_0_0_01233011_fu_768             |   8|   0|    8|          0|
    |p_0_0_01233015_fu_772             |   8|   0|    8|          0|
    |p_0_0_01233019_fu_776             |   8|   0|    8|          0|
    |p_0_0_01233023_fu_780             |   8|   0|    8|          0|
    |p_0_0_01233027_fu_784             |   8|   0|    8|          0|
    |p_0_0_01233031_fu_788             |   8|   0|    8|          0|
    |p_0_0_01233035_fu_792             |   8|   0|    8|          0|
    |p_0_0_01233039_fu_796             |   8|   0|    8|          0|
    |p_0_0_01233043_fu_800             |   8|   0|    8|          0|
    |p_0_0_01233047_fu_804             |   8|   0|    8|          0|
    |p_0_0_01233051_fu_808             |   8|   0|    8|          0|
    |p_0_0_01233055_fu_812             |   8|   0|    8|          0|
    |p_0_0_01233059_fu_816             |   8|   0|    8|          0|
    |p_0_0_01233063_fu_820             |   8|   0|    8|          0|
    |p_0_0_01233064_fu_824             |   8|   0|    8|          0|
    |p_0_0_01233068_fu_828             |   8|   0|    8|          0|
    |p_0_0_01233072_fu_832             |   8|   0|    8|          0|
    |p_0_0_01233076_fu_836             |   8|   0|    8|          0|
    |p_0_0_01233080_fu_840             |   8|   0|    8|          0|
    |p_0_0_01233084_fu_844             |   8|   0|    8|          0|
    |p_0_0_01233088_fu_848             |   8|   0|    8|          0|
    |p_0_0_01233095_fu_852             |   8|   0|    8|          0|
    |p_0_0_01233099_fu_856             |   8|   0|    8|          0|
    |p_0_0_01233103_fu_860             |   8|   0|    8|          0|
    |p_0_0_01233107_fu_864             |   8|   0|    8|          0|
    |p_0_0_01233111_fu_868             |   8|   0|    8|          0|
    |p_0_0_01233115_fu_872             |   8|   0|    8|          0|
    |p_0_0_01233119_fu_876             |   8|   0|    8|          0|
    |select_ln341_1_reg_4620           |   1|   0|    1|          0|
    |select_ln341_2_reg_4624           |   1|   0|    1|          0|
    |select_ln345_reg_4629             |   3|   0|    3|          0|
    +----------------------------------+----+----+-----+-----------+
    |Total                             |1243|   0| 1244|          1|
    +----------------------------------+----+----+-----+-----------+



================================================================
== Interface
================================================================
* Summary: 
+---------------------------+-----+-----+------------+-------------------------------------------------------------------+--------------+
|         RTL Ports         | Dir | Bits|  Protocol  |                           Source Object                           |    C Type    |
+---------------------------+-----+-----+------------+-------------------------------------------------------------------+--------------+
|ap_clk                     |   in|    1|  ap_ctrl_hs|  run_layer_Pipeline_DW_WT_STAGE_VITIS_LOOP_345_9_VITIS_LOOP_346_10|  return value|
|ap_rst                     |   in|    1|  ap_ctrl_hs|  run_layer_Pipeline_DW_WT_STAGE_VITIS_LOOP_345_9_VITIS_LOOP_346_10|  return value|
|ap_start                   |   in|    1|  ap_ctrl_hs|  run_layer_Pipeline_DW_WT_STAGE_VITIS_LOOP_345_9_VITIS_LOOP_346_10|  return value|
|ap_done                    |  out|    1|  ap_ctrl_hs|  run_layer_Pipeline_DW_WT_STAGE_VITIS_LOOP_345_9_VITIS_LOOP_346_10|  return value|
|ap_idle                    |  out|    1|  ap_ctrl_hs|  run_layer_Pipeline_DW_WT_STAGE_VITIS_LOOP_345_9_VITIS_LOOP_346_10|  return value|
|ap_ready                   |  out|    1|  ap_ctrl_hs|  run_layer_Pipeline_DW_WT_STAGE_VITIS_LOOP_345_9_VITIS_LOOP_346_10|  return value|
|dw_btile_1                 |   in|   32|     ap_none|                                                         dw_btile_1|        scalar|
|dw_btile                   |   in|   32|     ap_none|                                                           dw_btile|        scalar|
|dw_wtile_0_6_6_val325      |   in|    8|     ap_none|                                              dw_wtile_0_6_6_val325|        scalar|
|dw_wtile_0_6_0_val322      |   in|    8|     ap_none|                                              dw_wtile_0_6_0_val322|        scalar|
|dw_wtile_0_6_1_val319      |   in|    8|     ap_none|                                              dw_wtile_0_6_1_val319|        scalar|
|dw_wtile_0_6_2_val316      |   in|    8|     ap_none|                                              dw_wtile_0_6_2_val316|        scalar|
|dw_wtile_0_6_3_val313      |   in|    8|     ap_none|                                              dw_wtile_0_6_3_val313|        scalar|
|dw_wtile_0_6_4_val310      |   in|    8|     ap_none|                                              dw_wtile_0_6_4_val310|        scalar|
|dw_wtile_0_6_5_val307      |   in|    8|     ap_none|                                              dw_wtile_0_6_5_val307|        scalar|
|dw_wtile_0_0_6_val304      |   in|    8|     ap_none|                                              dw_wtile_0_0_6_val304|        scalar|
|dw_wtile_0_0_0_val301      |   in|    8|     ap_none|                                              dw_wtile_0_0_0_val301|        scalar|
|dw_wtile_0_0_1_val298      |   in|    8|     ap_none|                                              dw_wtile_0_0_1_val298|        scalar|
|dw_wtile_0_0_2_val295      |   in|    8|     ap_none|                                              dw_wtile_0_0_2_val295|        scalar|
|dw_wtile_0_0_3_val292      |   in|    8|     ap_none|                                              dw_wtile_0_0_3_val292|        scalar|
|dw_wtile_0_0_4_val289      |   in|    8|     ap_none|                                              dw_wtile_0_0_4_val289|        scalar|
|dw_wtile_0_0_5_val286      |   in|    8|     ap_none|                                              dw_wtile_0_0_5_val286|        scalar|
|dw_wtile_0_1_6_val283      |   in|    8|     ap_none|                                              dw_wtile_0_1_6_val283|        scalar|
|dw_wtile_0_1_0_val280      |   in|    8|     ap_none|                                              dw_wtile_0_1_0_val280|        scalar|
|dw_wtile_0_1_1_val277      |   in|    8|     ap_none|                                              dw_wtile_0_1_1_val277|        scalar|
|dw_wtile_0_1_2_val274      |   in|    8|     ap_none|                                              dw_wtile_0_1_2_val274|        scalar|
|dw_wtile_0_1_3_val271      |   in|    8|     ap_none|                                              dw_wtile_0_1_3_val271|        scalar|
|dw_wtile_0_1_4_val268      |   in|    8|     ap_none|                                              dw_wtile_0_1_4_val268|        scalar|
|dw_wtile_0_1_5_val265      |   in|    8|     ap_none|                                              dw_wtile_0_1_5_val265|        scalar|
|dw_wtile_0_2_6_val262      |   in|    8|     ap_none|                                              dw_wtile_0_2_6_val262|        scalar|
|dw_wtile_0_2_0_val259      |   in|    8|     ap_none|                                              dw_wtile_0_2_0_val259|        scalar|
|dw_wtile_0_2_1_val256      |   in|    8|     ap_none|                                              dw_wtile_0_2_1_val256|        scalar|
|dw_wtile_0_2_2_val253      |   in|    8|     ap_none|                                              dw_wtile_0_2_2_val253|        scalar|
|dw_wtile_0_2_3_val250      |   in|    8|     ap_none|                                              dw_wtile_0_2_3_val250|        scalar|
|dw_wtile_0_2_4_val247      |   in|    8|     ap_none|                                              dw_wtile_0_2_4_val247|        scalar|
|dw_wtile_0_2_5_val244      |   in|    8|     ap_none|                                              dw_wtile_0_2_5_val244|        scalar|
|dw_wtile_0_3_6_val241      |   in|    8|     ap_none|                                              dw_wtile_0_3_6_val241|        scalar|
|dw_wtile_0_3_0_val238      |   in|    8|     ap_none|                                              dw_wtile_0_3_0_val238|        scalar|
|dw_wtile_0_3_1_val235      |   in|    8|     ap_none|                                              dw_wtile_0_3_1_val235|        scalar|
|dw_wtile_0_3_2_val232      |   in|    8|     ap_none|                                              dw_wtile_0_3_2_val232|        scalar|
|dw_wtile_0_3_3_val229      |   in|    8|     ap_none|                                              dw_wtile_0_3_3_val229|        scalar|
|dw_wtile_0_3_4_val226      |   in|    8|     ap_none|                                              dw_wtile_0_3_4_val226|        scalar|
|dw_wtile_0_3_5_val223      |   in|    8|     ap_none|                                              dw_wtile_0_3_5_val223|        scalar|
|dw_wtile_0_4_6_val220      |   in|    8|     ap_none|                                              dw_wtile_0_4_6_val220|        scalar|
|dw_wtile_0_4_0_val217      |   in|    8|     ap_none|                                              dw_wtile_0_4_0_val217|        scalar|
|dw_wtile_0_4_1_val214      |   in|    8|     ap_none|                                              dw_wtile_0_4_1_val214|        scalar|
|dw_wtile_0_4_2_val211      |   in|    8|     ap_none|                                              dw_wtile_0_4_2_val211|        scalar|
|dw_wtile_0_4_3_val208      |   in|    8|     ap_none|                                              dw_wtile_0_4_3_val208|        scalar|
|dw_wtile_0_4_4_val205      |   in|    8|     ap_none|                                              dw_wtile_0_4_4_val205|        scalar|
|dw_wtile_0_4_5_val202      |   in|    8|     ap_none|                                              dw_wtile_0_4_5_val202|        scalar|
|dw_wtile_0_5_6_val199      |   in|    8|     ap_none|                                              dw_wtile_0_5_6_val199|        scalar|
|dw_wtile_0_5_0_val196      |   in|    8|     ap_none|                                              dw_wtile_0_5_0_val196|        scalar|
|dw_wtile_0_5_1_val193      |   in|    8|     ap_none|                                              dw_wtile_0_5_1_val193|        scalar|
|dw_wtile_0_5_2_val190      |   in|    8|     ap_none|                                              dw_wtile_0_5_2_val190|        scalar|
|dw_wtile_0_5_3_val187      |   in|    8|     ap_none|                                              dw_wtile_0_5_3_val187|        scalar|
|dw_wtile_0_5_4_val184      |   in|    8|     ap_none|                                              dw_wtile_0_5_4_val184|        scalar|
|dw_wtile_0_5_5_val181      |   in|    8|     ap_none|                                              dw_wtile_0_5_5_val181|        scalar|
|dw_wtile_1_6_6_val178      |   in|    8|     ap_none|                                              dw_wtile_1_6_6_val178|        scalar|
|dw_wtile_1_6_0_val175      |   in|    8|     ap_none|                                              dw_wtile_1_6_0_val175|        scalar|
|dw_wtile_1_6_1_val172      |   in|    8|     ap_none|                                              dw_wtile_1_6_1_val172|        scalar|
|dw_wtile_1_6_2_val169      |   in|    8|     ap_none|                                              dw_wtile_1_6_2_val169|        scalar|
|dw_wtile_1_6_3_val166      |   in|    8|     ap_none|                                              dw_wtile_1_6_3_val166|        scalar|
|dw_wtile_1_6_4_val163      |   in|    8|     ap_none|                                              dw_wtile_1_6_4_val163|        scalar|
|dw_wtile_1_6_5_val160      |   in|    8|     ap_none|                                              dw_wtile_1_6_5_val160|        scalar|
|dw_wtile_1_0_6_val157      |   in|    8|     ap_none|                                              dw_wtile_1_0_6_val157|        scalar|
|dw_wtile_1_0_0_val154      |   in|    8|     ap_none|                                              dw_wtile_1_0_0_val154|        scalar|
|dw_wtile_1_0_1_val151      |   in|    8|     ap_none|                                              dw_wtile_1_0_1_val151|        scalar|
|dw_wtile_1_0_2_val148      |   in|    8|     ap_none|                                              dw_wtile_1_0_2_val148|        scalar|
|dw_wtile_1_0_3_val145      |   in|    8|     ap_none|                                              dw_wtile_1_0_3_val145|        scalar|
|dw_wtile_1_0_4_val142      |   in|    8|     ap_none|                                              dw_wtile_1_0_4_val142|        scalar|
|dw_wtile_1_0_5_val139      |   in|    8|     ap_none|                                              dw_wtile_1_0_5_val139|        scalar|
|dw_wtile_1_1_6_val136      |   in|    8|     ap_none|                                              dw_wtile_1_1_6_val136|        scalar|
|dw_wtile_1_1_0_val133      |   in|    8|     ap_none|                                              dw_wtile_1_1_0_val133|        scalar|
|dw_wtile_1_1_1_val130      |   in|    8|     ap_none|                                              dw_wtile_1_1_1_val130|        scalar|
|dw_wtile_1_1_2_val127      |   in|    8|     ap_none|                                              dw_wtile_1_1_2_val127|        scalar|
|dw_wtile_1_1_3_val124      |   in|    8|     ap_none|                                              dw_wtile_1_1_3_val124|        scalar|
|dw_wtile_1_1_4_val121      |   in|    8|     ap_none|                                              dw_wtile_1_1_4_val121|        scalar|
|dw_wtile_1_1_5_val118      |   in|    8|     ap_none|                                              dw_wtile_1_1_5_val118|        scalar|
|dw_wtile_1_2_6_val115      |   in|    8|     ap_none|                                              dw_wtile_1_2_6_val115|        scalar|
|dw_wtile_1_2_0_val112      |   in|    8|     ap_none|                                              dw_wtile_1_2_0_val112|        scalar|
|dw_wtile_1_2_1_val109      |   in|    8|     ap_none|                                              dw_wtile_1_2_1_val109|        scalar|
|dw_wtile_1_2_2_val106      |   in|    8|     ap_none|                                              dw_wtile_1_2_2_val106|        scalar|
|dw_wtile_1_2_3_val103      |   in|    8|     ap_none|                                              dw_wtile_1_2_3_val103|        scalar|
|dw_wtile_1_2_4_val100      |   in|    8|     ap_none|                                              dw_wtile_1_2_4_val100|        scalar|
|dw_wtile_1_2_5_val97       |   in|    8|     ap_none|                                               dw_wtile_1_2_5_val97|        scalar|
|dw_wtile_1_3_6_val94       |   in|    8|     ap_none|                                               dw_wtile_1_3_6_val94|        scalar|
|dw_wtile_1_3_0_val91       |   in|    8|     ap_none|                                               dw_wtile_1_3_0_val91|        scalar|
|dw_wtile_1_3_1_val88       |   in|    8|     ap_none|                                               dw_wtile_1_3_1_val88|        scalar|
|dw_wtile_1_3_2_val85       |   in|    8|     ap_none|                                               dw_wtile_1_3_2_val85|        scalar|
|dw_wtile_1_3_3_val82       |   in|    8|     ap_none|                                               dw_wtile_1_3_3_val82|        scalar|
|dw_wtile_1_3_4_val79       |   in|    8|     ap_none|                                               dw_wtile_1_3_4_val79|        scalar|
|dw_wtile_1_3_5_val76       |   in|    8|     ap_none|                                               dw_wtile_1_3_5_val76|        scalar|
|dw_wtile_1_4_6_val73       |   in|    8|     ap_none|                                               dw_wtile_1_4_6_val73|        scalar|
|dw_wtile_1_4_0_val70       |   in|    8|     ap_none|                                               dw_wtile_1_4_0_val70|        scalar|
|dw_wtile_1_4_1_val67       |   in|    8|     ap_none|                                               dw_wtile_1_4_1_val67|        scalar|
|dw_wtile_1_4_2_val64       |   in|    8|     ap_none|                                               dw_wtile_1_4_2_val64|        scalar|
|dw_wtile_1_4_3_val61       |   in|    8|     ap_none|                                               dw_wtile_1_4_3_val61|        scalar|
|dw_wtile_1_4_4_val58       |   in|    8|     ap_none|                                               dw_wtile_1_4_4_val58|        scalar|
|dw_wtile_1_4_5_val55       |   in|    8|     ap_none|                                               dw_wtile_1_4_5_val55|        scalar|
|dw_wtile_1_5_6_val52       |   in|    8|     ap_none|                                               dw_wtile_1_5_6_val52|        scalar|
|dw_wtile_1_5_0_val49       |   in|    8|     ap_none|                                               dw_wtile_1_5_0_val49|        scalar|
|dw_wtile_1_5_1_val46       |   in|    8|     ap_none|                                               dw_wtile_1_5_1_val46|        scalar|
|dw_wtile_1_5_2_val43       |   in|    8|     ap_none|                                               dw_wtile_1_5_2_val43|        scalar|
|dw_wtile_1_5_3_val40       |   in|    8|     ap_none|                                               dw_wtile_1_5_3_val40|        scalar|
|dw_wtile_1_5_4_val37       |   in|    8|     ap_none|                                               dw_wtile_1_5_4_val37|        scalar|
|dw_wtile_1_5_5_val34       |   in|    8|     ap_none|                                               dw_wtile_1_5_5_val34|        scalar|
|K                          |   in|   32|     ap_none|                                                                  K|        scalar|
|mul_ln284                  |   in|   95|     ap_none|                                                          mul_ln284|        scalar|
|w_base_read                |   in|    8|     ap_none|                                                        w_base_read|        scalar|
|bound736                   |   in|   63|     ap_none|                                                           bound736|        scalar|
|b_base_read                |   in|   32|     ap_none|                                                        b_base_read|        scalar|
|dw_btile_3_out             |  out|   32|      ap_vld|                                                     dw_btile_3_out|       pointer|
|dw_btile_3_out_ap_vld      |  out|    1|      ap_vld|                                                     dw_btile_3_out|       pointer|
|dw_btile_2_out             |  out|   32|      ap_vld|                                                     dw_btile_2_out|       pointer|
|dw_btile_2_out_ap_vld      |  out|    1|      ap_vld|                                                     dw_btile_2_out|       pointer|
|p_0_0_01233119_out         |  out|    8|      ap_vld|                                                 p_0_0_01233119_out|       pointer|
|p_0_0_01233119_out_ap_vld  |  out|    1|      ap_vld|                                                 p_0_0_01233119_out|       pointer|
|p_0_0_01233115_out         |  out|    8|      ap_vld|                                                 p_0_0_01233115_out|       pointer|
|p_0_0_01233115_out_ap_vld  |  out|    1|      ap_vld|                                                 p_0_0_01233115_out|       pointer|
|p_0_0_01233111_out         |  out|    8|      ap_vld|                                                 p_0_0_01233111_out|       pointer|
|p_0_0_01233111_out_ap_vld  |  out|    1|      ap_vld|                                                 p_0_0_01233111_out|       pointer|
|p_0_0_01233107_out         |  out|    8|      ap_vld|                                                 p_0_0_01233107_out|       pointer|
|p_0_0_01233107_out_ap_vld  |  out|    1|      ap_vld|                                                 p_0_0_01233107_out|       pointer|
|p_0_0_01233103_out         |  out|    8|      ap_vld|                                                 p_0_0_01233103_out|       pointer|
|p_0_0_01233103_out_ap_vld  |  out|    1|      ap_vld|                                                 p_0_0_01233103_out|       pointer|
|p_0_0_01233099_out         |  out|    8|      ap_vld|                                                 p_0_0_01233099_out|       pointer|
|p_0_0_01233099_out_ap_vld  |  out|    1|      ap_vld|                                                 p_0_0_01233099_out|       pointer|
|p_0_0_01233095_out         |  out|    8|      ap_vld|                                                 p_0_0_01233095_out|       pointer|
|p_0_0_01233095_out_ap_vld  |  out|    1|      ap_vld|                                                 p_0_0_01233095_out|       pointer|
|p_0_0_01233088_out         |  out|    8|      ap_vld|                                                 p_0_0_01233088_out|       pointer|
|p_0_0_01233088_out_ap_vld  |  out|    1|      ap_vld|                                                 p_0_0_01233088_out|       pointer|
|p_0_0_01233084_out         |  out|    8|      ap_vld|                                                 p_0_0_01233084_out|       pointer|
|p_0_0_01233084_out_ap_vld  |  out|    1|      ap_vld|                                                 p_0_0_01233084_out|       pointer|
|p_0_0_01233080_out         |  out|    8|      ap_vld|                                                 p_0_0_01233080_out|       pointer|
|p_0_0_01233080_out_ap_vld  |  out|    1|      ap_vld|                                                 p_0_0_01233080_out|       pointer|
|p_0_0_01233076_out         |  out|    8|      ap_vld|                                                 p_0_0_01233076_out|       pointer|
|p_0_0_01233076_out_ap_vld  |  out|    1|      ap_vld|                                                 p_0_0_01233076_out|       pointer|
|p_0_0_01233072_out         |  out|    8|      ap_vld|                                                 p_0_0_01233072_out|       pointer|
|p_0_0_01233072_out_ap_vld  |  out|    1|      ap_vld|                                                 p_0_0_01233072_out|       pointer|
|p_0_0_01233068_out         |  out|    8|      ap_vld|                                                 p_0_0_01233068_out|       pointer|
|p_0_0_01233068_out_ap_vld  |  out|    1|      ap_vld|                                                 p_0_0_01233068_out|       pointer|
|p_0_0_01233064_out         |  out|    8|      ap_vld|                                                 p_0_0_01233064_out|       pointer|
|p_0_0_01233064_out_ap_vld  |  out|    1|      ap_vld|                                                 p_0_0_01233064_out|       pointer|
|p_0_0_01233063_out         |  out|    8|      ap_vld|                                                 p_0_0_01233063_out|       pointer|
|p_0_0_01233063_out_ap_vld  |  out|    1|      ap_vld|                                                 p_0_0_01233063_out|       pointer|
|p_0_0_01233059_out         |  out|    8|      ap_vld|                                                 p_0_0_01233059_out|       pointer|
|p_0_0_01233059_out_ap_vld  |  out|    1|      ap_vld|                                                 p_0_0_01233059_out|       pointer|
|p_0_0_01233055_out         |  out|    8|      ap_vld|                                                 p_0_0_01233055_out|       pointer|
|p_0_0_01233055_out_ap_vld  |  out|    1|      ap_vld|                                                 p_0_0_01233055_out|       pointer|
|p_0_0_01233051_out         |  out|    8|      ap_vld|                                                 p_0_0_01233051_out|       pointer|
|p_0_0_01233051_out_ap_vld  |  out|    1|      ap_vld|                                                 p_0_0_01233051_out|       pointer|
|p_0_0_01233047_out         |  out|    8|      ap_vld|                                                 p_0_0_01233047_out|       pointer|
|p_0_0_01233047_out_ap_vld  |  out|    1|      ap_vld|                                                 p_0_0_01233047_out|       pointer|
|p_0_0_01233043_out         |  out|    8|      ap_vld|                                                 p_0_0_01233043_out|       pointer|
|p_0_0_01233043_out_ap_vld  |  out|    1|      ap_vld|                                                 p_0_0_01233043_out|       pointer|
|p_0_0_01233039_out         |  out|    8|      ap_vld|                                                 p_0_0_01233039_out|       pointer|
|p_0_0_01233039_out_ap_vld  |  out|    1|      ap_vld|                                                 p_0_0_01233039_out|       pointer|
|p_0_0_01233035_out         |  out|    8|      ap_vld|                                                 p_0_0_01233035_out|       pointer|
|p_0_0_01233035_out_ap_vld  |  out|    1|      ap_vld|                                                 p_0_0_01233035_out|       pointer|
|p_0_0_01233031_out         |  out|    8|      ap_vld|                                                 p_0_0_01233031_out|       pointer|
|p_0_0_01233031_out_ap_vld  |  out|    1|      ap_vld|                                                 p_0_0_01233031_out|       pointer|
|p_0_0_01233027_out         |  out|    8|      ap_vld|                                                 p_0_0_01233027_out|       pointer|
|p_0_0_01233027_out_ap_vld  |  out|    1|      ap_vld|                                                 p_0_0_01233027_out|       pointer|
|p_0_0_01233023_out         |  out|    8|      ap_vld|                                                 p_0_0_01233023_out|       pointer|
|p_0_0_01233023_out_ap_vld  |  out|    1|      ap_vld|                                                 p_0_0_01233023_out|       pointer|
|p_0_0_01233019_out         |  out|    8|      ap_vld|                                                 p_0_0_01233019_out|       pointer|
|p_0_0_01233019_out_ap_vld  |  out|    1|      ap_vld|                                                 p_0_0_01233019_out|       pointer|
|p_0_0_01233015_out         |  out|    8|      ap_vld|                                                 p_0_0_01233015_out|       pointer|
|p_0_0_01233015_out_ap_vld  |  out|    1|      ap_vld|                                                 p_0_0_01233015_out|       pointer|
|p_0_0_01233011_out         |  out|    8|      ap_vld|                                                 p_0_0_01233011_out|       pointer|
|p_0_0_01233011_out_ap_vld  |  out|    1|      ap_vld|                                                 p_0_0_01233011_out|       pointer|
|p_0_0_01233007_out         |  out|    8|      ap_vld|                                                 p_0_0_01233007_out|       pointer|
|p_0_0_01233007_out_ap_vld  |  out|    1|      ap_vld|                                                 p_0_0_01233007_out|       pointer|
|p_0_0_01233003_out         |  out|    8|      ap_vld|                                                 p_0_0_01233003_out|       pointer|
|p_0_0_01233003_out_ap_vld  |  out|    1|      ap_vld|                                                 p_0_0_01233003_out|       pointer|
|p_0_0_01232999_out         |  out|    8|      ap_vld|                                                 p_0_0_01232999_out|       pointer|
|p_0_0_01232999_out_ap_vld  |  out|    1|      ap_vld|                                                 p_0_0_01232999_out|       pointer|
|p_0_0_01232995_out         |  out|    8|      ap_vld|                                                 p_0_0_01232995_out|       pointer|
|p_0_0_01232995_out_ap_vld  |  out|    1|      ap_vld|                                                 p_0_0_01232995_out|       pointer|
|p_0_0_01232991_out         |  out|    8|      ap_vld|                                                 p_0_0_01232991_out|       pointer|
|p_0_0_01232991_out_ap_vld  |  out|    1|      ap_vld|                                                 p_0_0_01232991_out|       pointer|
|p_0_0_01232987_out         |  out|    8|      ap_vld|                                                 p_0_0_01232987_out|       pointer|
|p_0_0_01232987_out_ap_vld  |  out|    1|      ap_vld|                                                 p_0_0_01232987_out|       pointer|
|p_0_0_01232983_out         |  out|    8|      ap_vld|                                                 p_0_0_01232983_out|       pointer|
|p_0_0_01232983_out_ap_vld  |  out|    1|      ap_vld|                                                 p_0_0_01232983_out|       pointer|
|p_0_0_01232979_out         |  out|    8|      ap_vld|                                                 p_0_0_01232979_out|       pointer|
|p_0_0_01232979_out_ap_vld  |  out|    1|      ap_vld|                                                 p_0_0_01232979_out|       pointer|
|p_0_0_01232975_out         |  out|    8|      ap_vld|                                                 p_0_0_01232975_out|       pointer|
|p_0_0_01232975_out_ap_vld  |  out|    1|      ap_vld|                                                 p_0_0_01232975_out|       pointer|
|p_0_0_01232971_out         |  out|    8|      ap_vld|                                                 p_0_0_01232971_out|       pointer|
|p_0_0_01232971_out_ap_vld  |  out|    1|      ap_vld|                                                 p_0_0_01232971_out|       pointer|
|p_0_0_01232967_out         |  out|    8|      ap_vld|                                                 p_0_0_01232967_out|       pointer|
|p_0_0_01232967_out_ap_vld  |  out|    1|      ap_vld|                                                 p_0_0_01232967_out|       pointer|
|p_0_0_01232963_out         |  out|    8|      ap_vld|                                                 p_0_0_01232963_out|       pointer|
|p_0_0_01232963_out_ap_vld  |  out|    1|      ap_vld|                                                 p_0_0_01232963_out|       pointer|
|p_0_0_01232959_out         |  out|    8|      ap_vld|                                                 p_0_0_01232959_out|       pointer|
|p_0_0_01232959_out_ap_vld  |  out|    1|      ap_vld|                                                 p_0_0_01232959_out|       pointer|
|p_0_0_01232955_out         |  out|    8|      ap_vld|                                                 p_0_0_01232955_out|       pointer|
|p_0_0_01232955_out_ap_vld  |  out|    1|      ap_vld|                                                 p_0_0_01232955_out|       pointer|
|p_0_0_01232951_out         |  out|    8|      ap_vld|                                                 p_0_0_01232951_out|       pointer|
|p_0_0_01232951_out_ap_vld  |  out|    1|      ap_vld|                                                 p_0_0_01232951_out|       pointer|
|p_0_0_01232947_out         |  out|    8|      ap_vld|                                                 p_0_0_01232947_out|       pointer|
|p_0_0_01232947_out_ap_vld  |  out|    1|      ap_vld|                                                 p_0_0_01232947_out|       pointer|
|p_0_0_01232943_out         |  out|    8|      ap_vld|                                                 p_0_0_01232943_out|       pointer|
|p_0_0_01232943_out_ap_vld  |  out|    1|      ap_vld|                                                 p_0_0_01232943_out|       pointer|
|p_0_0_01232939_out         |  out|    8|      ap_vld|                                                 p_0_0_01232939_out|       pointer|
|p_0_0_01232939_out_ap_vld  |  out|    1|      ap_vld|                                                 p_0_0_01232939_out|       pointer|
|p_0_0_01232935_out         |  out|    8|      ap_vld|                                                 p_0_0_01232935_out|       pointer|
|p_0_0_01232935_out_ap_vld  |  out|    1|      ap_vld|                                                 p_0_0_01232935_out|       pointer|
|p_0_0_01232931_out         |  out|    8|      ap_vld|                                                 p_0_0_01232931_out|       pointer|
|p_0_0_01232931_out_ap_vld  |  out|    1|      ap_vld|                                                 p_0_0_01232931_out|       pointer|
|p_0_0_01232927_out         |  out|    8|      ap_vld|                                                 p_0_0_01232927_out|       pointer|
|p_0_0_01232927_out_ap_vld  |  out|    1|      ap_vld|                                                 p_0_0_01232927_out|       pointer|
|p_0_0_01232923_out         |  out|    8|      ap_vld|                                                 p_0_0_01232923_out|       pointer|
|p_0_0_01232923_out_ap_vld  |  out|    1|      ap_vld|                                                 p_0_0_01232923_out|       pointer|
|p_0_0_01232919_out         |  out|    8|      ap_vld|                                                 p_0_0_01232919_out|       pointer|
|p_0_0_01232919_out_ap_vld  |  out|    1|      ap_vld|                                                 p_0_0_01232919_out|       pointer|
|p_0_0_01232915_out         |  out|    8|      ap_vld|                                                 p_0_0_01232915_out|       pointer|
|p_0_0_01232915_out_ap_vld  |  out|    1|      ap_vld|                                                 p_0_0_01232915_out|       pointer|
|p_0_0_01232911_out         |  out|    8|      ap_vld|                                                 p_0_0_01232911_out|       pointer|
|p_0_0_01232911_out_ap_vld  |  out|    1|      ap_vld|                                                 p_0_0_01232911_out|       pointer|
|p_0_0_01232907_out         |  out|    8|      ap_vld|                                                 p_0_0_01232907_out|       pointer|
|p_0_0_01232907_out_ap_vld  |  out|    1|      ap_vld|                                                 p_0_0_01232907_out|       pointer|
|p_0_0_01232903_out         |  out|    8|      ap_vld|                                                 p_0_0_01232903_out|       pointer|
|p_0_0_01232903_out_ap_vld  |  out|    1|      ap_vld|                                                 p_0_0_01232903_out|       pointer|
|p_0_0_01232899_out         |  out|    8|      ap_vld|                                                 p_0_0_01232899_out|       pointer|
|p_0_0_01232899_out_ap_vld  |  out|    1|      ap_vld|                                                 p_0_0_01232899_out|       pointer|
|p_0_0_01232895_out         |  out|    8|      ap_vld|                                                 p_0_0_01232895_out|       pointer|
|p_0_0_01232895_out_ap_vld  |  out|    1|      ap_vld|                                                 p_0_0_01232895_out|       pointer|
|p_0_0_01232891_out         |  out|    8|      ap_vld|                                                 p_0_0_01232891_out|       pointer|
|p_0_0_01232891_out_ap_vld  |  out|    1|      ap_vld|                                                 p_0_0_01232891_out|       pointer|
|p_0_0_01232887_out         |  out|    8|      ap_vld|                                                 p_0_0_01232887_out|       pointer|
|p_0_0_01232887_out_ap_vld  |  out|    1|      ap_vld|                                                 p_0_0_01232887_out|       pointer|
|p_0_0_01232883_out         |  out|    8|      ap_vld|                                                 p_0_0_01232883_out|       pointer|
|p_0_0_01232883_out_ap_vld  |  out|    1|      ap_vld|                                                 p_0_0_01232883_out|       pointer|
|p_0_0_01232879_out         |  out|    8|      ap_vld|                                                 p_0_0_01232879_out|       pointer|
|p_0_0_01232879_out_ap_vld  |  out|    1|      ap_vld|                                                 p_0_0_01232879_out|       pointer|
|p_0_0_01232875_out         |  out|    8|      ap_vld|                                                 p_0_0_01232875_out|       pointer|
|p_0_0_01232875_out_ap_vld  |  out|    1|      ap_vld|                                                 p_0_0_01232875_out|       pointer|
|p_0_0_01232871_out         |  out|    8|      ap_vld|                                                 p_0_0_01232871_out|       pointer|
|p_0_0_01232871_out_ap_vld  |  out|    1|      ap_vld|                                                 p_0_0_01232871_out|       pointer|
|p_0_0_01232867_out         |  out|    8|      ap_vld|                                                 p_0_0_01232867_out|       pointer|
|p_0_0_01232867_out_ap_vld  |  out|    1|      ap_vld|                                                 p_0_0_01232867_out|       pointer|
|p_0_0_01232863_out         |  out|    8|      ap_vld|                                                 p_0_0_01232863_out|       pointer|
|p_0_0_01232863_out_ap_vld  |  out|    1|      ap_vld|                                                 p_0_0_01232863_out|       pointer|
|p_0_0_01232859_out         |  out|    8|      ap_vld|                                                 p_0_0_01232859_out|       pointer|
|p_0_0_01232859_out_ap_vld  |  out|    1|      ap_vld|                                                 p_0_0_01232859_out|       pointer|
|p_0_0_01232855_out         |  out|    8|      ap_vld|                                                 p_0_0_01232855_out|       pointer|
|p_0_0_01232855_out_ap_vld  |  out|    1|      ap_vld|                                                 p_0_0_01232855_out|       pointer|
|p_0_0_01232851_out         |  out|    8|      ap_vld|                                                 p_0_0_01232851_out|       pointer|
|p_0_0_01232851_out_ap_vld  |  out|    1|      ap_vld|                                                 p_0_0_01232851_out|       pointer|
|p_0_0_01232847_out         |  out|    8|      ap_vld|                                                 p_0_0_01232847_out|       pointer|
|p_0_0_01232847_out_ap_vld  |  out|    1|      ap_vld|                                                 p_0_0_01232847_out|       pointer|
|p_0_0_01232843_out         |  out|    8|      ap_vld|                                                 p_0_0_01232843_out|       pointer|
|p_0_0_01232843_out_ap_vld  |  out|    1|      ap_vld|                                                 p_0_0_01232843_out|       pointer|
|p_0_0_01232839_out         |  out|    8|      ap_vld|                                                 p_0_0_01232839_out|       pointer|
|p_0_0_01232839_out_ap_vld  |  out|    1|      ap_vld|                                                 p_0_0_01232839_out|       pointer|
|p_0_0_01232835_out         |  out|    8|      ap_vld|                                                 p_0_0_01232835_out|       pointer|
|p_0_0_01232835_out_ap_vld  |  out|    1|      ap_vld|                                                 p_0_0_01232835_out|       pointer|
|p_0_0_01232831_out         |  out|    8|      ap_vld|                                                 p_0_0_01232831_out|       pointer|
|p_0_0_01232831_out_ap_vld  |  out|    1|      ap_vld|                                                 p_0_0_01232831_out|       pointer|
|p_0_0_01232827_out         |  out|    8|      ap_vld|                                                 p_0_0_01232827_out|       pointer|
|p_0_0_01232827_out_ap_vld  |  out|    1|      ap_vld|                                                 p_0_0_01232827_out|       pointer|
|p_0_0_01232823_out         |  out|    8|      ap_vld|                                                 p_0_0_01232823_out|       pointer|
|p_0_0_01232823_out_ap_vld  |  out|    1|      ap_vld|                                                 p_0_0_01232823_out|       pointer|
|p_0_0_01232819_out         |  out|    8|      ap_vld|                                                 p_0_0_01232819_out|       pointer|
|p_0_0_01232819_out_ap_vld  |  out|    1|      ap_vld|                                                 p_0_0_01232819_out|       pointer|
|p_0_0_01232815_out         |  out|    8|      ap_vld|                                                 p_0_0_01232815_out|       pointer|
|p_0_0_01232815_out_ap_vld  |  out|    1|      ap_vld|                                                 p_0_0_01232815_out|       pointer|
|p_0_0_01232811_out         |  out|    8|      ap_vld|                                                 p_0_0_01232811_out|       pointer|
|p_0_0_01232811_out_ap_vld  |  out|    1|      ap_vld|                                                 p_0_0_01232811_out|       pointer|
|p_0_0_01232807_out         |  out|    8|      ap_vld|                                                 p_0_0_01232807_out|       pointer|
|p_0_0_01232807_out_ap_vld  |  out|    1|      ap_vld|                                                 p_0_0_01232807_out|       pointer|
|p_0_0_01232803_out         |  out|    8|      ap_vld|                                                 p_0_0_01232803_out|       pointer|
|p_0_0_01232803_out_ap_vld  |  out|    1|      ap_vld|                                                 p_0_0_01232803_out|       pointer|
|p_0_0_01232799_out         |  out|    8|      ap_vld|                                                 p_0_0_01232799_out|       pointer|
|p_0_0_01232799_out_ap_vld  |  out|    1|      ap_vld|                                                 p_0_0_01232799_out|       pointer|
|p_0_0_01232795_out         |  out|    8|      ap_vld|                                                 p_0_0_01232795_out|       pointer|
|p_0_0_01232795_out_ap_vld  |  out|    1|      ap_vld|                                                 p_0_0_01232795_out|       pointer|
|p_0_0_01232791_out         |  out|    8|      ap_vld|                                                 p_0_0_01232791_out|       pointer|
|p_0_0_01232791_out_ap_vld  |  out|    1|      ap_vld|                                                 p_0_0_01232791_out|       pointer|
|p_0_0_01232787_out         |  out|    8|      ap_vld|                                                 p_0_0_01232787_out|       pointer|
|p_0_0_01232787_out_ap_vld  |  out|    1|      ap_vld|                                                 p_0_0_01232787_out|       pointer|
|p_0_0_01232783_out         |  out|    8|      ap_vld|                                                 p_0_0_01232783_out|       pointer|
|p_0_0_01232783_out_ap_vld  |  out|    1|      ap_vld|                                                 p_0_0_01232783_out|       pointer|
|p_0_0_01232779_out         |  out|    8|      ap_vld|                                                 p_0_0_01232779_out|       pointer|
|p_0_0_01232779_out_ap_vld  |  out|    1|      ap_vld|                                                 p_0_0_01232779_out|       pointer|
|p_0_0_01232775_out         |  out|    8|      ap_vld|                                                 p_0_0_01232775_out|       pointer|
|p_0_0_01232775_out_ap_vld  |  out|    1|      ap_vld|                                                 p_0_0_01232775_out|       pointer|
|p_0_0_01232771_out         |  out|    8|      ap_vld|                                                 p_0_0_01232771_out|       pointer|
|p_0_0_01232771_out_ap_vld  |  out|    1|      ap_vld|                                                 p_0_0_01232771_out|       pointer|
|p_0_0_01232767_out         |  out|    8|      ap_vld|                                                 p_0_0_01232767_out|       pointer|
|p_0_0_01232767_out_ap_vld  |  out|    1|      ap_vld|                                                 p_0_0_01232767_out|       pointer|
|p_0_0_01232763_out         |  out|    8|      ap_vld|                                                 p_0_0_01232763_out|       pointer|
|p_0_0_01232763_out_ap_vld  |  out|    1|      ap_vld|                                                 p_0_0_01232763_out|       pointer|
|p_0_0_01232759_out         |  out|    8|      ap_vld|                                                 p_0_0_01232759_out|       pointer|
|p_0_0_01232759_out_ap_vld  |  out|    1|      ap_vld|                                                 p_0_0_01232759_out|       pointer|
|p_0_0_01232755_out         |  out|    8|      ap_vld|                                                 p_0_0_01232755_out|       pointer|
|p_0_0_01232755_out_ap_vld  |  out|    1|      ap_vld|                                                 p_0_0_01232755_out|       pointer|
|p_0_0_01232751_out         |  out|    8|      ap_vld|                                                 p_0_0_01232751_out|       pointer|
|p_0_0_01232751_out_ap_vld  |  out|    1|      ap_vld|                                                 p_0_0_01232751_out|       pointer|
|p_0_0_01232747_out         |  out|    8|      ap_vld|                                                 p_0_0_01232747_out|       pointer|
|p_0_0_01232747_out_ap_vld  |  out|    1|      ap_vld|                                                 p_0_0_01232747_out|       pointer|
|p_0_0_01232743_out         |  out|    8|      ap_vld|                                                 p_0_0_01232743_out|       pointer|
|p_0_0_01232743_out_ap_vld  |  out|    1|      ap_vld|                                                 p_0_0_01232743_out|       pointer|
|p_0_0_01232739_out         |  out|    8|      ap_vld|                                                 p_0_0_01232739_out|       pointer|
|p_0_0_01232739_out_ap_vld  |  out|    1|      ap_vld|                                                 p_0_0_01232739_out|       pointer|
|p_0_0_01232735_out         |  out|    8|      ap_vld|                                                 p_0_0_01232735_out|       pointer|
|p_0_0_01232735_out_ap_vld  |  out|    1|      ap_vld|                                                 p_0_0_01232735_out|       pointer|
|p_0_0_01232731_out         |  out|    8|      ap_vld|                                                 p_0_0_01232731_out|       pointer|
|p_0_0_01232731_out_ap_vld  |  out|    1|      ap_vld|                                                 p_0_0_01232731_out|       pointer|
+---------------------------+-----+-----+------------+-------------------------------------------------------------------+--------------+

