

================================================================
== Vitis HLS Report for 'run_layer_Pipeline_PW_STAGE_VITIS_LOOP_266_3_VITIS_LOOP_268_4'
================================================================
* Date:           Thu Aug 20 23:19:28 2026

* Version:        2024.2 (Build 5238294 on Nov  8 2024)
* Project:        mac_array_poc_a2_w32
* Solution:       solution1 (Vivado IP Flow Target)
* Product family: zynq
* Target device:  xc7z020-clg400-1


================================================================
== Performance Estimates
================================================================
+ Timing: 
    * Summary: 
    +--------+----------+----------+------------+
    |  Clock |  Target  | Estimated| Uncertainty|
    +--------+----------+----------+------------+
    |ap_clk  |  10.00 ns|  6.589 ns|     2.70 ns|
    +--------+----------+----------+------------+

+ Latency: 
    * Summary: 
    +---------+---------+----------+----------+-----+-----+------------------------------------------------+
    |  Latency (cycles) |  Latency (absolute) |  Interval |                    Pipeline                    |
    |   min   |   max   |    min   |    max   | min | max |                      Type                      |
    +---------+---------+----------+----------+-----+-----+------------------------------------------------+
    |        ?|        ?|         ?|         ?|    0|    0|  loop auto-rewind stp (delay=0 clock cycles(s))|
    +---------+---------+----------+----------+-----+-----+------------------------------------------------+

    + Detail: 
        * Instance: 
        N/A

        * Loop: 
        +----------------------------------------------+---------+---------+----------+-----------+-----------+------+----------+
        |                                              |  Latency (cycles) | Iteration|  Initiation Interval  | Trip |          |
        |                   Loop Name                  |   min   |   max   |  Latency |  achieved |   target  | Count| Pipelined|
        +----------------------------------------------+---------+---------+----------+-----------+-----------+------+----------+
        |- PW_STAGE_VITIS_LOOP_266_3_VITIS_LOOP_268_4  |        ?|        ?|         3|          1|          1|     ?|       yes|
        +----------------------------------------------+---------+---------+----------+-----------+-----------+------+----------+



================================================================
== Utilization Estimates
================================================================
* Summary: 
+-----------------+---------+-----+--------+-------+-----+
|       Name      | BRAM_18K| DSP |   FF   |  LUT  | URAM|
+-----------------+---------+-----+--------+-------+-----+
|DSP              |        -|    -|       -|      -|    -|
|Expression       |        -|    -|       0|    635|    -|
|FIFO             |        -|    -|       -|      -|    -|
|Instance         |        -|    -|       -|      -|    -|
|Memory           |        -|    -|       -|      -|    -|
|Multiplexer      |        -|    -|       0|     90|    -|
|Register         |        -|    -|     391|      -|    -|
+-----------------+---------+-----+--------+-------+-----+
|Total            |        0|    0|     391|    725|    0|
+-----------------+---------+-----+--------+-------+-----+
|Available        |      280|  220|  106400|  53200|    0|
+-----------------+---------+-----+--------+-------+-----+
|Utilization (%)  |        0|    0|      ~0|      1|    0|
+-----------------+---------+-----+--------+-------+-----+

+ Detail: 
    * Instance: 
    N/A

    * DSP: 
    N/A

    * Memory: 
    N/A

    * FIFO: 
    N/A

    * Expression: 
    +--------------------------+----------+----+---+-----+------------+------------+
    |       Variable Name      | Operation| DSP| FF| LUT | Bitwidth P0| Bitwidth P1|
    +--------------------------+----------+----+---+-----+------------+------------+
    |add_ln265_1_fu_716_p2     |         +|   0|  0|   38|          31|           1|
    |add_ln265_fu_627_p2       |         +|   0|  0|  100|          93|           1|
    |add_ln266_1_fu_680_p2     |         +|   0|  0|   71|          64|           1|
    |add_ln266_fu_729_p2       |         +|   0|  0|   38|          31|           1|
    |add_ln268_fu_796_p2       |         +|   0|  0|   11|           3|           1|
    |icmp_ln265_fu_622_p2      |      icmp|   0|  0|  100|          93|          93|
    |icmp_ln266_fu_648_p2      |      icmp|   0|  0|   71|          64|          64|
    |icmp_ln268_fu_643_p2      |      icmp|   0|  0|   39|          32|          32|
    |select_ln265_1_fu_653_p3  |    select|   0|  0|    3|           1|           1|
    |select_ln265_2_fu_661_p3  |    select|   0|  0|    2|           1|           1|
    |select_ln265_3_fu_722_p3  |    select|   0|  0|   31|           1|          31|
    |select_ln265_fu_709_p3    |    select|   0|  0|   31|           1|           1|
    |select_ln266_1_fu_735_p3  |    select|   0|  0|   31|           1|          31|
    |select_ln266_2_fu_686_p3  |    select|   0|  0|   64|           1|           1|
    |select_ln266_fu_668_p3    |    select|   0|  0|    3|           1|           3|
    |ap_enable_pp0             |       xor|   0|  0|    2|           1|           2|
    +--------------------------+----------+----+---+-----+------------+------------+
    |Total                     |          |   0|  0|  635|         419|         265|
    +--------------------------+----------+----+---+-----+------------+------------+

    * Multiplexer: 
    +----------------------------------------+----+-----------+-----+-----------+
    |                  Name                  | LUT| Input Size| Bits| Total Bits|
    +----------------------------------------+----+-----------+-----+-----------+
    |ap_done_int                             |   9|          2|    1|          2|
    |ap_enable_reg_pp0_iter1                 |   9|          2|    1|          2|
    |ap_enable_reg_pp0_iter3                 |   9|          2|    1|          2|
    |ap_sig_allocacmp_cw_1                   |   9|          2|    3|          6|
    |ap_sig_allocacmp_indvar_flatten24_load  |   9|          2|   93|        186|
    |ci_fu_136                               |   9|          2|   31|         62|
    |cw_fu_124                               |   9|          2|    3|          6|
    |indvar_flatten24_fu_140                 |   9|          2|   93|        186|
    |indvar_flatten_fu_132                   |   9|          2|   64|        128|
    |rr_fu_128                               |   9|          2|   31|         62|
    +----------------------------------------+----+-----------+-----+-----------+
    |Total                                   |  90|         20|  321|        642|
    +----------------------------------------+----+-----------+-----+-----------+

    * Register: 
    +----------------------------------+----+----+-----+-----------+
    |               Name               | FF | LUT| Bits| Const Bits|
    +----------------------------------+----+----+-----+-----------+
    |add_ln265_reg_911                 |  93|   0|   93|          0|
    |ap_CS_fsm                         |   1|   0|    1|          0|
    |ap_done_reg                       |   1|   0|    1|          0|
    |ap_enable_reg_pp0_iter1           |   1|   0|    1|          0|
    |ap_enable_reg_pp0_iter2           |   1|   0|    1|          0|
    |ap_enable_reg_pp0_iter3           |   1|   0|    1|          0|
    |ap_loop_exit_ready_pp0_iter2_reg  |   1|   0|    1|          0|
    |bound_cast_reg_902                |  62|   0|   64|          2|
    |ci_fu_136                         |  31|   0|   31|          0|
    |cw_fu_124                         |   3|   0|    3|          0|
    |icmp_ln265_reg_907                |   1|   0|    1|          0|
    |icmp_ln266_reg_916                |   1|   0|    1|          0|
    |indvar_flatten24_fu_140           |  93|   0|   93|          0|
    |indvar_flatten_fu_132             |  64|   0|   64|          0|
    |rr_fu_128                         |  31|   0|   31|          0|
    |select_ln265_2_reg_922            |   1|   0|    1|          0|
    |select_ln266_reg_927              |   3|   0|    3|          0|
    |trunc_ln268_reg_932               |   2|   0|    2|          0|
    +----------------------------------+----+----+-----+-----------+
    |Total                             | 391|   0|  393|          2|
    +----------------------------------+----+----+-----+-----------+



================================================================
== Interface
================================================================
* Summary: 
+----------------------+-----+-----+------------+---------------------------------------------------------------+--------------+
|       RTL Ports      | Dir | Bits|  Protocol  |                         Source Object                         |    C Type    |
+----------------------+-----+-----+------------+---------------------------------------------------------------+--------------+
|ap_clk                |   in|    1|  ap_ctrl_hs|  run_layer_Pipeline_PW_STAGE_VITIS_LOOP_266_3_VITIS_LOOP_268_4|  return value|
|ap_rst                |   in|    1|  ap_ctrl_hs|  run_layer_Pipeline_PW_STAGE_VITIS_LOOP_266_3_VITIS_LOOP_268_4|  return value|
|ap_start              |   in|    1|  ap_ctrl_hs|  run_layer_Pipeline_PW_STAGE_VITIS_LOOP_266_3_VITIS_LOOP_268_4|  return value|
|ap_done               |  out|    1|  ap_ctrl_hs|  run_layer_Pipeline_PW_STAGE_VITIS_LOOP_266_3_VITIS_LOOP_268_4|  return value|
|ap_idle               |  out|    1|  ap_ctrl_hs|  run_layer_Pipeline_PW_STAGE_VITIS_LOOP_266_3_VITIS_LOOP_268_4|  return value|
|ap_ready              |  out|    1|  ap_ctrl_hs|  run_layer_Pipeline_PW_STAGE_VITIS_LOOP_266_3_VITIS_LOOP_268_4|  return value|
|col_sz                |   in|   32|     ap_none|                                                         col_sz|        scalar|
|bound8                |   in|   93|     ap_none|                                                         bound8|        scalar|
|in_base_read          |   in|    8|     ap_none|                                                   in_base_read|        scalar|
|bound                 |   in|   62|     ap_none|                                                          bound|        scalar|
|empty                 |   in|    1|     ap_none|                                                          empty|        scalar|
|pw_patch_address0     |  out|    4|   ap_memory|                                                       pw_patch|         array|
|pw_patch_ce0          |  out|    1|   ap_memory|                                                       pw_patch|         array|
|pw_patch_we0          |  out|    1|   ap_memory|                                                       pw_patch|         array|
|pw_patch_d0           |  out|    8|   ap_memory|                                                       pw_patch|         array|
|pw_patch_1_address0   |  out|    4|   ap_memory|                                                     pw_patch_1|         array|
|pw_patch_1_ce0        |  out|    1|   ap_memory|                                                     pw_patch_1|         array|
|pw_patch_1_we0        |  out|    1|   ap_memory|                                                     pw_patch_1|         array|
|pw_patch_1_d0         |  out|    8|   ap_memory|                                                     pw_patch_1|         array|
|pw_patch_2_address0   |  out|    4|   ap_memory|                                                     pw_patch_2|         array|
|pw_patch_2_ce0        |  out|    1|   ap_memory|                                                     pw_patch_2|         array|
|pw_patch_2_we0        |  out|    1|   ap_memory|                                                     pw_patch_2|         array|
|pw_patch_2_d0         |  out|    8|   ap_memory|                                                     pw_patch_2|         array|
|pw_patch_3_address0   |  out|    4|   ap_memory|                                                     pw_patch_3|         array|
|pw_patch_3_ce0        |  out|    1|   ap_memory|                                                     pw_patch_3|         array|
|pw_patch_3_we0        |  out|    1|   ap_memory|                                                     pw_patch_3|         array|
|pw_patch_3_d0         |  out|    8|   ap_memory|                                                     pw_patch_3|         array|
|pw_patch_4_address0   |  out|    4|   ap_memory|                                                     pw_patch_4|         array|
|pw_patch_4_ce0        |  out|    1|   ap_memory|                                                     pw_patch_4|         array|
|pw_patch_4_we0        |  out|    1|   ap_memory|                                                     pw_patch_4|         array|
|pw_patch_4_d0         |  out|    8|   ap_memory|                                                     pw_patch_4|         array|
|pw_patch_5_address0   |  out|    4|   ap_memory|                                                     pw_patch_5|         array|
|pw_patch_5_ce0        |  out|    1|   ap_memory|                                                     pw_patch_5|         array|
|pw_patch_5_we0        |  out|    1|   ap_memory|                                                     pw_patch_5|         array|
|pw_patch_5_d0         |  out|    8|   ap_memory|                                                     pw_patch_5|         array|
|pw_patch_6_address0   |  out|    4|   ap_memory|                                                     pw_patch_6|         array|
|pw_patch_6_ce0        |  out|    1|   ap_memory|                                                     pw_patch_6|         array|
|pw_patch_6_we0        |  out|    1|   ap_memory|                                                     pw_patch_6|         array|
|pw_patch_6_d0         |  out|    8|   ap_memory|                                                     pw_patch_6|         array|
|pw_patch_7_address0   |  out|    4|   ap_memory|                                                     pw_patch_7|         array|
|pw_patch_7_ce0        |  out|    1|   ap_memory|                                                     pw_patch_7|         array|
|pw_patch_7_we0        |  out|    1|   ap_memory|                                                     pw_patch_7|         array|
|pw_patch_7_d0         |  out|    8|   ap_memory|                                                     pw_patch_7|         array|
|pw_patch_8_address0   |  out|    4|   ap_memory|                                                     pw_patch_8|         array|
|pw_patch_8_ce0        |  out|    1|   ap_memory|                                                     pw_patch_8|         array|
|pw_patch_8_we0        |  out|    1|   ap_memory|                                                     pw_patch_8|         array|
|pw_patch_8_d0         |  out|    8|   ap_memory|                                                     pw_patch_8|         array|
|pw_patch_9_address0   |  out|    4|   ap_memory|                                                     pw_patch_9|         array|
|pw_patch_9_ce0        |  out|    1|   ap_memory|                                                     pw_patch_9|         array|
|pw_patch_9_we0        |  out|    1|   ap_memory|                                                     pw_patch_9|         array|
|pw_patch_9_d0         |  out|    8|   ap_memory|                                                     pw_patch_9|         array|
|pw_patch_10_address0  |  out|    4|   ap_memory|                                                    pw_patch_10|         array|
|pw_patch_10_ce0       |  out|    1|   ap_memory|                                                    pw_patch_10|         array|
|pw_patch_10_we0       |  out|    1|   ap_memory|                                                    pw_patch_10|         array|
|pw_patch_10_d0        |  out|    8|   ap_memory|                                                    pw_patch_10|         array|
|pw_patch_11_address0  |  out|    4|   ap_memory|                                                    pw_patch_11|         array|
|pw_patch_11_ce0       |  out|    1|   ap_memory|                                                    pw_patch_11|         array|
|pw_patch_11_we0       |  out|    1|   ap_memory|                                                    pw_patch_11|         array|
|pw_patch_11_d0        |  out|    8|   ap_memory|                                                    pw_patch_11|         array|
|pw_patch_12_address0  |  out|    4|   ap_memory|                                                    pw_patch_12|         array|
|pw_patch_12_ce0       |  out|    1|   ap_memory|                                                    pw_patch_12|         array|
|pw_patch_12_we0       |  out|    1|   ap_memory|                                                    pw_patch_12|         array|
|pw_patch_12_d0        |  out|    8|   ap_memory|                                                    pw_patch_12|         array|
|pw_patch_13_address0  |  out|    4|   ap_memory|                                                    pw_patch_13|         array|
|pw_patch_13_ce0       |  out|    1|   ap_memory|                                                    pw_patch_13|         array|
|pw_patch_13_we0       |  out|    1|   ap_memory|                                                    pw_patch_13|         array|
|pw_patch_13_d0        |  out|    8|   ap_memory|                                                    pw_patch_13|         array|
|pw_patch_14_address0  |  out|    4|   ap_memory|                                                    pw_patch_14|         array|
|pw_patch_14_ce0       |  out|    1|   ap_memory|                                                    pw_patch_14|         array|
|pw_patch_14_we0       |  out|    1|   ap_memory|                                                    pw_patch_14|         array|
|pw_patch_14_d0        |  out|    8|   ap_memory|                                                    pw_patch_14|         array|
|pw_patch_15_address0  |  out|    4|   ap_memory|                                                    pw_patch_15|         array|
|pw_patch_15_ce0       |  out|    1|   ap_memory|                                                    pw_patch_15|         array|
|pw_patch_15_we0       |  out|    1|   ap_memory|                                                    pw_patch_15|         array|
|pw_patch_15_d0        |  out|    8|   ap_memory|                                                    pw_patch_15|         array|
|pw_patch_16_address0  |  out|    4|   ap_memory|                                                    pw_patch_16|         array|
|pw_patch_16_ce0       |  out|    1|   ap_memory|                                                    pw_patch_16|         array|
|pw_patch_16_we0       |  out|    1|   ap_memory|                                                    pw_patch_16|         array|
|pw_patch_16_d0        |  out|    8|   ap_memory|                                                    pw_patch_16|         array|
|pw_patch_17_address0  |  out|    4|   ap_memory|                                                    pw_patch_17|         array|
|pw_patch_17_ce0       |  out|    1|   ap_memory|                                                    pw_patch_17|         array|
|pw_patch_17_we0       |  out|    1|   ap_memory|                                                    pw_patch_17|         array|
|pw_patch_17_d0        |  out|    8|   ap_memory|                                                    pw_patch_17|         array|
|pw_patch_18_address0  |  out|    4|   ap_memory|                                                    pw_patch_18|         array|
|pw_patch_18_ce0       |  out|    1|   ap_memory|                                                    pw_patch_18|         array|
|pw_patch_18_we0       |  out|    1|   ap_memory|                                                    pw_patch_18|         array|
|pw_patch_18_d0        |  out|    8|   ap_memory|                                                    pw_patch_18|         array|
|pw_patch_19_address0  |  out|    4|   ap_memory|                                                    pw_patch_19|         array|
|pw_patch_19_ce0       |  out|    1|   ap_memory|                                                    pw_patch_19|         array|
|pw_patch_19_we0       |  out|    1|   ap_memory|                                                    pw_patch_19|         array|
|pw_patch_19_d0        |  out|    8|   ap_memory|                                                    pw_patch_19|         array|
|pw_patch_20_address0  |  out|    4|   ap_memory|                                                    pw_patch_20|         array|
|pw_patch_20_ce0       |  out|    1|   ap_memory|                                                    pw_patch_20|         array|
|pw_patch_20_we0       |  out|    1|   ap_memory|                                                    pw_patch_20|         array|
|pw_patch_20_d0        |  out|    8|   ap_memory|                                                    pw_patch_20|         array|
|pw_patch_21_address0  |  out|    4|   ap_memory|                                                    pw_patch_21|         array|
|pw_patch_21_ce0       |  out|    1|   ap_memory|                                                    pw_patch_21|         array|
|pw_patch_21_we0       |  out|    1|   ap_memory|                                                    pw_patch_21|         array|
|pw_patch_21_d0        |  out|    8|   ap_memory|                                                    pw_patch_21|         array|
|pw_patch_22_address0  |  out|    4|   ap_memory|                                                    pw_patch_22|         array|
|pw_patch_22_ce0       |  out|    1|   ap_memory|                                                    pw_patch_22|         array|
|pw_patch_22_we0       |  out|    1|   ap_memory|                                                    pw_patch_22|         array|
|pw_patch_22_d0        |  out|    8|   ap_memory|                                                    pw_patch_22|         array|
|pw_patch_23_address0  |  out|    4|   ap_memory|                                                    pw_patch_23|         array|
|pw_patch_23_ce0       |  out|    1|   ap_memory|                                                    pw_patch_23|         array|
|pw_patch_23_we0       |  out|    1|   ap_memory|                                                    pw_patch_23|         array|
|pw_patch_23_d0        |  out|    8|   ap_memory|                                                    pw_patch_23|         array|
|pw_patch_24_address0  |  out|    4|   ap_memory|                                                    pw_patch_24|         array|
|pw_patch_24_ce0       |  out|    1|   ap_memory|                                                    pw_patch_24|         array|
|pw_patch_24_we0       |  out|    1|   ap_memory|                                                    pw_patch_24|         array|
|pw_patch_24_d0        |  out|    8|   ap_memory|                                                    pw_patch_24|         array|
|pw_patch_25_address0  |  out|    4|   ap_memory|                                                    pw_patch_25|         array|
|pw_patch_25_ce0       |  out|    1|   ap_memory|                                                    pw_patch_25|         array|
|pw_patch_25_we0       |  out|    1|   ap_memory|                                                    pw_patch_25|         array|
|pw_patch_25_d0        |  out|    8|   ap_memory|                                                    pw_patch_25|         array|
|pw_patch_26_address0  |  out|    4|   ap_memory|                                                    pw_patch_26|         array|
|pw_patch_26_ce0       |  out|    1|   ap_memory|                                                    pw_patch_26|         array|
|pw_patch_26_we0       |  out|    1|   ap_memory|                                                    pw_patch_26|         array|
|pw_patch_26_d0        |  out|    8|   ap_memory|                                                    pw_patch_26|         array|
|pw_patch_27_address0  |  out|    4|   ap_memory|                                                    pw_patch_27|         array|
|pw_patch_27_ce0       |  out|    1|   ap_memory|                                                    pw_patch_27|         array|
|pw_patch_27_we0       |  out|    1|   ap_memory|                                                    pw_patch_27|         array|
|pw_patch_27_d0        |  out|    8|   ap_memory|                                                    pw_patch_27|         array|
|pw_patch_28_address0  |  out|    4|   ap_memory|                                                    pw_patch_28|         array|
|pw_patch_28_ce0       |  out|    1|   ap_memory|                                                    pw_patch_28|         array|
|pw_patch_28_we0       |  out|    1|   ap_memory|                                                    pw_patch_28|         array|
|pw_patch_28_d0        |  out|    8|   ap_memory|                                                    pw_patch_28|         array|
|pw_patch_29_address0  |  out|    4|   ap_memory|                                                    pw_patch_29|         array|
|pw_patch_29_ce0       |  out|    1|   ap_memory|                                                    pw_patch_29|         array|
|pw_patch_29_we0       |  out|    1|   ap_memory|                                                    pw_patch_29|         array|
|pw_patch_29_d0        |  out|    8|   ap_memory|                                                    pw_patch_29|         array|
|pw_patch_30_address0  |  out|    4|   ap_memory|                                                    pw_patch_30|         array|
|pw_patch_30_ce0       |  out|    1|   ap_memory|                                                    pw_patch_30|         array|
|pw_patch_30_we0       |  out|    1|   ap_memory|                                                    pw_patch_30|         array|
|pw_patch_30_d0        |  out|    8|   ap_memory|                                                    pw_patch_30|         array|
|pw_patch_31_address0  |  out|    4|   ap_memory|                                                    pw_patch_31|         array|
|pw_patch_31_ce0       |  out|    1|   ap_memory|                                                    pw_patch_31|         array|
|pw_patch_31_we0       |  out|    1|   ap_memory|                                                    pw_patch_31|         array|
|pw_patch_31_d0        |  out|    8|   ap_memory|                                                    pw_patch_31|         array|
+----------------------+-----+-----+------------+---------------------------------------------------------------+--------------+

