

================================================================
== Vitis HLS Report for 'dwconv_ip_Pipeline_WRITEBACK_OUT'
================================================================
* Date:           Thu Jul 23 05:28:29 2026

* Version:        2024.2 (Build 5238294 on Nov  8 2024)
* Project:        dwconv_ip_proj
* Solution:       solution1 (Vivado IP Flow Target)
* Product family: zynq
* Target device:  xc7z020-clg400-1


================================================================
== Performance Estimates
================================================================
+ Timing: 
    * Summary: 
    +--------+---------+----------+------------+
    |  Clock |  Target | Estimated| Uncertainty|
    +--------+---------+----------+------------+
    |ap_clk  |  7.00 ns|  5.669 ns|     1.89 ns|
    +--------+---------+----------+------------+

+ Latency: 
    * Summary: 
    +---------+-----------+-----------+-----------+-----+-----------+------------------------------------------------+
    |   Latency (cycles)  |   Latency (absolute)  |     Interval    |                    Pipeline                    |
    |   min   |    max    |    min    |    max    | min |    max    |                      Type                      |
    +---------+-----------+-----------+-----------+-----+-----------+------------------------------------------------+
    |        2|  536870914|  14.000 ns|  3.758 sec|    1|  536870912|  loop auto-rewind stp (delay=0 clock cycles(s))|
    +---------+-----------+-----------+-----------+-----+-----------+------------------------------------------------+

    + Detail: 
        * Instance: 
        N/A

        * Loop: 
        +-----------------+---------+-----------+----------+-----------+-----------+---------------+----------+
        |                 |   Latency (cycles)  | Iteration|  Initiation Interval  |      Trip     |          |
        |    Loop Name    |   min   |    max    |  Latency |  achieved |   target  |     Count     | Pipelined|
        +-----------------+---------+-----------+----------+-----------+-----------+---------------+----------+
        |- WRITEBACK_OUT  |        0|  536870912|         3|          1|          1|  0 ~ 536870911|       yes|
        +-----------------+---------+-----------+----------+-----------+-----------+---------------+----------+



================================================================
== Utilization Estimates
================================================================
* Summary: 
+-----------------+---------+-----+--------+-------+-----+
|       Name      | BRAM_18K| DSP |   FF   |  LUT  | URAM|
+-----------------+---------+-----+--------+-------+-----+
|DSP              |        -|    -|       -|      -|    -|
|Expression       |        -|    -|       0|     77|    -|
|FIFO             |        -|    -|       -|      -|    -|
|Instance         |        -|    -|       0|     80|    -|
|Memory           |        -|    -|       -|      -|    -|
|Multiplexer      |        -|    -|       0|     45|    -|
|Register         |        -|    -|      68|      -|    -|
+-----------------+---------+-----+--------+-------+-----+
|Total            |        0|    0|      68|    202|    0|
+-----------------+---------+-----+--------+-------+-----+
|Available        |      280|  220|  106400|  53200|    0|
+-----------------+---------+-----+--------+-------+-----+
|Utilization (%)  |        0|    0|      ~0|     ~0|    0|
+-----------------+---------+-----+--------+-------+-----+

+ Detail: 
    * Instance: 
    +--------------------------+---------------------+---------+----+---+----+-----+
    |         Instance         |        Module       | BRAM_18K| DSP| FF| LUT| URAM|
    +--------------------------+---------------------+---------+----+---+----+-----+
    |sparsemux_9_2_8_1_1_U680  |sparsemux_9_2_8_1_1  |        0|   0|  0|  20|    0|
    |sparsemux_9_2_8_1_1_U681  |sparsemux_9_2_8_1_1  |        0|   0|  0|  20|    0|
    |sparsemux_9_2_8_1_1_U682  |sparsemux_9_2_8_1_1  |        0|   0|  0|  20|    0|
    |sparsemux_9_2_8_1_1_U683  |sparsemux_9_2_8_1_1  |        0|   0|  0|  20|    0|
    +--------------------------+---------------------+---------+----+---+----+-----+
    |Total                     |                     |        0|   0|  0|  80|    0|
    +--------------------------+---------------------+---------+----+---+----+-----+

    * DSP: 
    N/A

    * Memory: 
    N/A

    * FIFO: 
    N/A

    * Expression: 
    +---------------------------+----------+----+---+----+------------+------------+
    |       Variable Name       | Operation| DSP| FF| LUT| Bitwidth P0| Bitwidth P1|
    +---------------------------+----------+----+---+----+------------+------------+
    |add_ln232_fu_374_p2        |         +|   0|  0|  36|          29|           1|
    |ap_block_pp0_stage0_11001  |       and|   0|  0|   2|           1|           1|
    |icmp_ln232_fu_368_p2       |      icmp|   0|  0|  37|          30|          30|
    |ap_enable_pp0              |       xor|   0|  0|   2|           1|           2|
    +---------------------------+----------+----+---+----+------------+------------+
    |Total                      |          |   0|  0|  77|          61|          34|
    +---------------------------+----------+----+---+----+------------+------------+

    * Multiplexer: 
    +-------------------------+----+-----------+-----+-----------+
    |           Name          | LUT| Input Size| Bits| Total Bits|
    +-------------------------+----+-----------+-----+-----------+
    |ap_done_int              |   9|          2|    1|          2|
    |ap_enable_reg_pp0_iter1  |   9|          2|    1|          2|
    |ap_sig_allocacmp_hw_1    |   9|          2|   29|         58|
    |gmem3_blk_n_W            |   9|          2|    1|          2|
    |hw_fu_120                |   9|          2|   29|         58|
    +-------------------------+----+-----------+-----+-----------+
    |Total                    |  45|         10|   61|        122|
    +-------------------------+----+-----------+-----+-----------+

    * Register: 
    +----------------------------------+----+----+-----+-----------+
    |               Name               | FF | LUT| Bits| Const Bits|
    +----------------------------------+----+----+-----+-----------+
    |ap_CS_fsm                         |   1|   0|    1|          0|
    |ap_done_reg                       |   1|   0|    1|          0|
    |ap_enable_reg_pp0_iter1           |   1|   0|    1|          0|
    |ap_enable_reg_pp0_iter2           |   1|   0|    1|          0|
    |ap_loop_exit_ready_pp0_iter1_reg  |   1|   0|    1|          0|
    |hw_fu_120                         |  29|   0|   29|          0|
    |tmp_4_reg_630                     |   8|   0|    8|          0|
    |tmp_5_reg_635                     |   8|   0|    8|          0|
    |tmp_6_reg_640                     |   8|   0|    8|          0|
    |tmp_7_reg_645                     |   8|   0|    8|          0|
    |trunc_ln232_reg_542               |   2|   0|    2|          0|
    +----------------------------------+----+----+-----+-----------+
    |Total                             |  68|   0|   68|          0|
    +----------------------------------+----+----+-----+-----------+



================================================================
== Interface
================================================================
* Summary: 
+------------------------------+-----+-----+------------+----------------------------------+--------------+
|           RTL Ports          | Dir | Bits|  Protocol  |           Source Object          |    C Type    |
+------------------------------+-----+-----+------------+----------------------------------+--------------+
|ap_clk                        |   in|    1|  ap_ctrl_hs|  dwconv_ip_Pipeline_WRITEBACK_OUT|  return value|
|ap_rst                        |   in|    1|  ap_ctrl_hs|  dwconv_ip_Pipeline_WRITEBACK_OUT|  return value|
|ap_start                      |   in|    1|  ap_ctrl_hs|  dwconv_ip_Pipeline_WRITEBACK_OUT|  return value|
|ap_done                       |  out|    1|  ap_ctrl_hs|  dwconv_ip_Pipeline_WRITEBACK_OUT|  return value|
|ap_idle                       |  out|    1|  ap_ctrl_hs|  dwconv_ip_Pipeline_WRITEBACK_OUT|  return value|
|ap_ready                      |  out|    1|  ap_ctrl_hs|  dwconv_ip_Pipeline_WRITEBACK_OUT|  return value|
|m_axi_gmem3_0_AWVALID         |  out|    1|       m_axi|                             gmem3|       pointer|
|m_axi_gmem3_0_AWREADY         |   in|    1|       m_axi|                             gmem3|       pointer|
|m_axi_gmem3_0_AWADDR          |  out|   64|       m_axi|                             gmem3|       pointer|
|m_axi_gmem3_0_AWID            |  out|    1|       m_axi|                             gmem3|       pointer|
|m_axi_gmem3_0_AWLEN           |  out|   32|       m_axi|                             gmem3|       pointer|
|m_axi_gmem3_0_AWSIZE          |  out|    3|       m_axi|                             gmem3|       pointer|
|m_axi_gmem3_0_AWBURST         |  out|    2|       m_axi|                             gmem3|       pointer|
|m_axi_gmem3_0_AWLOCK          |  out|    2|       m_axi|                             gmem3|       pointer|
|m_axi_gmem3_0_AWCACHE         |  out|    4|       m_axi|                             gmem3|       pointer|
|m_axi_gmem3_0_AWPROT          |  out|    3|       m_axi|                             gmem3|       pointer|
|m_axi_gmem3_0_AWQOS           |  out|    4|       m_axi|                             gmem3|       pointer|
|m_axi_gmem3_0_AWREGION        |  out|    4|       m_axi|                             gmem3|       pointer|
|m_axi_gmem3_0_AWUSER          |  out|    1|       m_axi|                             gmem3|       pointer|
|m_axi_gmem3_0_WVALID          |  out|    1|       m_axi|                             gmem3|       pointer|
|m_axi_gmem3_0_WREADY          |   in|    1|       m_axi|                             gmem3|       pointer|
|m_axi_gmem3_0_WDATA           |  out|   32|       m_axi|                             gmem3|       pointer|
|m_axi_gmem3_0_WSTRB           |  out|    4|       m_axi|                             gmem3|       pointer|
|m_axi_gmem3_0_WLAST           |  out|    1|       m_axi|                             gmem3|       pointer|
|m_axi_gmem3_0_WID             |  out|    1|       m_axi|                             gmem3|       pointer|
|m_axi_gmem3_0_WUSER           |  out|    1|       m_axi|                             gmem3|       pointer|
|m_axi_gmem3_0_ARVALID         |  out|    1|       m_axi|                             gmem3|       pointer|
|m_axi_gmem3_0_ARREADY         |   in|    1|       m_axi|                             gmem3|       pointer|
|m_axi_gmem3_0_ARADDR          |  out|   64|       m_axi|                             gmem3|       pointer|
|m_axi_gmem3_0_ARID            |  out|    1|       m_axi|                             gmem3|       pointer|
|m_axi_gmem3_0_ARLEN           |  out|   32|       m_axi|                             gmem3|       pointer|
|m_axi_gmem3_0_ARSIZE          |  out|    3|       m_axi|                             gmem3|       pointer|
|m_axi_gmem3_0_ARBURST         |  out|    2|       m_axi|                             gmem3|       pointer|
|m_axi_gmem3_0_ARLOCK          |  out|    2|       m_axi|                             gmem3|       pointer|
|m_axi_gmem3_0_ARCACHE         |  out|    4|       m_axi|                             gmem3|       pointer|
|m_axi_gmem3_0_ARPROT          |  out|    3|       m_axi|                             gmem3|       pointer|
|m_axi_gmem3_0_ARQOS           |  out|    4|       m_axi|                             gmem3|       pointer|
|m_axi_gmem3_0_ARREGION        |  out|    4|       m_axi|                             gmem3|       pointer|
|m_axi_gmem3_0_ARUSER          |  out|    1|       m_axi|                             gmem3|       pointer|
|m_axi_gmem3_0_RVALID          |   in|    1|       m_axi|                             gmem3|       pointer|
|m_axi_gmem3_0_RREADY          |  out|    1|       m_axi|                             gmem3|       pointer|
|m_axi_gmem3_0_RDATA           |   in|   32|       m_axi|                             gmem3|       pointer|
|m_axi_gmem3_0_RLAST           |   in|    1|       m_axi|                             gmem3|       pointer|
|m_axi_gmem3_0_RID             |   in|    1|       m_axi|                             gmem3|       pointer|
|m_axi_gmem3_0_RFIFONUM        |   in|    9|       m_axi|                             gmem3|       pointer|
|m_axi_gmem3_0_RUSER           |   in|    1|       m_axi|                             gmem3|       pointer|
|m_axi_gmem3_0_RRESP           |   in|    2|       m_axi|                             gmem3|       pointer|
|m_axi_gmem3_0_BVALID          |   in|    1|       m_axi|                             gmem3|       pointer|
|m_axi_gmem3_0_BREADY          |  out|    1|       m_axi|                             gmem3|       pointer|
|m_axi_gmem3_0_BRESP           |   in|    2|       m_axi|                             gmem3|       pointer|
|m_axi_gmem3_0_BID             |   in|    1|       m_axi|                             gmem3|       pointer|
|m_axi_gmem3_0_BUSER           |   in|    1|       m_axi|                             gmem3|       pointer|
|hw_out_words                  |   in|   30|     ap_none|                      hw_out_words|        scalar|
|sext_ln106_5                  |   in|   62|     ap_none|                      sext_ln106_5|        scalar|
|p_ZL10ch_out_buf_0_address0   |  out|    8|   ap_memory|                p_ZL10ch_out_buf_0|         array|
|p_ZL10ch_out_buf_0_ce0        |  out|    1|   ap_memory|                p_ZL10ch_out_buf_0|         array|
|p_ZL10ch_out_buf_0_q0         |   in|    8|   ap_memory|                p_ZL10ch_out_buf_0|         array|
|p_ZL10ch_out_buf_4_address0   |  out|    8|   ap_memory|                p_ZL10ch_out_buf_4|         array|
|p_ZL10ch_out_buf_4_ce0        |  out|    1|   ap_memory|                p_ZL10ch_out_buf_4|         array|
|p_ZL10ch_out_buf_4_q0         |   in|    8|   ap_memory|                p_ZL10ch_out_buf_4|         array|
|p_ZL10ch_out_buf_8_address0   |  out|    8|   ap_memory|                p_ZL10ch_out_buf_8|         array|
|p_ZL10ch_out_buf_8_ce0        |  out|    1|   ap_memory|                p_ZL10ch_out_buf_8|         array|
|p_ZL10ch_out_buf_8_q0         |   in|    8|   ap_memory|                p_ZL10ch_out_buf_8|         array|
|p_ZL10ch_out_buf_12_address0  |  out|    8|   ap_memory|               p_ZL10ch_out_buf_12|         array|
|p_ZL10ch_out_buf_12_ce0       |  out|    1|   ap_memory|               p_ZL10ch_out_buf_12|         array|
|p_ZL10ch_out_buf_12_q0        |   in|    8|   ap_memory|               p_ZL10ch_out_buf_12|         array|
|p_ZL10ch_out_buf_1_address0   |  out|    8|   ap_memory|                p_ZL10ch_out_buf_1|         array|
|p_ZL10ch_out_buf_1_ce0        |  out|    1|   ap_memory|                p_ZL10ch_out_buf_1|         array|
|p_ZL10ch_out_buf_1_q0         |   in|    8|   ap_memory|                p_ZL10ch_out_buf_1|         array|
|p_ZL10ch_out_buf_5_address0   |  out|    8|   ap_memory|                p_ZL10ch_out_buf_5|         array|
|p_ZL10ch_out_buf_5_ce0        |  out|    1|   ap_memory|                p_ZL10ch_out_buf_5|         array|
|p_ZL10ch_out_buf_5_q0         |   in|    8|   ap_memory|                p_ZL10ch_out_buf_5|         array|
|p_ZL10ch_out_buf_9_address0   |  out|    8|   ap_memory|                p_ZL10ch_out_buf_9|         array|
|p_ZL10ch_out_buf_9_ce0        |  out|    1|   ap_memory|                p_ZL10ch_out_buf_9|         array|
|p_ZL10ch_out_buf_9_q0         |   in|    8|   ap_memory|                p_ZL10ch_out_buf_9|         array|
|p_ZL10ch_out_buf_13_address0  |  out|    8|   ap_memory|               p_ZL10ch_out_buf_13|         array|
|p_ZL10ch_out_buf_13_ce0       |  out|    1|   ap_memory|               p_ZL10ch_out_buf_13|         array|
|p_ZL10ch_out_buf_13_q0        |   in|    8|   ap_memory|               p_ZL10ch_out_buf_13|         array|
|p_ZL10ch_out_buf_2_address0   |  out|    8|   ap_memory|                p_ZL10ch_out_buf_2|         array|
|p_ZL10ch_out_buf_2_ce0        |  out|    1|   ap_memory|                p_ZL10ch_out_buf_2|         array|
|p_ZL10ch_out_buf_2_q0         |   in|    8|   ap_memory|                p_ZL10ch_out_buf_2|         array|
|p_ZL10ch_out_buf_6_address0   |  out|    8|   ap_memory|                p_ZL10ch_out_buf_6|         array|
|p_ZL10ch_out_buf_6_ce0        |  out|    1|   ap_memory|                p_ZL10ch_out_buf_6|         array|
|p_ZL10ch_out_buf_6_q0         |   in|    8|   ap_memory|                p_ZL10ch_out_buf_6|         array|
|p_ZL10ch_out_buf_10_address0  |  out|    8|   ap_memory|               p_ZL10ch_out_buf_10|         array|
|p_ZL10ch_out_buf_10_ce0       |  out|    1|   ap_memory|               p_ZL10ch_out_buf_10|         array|
|p_ZL10ch_out_buf_10_q0        |   in|    8|   ap_memory|               p_ZL10ch_out_buf_10|         array|
|p_ZL10ch_out_buf_14_address0  |  out|    8|   ap_memory|               p_ZL10ch_out_buf_14|         array|
|p_ZL10ch_out_buf_14_ce0       |  out|    1|   ap_memory|               p_ZL10ch_out_buf_14|         array|
|p_ZL10ch_out_buf_14_q0        |   in|    8|   ap_memory|               p_ZL10ch_out_buf_14|         array|
|p_ZL10ch_out_buf_3_address0   |  out|    8|   ap_memory|                p_ZL10ch_out_buf_3|         array|
|p_ZL10ch_out_buf_3_ce0        |  out|    1|   ap_memory|                p_ZL10ch_out_buf_3|         array|
|p_ZL10ch_out_buf_3_q0         |   in|    8|   ap_memory|                p_ZL10ch_out_buf_3|         array|
|p_ZL10ch_out_buf_7_address0   |  out|    8|   ap_memory|                p_ZL10ch_out_buf_7|         array|
|p_ZL10ch_out_buf_7_ce0        |  out|    1|   ap_memory|                p_ZL10ch_out_buf_7|         array|
|p_ZL10ch_out_buf_7_q0         |   in|    8|   ap_memory|                p_ZL10ch_out_buf_7|         array|
|p_ZL10ch_out_buf_11_address0  |  out|    8|   ap_memory|               p_ZL10ch_out_buf_11|         array|
|p_ZL10ch_out_buf_11_ce0       |  out|    1|   ap_memory|               p_ZL10ch_out_buf_11|         array|
|p_ZL10ch_out_buf_11_q0        |   in|    8|   ap_memory|               p_ZL10ch_out_buf_11|         array|
|p_ZL10ch_out_buf_15_address0  |  out|    8|   ap_memory|               p_ZL10ch_out_buf_15|         array|
|p_ZL10ch_out_buf_15_ce0       |  out|    1|   ap_memory|               p_ZL10ch_out_buf_15|         array|
|p_ZL10ch_out_buf_15_q0        |   in|    8|   ap_memory|               p_ZL10ch_out_buf_15|         array|
+------------------------------+-----+-----+------------+----------------------------------+--------------+

