

================================================================
== Vitis HLS Report for 'conv_worker_Pipeline_COMPUTE_KH_COMPUTE_KW_COMPUTE_TR_COMPUTE_TC'
================================================================
* Date:           Sat Aug  1 22:20:29 2026

* Version:        2024.2 (Build 5238294 on Nov  8 2024)
* Project:        fastvit_ip_w8a4_proj
* Solution:       solution1 (Vivado IP Flow Target)
* Product family: zynq
* Target device:  xc7z020-clg400-1


================================================================
== Performance Estimates
================================================================
+ Timing: 
    * Summary: 
    +--------+---------+----------+------------+
    |  Clock |  Target | Estimated| Uncertainty|
    +--------+---------+----------+------------+
    |ap_clk  |  7.00 ns|  6.846 ns|     1.89 ns|
    +--------+---------+----------+------------+

+ Latency: 
    * Summary: 
    +---------+---------+----------+----------+-----+-----+------------------------------------------------+
    |  Latency (cycles) |  Latency (absolute) |  Interval |                    Pipeline                    |
    |   min   |   max   |    min   |    max   | min | max |                      Type                      |
    +---------+---------+----------+----------+-----+-----+------------------------------------------------+
    |      153|      153|  1.071 us|  1.071 us|  145|  145|  loop auto-rewind stp (delay=0 clock cycles(s))|
    +---------+---------+----------+----------+-----+-----+------------------------------------------------+

    + Detail: 
        * Instance: 
        N/A

        * Loop: 
        +-----------------------------------------------+---------+---------+----------+-----------+-----------+------+----------+
        |                                               |  Latency (cycles) | Iteration|  Initiation Interval  | Trip |          |
        |                   Loop Name                   |   min   |   max   |  Latency |  achieved |   target  | Count| Pipelined|
        +-----------------------------------------------+---------+---------+----------+-----------+-----------+------+----------+
        |- COMPUTE_KH_COMPUTE_KW_COMPUTE_TR_COMPUTE_TC  |      151|      151|         9|          1|          1|   144|       yes|
        +-----------------------------------------------+---------+---------+----------+-----------+-----------+------+----------+



================================================================
== Utilization Estimates
================================================================
* Summary: 
+-----------------+---------+-----+--------+-------+-----+
|       Name      | BRAM_18K| DSP |   FF   |  LUT  | URAM|
+-----------------+---------+-----+--------+-------+-----+
|DSP              |        -|    2|       -|      -|    -|
|Expression       |        -|    -|       0|    405|    -|
|FIFO             |        -|    -|       -|      -|    -|
|Instance         |        -|    0|       0|    122|    -|
|Memory           |        -|    -|       -|      -|    -|
|Multiplexer      |        -|    -|       0|     99|    -|
|Register         |        -|    -|     360|     64|    -|
+-----------------+---------+-----+--------+-------+-----+
|Total            |        0|    2|     360|    690|    0|
+-----------------+---------+-----+--------+-------+-----+
|Available        |      280|  220|  106400|  53200|    0|
+-----------------+---------+-----+--------+-------+-----+
|Utilization (%)  |        0|   ~0|      ~0|      1|    0|
+-----------------+---------+-----+--------+-------+-----+

+ Detail: 
    * Instance: 
    +----------------------------+----------------------+---------+----+---+----+-----+
    |          Instance          |        Module        | BRAM_18K| DSP| FF| LUT| URAM|
    +----------------------------+----------------------+---------+----+---+----+-----+
    |mul_8s_4s_12_1_1_U2202      |mul_8s_4s_12_1_1      |        0|   0|  0|  41|    0|
    |mul_8s_4s_12_1_1_U2203      |mul_8s_4s_12_1_1      |        0|   0|  0|  41|    0|
    |sparsemux_9_2_32_1_1_U2204  |sparsemux_9_2_32_1_1  |        0|   0|  0|  20|    0|
    |sparsemux_9_2_32_1_1_U2205  |sparsemux_9_2_32_1_1  |        0|   0|  0|  20|    0|
    +----------------------------+----------------------+---------+----+---+----+-----+
    |Total                       |                      |        0|   0|  0| 122|    0|
    +----------------------------+----------------------+---------+----+---+----+-----+

    * DSP: 
    +-----------------------------------+-----------------------------+--------------+
    |              Instance             |            Module           |  Expression  |
    +-----------------------------------+-----------------------------+--------------+
    |mac_muladd_8s_4s_12s_13_4_1_U2206  |mac_muladd_8s_4s_12s_13_4_1  |  i0 + i1 * i2|
    |mac_muladd_8s_4s_12s_13_4_1_U2207  |mac_muladd_8s_4s_12s_13_4_1  |  i0 + i1 * i2|
    +-----------------------------------+-----------------------------+--------------+

    * Memory: 
    N/A

    * FIFO: 
    N/A

    * Expression: 
    +-----------------------------------------+----------+----+---+----+------------+------------+
    |              Variable Name              | Operation| DSP| FF| LUT| Bitwidth P0| Bitwidth P1|
    +-----------------------------------------+----------+----+---+----+------------+------------+
    |add_ln176_14_fu_407_p2                   |         +|   0|  0|  15|           8|           1|
    |add_ln176_fu_458_p2                      |         +|   0|  0|  10|           2|           1|
    |add_ln178_1_fu_425_p2                    |         +|   0|  0|  14|           7|           1|
    |add_ln178_fu_489_p2                      |         +|   0|  0|  10|           2|           1|
    |add_ln180_1_fu_508_p2                    |         +|   0|  0|  14|           6|           1|
    |add_ln193_fu_724_p2                      |         +|   0|  0|   7|           7|           7|
    |add_ln195_1_fu_836_p2                    |         +|   0|  0|  39|          32|          32|
    |add_ln195_3_fu_848_p2                    |         +|   0|  0|  39|          32|          32|
    |c_1_fu_684_p2                            |         +|   0|  0|  11|           3|           1|
    |empty_192_fu_628_p2                      |         +|   0|  0|   7|           4|           4|
    |ic_fu_678_p2                             |         +|   0|  0|  13|           4|           4|
    |ir_fu_651_p2                             |         +|   0|  0|  13|           4|           4|
    |mul_ln193_fu_715_p2                      |         +|   0|  0|   7|           7|           7|
    |r_fu_577_p2                              |         +|   0|  0|  11|           3|           1|
    |empty_191_fu_619_p2                      |         -|   0|  0|   7|           4|           4|
    |and_ln176_1_fu_477_p2                    |       and|   0|  0|   2|           1|           1|
    |and_ln176_fu_566_p2                      |       and|   0|  0|   2|           1|           1|
    |icmp_ln183_mid246_fu_571_p2              |       and|   0|  0|   2|           1|           1|
    |cmp241_fu_354_p2                         |      icmp|   0|  0|  39|          32|           1|
    |cmp254_fu_348_p2                         |      icmp|   0|  0|  39|          32|           1|
    |icmp_ln176_fu_401_p2                     |      icmp|   0|  0|  15|           8|           8|
    |icmp_ln178_fu_413_p2                     |      icmp|   0|  0|  14|           7|           6|
    |icmp_ln180_fu_471_p2                     |      icmp|   0|  0|  14|           6|           5|
    |icmp_ln183_fu_543_p2                     |      icmp|   0|  0|  13|           3|           4|
    |empty_189_fu_583_p2                      |        or|   0|  0|   2|           1|           1|
    |empty_190_fu_588_p2                      |        or|   0|  0|   2|           1|           1|
    |empty_fu_495_p2                          |        or|   0|  0|   2|           1|           1|
    |not_exitcond_flatten36_mid269_fu_561_p2  |        or|   0|  0|   2|           1|           1|
    |c_mid2_fu_593_p3                         |    select|   0|  0|   3|           1|           1|
    |r_52_mid241_fu_549_p3                    |    select|   0|  0|   3|           1|           1|
    |select_ln176_1_fu_482_p3                 |    select|   0|  0|   2|           1|           2|
    |select_ln176_fu_464_p3                   |    select|   0|  0|   2|           1|           1|
    |select_ln178_1_fu_431_p3                 |    select|   0|  0|   7|           1|           1|
    |select_ln178_fu_500_p3                   |    select|   0|  0|   2|           1|           2|
    |select_ln180_1_fu_514_p3                 |    select|   0|  0|   6|           1|           1|
    |select_ln180_fu_601_p3                   |    select|   0|  0|   3|           1|           3|
    |select_ln181_fu_640_p3                   |    select|   0|  0|   3|           1|           3|
    |select_ln185_fu_667_p3                   |    select|   0|  0|   3|           1|           3|
    |ap_enable_pp0                            |       xor|   0|  0|   2|           1|           2|
    |exitcond_flatten36_not_fu_556_p2         |       xor|   0|  0|   2|           1|           2|
    |xor_ln176_fu_419_p2                      |       xor|   0|  0|   2|           1|           2|
    +-----------------------------------------+----------+----+---+----+------------+------------+
    |Total                                    |          |   0|  0| 405|         233|         157|
    +-----------------------------------------+----------+----+---+----+------------+------------+

    * Multiplexer: 
    +----------------------------------------+----+-----------+-----+-----------+
    |                  Name                  | LUT| Input Size| Bits| Total Bits|
    +----------------------------------------+----+-----------+-----+-----------+
    |ap_done_int                             |   9|          2|    1|          2|
    |ap_enable_reg_pp0_iter2                 |   9|          2|    1|          2|
    |ap_sig_allocacmp_indvar_flatten47_load  |   9|          2|    7|         14|
    |ap_sig_allocacmp_indvar_flatten70_load  |   9|          2|    8|         16|
    |c_fu_94                                 |   9|          2|    3|          6|
    |indvar_flatten34_fu_102                 |   9|          2|    6|         12|
    |indvar_flatten47_fu_110                 |   9|          2|    7|         14|
    |indvar_flatten70_fu_118                 |   9|          2|    8|         16|
    |kh_fu_114                               |   9|          2|    2|          4|
    |kw_fu_106                               |   9|          2|    2|          4|
    |r_40_fu_98                              |   9|          2|    3|          6|
    +----------------------------------------+----+-----------+-----+-----------+
    |Total                                   |  99|         22|   48|         96|
    +----------------------------------------+----+-----------+-----+-----------+

    * Register: 
    +----------------------------------------------+----+----+-----+-----------+
    |                     Name                     | FF | LUT| Bits| Const Bits|
    +----------------------------------------------+----+----+-----+-----------+
    |add_ln195_2_reg_1149                          |  13|   0|   13|          0|
    |add_ln195_reg_1139                            |  13|   0|   13|          0|
    |and_ln176_1_reg_956                           |   1|   0|    1|          0|
    |ap_CS_fsm                                     |   1|   0|    1|          0|
    |ap_done_reg                                   |   1|   0|    1|          0|
    |ap_enable_reg_pp0_iter1                       |   1|   0|    1|          0|
    |ap_enable_reg_pp0_iter2                       |   1|   0|    1|          0|
    |ap_enable_reg_pp0_iter3                       |   1|   0|    1|          0|
    |ap_enable_reg_pp0_iter4                       |   1|   0|    1|          0|
    |ap_enable_reg_pp0_iter5                       |   1|   0|    1|          0|
    |ap_enable_reg_pp0_iter6                       |   1|   0|    1|          0|
    |ap_enable_reg_pp0_iter7                       |   1|   0|    1|          0|
    |ap_enable_reg_pp0_iter8                       |   1|   0|    1|          0|
    |ap_loop_exit_ready_pp0_iter1_reg              |   1|   0|    1|          0|
    |ap_loop_exit_ready_pp0_iter2_reg              |   1|   0|    1|          0|
    |ap_loop_exit_ready_pp0_iter3_reg              |   1|   0|    1|          0|
    |ap_loop_exit_ready_pp0_iter4_reg              |   1|   0|    1|          0|
    |ap_loop_exit_ready_pp0_iter5_reg              |   1|   0|    1|          0|
    |ap_loop_exit_ready_pp0_iter6_reg              |   1|   0|    1|          0|
    |ap_loop_exit_ready_pp0_iter7_reg              |   1|   0|    1|          0|
    |c_fu_94                                       |   3|   0|    3|          0|
    |cmp241_reg_927                                |   1|   0|    1|          0|
    |cmp254_reg_922                                |   1|   0|    1|          0|
    |empty_192_reg_982                             |   4|   0|    4|          0|
    |empty_reg_967                                 |   1|   0|    1|          0|
    |ic_reg_999                                    |   4|   0|    4|          0|
    |icmp_ln176_reg_932                            |   1|   0|    1|          0|
    |icmp_ln178_reg_936                            |   1|   0|    1|          0|
    |icmp_ln178_reg_936_pp0_iter1_reg              |   1|   0|    1|          0|
    |icmp_ln180_reg_951                            |   1|   0|    1|          0|
    |indvar_flatten34_fu_102                       |   6|   0|    6|          0|
    |indvar_flatten47_fu_110                       |   7|   0|    7|          0|
    |indvar_flatten70_fu_118                       |   8|   0|    8|          0|
    |ir_reg_987                                    |   4|   0|    4|          0|
    |kh_fu_114                                     |   2|   0|    2|          0|
    |kw_fu_106                                     |   2|   0|    2|          0|
    |p_ZL6in_buf_1_load_reg_1071                   |   4|   0|    4|          0|
    |p_ZL6wt_buf_0_1_load_reg_1061                 |   8|   0|    8|          0|
    |p_ZL6wt_buf_1_1_load_reg_1066                 |   8|   0|    8|          0|
    |p_ZL7out_buf_0_0_addr_reg_1076                |   2|   0|    2|          0|
    |p_ZL7out_buf_0_0_addr_reg_1076_pp0_iter7_reg  |   2|   0|    2|          0|
    |p_ZL7out_buf_0_1_addr_reg_1082                |   2|   0|    2|          0|
    |p_ZL7out_buf_0_1_addr_reg_1082_pp0_iter7_reg  |   2|   0|    2|          0|
    |p_ZL7out_buf_0_2_addr_reg_1088                |   2|   0|    2|          0|
    |p_ZL7out_buf_0_2_addr_reg_1088_pp0_iter7_reg  |   2|   0|    2|          0|
    |p_ZL7out_buf_0_3_addr_reg_1094                |   2|   0|    2|          0|
    |p_ZL7out_buf_0_3_addr_reg_1094_pp0_iter7_reg  |   2|   0|    2|          0|
    |p_ZL7out_buf_1_0_addr_reg_1100                |   2|   0|    2|          0|
    |p_ZL7out_buf_1_0_addr_reg_1100_pp0_iter7_reg  |   2|   0|    2|          0|
    |p_ZL7out_buf_1_1_addr_reg_1106                |   2|   0|    2|          0|
    |p_ZL7out_buf_1_1_addr_reg_1106_pp0_iter7_reg  |   2|   0|    2|          0|
    |p_ZL7out_buf_1_2_addr_reg_1112                |   2|   0|    2|          0|
    |p_ZL7out_buf_1_2_addr_reg_1112_pp0_iter7_reg  |   2|   0|    2|          0|
    |p_ZL7out_buf_1_3_addr_reg_1118                |   2|   0|    2|          0|
    |p_ZL7out_buf_1_3_addr_reg_1118_pp0_iter7_reg  |   2|   0|    2|          0|
    |p_cast_reg_1004                               |   4|   0|   64|         60|
    |r_40_fu_98                                    |   3|   0|    3|          0|
    |select_ln176_1_reg_961                        |   2|   0|    2|          0|
    |select_ln178_reg_972                          |   2|   0|    2|          0|
    |select_ln180_reg_977                          |   3|   0|    3|          0|
    |tmp_25_reg_1134                               |  32|   0|   32|          0|
    |tmp_26_reg_1144                               |  32|   0|   32|          0|
    |trunc_ln183_reg_993                           |   2|   0|    2|          0|
    |xor_ln176_reg_945                             |   1|   0|    1|          0|
    |xor_ln176_reg_945_pp0_iter1_reg               |   1|   0|    1|          0|
    |zext_ln193_1_reg_1020                         |   7|   0|   64|         57|
    |select_ln180_reg_977                          |  64|  32|    3|          0|
    |trunc_ln183_reg_993                           |  64|  32|    2|          0|
    +----------------------------------------------+----+----+-----+-----------+
    |Total                                         | 360|  64|  354|        117|
    +----------------------------------------------+----+----+-----+-----------+



================================================================
== Interface
================================================================
* Summary: 
+---------------------------+-----+-----+------------+------------------------------------------------------------------+--------------+
|         RTL Ports         | Dir | Bits|  Protocol  |                           Source Object                          |    C Type    |
+---------------------------+-----+-----+------------+------------------------------------------------------------------+--------------+
|ap_clk                     |   in|    1|  ap_ctrl_hs|  conv_worker_Pipeline_COMPUTE_KH_COMPUTE_KW_COMPUTE_TR_COMPUTE_TC|  return value|
|ap_rst                     |   in|    1|  ap_ctrl_hs|  conv_worker_Pipeline_COMPUTE_KH_COMPUTE_KW_COMPUTE_TR_COMPUTE_TC|  return value|
|ap_start                   |   in|    1|  ap_ctrl_hs|  conv_worker_Pipeline_COMPUTE_KH_COMPUTE_KW_COMPUTE_TR_COMPUTE_TC|  return value|
|ap_done                    |  out|    1|  ap_ctrl_hs|  conv_worker_Pipeline_COMPUTE_KH_COMPUTE_KW_COMPUTE_TR_COMPUTE_TC|  return value|
|ap_idle                    |  out|    1|  ap_ctrl_hs|  conv_worker_Pipeline_COMPUTE_KH_COMPUTE_KW_COMPUTE_TR_COMPUTE_TC|  return value|
|ap_ready                   |  out|    1|  ap_ctrl_hs|  conv_worker_Pipeline_COMPUTE_KH_COMPUTE_KW_COMPUTE_TR_COMPUTE_TC|  return value|
|stride_w                   |   in|   32|     ap_none|                                                          stride_w|        scalar|
|stride_h                   |   in|   32|     ap_none|                                                          stride_h|        scalar|
|p_ZL7out_buf_0_0_address0  |  out|    2|   ap_memory|                                                  p_ZL7out_buf_0_0|         array|
|p_ZL7out_buf_0_0_ce0       |  out|    1|   ap_memory|                                                  p_ZL7out_buf_0_0|         array|
|p_ZL7out_buf_0_0_we0       |  out|    1|   ap_memory|                                                  p_ZL7out_buf_0_0|         array|
|p_ZL7out_buf_0_0_d0        |  out|   32|   ap_memory|                                                  p_ZL7out_buf_0_0|         array|
|p_ZL7out_buf_0_0_address1  |  out|    2|   ap_memory|                                                  p_ZL7out_buf_0_0|         array|
|p_ZL7out_buf_0_0_ce1       |  out|    1|   ap_memory|                                                  p_ZL7out_buf_0_0|         array|
|p_ZL7out_buf_0_0_q1        |   in|   32|   ap_memory|                                                  p_ZL7out_buf_0_0|         array|
|p_ZL7out_buf_1_0_address0  |  out|    2|   ap_memory|                                                  p_ZL7out_buf_1_0|         array|
|p_ZL7out_buf_1_0_ce0       |  out|    1|   ap_memory|                                                  p_ZL7out_buf_1_0|         array|
|p_ZL7out_buf_1_0_we0       |  out|    1|   ap_memory|                                                  p_ZL7out_buf_1_0|         array|
|p_ZL7out_buf_1_0_d0        |  out|   32|   ap_memory|                                                  p_ZL7out_buf_1_0|         array|
|p_ZL7out_buf_1_0_address1  |  out|    2|   ap_memory|                                                  p_ZL7out_buf_1_0|         array|
|p_ZL7out_buf_1_0_ce1       |  out|    1|   ap_memory|                                                  p_ZL7out_buf_1_0|         array|
|p_ZL7out_buf_1_0_q1        |   in|   32|   ap_memory|                                                  p_ZL7out_buf_1_0|         array|
|p_ZL6wt_buf_0_0_address0   |  out|    4|   ap_memory|                                                   p_ZL6wt_buf_0_0|         array|
|p_ZL6wt_buf_0_0_ce0        |  out|    1|   ap_memory|                                                   p_ZL6wt_buf_0_0|         array|
|p_ZL6wt_buf_0_0_q0         |   in|    8|   ap_memory|                                                   p_ZL6wt_buf_0_0|         array|
|p_ZL6wt_buf_0_1_address0   |  out|    4|   ap_memory|                                                   p_ZL6wt_buf_0_1|         array|
|p_ZL6wt_buf_0_1_ce0        |  out|    1|   ap_memory|                                                   p_ZL6wt_buf_0_1|         array|
|p_ZL6wt_buf_0_1_q0         |   in|    8|   ap_memory|                                                   p_ZL6wt_buf_0_1|         array|
|p_ZL6wt_buf_1_0_address0   |  out|    4|   ap_memory|                                                   p_ZL6wt_buf_1_0|         array|
|p_ZL6wt_buf_1_0_ce0        |  out|    1|   ap_memory|                                                   p_ZL6wt_buf_1_0|         array|
|p_ZL6wt_buf_1_0_q0         |   in|    8|   ap_memory|                                                   p_ZL6wt_buf_1_0|         array|
|p_ZL6wt_buf_1_1_address0   |  out|    4|   ap_memory|                                                   p_ZL6wt_buf_1_1|         array|
|p_ZL6wt_buf_1_1_ce0        |  out|    1|   ap_memory|                                                   p_ZL6wt_buf_1_1|         array|
|p_ZL6wt_buf_1_1_q0         |   in|    8|   ap_memory|                                                   p_ZL6wt_buf_1_1|         array|
|p_ZL6in_buf_0_address0     |  out|    7|   ap_memory|                                                     p_ZL6in_buf_0|         array|
|p_ZL6in_buf_0_ce0          |  out|    1|   ap_memory|                                                     p_ZL6in_buf_0|         array|
|p_ZL6in_buf_0_q0           |   in|    4|   ap_memory|                                                     p_ZL6in_buf_0|         array|
|p_ZL6in_buf_1_address0     |  out|    7|   ap_memory|                                                     p_ZL6in_buf_1|         array|
|p_ZL6in_buf_1_ce0          |  out|    1|   ap_memory|                                                     p_ZL6in_buf_1|         array|
|p_ZL6in_buf_1_q0           |   in|    4|   ap_memory|                                                     p_ZL6in_buf_1|         array|
|p_ZL7out_buf_0_1_address0  |  out|    2|   ap_memory|                                                  p_ZL7out_buf_0_1|         array|
|p_ZL7out_buf_0_1_ce0       |  out|    1|   ap_memory|                                                  p_ZL7out_buf_0_1|         array|
|p_ZL7out_buf_0_1_we0       |  out|    1|   ap_memory|                                                  p_ZL7out_buf_0_1|         array|
|p_ZL7out_buf_0_1_d0        |  out|   32|   ap_memory|                                                  p_ZL7out_buf_0_1|         array|
|p_ZL7out_buf_0_1_address1  |  out|    2|   ap_memory|                                                  p_ZL7out_buf_0_1|         array|
|p_ZL7out_buf_0_1_ce1       |  out|    1|   ap_memory|                                                  p_ZL7out_buf_0_1|         array|
|p_ZL7out_buf_0_1_q1        |   in|   32|   ap_memory|                                                  p_ZL7out_buf_0_1|         array|
|p_ZL7out_buf_0_2_address0  |  out|    2|   ap_memory|                                                  p_ZL7out_buf_0_2|         array|
|p_ZL7out_buf_0_2_ce0       |  out|    1|   ap_memory|                                                  p_ZL7out_buf_0_2|         array|
|p_ZL7out_buf_0_2_we0       |  out|    1|   ap_memory|                                                  p_ZL7out_buf_0_2|         array|
|p_ZL7out_buf_0_2_d0        |  out|   32|   ap_memory|                                                  p_ZL7out_buf_0_2|         array|
|p_ZL7out_buf_0_2_address1  |  out|    2|   ap_memory|                                                  p_ZL7out_buf_0_2|         array|
|p_ZL7out_buf_0_2_ce1       |  out|    1|   ap_memory|                                                  p_ZL7out_buf_0_2|         array|
|p_ZL7out_buf_0_2_q1        |   in|   32|   ap_memory|                                                  p_ZL7out_buf_0_2|         array|
|p_ZL7out_buf_0_3_address0  |  out|    2|   ap_memory|                                                  p_ZL7out_buf_0_3|         array|
|p_ZL7out_buf_0_3_ce0       |  out|    1|   ap_memory|                                                  p_ZL7out_buf_0_3|         array|
|p_ZL7out_buf_0_3_we0       |  out|    1|   ap_memory|                                                  p_ZL7out_buf_0_3|         array|
|p_ZL7out_buf_0_3_d0        |  out|   32|   ap_memory|                                                  p_ZL7out_buf_0_3|         array|
|p_ZL7out_buf_0_3_address1  |  out|    2|   ap_memory|                                                  p_ZL7out_buf_0_3|         array|
|p_ZL7out_buf_0_3_ce1       |  out|    1|   ap_memory|                                                  p_ZL7out_buf_0_3|         array|
|p_ZL7out_buf_0_3_q1        |   in|   32|   ap_memory|                                                  p_ZL7out_buf_0_3|         array|
|p_ZL7out_buf_1_1_address0  |  out|    2|   ap_memory|                                                  p_ZL7out_buf_1_1|         array|
|p_ZL7out_buf_1_1_ce0       |  out|    1|   ap_memory|                                                  p_ZL7out_buf_1_1|         array|
|p_ZL7out_buf_1_1_we0       |  out|    1|   ap_memory|                                                  p_ZL7out_buf_1_1|         array|
|p_ZL7out_buf_1_1_d0        |  out|   32|   ap_memory|                                                  p_ZL7out_buf_1_1|         array|
|p_ZL7out_buf_1_1_address1  |  out|    2|   ap_memory|                                                  p_ZL7out_buf_1_1|         array|
|p_ZL7out_buf_1_1_ce1       |  out|    1|   ap_memory|                                                  p_ZL7out_buf_1_1|         array|
|p_ZL7out_buf_1_1_q1        |   in|   32|   ap_memory|                                                  p_ZL7out_buf_1_1|         array|
|p_ZL7out_buf_1_2_address0  |  out|    2|   ap_memory|                                                  p_ZL7out_buf_1_2|         array|
|p_ZL7out_buf_1_2_ce0       |  out|    1|   ap_memory|                                                  p_ZL7out_buf_1_2|         array|
|p_ZL7out_buf_1_2_we0       |  out|    1|   ap_memory|                                                  p_ZL7out_buf_1_2|         array|
|p_ZL7out_buf_1_2_d0        |  out|   32|   ap_memory|                                                  p_ZL7out_buf_1_2|         array|
|p_ZL7out_buf_1_2_address1  |  out|    2|   ap_memory|                                                  p_ZL7out_buf_1_2|         array|
|p_ZL7out_buf_1_2_ce1       |  out|    1|   ap_memory|                                                  p_ZL7out_buf_1_2|         array|
|p_ZL7out_buf_1_2_q1        |   in|   32|   ap_memory|                                                  p_ZL7out_buf_1_2|         array|
|p_ZL7out_buf_1_3_address0  |  out|    2|   ap_memory|                                                  p_ZL7out_buf_1_3|         array|
|p_ZL7out_buf_1_3_ce0       |  out|    1|   ap_memory|                                                  p_ZL7out_buf_1_3|         array|
|p_ZL7out_buf_1_3_we0       |  out|    1|   ap_memory|                                                  p_ZL7out_buf_1_3|         array|
|p_ZL7out_buf_1_3_d0        |  out|   32|   ap_memory|                                                  p_ZL7out_buf_1_3|         array|
|p_ZL7out_buf_1_3_address1  |  out|    2|   ap_memory|                                                  p_ZL7out_buf_1_3|         array|
|p_ZL7out_buf_1_3_ce1       |  out|    1|   ap_memory|                                                  p_ZL7out_buf_1_3|         array|
|p_ZL7out_buf_1_3_q1        |   in|   32|   ap_memory|                                                  p_ZL7out_buf_1_3|         array|
+---------------------------+-----+-----+------------+------------------------------------------------------------------+--------------+

