

================================================================
== Vitis HLS Report for 'dwconv_process_channel4_Pipeline_LOAD_DW_IN'
================================================================
* Date:           Sat Aug  1 22:20:19 2026

* Version:        2024.2 (Build 5238294 on Nov  8 2024)
* Project:        fastvit_ip_w8a4_proj
* Solution:       solution1 (Vivado IP Flow Target)
* Product family: zynq
* Target device:  xc7z020-clg400-1


================================================================
== Performance Estimates
================================================================
+ Timing: 
    * Summary: 
    +--------+---------+----------+------------+
    |  Clock |  Target | Estimated| Uncertainty|
    +--------+---------+----------+------------+
    |ap_clk  |  7.00 ns|  5.084 ns|     1.89 ns|
    +--------+---------+----------+------------+

+ Latency: 
    * Summary: 
    +---------+---------+----------+----------+-----+-----+------------------------------------------------+
    |  Latency (cycles) |  Latency (absolute) |  Interval |                    Pipeline                    |
    |   min   |   max   |    min   |    max   | min | max |                      Type                      |
    +---------+---------+----------+----------+-----+-----+------------------------------------------------+
    |       32|       32|  0.224 us|  0.224 us|   28|   28|  loop auto-rewind stp (delay=0 clock cycles(s))|
    +---------+---------+----------+----------+-----+-----+------------------------------------------------+

    + Detail: 
        * Instance: 
        N/A

        * Loop: 
        +--------------+---------+---------+----------+-----------+-----------+------+----------+
        |              |  Latency (cycles) | Iteration|  Initiation Interval  | Trip |          |
        |   Loop Name  |   min   |   max   |  Latency |  achieved |   target  | Count| Pipelined|
        +--------------+---------+---------+----------+-----------+-----------+------+----------+
        |- LOAD_DW_IN  |       30|       30|         7|          2|          1|    13|       yes|
        +--------------+---------+---------+----------+-----------+-----------+------+----------+



================================================================
== Utilization Estimates
================================================================
* Summary: 
+-----------------+---------+-----+--------+-------+-----+
|       Name      | BRAM_18K| DSP |   FF   |  LUT  | URAM|
+-----------------+---------+-----+--------+-------+-----+
|DSP              |        -|    -|       -|      -|    -|
|Expression       |        -|    -|       0|    592|    -|
|FIFO             |        -|    -|       -|      -|    -|
|Instance         |        -|    1|      51|    847|    -|
|Memory           |        -|    -|       -|      -|    -|
|Multiplexer      |        -|    -|       0|   1126|    -|
|Register         |        -|    -|     465|     96|    -|
+-----------------+---------+-----+--------+-------+-----+
|Total            |        0|    1|     516|   2661|    0|
+-----------------+---------+-----+--------+-------+-----+
|Available        |      280|  220|  106400|  53200|    0|
+-----------------+---------+-----+--------+-------+-----+
|Utilization (%)  |        0|   ~0|      ~0|      5|    0|
+-----------------+---------+-----+--------+-------+-----+

+ Detail: 
    * Instance: 
    +----------------------------+----------------------+---------+----+----+----+-----+
    |          Instance          |        Module        | BRAM_18K| DSP| FF | LUT| URAM|
    +----------------------------+----------------------+---------+----+----+----+-----+
    |mul_12s_12s_12_2_1_U1604    |mul_12s_12s_12_2_1    |        0|   1|  51|   2|    0|
    |sparsemux_33_4_4_1_1_U1605  |sparsemux_33_4_4_1_1  |        0|   0|   0|  65|    0|
    |sparsemux_33_4_4_1_1_U1606  |sparsemux_33_4_4_1_1  |        0|   0|   0|  65|    0|
    |sparsemux_33_4_4_1_1_U1607  |sparsemux_33_4_4_1_1  |        0|   0|   0|  65|    0|
    |sparsemux_33_4_4_1_1_U1608  |sparsemux_33_4_4_1_1  |        0|   0|   0|  65|    0|
    |sparsemux_33_4_4_1_1_U1609  |sparsemux_33_4_4_1_1  |        0|   0|   0|  65|    0|
    |sparsemux_33_4_4_1_1_U1610  |sparsemux_33_4_4_1_1  |        0|   0|   0|  65|    0|
    |sparsemux_33_4_4_1_1_U1611  |sparsemux_33_4_4_1_1  |        0|   0|   0|  65|    0|
    |sparsemux_33_4_4_1_1_U1612  |sparsemux_33_4_4_1_1  |        0|   0|   0|  65|    0|
    |sparsemux_33_4_4_1_1_U1613  |sparsemux_33_4_4_1_1  |        0|   0|   0|  65|    0|
    |sparsemux_33_4_4_1_1_U1614  |sparsemux_33_4_4_1_1  |        0|   0|   0|  65|    0|
    |sparsemux_33_4_4_1_1_U1615  |sparsemux_33_4_4_1_1  |        0|   0|   0|  65|    0|
    |sparsemux_33_4_4_1_1_U1616  |sparsemux_33_4_4_1_1  |        0|   0|   0|  65|    0|
    |sparsemux_33_4_4_1_1_U1617  |sparsemux_33_4_4_1_1  |        0|   0|   0|  65|    0|
    +----------------------------+----------------------+---------+----+----+----+-----+
    |Total                       |                      |        0|   1|  51| 847|    0|
    +----------------------------+----------------------+---------+----+----+----+-----+

    * DSP: 
    N/A

    * Memory: 
    N/A

    * FIFO: 
    N/A

    * Expression: 
    +------------------------------+----------+----+---+----+------------+------------+
    |         Variable Name        | Operation| DSP| FF| LUT| Bitwidth P0| Bitwidth P1|
    +------------------------------+----------+----+---+----+------------+------------+
    |add_ln165_fu_2742_p2          |         +|   0|  0|  13|           4|           1|
    |add_ln176_10_fu_3123_p2       |         +|   0|  0|  12|          12|          12|
    |add_ln176_11_fu_3157_p2       |         +|   0|  0|  12|          12|          12|
    |add_ln176_12_fu_3191_p2       |         +|   0|  0|  12|          12|          12|
    |add_ln176_13_fu_3225_p2       |         +|   0|  0|  12|          12|          12|
    |add_ln176_1_fu_2827_p2        |         +|   0|  0|  13|           4|           4|
    |add_ln176_2_fu_2851_p2        |         +|   0|  0|  12|          12|          12|
    |add_ln176_3_fu_2885_p2        |         +|   0|  0|  12|          12|          12|
    |add_ln176_4_fu_2919_p2        |         +|   0|  0|  12|          12|          12|
    |add_ln176_5_fu_2953_p2        |         +|   0|  0|  12|          12|          12|
    |add_ln176_6_fu_2987_p2        |         +|   0|  0|  12|          12|          12|
    |add_ln176_7_fu_3021_p2        |         +|   0|  0|  12|          12|          12|
    |add_ln176_8_fu_3055_p2        |         +|   0|  0|  12|          12|          12|
    |add_ln176_9_fu_3089_p2        |         +|   0|  0|  12|          12|          12|
    |add_ln176_fu_2808_p2          |         +|   0|  0|  12|          12|          12|
    |empty_122_fu_2762_p2          |         +|   0|  0|  40|          33|          33|
    |and_ln173_10_fu_5044_p2       |       and|   0|  0|   2|           1|           1|
    |and_ln173_11_fu_5221_p2       |       and|   0|  0|   2|           1|           1|
    |and_ln173_12_fu_5398_p2       |       and|   0|  0|   2|           1|           1|
    |and_ln173_1_fu_3451_p2        |       and|   0|  0|   2|           1|           1|
    |and_ln173_2_fu_3628_p2        |       and|   0|  0|   2|           1|           1|
    |and_ln173_3_fu_3805_p2        |       and|   0|  0|   2|           1|           1|
    |and_ln173_4_fu_3982_p2        |       and|   0|  0|   2|           1|           1|
    |and_ln173_5_fu_4159_p2        |       and|   0|  0|   2|           1|           1|
    |and_ln173_6_fu_4336_p2        |       and|   0|  0|   2|           1|           1|
    |and_ln173_7_fu_4513_p2        |       and|   0|  0|   2|           1|           1|
    |and_ln173_8_fu_4690_p2        |       and|   0|  0|   2|           1|           1|
    |and_ln173_9_fu_4867_p2        |       and|   0|  0|   2|           1|           1|
    |and_ln173_fu_3274_p2          |       and|   0|  0|   2|           1|           1|
    |ap_predicate_pred1746_state7  |       and|   0|  0|   2|           1|           1|
    |ap_predicate_pred1766_state6  |       and|   0|  0|   2|           1|           1|
    |ap_predicate_pred1772_state6  |       and|   0|  0|   2|           1|           1|
    |ap_predicate_pred1778_state6  |       and|   0|  0|   2|           1|           1|
    |ap_predicate_pred1784_state6  |       and|   0|  0|   2|           1|           1|
    |ap_predicate_pred1790_state6  |       and|   0|  0|   2|           1|           1|
    |ap_predicate_pred1796_state6  |       and|   0|  0|   2|           1|           1|
    |ap_predicate_pred1802_state6  |       and|   0|  0|   2|           1|           1|
    |ap_predicate_pred1808_state6  |       and|   0|  0|   2|           1|           1|
    |ap_predicate_pred1814_state6  |       and|   0|  0|   2|           1|           1|
    |ap_predicate_pred1820_state6  |       and|   0|  0|   2|           1|           1|
    |ap_predicate_pred1826_state6  |       and|   0|  0|   2|           1|           1|
    |ap_predicate_pred1832_state6  |       and|   0|  0|   2|           1|           1|
    |ap_predicate_pred1853_state7  |       and|   0|  0|   2|           1|           1|
    |ap_predicate_pred1859_state7  |       and|   0|  0|   2|           1|           1|
    |ap_predicate_pred1865_state7  |       and|   0|  0|   2|           1|           1|
    |ap_predicate_pred1871_state7  |       and|   0|  0|   2|           1|           1|
    |ap_predicate_pred1877_state7  |       and|   0|  0|   2|           1|           1|
    |ap_predicate_pred1883_state7  |       and|   0|  0|   2|           1|           1|
    |ap_predicate_pred1889_state7  |       and|   0|  0|   2|           1|           1|
    |ap_predicate_pred1895_state7  |       and|   0|  0|   2|           1|           1|
    |ap_predicate_pred1901_state7  |       and|   0|  0|   2|           1|           1|
    |ap_predicate_pred1907_state7  |       and|   0|  0|   2|           1|           1|
    |ap_predicate_pred1913_state7  |       and|   0|  0|   2|           1|           1|
    |ap_predicate_pred545_state5   |       and|   0|  0|   2|           1|           1|
    |ap_predicate_pred558_state5   |       and|   0|  0|   2|           1|           1|
    |ap_predicate_pred566_state5   |       and|   0|  0|   2|           1|           1|
    |ap_predicate_pred573_state5   |       and|   0|  0|   2|           1|           1|
    |ap_predicate_pred580_state5   |       and|   0|  0|   2|           1|           1|
    |ap_predicate_pred587_state5   |       and|   0|  0|   2|           1|           1|
    |ap_predicate_pred594_state5   |       and|   0|  0|   2|           1|           1|
    |ap_predicate_pred601_state5   |       and|   0|  0|   2|           1|           1|
    |ap_predicate_pred608_state5   |       and|   0|  0|   2|           1|           1|
    |ap_predicate_pred615_state5   |       and|   0|  0|   2|           1|           1|
    |ap_predicate_pred622_state5   |       and|   0|  0|   2|           1|           1|
    |ap_predicate_pred629_state5   |       and|   0|  0|   2|           1|           1|
    |ap_predicate_pred636_state5   |       and|   0|  0|   2|           1|           1|
    |ap_predicate_pred645_state5   |       and|   0|  0|   2|           1|           1|
    |ap_predicate_pred650_state5   |       and|   0|  0|   2|           1|           1|
    |ap_predicate_pred670_state5   |       and|   0|  0|   2|           1|           1|
    |ap_predicate_pred675_state5   |       and|   0|  0|   2|           1|           1|
    |ap_predicate_pred695_state5   |       and|   0|  0|   2|           1|           1|
    |ap_predicate_pred700_state5   |       and|   0|  0|   2|           1|           1|
    |ap_predicate_pred719_state5   |       and|   0|  0|   2|           1|           1|
    |ap_predicate_pred724_state5   |       and|   0|  0|   2|           1|           1|
    |ap_predicate_pred743_state5   |       and|   0|  0|   2|           1|           1|
    |ap_predicate_pred762_state5   |       and|   0|  0|   2|           1|           1|
    |ap_predicate_pred781_state5   |       and|   0|  0|   2|           1|           1|
    |ap_predicate_pred800_state5   |       and|   0|  0|   2|           1|           1|
    |ap_predicate_pred819_state5   |       and|   0|  0|   2|           1|           1|
    |ap_predicate_pred838_state5   |       and|   0|  0|   2|           1|           1|
    |ap_predicate_pred857_state5   |       and|   0|  0|   2|           1|           1|
    |ap_predicate_pred876_state5   |       and|   0|  0|   2|           1|           1|
    |ap_predicate_pred895_state5   |       and|   0|  0|   2|           1|           1|
    |ap_predicate_pred914_state5   |       and|   0|  0|   2|           1|           1|
    |ap_predicate_pred933_state5   |       and|   0|  0|   2|           1|           1|
    |icmp_ln165_fu_2736_p2         |      icmp|   0|  0|  13|           4|           3|
    |icmp_ln167_fu_2756_p2         |      icmp|   0|  0|  39|          32|          32|
    |slt_fu_2784_p2                |      icmp|   0|  0|  40|          33|          33|
    |ap_predicate_pred1847_state6  |        or|   0|  0|   2|           1|           1|
    |ap_predicate_pred1928_state7  |        or|   0|  0|   2|           1|           1|
    |or_ln173_10_fu_4852_p2        |        or|   0|  0|   2|           1|           1|
    |or_ln173_11_fu_5029_p2        |        or|   0|  0|   2|           1|           1|
    |or_ln173_12_fu_5206_p2        |        or|   0|  0|   2|           1|           1|
    |or_ln173_13_fu_5383_p2        |        or|   0|  0|   2|           1|           1|
    |or_ln173_14_fu_3263_p2        |        or|   0|  0|   2|           1|           1|
    |or_ln173_15_fu_3440_p2        |        or|   0|  0|   2|           1|           1|
    |or_ln173_16_fu_3617_p2        |        or|   0|  0|   2|           1|           1|
    |or_ln173_17_fu_3794_p2        |        or|   0|  0|   2|           1|           1|
    |or_ln173_18_fu_3971_p2        |        or|   0|  0|   2|           1|           1|
    |or_ln173_19_fu_4148_p2        |        or|   0|  0|   2|           1|           1|
    |or_ln173_1_fu_3259_p2         |        or|   0|  0|   2|           1|           1|
    |or_ln173_20_fu_4325_p2        |        or|   0|  0|   2|           1|           1|
    |or_ln173_21_fu_4502_p2        |        or|   0|  0|   2|           1|           1|
    |or_ln173_22_fu_4679_p2        |        or|   0|  0|   2|           1|           1|
    |or_ln173_23_fu_4856_p2        |        or|   0|  0|   2|           1|           1|
    |or_ln173_24_fu_5033_p2        |        or|   0|  0|   2|           1|           1|
    |or_ln173_25_fu_5210_p2        |        or|   0|  0|   2|           1|           1|
    |or_ln173_26_fu_5387_p2        |        or|   0|  0|   2|           1|           1|
    |or_ln173_2_fu_3436_p2         |        or|   0|  0|   2|           1|           1|
    |or_ln173_3_fu_3613_p2         |        or|   0|  0|   2|           1|           1|
    |or_ln173_4_fu_3790_p2         |        or|   0|  0|   2|           1|           1|
    |or_ln173_5_fu_3967_p2         |        or|   0|  0|   2|           1|           1|
    |or_ln173_6_fu_4144_p2         |        or|   0|  0|   2|           1|           1|
    |or_ln173_7_fu_4321_p2         |        or|   0|  0|   2|           1|           1|
    |or_ln173_8_fu_4498_p2         |        or|   0|  0|   2|           1|           1|
    |or_ln173_9_fu_4675_p2         |        or|   0|  0|   2|           1|           1|
    |or_ln173_fu_2798_p2           |        or|   0|  0|   2|           1|           1|
    |ref_tmp_0_10_i_i_fu_5120_p3   |    select|   0|  0|   4|           1|           4|
    |ref_tmp_0_11_i_i_fu_5297_p3   |    select|   0|  0|   4|           1|           4|
    |ref_tmp_0_12_i_i_fu_5474_p3   |    select|   0|  0|   4|           1|           4|
    |ref_tmp_0_1_i_i_fu_3527_p3    |    select|   0|  0|   4|           1|           4|
    |ref_tmp_0_2_i_i_fu_3704_p3    |    select|   0|  0|   4|           1|           4|
    |ref_tmp_0_3_i_i_fu_3881_p3    |    select|   0|  0|   4|           1|           4|
    |ref_tmp_0_4_i_i_fu_4058_p3    |    select|   0|  0|   4|           1|           4|
    |ref_tmp_0_5_i_i_fu_4235_p3    |    select|   0|  0|   4|           1|           4|
    |ref_tmp_0_6_i_i_fu_4412_p3    |    select|   0|  0|   4|           1|           4|
    |ref_tmp_0_7_i_i_fu_4589_p3    |    select|   0|  0|   4|           1|           4|
    |ref_tmp_0_8_i_i_fu_4766_p3    |    select|   0|  0|   4|           1|           4|
    |ref_tmp_0_9_i_i_fu_4943_p3    |    select|   0|  0|   4|           1|           4|
    |ref_tmp_0_i_i_fu_3350_p3      |    select|   0|  0|   4|           1|           4|
    |ap_enable_pp0                 |       xor|   0|  0|   2|           1|           2|
    |rev36_fu_2788_p2              |       xor|   0|  0|   2|           1|           2|
    |xor_ln173_10_fu_5038_p2       |       xor|   0|  0|   2|           1|           2|
    |xor_ln173_11_fu_5215_p2       |       xor|   0|  0|   2|           1|           2|
    |xor_ln173_12_fu_5392_p2       |       xor|   0|  0|   2|           1|           2|
    |xor_ln173_1_fu_3445_p2        |       xor|   0|  0|   2|           1|           2|
    |xor_ln173_2_fu_3622_p2        |       xor|   0|  0|   2|           1|           2|
    |xor_ln173_3_fu_3799_p2        |       xor|   0|  0|   2|           1|           2|
    |xor_ln173_4_fu_3976_p2        |       xor|   0|  0|   2|           1|           2|
    |xor_ln173_5_fu_4153_p2        |       xor|   0|  0|   2|           1|           2|
    |xor_ln173_6_fu_4330_p2        |       xor|   0|  0|   2|           1|           2|
    |xor_ln173_7_fu_4507_p2        |       xor|   0|  0|   2|           1|           2|
    |xor_ln173_8_fu_4684_p2        |       xor|   0|  0|   2|           1|           2|
    |xor_ln173_9_fu_4861_p2        |       xor|   0|  0|   2|           1|           2|
    |xor_ln173_fu_3268_p2          |       xor|   0|  0|   2|           1|           2|
    +------------------------------+----------+----+---+----+------------+------------+
    |Total                         |          |   0|  0| 592|         392|         442|
    +------------------------------+----------+----+---+----+------------+------------+

    * Multiplexer: 
    +----------------------------------+----+-----------+-----+-----------+
    |               Name               | LUT| Input Size| Bits| Total Bits|
    +----------------------------------+----+-----------+-----+-----------+
    |ap_NS_fsm                         |  14|          3|    1|          3|
    |ap_done_int                       |   9|          2|    1|          2|
    |ap_enable_reg_pp0_iter0           |   9|          2|    1|          2|
    |ap_enable_reg_pp0_iter1           |   9|          2|    1|          2|
    |ap_enable_reg_pp0_iter3           |   9|          2|    1|          2|
    |ap_loop_exit_ready_pp0_iter1_reg  |   9|          2|    1|          2|
    |ap_loop_exit_ready_pp0_iter2_reg  |   9|          2|    1|          2|
    |ap_sig_allocacmp_r_37             |   9|          2|    4|          8|
    |p_ZL9ch_in_buf_0_address0_local   |  65|         14|    8|        112|
    |p_ZL9ch_in_buf_10_address0_local  |  65|         14|    8|        112|
    |p_ZL9ch_in_buf_11_address0_local  |  65|         14|    8|        112|
    |p_ZL9ch_in_buf_12_address0_local  |  65|         14|    8|        112|
    |p_ZL9ch_in_buf_13_address0_local  |  65|         14|    8|        112|
    |p_ZL9ch_in_buf_14_address0_local  |  65|         14|    8|        112|
    |p_ZL9ch_in_buf_15_address0_local  |  65|         14|    8|        112|
    |p_ZL9ch_in_buf_1_address0_local   |  65|         14|    8|        112|
    |p_ZL9ch_in_buf_2_address0_local   |  65|         14|    8|        112|
    |p_ZL9ch_in_buf_3_address0_local   |  65|         14|    8|        112|
    |p_ZL9ch_in_buf_4_address0_local   |  65|         14|    8|        112|
    |p_ZL9ch_in_buf_5_address0_local   |  65|         14|    8|        112|
    |p_ZL9ch_in_buf_6_address0_local   |  65|         14|    8|        112|
    |p_ZL9ch_in_buf_7_address0_local   |  65|         14|    8|        112|
    |p_ZL9ch_in_buf_8_address0_local   |  65|         14|    8|        112|
    |p_ZL9ch_in_buf_9_address0_local   |  65|         14|    8|        112|
    |r_fu_566                          |   9|          2|    4|          8|
    +----------------------------------+----+-----------+-----+-----------+
    |Total                             |1126|        243|  143|       1823|
    +----------------------------------+----+-----------+-----+-----------+

    * Register: 
    +------------------------------------+----+----+-----+-----------+
    |                Name                | FF | LUT| Bits| Const Bits|
    +------------------------------------+----+----+-----+-----------+
    |add_ln176_1_reg_5908                |   4|   0|    4|          0|
    |add_ln176_1_reg_5908_pp0_iter2_reg  |   4|   0|    4|          0|
    |ap_CS_fsm                           |   2|   0|    2|          0|
    |ap_done_reg                         |   1|   0|    1|          0|
    |ap_enable_reg_pp0_iter0_reg         |   1|   0|    1|          0|
    |ap_enable_reg_pp0_iter1             |   1|   0|    1|          0|
    |ap_enable_reg_pp0_iter2             |   1|   0|    1|          0|
    |ap_enable_reg_pp0_iter3             |   1|   0|    1|          0|
    |ap_loop_exit_ready_pp0_iter1_reg    |   1|   0|    1|          0|
    |ap_loop_exit_ready_pp0_iter2_reg    |   1|   0|    1|          0|
    |ap_predicate_pred1746_state7        |   1|   0|    1|          0|
    |ap_predicate_pred1766_state6        |   1|   0|    1|          0|
    |ap_predicate_pred1772_state6        |   1|   0|    1|          0|
    |ap_predicate_pred1778_state6        |   1|   0|    1|          0|
    |ap_predicate_pred1784_state6        |   1|   0|    1|          0|
    |ap_predicate_pred1790_state6        |   1|   0|    1|          0|
    |ap_predicate_pred1796_state6        |   1|   0|    1|          0|
    |ap_predicate_pred1802_state6        |   1|   0|    1|          0|
    |ap_predicate_pred1808_state6        |   1|   0|    1|          0|
    |ap_predicate_pred1814_state6        |   1|   0|    1|          0|
    |ap_predicate_pred1820_state6        |   1|   0|    1|          0|
    |ap_predicate_pred1826_state6        |   1|   0|    1|          0|
    |ap_predicate_pred1832_state6        |   1|   0|    1|          0|
    |ap_predicate_pred1847_state6        |   1|   0|    1|          0|
    |ap_predicate_pred1853_state7        |   1|   0|    1|          0|
    |ap_predicate_pred1859_state7        |   1|   0|    1|          0|
    |ap_predicate_pred1865_state7        |   1|   0|    1|          0|
    |ap_predicate_pred1871_state7        |   1|   0|    1|          0|
    |ap_predicate_pred1877_state7        |   1|   0|    1|          0|
    |ap_predicate_pred1883_state7        |   1|   0|    1|          0|
    |ap_predicate_pred1889_state7        |   1|   0|    1|          0|
    |ap_predicate_pred1895_state7        |   1|   0|    1|          0|
    |ap_predicate_pred1901_state7        |   1|   0|    1|          0|
    |ap_predicate_pred1907_state7        |   1|   0|    1|          0|
    |ap_predicate_pred1913_state7        |   1|   0|    1|          0|
    |ap_predicate_pred1928_state7        |   1|   0|    1|          0|
    |ap_predicate_pred545_state5         |   1|   0|    1|          0|
    |ap_predicate_pred558_state5         |   1|   0|    1|          0|
    |ap_predicate_pred558_state6         |   1|   0|    1|          0|
    |ap_predicate_pred566_state5         |   1|   0|    1|          0|
    |ap_predicate_pred566_state6         |   1|   0|    1|          0|
    |ap_predicate_pred573_state5         |   1|   0|    1|          0|
    |ap_predicate_pred573_state6         |   1|   0|    1|          0|
    |ap_predicate_pred580_state5         |   1|   0|    1|          0|
    |ap_predicate_pred580_state6         |   1|   0|    1|          0|
    |ap_predicate_pred587_state5         |   1|   0|    1|          0|
    |ap_predicate_pred587_state6         |   1|   0|    1|          0|
    |ap_predicate_pred594_state5         |   1|   0|    1|          0|
    |ap_predicate_pred594_state6         |   1|   0|    1|          0|
    |ap_predicate_pred601_state5         |   1|   0|    1|          0|
    |ap_predicate_pred601_state6         |   1|   0|    1|          0|
    |ap_predicate_pred608_state5         |   1|   0|    1|          0|
    |ap_predicate_pred608_state6         |   1|   0|    1|          0|
    |ap_predicate_pred615_state5         |   1|   0|    1|          0|
    |ap_predicate_pred615_state6         |   1|   0|    1|          0|
    |ap_predicate_pred622_state5         |   1|   0|    1|          0|
    |ap_predicate_pred622_state6         |   1|   0|    1|          0|
    |ap_predicate_pred629_state5         |   1|   0|    1|          0|
    |ap_predicate_pred629_state6         |   1|   0|    1|          0|
    |ap_predicate_pred636_state5         |   1|   0|    1|          0|
    |ap_predicate_pred636_state6         |   1|   0|    1|          0|
    |ap_predicate_pred645_state5         |   1|   0|    1|          0|
    |ap_predicate_pred650_state5         |   1|   0|    1|          0|
    |ap_predicate_pred650_state6         |   1|   0|    1|          0|
    |ap_predicate_pred670_state5         |   1|   0|    1|          0|
    |ap_predicate_pred675_state5         |   1|   0|    1|          0|
    |ap_predicate_pred675_state6         |   1|   0|    1|          0|
    |ap_predicate_pred695_state5         |   1|   0|    1|          0|
    |ap_predicate_pred700_state5         |   1|   0|    1|          0|
    |ap_predicate_pred700_state6         |   1|   0|    1|          0|
    |ap_predicate_pred719_state5         |   1|   0|    1|          0|
    |ap_predicate_pred724_state5         |   1|   0|    1|          0|
    |ap_predicate_pred724_state6         |   1|   0|    1|          0|
    |ap_predicate_pred743_state5         |   1|   0|    1|          0|
    |ap_predicate_pred762_state5         |   1|   0|    1|          0|
    |ap_predicate_pred781_state5         |   1|   0|    1|          0|
    |ap_predicate_pred800_state5         |   1|   0|    1|          0|
    |ap_predicate_pred819_state5         |   1|   0|    1|          0|
    |ap_predicate_pred838_state5         |   1|   0|    1|          0|
    |ap_predicate_pred857_state5         |   1|   0|    1|          0|
    |ap_predicate_pred876_state5         |   1|   0|    1|          0|
    |ap_predicate_pred895_state5         |   1|   0|    1|          0|
    |ap_predicate_pred914_state5         |   1|   0|    1|          0|
    |ap_predicate_pred933_state5         |   1|   0|    1|          0|
    |empty_122_reg_5854                  |  33|   0|   33|          0|
    |empty_123_reg_5860                  |  12|   0|   12|          0|
    |empty_124_reg_5882                  |  12|   0|   12|          0|
    |icmp_ln165_reg_5846                 |   1|   0|    1|          0|
    |icmp_ln165_reg_5846_pp0_iter1_reg   |   1|   0|    1|          0|
    |icmp_ln167_reg_5850                 |   1|   0|    1|          0|
    |lshr_ln1_reg_5903                   |   8|   0|    8|          0|
    |or_ln173_reg_5865                   |   1|   0|    1|          0|
    |r_37_reg_5842                       |   4|   0|    4|          0|
    |r_fu_566                            |   4|   0|    4|          0|
    |reg_2656                            |   4|   0|    4|          0|
    |reg_2660                            |   4|   0|    4|          0|
    |reg_2664                            |   4|   0|    4|          0|
    |reg_2668                            |   4|   0|    4|          0|
    |reg_2672                            |   4|   0|    4|          0|
    |reg_2676                            |   4|   0|    4|          0|
    |reg_2680                            |   4|   0|    4|          0|
    |reg_2684                            |   4|   0|    4|          0|
    |reg_2688                            |   4|   0|    4|          0|
    |reg_2692                            |   4|   0|    4|          0|
    |reg_2696                            |   4|   0|    4|          0|
    |reg_2700                            |   4|   0|    4|          0|
    |reg_2704                            |   4|   0|    4|          0|
    |reg_2708                            |   4|   0|    4|          0|
    |reg_2712                            |   4|   0|    4|          0|
    |reg_2716                            |   4|   0|    4|          0|
    |sext_ln133_5_cast_reg_5837          |  33|   0|   33|          0|
    |trunc_ln176_reg_5898                |   4|   0|    4|          0|
    |trunc_ln176_reg_5898_pp0_iter2_reg  |   4|   0|    4|          0|
    |icmp_ln167_reg_5850                 |  64|  32|    1|          0|
    |or_ln173_reg_5865                   |  64|  32|    1|          0|
    |r_37_reg_5842                       |  64|  32|    4|          0|
    +------------------------------------+----+----+-----+-----------+
    |Total                               | 465|  96|  279|          0|
    +------------------------------------+----+----+-----+-----------+



================================================================
== Interface
================================================================
* Summary: 
+-----------------------------+-----+-----+------------+---------------------------------------------+--------------+
|          RTL Ports          | Dir | Bits|  Protocol  |                Source Object                |    C Type    |
+-----------------------------+-----+-----+------------+---------------------------------------------+--------------+
|ap_clk                       |   in|    1|  ap_ctrl_hs|  dwconv_process_channel4_Pipeline_LOAD_DW_IN|  return value|
|ap_rst                       |   in|    1|  ap_ctrl_hs|  dwconv_process_channel4_Pipeline_LOAD_DW_IN|  return value|
|ap_start                     |   in|    1|  ap_ctrl_hs|  dwconv_process_channel4_Pipeline_LOAD_DW_IN|  return value|
|ap_done                      |  out|    1|  ap_ctrl_hs|  dwconv_process_channel4_Pipeline_LOAD_DW_IN|  return value|
|ap_idle                      |  out|    1|  ap_ctrl_hs|  dwconv_process_channel4_Pipeline_LOAD_DW_IN|  return value|
|ap_ready                     |  out|    1|  ap_ctrl_hs|  dwconv_process_channel4_Pipeline_LOAD_DW_IN|  return value|
|in_tile_h                    |   in|   32|     ap_none|                                    in_tile_h|        scalar|
|cmp65_12_i_i                 |   in|    1|     ap_none|                                 cmp65_12_i_i|        scalar|
|empty_76                     |   in|    1|     ap_none|                                     empty_76|        scalar|
|cmp72_12_i_i                 |   in|    1|     ap_none|                                 cmp72_12_i_i|        scalar|
|empty_77                     |   in|   12|     ap_none|                                     empty_77|        scalar|
|cmp65_11_i_i                 |   in|    1|     ap_none|                                 cmp65_11_i_i|        scalar|
|empty_78                     |   in|    1|     ap_none|                                     empty_78|        scalar|
|cmp72_11_i_i                 |   in|    1|     ap_none|                                 cmp72_11_i_i|        scalar|
|empty_79                     |   in|   12|     ap_none|                                     empty_79|        scalar|
|cmp65_10_i_i                 |   in|    1|     ap_none|                                 cmp65_10_i_i|        scalar|
|empty_80                     |   in|    1|     ap_none|                                     empty_80|        scalar|
|cmp72_10_i_i                 |   in|    1|     ap_none|                                 cmp72_10_i_i|        scalar|
|empty_81                     |   in|   12|     ap_none|                                     empty_81|        scalar|
|cmp65_9_i_i                  |   in|    1|     ap_none|                                  cmp65_9_i_i|        scalar|
|empty_82                     |   in|    1|     ap_none|                                     empty_82|        scalar|
|cmp72_9_i_i                  |   in|    1|     ap_none|                                  cmp72_9_i_i|        scalar|
|empty_83                     |   in|   12|     ap_none|                                     empty_83|        scalar|
|cmp65_8_i_i                  |   in|    1|     ap_none|                                  cmp65_8_i_i|        scalar|
|empty_84                     |   in|    1|     ap_none|                                     empty_84|        scalar|
|cmp72_8_i_i                  |   in|    1|     ap_none|                                  cmp72_8_i_i|        scalar|
|empty_85                     |   in|   12|     ap_none|                                     empty_85|        scalar|
|icmp1762                     |   in|    1|     ap_none|                                     icmp1762|        scalar|
|empty_86                     |   in|    1|     ap_none|                                     empty_86|        scalar|
|cmp72_7_i_i                  |   in|    1|     ap_none|                                  cmp72_7_i_i|        scalar|
|empty_87                     |   in|   12|     ap_none|                                     empty_87|        scalar|
|cmp65_6_i_i                  |   in|    1|     ap_none|                                  cmp65_6_i_i|        scalar|
|empty_88                     |   in|    1|     ap_none|                                     empty_88|        scalar|
|cmp72_6_i_i                  |   in|    1|     ap_none|                                  cmp72_6_i_i|        scalar|
|empty_89                     |   in|   12|     ap_none|                                     empty_89|        scalar|
|cmp65_5_i_i                  |   in|    1|     ap_none|                                  cmp65_5_i_i|        scalar|
|empty_90                     |   in|    1|     ap_none|                                     empty_90|        scalar|
|cmp72_5_i_i                  |   in|    1|     ap_none|                                  cmp72_5_i_i|        scalar|
|empty_91                     |   in|   12|     ap_none|                                     empty_91|        scalar|
|cmp65_4_i_i                  |   in|    1|     ap_none|                                  cmp65_4_i_i|        scalar|
|empty_92                     |   in|    1|     ap_none|                                     empty_92|        scalar|
|cmp72_4_i_i                  |   in|    1|     ap_none|                                  cmp72_4_i_i|        scalar|
|empty_93                     |   in|   12|     ap_none|                                     empty_93|        scalar|
|icmp1747                     |   in|    1|     ap_none|                                     icmp1747|        scalar|
|empty_94                     |   in|    1|     ap_none|                                     empty_94|        scalar|
|cmp72_3_i_i                  |   in|    1|     ap_none|                                  cmp72_3_i_i|        scalar|
|empty_95                     |   in|   12|     ap_none|                                     empty_95|        scalar|
|cmp65_2_i_i                  |   in|    1|     ap_none|                                  cmp65_2_i_i|        scalar|
|empty_96                     |   in|    1|     ap_none|                                     empty_96|        scalar|
|cmp72_2_i_i                  |   in|    1|     ap_none|                                  cmp72_2_i_i|        scalar|
|empty_97                     |   in|   12|     ap_none|                                     empty_97|        scalar|
|icmp                         |   in|    1|     ap_none|                                         icmp|        scalar|
|empty_98                     |   in|    1|     ap_none|                                     empty_98|        scalar|
|cmp72_1_i_i                  |   in|    1|     ap_none|                                  cmp72_1_i_i|        scalar|
|empty_99                     |   in|    4|     ap_none|                                     empty_99|        scalar|
|empty_100                    |   in|   12|     ap_none|                                    empty_100|        scalar|
|sext_ln156                   |   in|   32|     ap_none|                                   sext_ln156|        scalar|
|sext_ln133_5                 |   in|   32|     ap_none|                                 sext_ln133_5|        scalar|
|empty_101                    |   in|   12|     ap_none|                                    empty_101|        scalar|
|cmp65_i_i                    |   in|    1|     ap_none|                                    cmp65_i_i|        scalar|
|empty_102                    |   in|    1|     ap_none|                                    empty_102|        scalar|
|cmp72_i_i                    |   in|    1|     ap_none|                                    cmp72_i_i|        scalar|
|empty                        |   in|   12|     ap_none|                                        empty|        scalar|
|p_ZL9dw_in_buf_0_12          |  out|    4|      ap_vld|                          p_ZL9dw_in_buf_0_12|       pointer|
|p_ZL9dw_in_buf_0_12_ap_vld   |  out|    1|      ap_vld|                          p_ZL9dw_in_buf_0_12|       pointer|
|p_ZL9ch_in_buf_0_address0    |  out|    8|   ap_memory|                             p_ZL9ch_in_buf_0|         array|
|p_ZL9ch_in_buf_0_ce0         |  out|    1|   ap_memory|                             p_ZL9ch_in_buf_0|         array|
|p_ZL9ch_in_buf_0_q0          |   in|    4|   ap_memory|                             p_ZL9ch_in_buf_0|         array|
|p_ZL9ch_in_buf_1_address0    |  out|    8|   ap_memory|                             p_ZL9ch_in_buf_1|         array|
|p_ZL9ch_in_buf_1_ce0         |  out|    1|   ap_memory|                             p_ZL9ch_in_buf_1|         array|
|p_ZL9ch_in_buf_1_q0          |   in|    4|   ap_memory|                             p_ZL9ch_in_buf_1|         array|
|p_ZL9ch_in_buf_2_address0    |  out|    8|   ap_memory|                             p_ZL9ch_in_buf_2|         array|
|p_ZL9ch_in_buf_2_ce0         |  out|    1|   ap_memory|                             p_ZL9ch_in_buf_2|         array|
|p_ZL9ch_in_buf_2_q0          |   in|    4|   ap_memory|                             p_ZL9ch_in_buf_2|         array|
|p_ZL9ch_in_buf_3_address0    |  out|    8|   ap_memory|                             p_ZL9ch_in_buf_3|         array|
|p_ZL9ch_in_buf_3_ce0         |  out|    1|   ap_memory|                             p_ZL9ch_in_buf_3|         array|
|p_ZL9ch_in_buf_3_q0          |   in|    4|   ap_memory|                             p_ZL9ch_in_buf_3|         array|
|p_ZL9ch_in_buf_4_address0    |  out|    8|   ap_memory|                             p_ZL9ch_in_buf_4|         array|
|p_ZL9ch_in_buf_4_ce0         |  out|    1|   ap_memory|                             p_ZL9ch_in_buf_4|         array|
|p_ZL9ch_in_buf_4_q0          |   in|    4|   ap_memory|                             p_ZL9ch_in_buf_4|         array|
|p_ZL9ch_in_buf_5_address0    |  out|    8|   ap_memory|                             p_ZL9ch_in_buf_5|         array|
|p_ZL9ch_in_buf_5_ce0         |  out|    1|   ap_memory|                             p_ZL9ch_in_buf_5|         array|
|p_ZL9ch_in_buf_5_q0          |   in|    4|   ap_memory|                             p_ZL9ch_in_buf_5|         array|
|p_ZL9ch_in_buf_6_address0    |  out|    8|   ap_memory|                             p_ZL9ch_in_buf_6|         array|
|p_ZL9ch_in_buf_6_ce0         |  out|    1|   ap_memory|                             p_ZL9ch_in_buf_6|         array|
|p_ZL9ch_in_buf_6_q0          |   in|    4|   ap_memory|                             p_ZL9ch_in_buf_6|         array|
|p_ZL9ch_in_buf_7_address0    |  out|    8|   ap_memory|                             p_ZL9ch_in_buf_7|         array|
|p_ZL9ch_in_buf_7_ce0         |  out|    1|   ap_memory|                             p_ZL9ch_in_buf_7|         array|
|p_ZL9ch_in_buf_7_q0          |   in|    4|   ap_memory|                             p_ZL9ch_in_buf_7|         array|
|p_ZL9ch_in_buf_8_address0    |  out|    8|   ap_memory|                             p_ZL9ch_in_buf_8|         array|
|p_ZL9ch_in_buf_8_ce0         |  out|    1|   ap_memory|                             p_ZL9ch_in_buf_8|         array|
|p_ZL9ch_in_buf_8_q0          |   in|    4|   ap_memory|                             p_ZL9ch_in_buf_8|         array|
|p_ZL9ch_in_buf_9_address0    |  out|    8|   ap_memory|                             p_ZL9ch_in_buf_9|         array|
|p_ZL9ch_in_buf_9_ce0         |  out|    1|   ap_memory|                             p_ZL9ch_in_buf_9|         array|
|p_ZL9ch_in_buf_9_q0          |   in|    4|   ap_memory|                             p_ZL9ch_in_buf_9|         array|
|p_ZL9ch_in_buf_10_address0   |  out|    8|   ap_memory|                            p_ZL9ch_in_buf_10|         array|
|p_ZL9ch_in_buf_10_ce0        |  out|    1|   ap_memory|                            p_ZL9ch_in_buf_10|         array|
|p_ZL9ch_in_buf_10_q0         |   in|    4|   ap_memory|                            p_ZL9ch_in_buf_10|         array|
|p_ZL9ch_in_buf_11_address0   |  out|    8|   ap_memory|                            p_ZL9ch_in_buf_11|         array|
|p_ZL9ch_in_buf_11_ce0        |  out|    1|   ap_memory|                            p_ZL9ch_in_buf_11|         array|
|p_ZL9ch_in_buf_11_q0         |   in|    4|   ap_memory|                            p_ZL9ch_in_buf_11|         array|
|p_ZL9ch_in_buf_12_address0   |  out|    8|   ap_memory|                            p_ZL9ch_in_buf_12|         array|
|p_ZL9ch_in_buf_12_ce0        |  out|    1|   ap_memory|                            p_ZL9ch_in_buf_12|         array|
|p_ZL9ch_in_buf_12_q0         |   in|    4|   ap_memory|                            p_ZL9ch_in_buf_12|         array|
|p_ZL9ch_in_buf_13_address0   |  out|    8|   ap_memory|                            p_ZL9ch_in_buf_13|         array|
|p_ZL9ch_in_buf_13_ce0        |  out|    1|   ap_memory|                            p_ZL9ch_in_buf_13|         array|
|p_ZL9ch_in_buf_13_q0         |   in|    4|   ap_memory|                            p_ZL9ch_in_buf_13|         array|
|p_ZL9ch_in_buf_14_address0   |  out|    8|   ap_memory|                            p_ZL9ch_in_buf_14|         array|
|p_ZL9ch_in_buf_14_ce0        |  out|    1|   ap_memory|                            p_ZL9ch_in_buf_14|         array|
|p_ZL9ch_in_buf_14_q0         |   in|    4|   ap_memory|                            p_ZL9ch_in_buf_14|         array|
|p_ZL9ch_in_buf_15_address0   |  out|    8|   ap_memory|                            p_ZL9ch_in_buf_15|         array|
|p_ZL9ch_in_buf_15_ce0        |  out|    1|   ap_memory|                            p_ZL9ch_in_buf_15|         array|
|p_ZL9ch_in_buf_15_q0         |   in|    4|   ap_memory|                            p_ZL9ch_in_buf_15|         array|
|p_ZL9dw_in_buf_0_11          |  out|    4|      ap_vld|                          p_ZL9dw_in_buf_0_11|       pointer|
|p_ZL9dw_in_buf_0_11_ap_vld   |  out|    1|      ap_vld|                          p_ZL9dw_in_buf_0_11|       pointer|
|p_ZL9dw_in_buf_0_10          |  out|    4|      ap_vld|                          p_ZL9dw_in_buf_0_10|       pointer|
|p_ZL9dw_in_buf_0_10_ap_vld   |  out|    1|      ap_vld|                          p_ZL9dw_in_buf_0_10|       pointer|
|p_ZL9dw_in_buf_0_9           |  out|    4|      ap_vld|                           p_ZL9dw_in_buf_0_9|       pointer|
|p_ZL9dw_in_buf_0_9_ap_vld    |  out|    1|      ap_vld|                           p_ZL9dw_in_buf_0_9|       pointer|
|p_ZL9dw_in_buf_0_8           |  out|    4|      ap_vld|                           p_ZL9dw_in_buf_0_8|       pointer|
|p_ZL9dw_in_buf_0_8_ap_vld    |  out|    1|      ap_vld|                           p_ZL9dw_in_buf_0_8|       pointer|
|p_ZL9dw_in_buf_0_7           |  out|    4|      ap_vld|                           p_ZL9dw_in_buf_0_7|       pointer|
|p_ZL9dw_in_buf_0_7_ap_vld    |  out|    1|      ap_vld|                           p_ZL9dw_in_buf_0_7|       pointer|
|p_ZL9dw_in_buf_0_6           |  out|    4|      ap_vld|                           p_ZL9dw_in_buf_0_6|       pointer|
|p_ZL9dw_in_buf_0_6_ap_vld    |  out|    1|      ap_vld|                           p_ZL9dw_in_buf_0_6|       pointer|
|p_ZL9dw_in_buf_0_5           |  out|    4|      ap_vld|                           p_ZL9dw_in_buf_0_5|       pointer|
|p_ZL9dw_in_buf_0_5_ap_vld    |  out|    1|      ap_vld|                           p_ZL9dw_in_buf_0_5|       pointer|
|p_ZL9dw_in_buf_0_4           |  out|    4|      ap_vld|                           p_ZL9dw_in_buf_0_4|       pointer|
|p_ZL9dw_in_buf_0_4_ap_vld    |  out|    1|      ap_vld|                           p_ZL9dw_in_buf_0_4|       pointer|
|p_ZL9dw_in_buf_0_3           |  out|    4|      ap_vld|                           p_ZL9dw_in_buf_0_3|       pointer|
|p_ZL9dw_in_buf_0_3_ap_vld    |  out|    1|      ap_vld|                           p_ZL9dw_in_buf_0_3|       pointer|
|p_ZL9dw_in_buf_0_2           |  out|    4|      ap_vld|                           p_ZL9dw_in_buf_0_2|       pointer|
|p_ZL9dw_in_buf_0_2_ap_vld    |  out|    1|      ap_vld|                           p_ZL9dw_in_buf_0_2|       pointer|
|p_ZL9dw_in_buf_0_1           |  out|    4|      ap_vld|                           p_ZL9dw_in_buf_0_1|       pointer|
|p_ZL9dw_in_buf_0_1_ap_vld    |  out|    1|      ap_vld|                           p_ZL9dw_in_buf_0_1|       pointer|
|p_ZL9dw_in_buf_0_0           |  out|    4|      ap_vld|                           p_ZL9dw_in_buf_0_0|       pointer|
|p_ZL9dw_in_buf_0_0_ap_vld    |  out|    1|      ap_vld|                           p_ZL9dw_in_buf_0_0|       pointer|
|p_ZL9dw_in_buf_1_0           |  out|    4|      ap_vld|                           p_ZL9dw_in_buf_1_0|       pointer|
|p_ZL9dw_in_buf_1_0_ap_vld    |  out|    1|      ap_vld|                           p_ZL9dw_in_buf_1_0|       pointer|
|p_ZL9dw_in_buf_2_0           |  out|    4|      ap_vld|                           p_ZL9dw_in_buf_2_0|       pointer|
|p_ZL9dw_in_buf_2_0_ap_vld    |  out|    1|      ap_vld|                           p_ZL9dw_in_buf_2_0|       pointer|
|p_ZL9dw_in_buf_3_0           |  out|    4|      ap_vld|                           p_ZL9dw_in_buf_3_0|       pointer|
|p_ZL9dw_in_buf_3_0_ap_vld    |  out|    1|      ap_vld|                           p_ZL9dw_in_buf_3_0|       pointer|
|p_ZL9dw_in_buf_4_0           |  out|    4|      ap_vld|                           p_ZL9dw_in_buf_4_0|       pointer|
|p_ZL9dw_in_buf_4_0_ap_vld    |  out|    1|      ap_vld|                           p_ZL9dw_in_buf_4_0|       pointer|
|p_ZL9dw_in_buf_5_0           |  out|    4|      ap_vld|                           p_ZL9dw_in_buf_5_0|       pointer|
|p_ZL9dw_in_buf_5_0_ap_vld    |  out|    1|      ap_vld|                           p_ZL9dw_in_buf_5_0|       pointer|
|p_ZL9dw_in_buf_6_0           |  out|    4|      ap_vld|                           p_ZL9dw_in_buf_6_0|       pointer|
|p_ZL9dw_in_buf_6_0_ap_vld    |  out|    1|      ap_vld|                           p_ZL9dw_in_buf_6_0|       pointer|
|p_ZL9dw_in_buf_7_0           |  out|    4|      ap_vld|                           p_ZL9dw_in_buf_7_0|       pointer|
|p_ZL9dw_in_buf_7_0_ap_vld    |  out|    1|      ap_vld|                           p_ZL9dw_in_buf_7_0|       pointer|
|p_ZL9dw_in_buf_8_0           |  out|    4|      ap_vld|                           p_ZL9dw_in_buf_8_0|       pointer|
|p_ZL9dw_in_buf_8_0_ap_vld    |  out|    1|      ap_vld|                           p_ZL9dw_in_buf_8_0|       pointer|
|p_ZL9dw_in_buf_9_0           |  out|    4|      ap_vld|                           p_ZL9dw_in_buf_9_0|       pointer|
|p_ZL9dw_in_buf_9_0_ap_vld    |  out|    1|      ap_vld|                           p_ZL9dw_in_buf_9_0|       pointer|
|p_ZL9dw_in_buf_10_0          |  out|    4|      ap_vld|                          p_ZL9dw_in_buf_10_0|       pointer|
|p_ZL9dw_in_buf_10_0_ap_vld   |  out|    1|      ap_vld|                          p_ZL9dw_in_buf_10_0|       pointer|
|p_ZL9dw_in_buf_11_0          |  out|    4|      ap_vld|                          p_ZL9dw_in_buf_11_0|       pointer|
|p_ZL9dw_in_buf_11_0_ap_vld   |  out|    1|      ap_vld|                          p_ZL9dw_in_buf_11_0|       pointer|
|p_ZL9dw_in_buf_12_0          |  out|    4|      ap_vld|                          p_ZL9dw_in_buf_12_0|       pointer|
|p_ZL9dw_in_buf_12_0_ap_vld   |  out|    1|      ap_vld|                          p_ZL9dw_in_buf_12_0|       pointer|
|p_ZL9dw_in_buf_1_1           |  out|    4|      ap_vld|                           p_ZL9dw_in_buf_1_1|       pointer|
|p_ZL9dw_in_buf_1_1_ap_vld    |  out|    1|      ap_vld|                           p_ZL9dw_in_buf_1_1|       pointer|
|p_ZL9dw_in_buf_2_1           |  out|    4|      ap_vld|                           p_ZL9dw_in_buf_2_1|       pointer|
|p_ZL9dw_in_buf_2_1_ap_vld    |  out|    1|      ap_vld|                           p_ZL9dw_in_buf_2_1|       pointer|
|p_ZL9dw_in_buf_3_1           |  out|    4|      ap_vld|                           p_ZL9dw_in_buf_3_1|       pointer|
|p_ZL9dw_in_buf_3_1_ap_vld    |  out|    1|      ap_vld|                           p_ZL9dw_in_buf_3_1|       pointer|
|p_ZL9dw_in_buf_4_1           |  out|    4|      ap_vld|                           p_ZL9dw_in_buf_4_1|       pointer|
|p_ZL9dw_in_buf_4_1_ap_vld    |  out|    1|      ap_vld|                           p_ZL9dw_in_buf_4_1|       pointer|
|p_ZL9dw_in_buf_5_1           |  out|    4|      ap_vld|                           p_ZL9dw_in_buf_5_1|       pointer|
|p_ZL9dw_in_buf_5_1_ap_vld    |  out|    1|      ap_vld|                           p_ZL9dw_in_buf_5_1|       pointer|
|p_ZL9dw_in_buf_6_1           |  out|    4|      ap_vld|                           p_ZL9dw_in_buf_6_1|       pointer|
|p_ZL9dw_in_buf_6_1_ap_vld    |  out|    1|      ap_vld|                           p_ZL9dw_in_buf_6_1|       pointer|
|p_ZL9dw_in_buf_7_1           |  out|    4|      ap_vld|                           p_ZL9dw_in_buf_7_1|       pointer|
|p_ZL9dw_in_buf_7_1_ap_vld    |  out|    1|      ap_vld|                           p_ZL9dw_in_buf_7_1|       pointer|
|p_ZL9dw_in_buf_8_1           |  out|    4|      ap_vld|                           p_ZL9dw_in_buf_8_1|       pointer|
|p_ZL9dw_in_buf_8_1_ap_vld    |  out|    1|      ap_vld|                           p_ZL9dw_in_buf_8_1|       pointer|
|p_ZL9dw_in_buf_9_1           |  out|    4|      ap_vld|                           p_ZL9dw_in_buf_9_1|       pointer|
|p_ZL9dw_in_buf_9_1_ap_vld    |  out|    1|      ap_vld|                           p_ZL9dw_in_buf_9_1|       pointer|
|p_ZL9dw_in_buf_10_1          |  out|    4|      ap_vld|                          p_ZL9dw_in_buf_10_1|       pointer|
|p_ZL9dw_in_buf_10_1_ap_vld   |  out|    1|      ap_vld|                          p_ZL9dw_in_buf_10_1|       pointer|
|p_ZL9dw_in_buf_11_1          |  out|    4|      ap_vld|                          p_ZL9dw_in_buf_11_1|       pointer|
|p_ZL9dw_in_buf_11_1_ap_vld   |  out|    1|      ap_vld|                          p_ZL9dw_in_buf_11_1|       pointer|
|p_ZL9dw_in_buf_12_1          |  out|    4|      ap_vld|                          p_ZL9dw_in_buf_12_1|       pointer|
|p_ZL9dw_in_buf_12_1_ap_vld   |  out|    1|      ap_vld|                          p_ZL9dw_in_buf_12_1|       pointer|
|p_ZL9dw_in_buf_1_2           |  out|    4|      ap_vld|                           p_ZL9dw_in_buf_1_2|       pointer|
|p_ZL9dw_in_buf_1_2_ap_vld    |  out|    1|      ap_vld|                           p_ZL9dw_in_buf_1_2|       pointer|
|p_ZL9dw_in_buf_2_2           |  out|    4|      ap_vld|                           p_ZL9dw_in_buf_2_2|       pointer|
|p_ZL9dw_in_buf_2_2_ap_vld    |  out|    1|      ap_vld|                           p_ZL9dw_in_buf_2_2|       pointer|
|p_ZL9dw_in_buf_3_2           |  out|    4|      ap_vld|                           p_ZL9dw_in_buf_3_2|       pointer|
|p_ZL9dw_in_buf_3_2_ap_vld    |  out|    1|      ap_vld|                           p_ZL9dw_in_buf_3_2|       pointer|
|p_ZL9dw_in_buf_4_2           |  out|    4|      ap_vld|                           p_ZL9dw_in_buf_4_2|       pointer|
|p_ZL9dw_in_buf_4_2_ap_vld    |  out|    1|      ap_vld|                           p_ZL9dw_in_buf_4_2|       pointer|
|p_ZL9dw_in_buf_5_2           |  out|    4|      ap_vld|                           p_ZL9dw_in_buf_5_2|       pointer|
|p_ZL9dw_in_buf_5_2_ap_vld    |  out|    1|      ap_vld|                           p_ZL9dw_in_buf_5_2|       pointer|
|p_ZL9dw_in_buf_6_2           |  out|    4|      ap_vld|                           p_ZL9dw_in_buf_6_2|       pointer|
|p_ZL9dw_in_buf_6_2_ap_vld    |  out|    1|      ap_vld|                           p_ZL9dw_in_buf_6_2|       pointer|
|p_ZL9dw_in_buf_7_2           |  out|    4|      ap_vld|                           p_ZL9dw_in_buf_7_2|       pointer|
|p_ZL9dw_in_buf_7_2_ap_vld    |  out|    1|      ap_vld|                           p_ZL9dw_in_buf_7_2|       pointer|
|p_ZL9dw_in_buf_8_2           |  out|    4|      ap_vld|                           p_ZL9dw_in_buf_8_2|       pointer|
|p_ZL9dw_in_buf_8_2_ap_vld    |  out|    1|      ap_vld|                           p_ZL9dw_in_buf_8_2|       pointer|
|p_ZL9dw_in_buf_9_2           |  out|    4|      ap_vld|                           p_ZL9dw_in_buf_9_2|       pointer|
|p_ZL9dw_in_buf_9_2_ap_vld    |  out|    1|      ap_vld|                           p_ZL9dw_in_buf_9_2|       pointer|
|p_ZL9dw_in_buf_10_2          |  out|    4|      ap_vld|                          p_ZL9dw_in_buf_10_2|       pointer|
|p_ZL9dw_in_buf_10_2_ap_vld   |  out|    1|      ap_vld|                          p_ZL9dw_in_buf_10_2|       pointer|
|p_ZL9dw_in_buf_11_2          |  out|    4|      ap_vld|                          p_ZL9dw_in_buf_11_2|       pointer|
|p_ZL9dw_in_buf_11_2_ap_vld   |  out|    1|      ap_vld|                          p_ZL9dw_in_buf_11_2|       pointer|
|p_ZL9dw_in_buf_12_2          |  out|    4|      ap_vld|                          p_ZL9dw_in_buf_12_2|       pointer|
|p_ZL9dw_in_buf_12_2_ap_vld   |  out|    1|      ap_vld|                          p_ZL9dw_in_buf_12_2|       pointer|
|p_ZL9dw_in_buf_1_3           |  out|    4|      ap_vld|                           p_ZL9dw_in_buf_1_3|       pointer|
|p_ZL9dw_in_buf_1_3_ap_vld    |  out|    1|      ap_vld|                           p_ZL9dw_in_buf_1_3|       pointer|
|p_ZL9dw_in_buf_2_3           |  out|    4|      ap_vld|                           p_ZL9dw_in_buf_2_3|       pointer|
|p_ZL9dw_in_buf_2_3_ap_vld    |  out|    1|      ap_vld|                           p_ZL9dw_in_buf_2_3|       pointer|
|p_ZL9dw_in_buf_3_3           |  out|    4|      ap_vld|                           p_ZL9dw_in_buf_3_3|       pointer|
|p_ZL9dw_in_buf_3_3_ap_vld    |  out|    1|      ap_vld|                           p_ZL9dw_in_buf_3_3|       pointer|
|p_ZL9dw_in_buf_4_3           |  out|    4|      ap_vld|                           p_ZL9dw_in_buf_4_3|       pointer|
|p_ZL9dw_in_buf_4_3_ap_vld    |  out|    1|      ap_vld|                           p_ZL9dw_in_buf_4_3|       pointer|
|p_ZL9dw_in_buf_5_3           |  out|    4|      ap_vld|                           p_ZL9dw_in_buf_5_3|       pointer|
|p_ZL9dw_in_buf_5_3_ap_vld    |  out|    1|      ap_vld|                           p_ZL9dw_in_buf_5_3|       pointer|
|p_ZL9dw_in_buf_6_3           |  out|    4|      ap_vld|                           p_ZL9dw_in_buf_6_3|       pointer|
|p_ZL9dw_in_buf_6_3_ap_vld    |  out|    1|      ap_vld|                           p_ZL9dw_in_buf_6_3|       pointer|
|p_ZL9dw_in_buf_7_3           |  out|    4|      ap_vld|                           p_ZL9dw_in_buf_7_3|       pointer|
|p_ZL9dw_in_buf_7_3_ap_vld    |  out|    1|      ap_vld|                           p_ZL9dw_in_buf_7_3|       pointer|
|p_ZL9dw_in_buf_8_3           |  out|    4|      ap_vld|                           p_ZL9dw_in_buf_8_3|       pointer|
|p_ZL9dw_in_buf_8_3_ap_vld    |  out|    1|      ap_vld|                           p_ZL9dw_in_buf_8_3|       pointer|
|p_ZL9dw_in_buf_9_3           |  out|    4|      ap_vld|                           p_ZL9dw_in_buf_9_3|       pointer|
|p_ZL9dw_in_buf_9_3_ap_vld    |  out|    1|      ap_vld|                           p_ZL9dw_in_buf_9_3|       pointer|
|p_ZL9dw_in_buf_10_3          |  out|    4|      ap_vld|                          p_ZL9dw_in_buf_10_3|       pointer|
|p_ZL9dw_in_buf_10_3_ap_vld   |  out|    1|      ap_vld|                          p_ZL9dw_in_buf_10_3|       pointer|
|p_ZL9dw_in_buf_11_3          |  out|    4|      ap_vld|                          p_ZL9dw_in_buf_11_3|       pointer|
|p_ZL9dw_in_buf_11_3_ap_vld   |  out|    1|      ap_vld|                          p_ZL9dw_in_buf_11_3|       pointer|
|p_ZL9dw_in_buf_12_3          |  out|    4|      ap_vld|                          p_ZL9dw_in_buf_12_3|       pointer|
|p_ZL9dw_in_buf_12_3_ap_vld   |  out|    1|      ap_vld|                          p_ZL9dw_in_buf_12_3|       pointer|
|p_ZL9dw_in_buf_1_4           |  out|    4|      ap_vld|                           p_ZL9dw_in_buf_1_4|       pointer|
|p_ZL9dw_in_buf_1_4_ap_vld    |  out|    1|      ap_vld|                           p_ZL9dw_in_buf_1_4|       pointer|
|p_ZL9dw_in_buf_2_4           |  out|    4|      ap_vld|                           p_ZL9dw_in_buf_2_4|       pointer|
|p_ZL9dw_in_buf_2_4_ap_vld    |  out|    1|      ap_vld|                           p_ZL9dw_in_buf_2_4|       pointer|
|p_ZL9dw_in_buf_3_4           |  out|    4|      ap_vld|                           p_ZL9dw_in_buf_3_4|       pointer|
|p_ZL9dw_in_buf_3_4_ap_vld    |  out|    1|      ap_vld|                           p_ZL9dw_in_buf_3_4|       pointer|
|p_ZL9dw_in_buf_4_4           |  out|    4|      ap_vld|                           p_ZL9dw_in_buf_4_4|       pointer|
|p_ZL9dw_in_buf_4_4_ap_vld    |  out|    1|      ap_vld|                           p_ZL9dw_in_buf_4_4|       pointer|
|p_ZL9dw_in_buf_5_4           |  out|    4|      ap_vld|                           p_ZL9dw_in_buf_5_4|       pointer|
|p_ZL9dw_in_buf_5_4_ap_vld    |  out|    1|      ap_vld|                           p_ZL9dw_in_buf_5_4|       pointer|
|p_ZL9dw_in_buf_6_4           |  out|    4|      ap_vld|                           p_ZL9dw_in_buf_6_4|       pointer|
|p_ZL9dw_in_buf_6_4_ap_vld    |  out|    1|      ap_vld|                           p_ZL9dw_in_buf_6_4|       pointer|
|p_ZL9dw_in_buf_7_4           |  out|    4|      ap_vld|                           p_ZL9dw_in_buf_7_4|       pointer|
|p_ZL9dw_in_buf_7_4_ap_vld    |  out|    1|      ap_vld|                           p_ZL9dw_in_buf_7_4|       pointer|
|p_ZL9dw_in_buf_8_4           |  out|    4|      ap_vld|                           p_ZL9dw_in_buf_8_4|       pointer|
|p_ZL9dw_in_buf_8_4_ap_vld    |  out|    1|      ap_vld|                           p_ZL9dw_in_buf_8_4|       pointer|
|p_ZL9dw_in_buf_9_4           |  out|    4|      ap_vld|                           p_ZL9dw_in_buf_9_4|       pointer|
|p_ZL9dw_in_buf_9_4_ap_vld    |  out|    1|      ap_vld|                           p_ZL9dw_in_buf_9_4|       pointer|
|p_ZL9dw_in_buf_10_4          |  out|    4|      ap_vld|                          p_ZL9dw_in_buf_10_4|       pointer|
|p_ZL9dw_in_buf_10_4_ap_vld   |  out|    1|      ap_vld|                          p_ZL9dw_in_buf_10_4|       pointer|
|p_ZL9dw_in_buf_11_4          |  out|    4|      ap_vld|                          p_ZL9dw_in_buf_11_4|       pointer|
|p_ZL9dw_in_buf_11_4_ap_vld   |  out|    1|      ap_vld|                          p_ZL9dw_in_buf_11_4|       pointer|
|p_ZL9dw_in_buf_12_4          |  out|    4|      ap_vld|                          p_ZL9dw_in_buf_12_4|       pointer|
|p_ZL9dw_in_buf_12_4_ap_vld   |  out|    1|      ap_vld|                          p_ZL9dw_in_buf_12_4|       pointer|
|p_ZL9dw_in_buf_1_5           |  out|    4|      ap_vld|                           p_ZL9dw_in_buf_1_5|       pointer|
|p_ZL9dw_in_buf_1_5_ap_vld    |  out|    1|      ap_vld|                           p_ZL9dw_in_buf_1_5|       pointer|
|p_ZL9dw_in_buf_2_5           |  out|    4|      ap_vld|                           p_ZL9dw_in_buf_2_5|       pointer|
|p_ZL9dw_in_buf_2_5_ap_vld    |  out|    1|      ap_vld|                           p_ZL9dw_in_buf_2_5|       pointer|
|p_ZL9dw_in_buf_3_5           |  out|    4|      ap_vld|                           p_ZL9dw_in_buf_3_5|       pointer|
|p_ZL9dw_in_buf_3_5_ap_vld    |  out|    1|      ap_vld|                           p_ZL9dw_in_buf_3_5|       pointer|
|p_ZL9dw_in_buf_4_5           |  out|    4|      ap_vld|                           p_ZL9dw_in_buf_4_5|       pointer|
|p_ZL9dw_in_buf_4_5_ap_vld    |  out|    1|      ap_vld|                           p_ZL9dw_in_buf_4_5|       pointer|
|p_ZL9dw_in_buf_5_5           |  out|    4|      ap_vld|                           p_ZL9dw_in_buf_5_5|       pointer|
|p_ZL9dw_in_buf_5_5_ap_vld    |  out|    1|      ap_vld|                           p_ZL9dw_in_buf_5_5|       pointer|
|p_ZL9dw_in_buf_6_5           |  out|    4|      ap_vld|                           p_ZL9dw_in_buf_6_5|       pointer|
|p_ZL9dw_in_buf_6_5_ap_vld    |  out|    1|      ap_vld|                           p_ZL9dw_in_buf_6_5|       pointer|
|p_ZL9dw_in_buf_7_5           |  out|    4|      ap_vld|                           p_ZL9dw_in_buf_7_5|       pointer|
|p_ZL9dw_in_buf_7_5_ap_vld    |  out|    1|      ap_vld|                           p_ZL9dw_in_buf_7_5|       pointer|
|p_ZL9dw_in_buf_8_5           |  out|    4|      ap_vld|                           p_ZL9dw_in_buf_8_5|       pointer|
|p_ZL9dw_in_buf_8_5_ap_vld    |  out|    1|      ap_vld|                           p_ZL9dw_in_buf_8_5|       pointer|
|p_ZL9dw_in_buf_9_5           |  out|    4|      ap_vld|                           p_ZL9dw_in_buf_9_5|       pointer|
|p_ZL9dw_in_buf_9_5_ap_vld    |  out|    1|      ap_vld|                           p_ZL9dw_in_buf_9_5|       pointer|
|p_ZL9dw_in_buf_10_5          |  out|    4|      ap_vld|                          p_ZL9dw_in_buf_10_5|       pointer|
|p_ZL9dw_in_buf_10_5_ap_vld   |  out|    1|      ap_vld|                          p_ZL9dw_in_buf_10_5|       pointer|
|p_ZL9dw_in_buf_11_5          |  out|    4|      ap_vld|                          p_ZL9dw_in_buf_11_5|       pointer|
|p_ZL9dw_in_buf_11_5_ap_vld   |  out|    1|      ap_vld|                          p_ZL9dw_in_buf_11_5|       pointer|
|p_ZL9dw_in_buf_12_5          |  out|    4|      ap_vld|                          p_ZL9dw_in_buf_12_5|       pointer|
|p_ZL9dw_in_buf_12_5_ap_vld   |  out|    1|      ap_vld|                          p_ZL9dw_in_buf_12_5|       pointer|
|p_ZL9dw_in_buf_1_6           |  out|    4|      ap_vld|                           p_ZL9dw_in_buf_1_6|       pointer|
|p_ZL9dw_in_buf_1_6_ap_vld    |  out|    1|      ap_vld|                           p_ZL9dw_in_buf_1_6|       pointer|
|p_ZL9dw_in_buf_2_6           |  out|    4|      ap_vld|                           p_ZL9dw_in_buf_2_6|       pointer|
|p_ZL9dw_in_buf_2_6_ap_vld    |  out|    1|      ap_vld|                           p_ZL9dw_in_buf_2_6|       pointer|
|p_ZL9dw_in_buf_3_6           |  out|    4|      ap_vld|                           p_ZL9dw_in_buf_3_6|       pointer|
|p_ZL9dw_in_buf_3_6_ap_vld    |  out|    1|      ap_vld|                           p_ZL9dw_in_buf_3_6|       pointer|
|p_ZL9dw_in_buf_4_6           |  out|    4|      ap_vld|                           p_ZL9dw_in_buf_4_6|       pointer|
|p_ZL9dw_in_buf_4_6_ap_vld    |  out|    1|      ap_vld|                           p_ZL9dw_in_buf_4_6|       pointer|
|p_ZL9dw_in_buf_5_6           |  out|    4|      ap_vld|                           p_ZL9dw_in_buf_5_6|       pointer|
|p_ZL9dw_in_buf_5_6_ap_vld    |  out|    1|      ap_vld|                           p_ZL9dw_in_buf_5_6|       pointer|
|p_ZL9dw_in_buf_6_6           |  out|    4|      ap_vld|                           p_ZL9dw_in_buf_6_6|       pointer|
|p_ZL9dw_in_buf_6_6_ap_vld    |  out|    1|      ap_vld|                           p_ZL9dw_in_buf_6_6|       pointer|
|p_ZL9dw_in_buf_7_6           |  out|    4|      ap_vld|                           p_ZL9dw_in_buf_7_6|       pointer|
|p_ZL9dw_in_buf_7_6_ap_vld    |  out|    1|      ap_vld|                           p_ZL9dw_in_buf_7_6|       pointer|
|p_ZL9dw_in_buf_8_6           |  out|    4|      ap_vld|                           p_ZL9dw_in_buf_8_6|       pointer|
|p_ZL9dw_in_buf_8_6_ap_vld    |  out|    1|      ap_vld|                           p_ZL9dw_in_buf_8_6|       pointer|
|p_ZL9dw_in_buf_9_6           |  out|    4|      ap_vld|                           p_ZL9dw_in_buf_9_6|       pointer|
|p_ZL9dw_in_buf_9_6_ap_vld    |  out|    1|      ap_vld|                           p_ZL9dw_in_buf_9_6|       pointer|
|p_ZL9dw_in_buf_10_6          |  out|    4|      ap_vld|                          p_ZL9dw_in_buf_10_6|       pointer|
|p_ZL9dw_in_buf_10_6_ap_vld   |  out|    1|      ap_vld|                          p_ZL9dw_in_buf_10_6|       pointer|
|p_ZL9dw_in_buf_11_6          |  out|    4|      ap_vld|                          p_ZL9dw_in_buf_11_6|       pointer|
|p_ZL9dw_in_buf_11_6_ap_vld   |  out|    1|      ap_vld|                          p_ZL9dw_in_buf_11_6|       pointer|
|p_ZL9dw_in_buf_12_6          |  out|    4|      ap_vld|                          p_ZL9dw_in_buf_12_6|       pointer|
|p_ZL9dw_in_buf_12_6_ap_vld   |  out|    1|      ap_vld|                          p_ZL9dw_in_buf_12_6|       pointer|
|p_ZL9dw_in_buf_1_7           |  out|    4|      ap_vld|                           p_ZL9dw_in_buf_1_7|       pointer|
|p_ZL9dw_in_buf_1_7_ap_vld    |  out|    1|      ap_vld|                           p_ZL9dw_in_buf_1_7|       pointer|
|p_ZL9dw_in_buf_2_7           |  out|    4|      ap_vld|                           p_ZL9dw_in_buf_2_7|       pointer|
|p_ZL9dw_in_buf_2_7_ap_vld    |  out|    1|      ap_vld|                           p_ZL9dw_in_buf_2_7|       pointer|
|p_ZL9dw_in_buf_3_7           |  out|    4|      ap_vld|                           p_ZL9dw_in_buf_3_7|       pointer|
|p_ZL9dw_in_buf_3_7_ap_vld    |  out|    1|      ap_vld|                           p_ZL9dw_in_buf_3_7|       pointer|
|p_ZL9dw_in_buf_4_7           |  out|    4|      ap_vld|                           p_ZL9dw_in_buf_4_7|       pointer|
|p_ZL9dw_in_buf_4_7_ap_vld    |  out|    1|      ap_vld|                           p_ZL9dw_in_buf_4_7|       pointer|
|p_ZL9dw_in_buf_5_7           |  out|    4|      ap_vld|                           p_ZL9dw_in_buf_5_7|       pointer|
|p_ZL9dw_in_buf_5_7_ap_vld    |  out|    1|      ap_vld|                           p_ZL9dw_in_buf_5_7|       pointer|
|p_ZL9dw_in_buf_6_7           |  out|    4|      ap_vld|                           p_ZL9dw_in_buf_6_7|       pointer|
|p_ZL9dw_in_buf_6_7_ap_vld    |  out|    1|      ap_vld|                           p_ZL9dw_in_buf_6_7|       pointer|
|p_ZL9dw_in_buf_7_7           |  out|    4|      ap_vld|                           p_ZL9dw_in_buf_7_7|       pointer|
|p_ZL9dw_in_buf_7_7_ap_vld    |  out|    1|      ap_vld|                           p_ZL9dw_in_buf_7_7|       pointer|
|p_ZL9dw_in_buf_8_7           |  out|    4|      ap_vld|                           p_ZL9dw_in_buf_8_7|       pointer|
|p_ZL9dw_in_buf_8_7_ap_vld    |  out|    1|      ap_vld|                           p_ZL9dw_in_buf_8_7|       pointer|
|p_ZL9dw_in_buf_9_7           |  out|    4|      ap_vld|                           p_ZL9dw_in_buf_9_7|       pointer|
|p_ZL9dw_in_buf_9_7_ap_vld    |  out|    1|      ap_vld|                           p_ZL9dw_in_buf_9_7|       pointer|
|p_ZL9dw_in_buf_10_7          |  out|    4|      ap_vld|                          p_ZL9dw_in_buf_10_7|       pointer|
|p_ZL9dw_in_buf_10_7_ap_vld   |  out|    1|      ap_vld|                          p_ZL9dw_in_buf_10_7|       pointer|
|p_ZL9dw_in_buf_11_7          |  out|    4|      ap_vld|                          p_ZL9dw_in_buf_11_7|       pointer|
|p_ZL9dw_in_buf_11_7_ap_vld   |  out|    1|      ap_vld|                          p_ZL9dw_in_buf_11_7|       pointer|
|p_ZL9dw_in_buf_12_7          |  out|    4|      ap_vld|                          p_ZL9dw_in_buf_12_7|       pointer|
|p_ZL9dw_in_buf_12_7_ap_vld   |  out|    1|      ap_vld|                          p_ZL9dw_in_buf_12_7|       pointer|
|p_ZL9dw_in_buf_1_8           |  out|    4|      ap_vld|                           p_ZL9dw_in_buf_1_8|       pointer|
|p_ZL9dw_in_buf_1_8_ap_vld    |  out|    1|      ap_vld|                           p_ZL9dw_in_buf_1_8|       pointer|
|p_ZL9dw_in_buf_2_8           |  out|    4|      ap_vld|                           p_ZL9dw_in_buf_2_8|       pointer|
|p_ZL9dw_in_buf_2_8_ap_vld    |  out|    1|      ap_vld|                           p_ZL9dw_in_buf_2_8|       pointer|
|p_ZL9dw_in_buf_3_8           |  out|    4|      ap_vld|                           p_ZL9dw_in_buf_3_8|       pointer|
|p_ZL9dw_in_buf_3_8_ap_vld    |  out|    1|      ap_vld|                           p_ZL9dw_in_buf_3_8|       pointer|
|p_ZL9dw_in_buf_4_8           |  out|    4|      ap_vld|                           p_ZL9dw_in_buf_4_8|       pointer|
|p_ZL9dw_in_buf_4_8_ap_vld    |  out|    1|      ap_vld|                           p_ZL9dw_in_buf_4_8|       pointer|
|p_ZL9dw_in_buf_5_8           |  out|    4|      ap_vld|                           p_ZL9dw_in_buf_5_8|       pointer|
|p_ZL9dw_in_buf_5_8_ap_vld    |  out|    1|      ap_vld|                           p_ZL9dw_in_buf_5_8|       pointer|
|p_ZL9dw_in_buf_6_8           |  out|    4|      ap_vld|                           p_ZL9dw_in_buf_6_8|       pointer|
|p_ZL9dw_in_buf_6_8_ap_vld    |  out|    1|      ap_vld|                           p_ZL9dw_in_buf_6_8|       pointer|
|p_ZL9dw_in_buf_7_8           |  out|    4|      ap_vld|                           p_ZL9dw_in_buf_7_8|       pointer|
|p_ZL9dw_in_buf_7_8_ap_vld    |  out|    1|      ap_vld|                           p_ZL9dw_in_buf_7_8|       pointer|
|p_ZL9dw_in_buf_8_8           |  out|    4|      ap_vld|                           p_ZL9dw_in_buf_8_8|       pointer|
|p_ZL9dw_in_buf_8_8_ap_vld    |  out|    1|      ap_vld|                           p_ZL9dw_in_buf_8_8|       pointer|
|p_ZL9dw_in_buf_9_8           |  out|    4|      ap_vld|                           p_ZL9dw_in_buf_9_8|       pointer|
|p_ZL9dw_in_buf_9_8_ap_vld    |  out|    1|      ap_vld|                           p_ZL9dw_in_buf_9_8|       pointer|
|p_ZL9dw_in_buf_10_8          |  out|    4|      ap_vld|                          p_ZL9dw_in_buf_10_8|       pointer|
|p_ZL9dw_in_buf_10_8_ap_vld   |  out|    1|      ap_vld|                          p_ZL9dw_in_buf_10_8|       pointer|
|p_ZL9dw_in_buf_11_8          |  out|    4|      ap_vld|                          p_ZL9dw_in_buf_11_8|       pointer|
|p_ZL9dw_in_buf_11_8_ap_vld   |  out|    1|      ap_vld|                          p_ZL9dw_in_buf_11_8|       pointer|
|p_ZL9dw_in_buf_12_8          |  out|    4|      ap_vld|                          p_ZL9dw_in_buf_12_8|       pointer|
|p_ZL9dw_in_buf_12_8_ap_vld   |  out|    1|      ap_vld|                          p_ZL9dw_in_buf_12_8|       pointer|
|p_ZL9dw_in_buf_1_9           |  out|    4|      ap_vld|                           p_ZL9dw_in_buf_1_9|       pointer|
|p_ZL9dw_in_buf_1_9_ap_vld    |  out|    1|      ap_vld|                           p_ZL9dw_in_buf_1_9|       pointer|
|p_ZL9dw_in_buf_2_9           |  out|    4|      ap_vld|                           p_ZL9dw_in_buf_2_9|       pointer|
|p_ZL9dw_in_buf_2_9_ap_vld    |  out|    1|      ap_vld|                           p_ZL9dw_in_buf_2_9|       pointer|
|p_ZL9dw_in_buf_3_9           |  out|    4|      ap_vld|                           p_ZL9dw_in_buf_3_9|       pointer|
|p_ZL9dw_in_buf_3_9_ap_vld    |  out|    1|      ap_vld|                           p_ZL9dw_in_buf_3_9|       pointer|
|p_ZL9dw_in_buf_4_9           |  out|    4|      ap_vld|                           p_ZL9dw_in_buf_4_9|       pointer|
|p_ZL9dw_in_buf_4_9_ap_vld    |  out|    1|      ap_vld|                           p_ZL9dw_in_buf_4_9|       pointer|
|p_ZL9dw_in_buf_5_9           |  out|    4|      ap_vld|                           p_ZL9dw_in_buf_5_9|       pointer|
|p_ZL9dw_in_buf_5_9_ap_vld    |  out|    1|      ap_vld|                           p_ZL9dw_in_buf_5_9|       pointer|
|p_ZL9dw_in_buf_6_9           |  out|    4|      ap_vld|                           p_ZL9dw_in_buf_6_9|       pointer|
|p_ZL9dw_in_buf_6_9_ap_vld    |  out|    1|      ap_vld|                           p_ZL9dw_in_buf_6_9|       pointer|
|p_ZL9dw_in_buf_7_9           |  out|    4|      ap_vld|                           p_ZL9dw_in_buf_7_9|       pointer|
|p_ZL9dw_in_buf_7_9_ap_vld    |  out|    1|      ap_vld|                           p_ZL9dw_in_buf_7_9|       pointer|
|p_ZL9dw_in_buf_8_9           |  out|    4|      ap_vld|                           p_ZL9dw_in_buf_8_9|       pointer|
|p_ZL9dw_in_buf_8_9_ap_vld    |  out|    1|      ap_vld|                           p_ZL9dw_in_buf_8_9|       pointer|
|p_ZL9dw_in_buf_9_9           |  out|    4|      ap_vld|                           p_ZL9dw_in_buf_9_9|       pointer|
|p_ZL9dw_in_buf_9_9_ap_vld    |  out|    1|      ap_vld|                           p_ZL9dw_in_buf_9_9|       pointer|
|p_ZL9dw_in_buf_10_9          |  out|    4|      ap_vld|                          p_ZL9dw_in_buf_10_9|       pointer|
|p_ZL9dw_in_buf_10_9_ap_vld   |  out|    1|      ap_vld|                          p_ZL9dw_in_buf_10_9|       pointer|
|p_ZL9dw_in_buf_11_9          |  out|    4|      ap_vld|                          p_ZL9dw_in_buf_11_9|       pointer|
|p_ZL9dw_in_buf_11_9_ap_vld   |  out|    1|      ap_vld|                          p_ZL9dw_in_buf_11_9|       pointer|
|p_ZL9dw_in_buf_12_9          |  out|    4|      ap_vld|                          p_ZL9dw_in_buf_12_9|       pointer|
|p_ZL9dw_in_buf_12_9_ap_vld   |  out|    1|      ap_vld|                          p_ZL9dw_in_buf_12_9|       pointer|
|p_ZL9dw_in_buf_1_10          |  out|    4|      ap_vld|                          p_ZL9dw_in_buf_1_10|       pointer|
|p_ZL9dw_in_buf_1_10_ap_vld   |  out|    1|      ap_vld|                          p_ZL9dw_in_buf_1_10|       pointer|
|p_ZL9dw_in_buf_2_10          |  out|    4|      ap_vld|                          p_ZL9dw_in_buf_2_10|       pointer|
|p_ZL9dw_in_buf_2_10_ap_vld   |  out|    1|      ap_vld|                          p_ZL9dw_in_buf_2_10|       pointer|
|p_ZL9dw_in_buf_3_10          |  out|    4|      ap_vld|                          p_ZL9dw_in_buf_3_10|       pointer|
|p_ZL9dw_in_buf_3_10_ap_vld   |  out|    1|      ap_vld|                          p_ZL9dw_in_buf_3_10|       pointer|
|p_ZL9dw_in_buf_4_10          |  out|    4|      ap_vld|                          p_ZL9dw_in_buf_4_10|       pointer|
|p_ZL9dw_in_buf_4_10_ap_vld   |  out|    1|      ap_vld|                          p_ZL9dw_in_buf_4_10|       pointer|
|p_ZL9dw_in_buf_5_10          |  out|    4|      ap_vld|                          p_ZL9dw_in_buf_5_10|       pointer|
|p_ZL9dw_in_buf_5_10_ap_vld   |  out|    1|      ap_vld|                          p_ZL9dw_in_buf_5_10|       pointer|
|p_ZL9dw_in_buf_6_10          |  out|    4|      ap_vld|                          p_ZL9dw_in_buf_6_10|       pointer|
|p_ZL9dw_in_buf_6_10_ap_vld   |  out|    1|      ap_vld|                          p_ZL9dw_in_buf_6_10|       pointer|
|p_ZL9dw_in_buf_7_10          |  out|    4|      ap_vld|                          p_ZL9dw_in_buf_7_10|       pointer|
|p_ZL9dw_in_buf_7_10_ap_vld   |  out|    1|      ap_vld|                          p_ZL9dw_in_buf_7_10|       pointer|
|p_ZL9dw_in_buf_8_10          |  out|    4|      ap_vld|                          p_ZL9dw_in_buf_8_10|       pointer|
|p_ZL9dw_in_buf_8_10_ap_vld   |  out|    1|      ap_vld|                          p_ZL9dw_in_buf_8_10|       pointer|
|p_ZL9dw_in_buf_9_10          |  out|    4|      ap_vld|                          p_ZL9dw_in_buf_9_10|       pointer|
|p_ZL9dw_in_buf_9_10_ap_vld   |  out|    1|      ap_vld|                          p_ZL9dw_in_buf_9_10|       pointer|
|p_ZL9dw_in_buf_10_10         |  out|    4|      ap_vld|                         p_ZL9dw_in_buf_10_10|       pointer|
|p_ZL9dw_in_buf_10_10_ap_vld  |  out|    1|      ap_vld|                         p_ZL9dw_in_buf_10_10|       pointer|
|p_ZL9dw_in_buf_11_10         |  out|    4|      ap_vld|                         p_ZL9dw_in_buf_11_10|       pointer|
|p_ZL9dw_in_buf_11_10_ap_vld  |  out|    1|      ap_vld|                         p_ZL9dw_in_buf_11_10|       pointer|
|p_ZL9dw_in_buf_12_10         |  out|    4|      ap_vld|                         p_ZL9dw_in_buf_12_10|       pointer|
|p_ZL9dw_in_buf_12_10_ap_vld  |  out|    1|      ap_vld|                         p_ZL9dw_in_buf_12_10|       pointer|
|p_ZL9dw_in_buf_1_11          |  out|    4|      ap_vld|                          p_ZL9dw_in_buf_1_11|       pointer|
|p_ZL9dw_in_buf_1_11_ap_vld   |  out|    1|      ap_vld|                          p_ZL9dw_in_buf_1_11|       pointer|
|p_ZL9dw_in_buf_2_11          |  out|    4|      ap_vld|                          p_ZL9dw_in_buf_2_11|       pointer|
|p_ZL9dw_in_buf_2_11_ap_vld   |  out|    1|      ap_vld|                          p_ZL9dw_in_buf_2_11|       pointer|
|p_ZL9dw_in_buf_3_11          |  out|    4|      ap_vld|                          p_ZL9dw_in_buf_3_11|       pointer|
|p_ZL9dw_in_buf_3_11_ap_vld   |  out|    1|      ap_vld|                          p_ZL9dw_in_buf_3_11|       pointer|
|p_ZL9dw_in_buf_4_11          |  out|    4|      ap_vld|                          p_ZL9dw_in_buf_4_11|       pointer|
|p_ZL9dw_in_buf_4_11_ap_vld   |  out|    1|      ap_vld|                          p_ZL9dw_in_buf_4_11|       pointer|
|p_ZL9dw_in_buf_5_11          |  out|    4|      ap_vld|                          p_ZL9dw_in_buf_5_11|       pointer|
|p_ZL9dw_in_buf_5_11_ap_vld   |  out|    1|      ap_vld|                          p_ZL9dw_in_buf_5_11|       pointer|
|p_ZL9dw_in_buf_6_11          |  out|    4|      ap_vld|                          p_ZL9dw_in_buf_6_11|       pointer|
|p_ZL9dw_in_buf_6_11_ap_vld   |  out|    1|      ap_vld|                          p_ZL9dw_in_buf_6_11|       pointer|
|p_ZL9dw_in_buf_7_11          |  out|    4|      ap_vld|                          p_ZL9dw_in_buf_7_11|       pointer|
|p_ZL9dw_in_buf_7_11_ap_vld   |  out|    1|      ap_vld|                          p_ZL9dw_in_buf_7_11|       pointer|
|p_ZL9dw_in_buf_8_11          |  out|    4|      ap_vld|                          p_ZL9dw_in_buf_8_11|       pointer|
|p_ZL9dw_in_buf_8_11_ap_vld   |  out|    1|      ap_vld|                          p_ZL9dw_in_buf_8_11|       pointer|
|p_ZL9dw_in_buf_9_11          |  out|    4|      ap_vld|                          p_ZL9dw_in_buf_9_11|       pointer|
|p_ZL9dw_in_buf_9_11_ap_vld   |  out|    1|      ap_vld|                          p_ZL9dw_in_buf_9_11|       pointer|
|p_ZL9dw_in_buf_10_11         |  out|    4|      ap_vld|                         p_ZL9dw_in_buf_10_11|       pointer|
|p_ZL9dw_in_buf_10_11_ap_vld  |  out|    1|      ap_vld|                         p_ZL9dw_in_buf_10_11|       pointer|
|p_ZL9dw_in_buf_11_11         |  out|    4|      ap_vld|                         p_ZL9dw_in_buf_11_11|       pointer|
|p_ZL9dw_in_buf_11_11_ap_vld  |  out|    1|      ap_vld|                         p_ZL9dw_in_buf_11_11|       pointer|
|p_ZL9dw_in_buf_12_11         |  out|    4|      ap_vld|                         p_ZL9dw_in_buf_12_11|       pointer|
|p_ZL9dw_in_buf_12_11_ap_vld  |  out|    1|      ap_vld|                         p_ZL9dw_in_buf_12_11|       pointer|
|p_ZL9dw_in_buf_1_12          |  out|    4|      ap_vld|                          p_ZL9dw_in_buf_1_12|       pointer|
|p_ZL9dw_in_buf_1_12_ap_vld   |  out|    1|      ap_vld|                          p_ZL9dw_in_buf_1_12|       pointer|
|p_ZL9dw_in_buf_2_12          |  out|    4|      ap_vld|                          p_ZL9dw_in_buf_2_12|       pointer|
|p_ZL9dw_in_buf_2_12_ap_vld   |  out|    1|      ap_vld|                          p_ZL9dw_in_buf_2_12|       pointer|
|p_ZL9dw_in_buf_3_12          |  out|    4|      ap_vld|                          p_ZL9dw_in_buf_3_12|       pointer|
|p_ZL9dw_in_buf_3_12_ap_vld   |  out|    1|      ap_vld|                          p_ZL9dw_in_buf_3_12|       pointer|
|p_ZL9dw_in_buf_4_12          |  out|    4|      ap_vld|                          p_ZL9dw_in_buf_4_12|       pointer|
|p_ZL9dw_in_buf_4_12_ap_vld   |  out|    1|      ap_vld|                          p_ZL9dw_in_buf_4_12|       pointer|
|p_ZL9dw_in_buf_5_12          |  out|    4|      ap_vld|                          p_ZL9dw_in_buf_5_12|       pointer|
|p_ZL9dw_in_buf_5_12_ap_vld   |  out|    1|      ap_vld|                          p_ZL9dw_in_buf_5_12|       pointer|
|p_ZL9dw_in_buf_6_12          |  out|    4|      ap_vld|                          p_ZL9dw_in_buf_6_12|       pointer|
|p_ZL9dw_in_buf_6_12_ap_vld   |  out|    1|      ap_vld|                          p_ZL9dw_in_buf_6_12|       pointer|
|p_ZL9dw_in_buf_7_12          |  out|    4|      ap_vld|                          p_ZL9dw_in_buf_7_12|       pointer|
|p_ZL9dw_in_buf_7_12_ap_vld   |  out|    1|      ap_vld|                          p_ZL9dw_in_buf_7_12|       pointer|
|p_ZL9dw_in_buf_8_12          |  out|    4|      ap_vld|                          p_ZL9dw_in_buf_8_12|       pointer|
|p_ZL9dw_in_buf_8_12_ap_vld   |  out|    1|      ap_vld|                          p_ZL9dw_in_buf_8_12|       pointer|
|p_ZL9dw_in_buf_9_12          |  out|    4|      ap_vld|                          p_ZL9dw_in_buf_9_12|       pointer|
|p_ZL9dw_in_buf_9_12_ap_vld   |  out|    1|      ap_vld|                          p_ZL9dw_in_buf_9_12|       pointer|
|p_ZL9dw_in_buf_10_12         |  out|    4|      ap_vld|                         p_ZL9dw_in_buf_10_12|       pointer|
|p_ZL9dw_in_buf_10_12_ap_vld  |  out|    1|      ap_vld|                         p_ZL9dw_in_buf_10_12|       pointer|
|p_ZL9dw_in_buf_11_12         |  out|    4|      ap_vld|                         p_ZL9dw_in_buf_11_12|       pointer|
|p_ZL9dw_in_buf_11_12_ap_vld  |  out|    1|      ap_vld|                         p_ZL9dw_in_buf_11_12|       pointer|
|p_ZL9dw_in_buf_12_12         |  out|    4|      ap_vld|                         p_ZL9dw_in_buf_12_12|       pointer|
|p_ZL9dw_in_buf_12_12_ap_vld  |  out|    1|      ap_vld|                         p_ZL9dw_in_buf_12_12|       pointer|
+-----------------------------+-----+-----+------------+---------------------------------------------+--------------+

