

================================================================
== Vitis HLS Report for 'dwconv_process_channel4_Pipeline_STORE_DW_OUT'
================================================================
* Date:           Sat Aug  1 22:20:20 2026

* Version:        2024.2 (Build 5238294 on Nov  8 2024)
* Project:        fastvit_ip_w8a4_proj
* Solution:       solution1 (Vivado IP Flow Target)
* Product family: zynq
* Target device:  xc7z020-clg400-1


================================================================
== Performance Estimates
================================================================
+ Timing: 
    * Summary: 
    +--------+---------+----------+------------+
    |  Clock |  Target | Estimated| Uncertainty|
    +--------+---------+----------+------------+
    |ap_clk  |  7.00 ns|  4.888 ns|     1.89 ns|
    +--------+---------+----------+------------+

+ Latency: 
    * Summary: 
    +---------+---------+----------+----------+-----+-----+------------------------------------------------+
    |  Latency (cycles) |  Latency (absolute) |  Interval |                    Pipeline                    |
    |   min   |   max   |    min   |    max   | min | max |                      Type                      |
    +---------+---------+----------+----------+-----+-----+------------------------------------------------+
    |       21|       21|  0.147 us|  0.147 us|   20|   20|  loop auto-rewind stp (delay=0 clock cycles(s))|
    +---------+---------+----------+----------+-----+-----+------------------------------------------------+

    + Detail: 
        * Instance: 
        N/A

        * Loop: 
        +----------------+---------+---------+----------+-----------+-----------+------+----------+
        |                |  Latency (cycles) | Iteration|  Initiation Interval  | Trip |          |
        |    Loop Name   |   min   |   max   |  Latency |  achieved |   target  | Count| Pipelined|
        +----------------+---------+---------+----------+-----------+-----------+------+----------+
        |- STORE_DW_OUT  |       19|       19|         8|          4|          1|     4|       yes|
        +----------------+---------+---------+----------+-----------+-----------+------+----------+



================================================================
== Utilization Estimates
================================================================
* Summary: 
+-----------------+---------+-----+--------+-------+-----+
|       Name      | BRAM_18K| DSP |   FF   |  LUT  | URAM|
+-----------------+---------+-----+--------+-------+-----+
|DSP              |        -|    1|       -|      -|    -|
|Expression       |        -|    -|       0|   1693|    -|
|FIFO             |        -|    -|       -|      -|    -|
|Instance         |        -|    -|       0|     80|    -|
|Memory           |        -|    -|       -|      -|    -|
|Multiplexer      |        -|    -|       0|    870|    -|
|Register         |        -|    -|     517|      -|    -|
+-----------------+---------+-----+--------+-------+-----+
|Total            |        0|    1|     517|   2643|    0|
+-----------------+---------+-----+--------+-------+-----+
|Available        |      280|  220|  106400|  53200|    0|
+-----------------+---------+-----+--------+-------+-----+
|Utilization (%)  |        0|   ~0|      ~0|      4|    0|
+-----------------+---------+-----+--------+-------+-----+

+ Detail: 
    * Instance: 
    +----------------------------+----------------------+---------+----+---+----+-----+
    |          Instance          |        Module        | BRAM_18K| DSP| FF| LUT| URAM|
    +----------------------------+----------------------+---------+----+---+----+-----+
    |sparsemux_9_2_32_1_1_U1918  |sparsemux_9_2_32_1_1  |        0|   0|  0|  20|    0|
    |sparsemux_9_2_32_1_1_U1919  |sparsemux_9_2_32_1_1  |        0|   0|  0|  20|    0|
    |sparsemux_9_2_32_1_1_U1920  |sparsemux_9_2_32_1_1  |        0|   0|  0|  20|    0|
    |sparsemux_9_2_32_1_1_U1921  |sparsemux_9_2_32_1_1  |        0|   0|  0|  20|    0|
    +----------------------------+----------------------+---------+----+---+----+-----+
    |Total                       |                      |        0|   0|  0|  80|    0|
    +----------------------------+----------------------+---------+----+---+----+-----+

    * DSP: 
    +-------------------------------------+-------------------------------+----------------+
    |               Instance              |             Module            |   Expression   |
    +-------------------------------------+-------------------------------+----------------+
    |am_addmul_12ns_3ns_12s_12_4_1_U1922  |am_addmul_12ns_3ns_12s_12_4_1  |  (i0 + i1) * i2|
    +-------------------------------------+-------------------------------+----------------+

    * Memory: 
    N/A

    * FIFO: 
    N/A

    * Expression: 
    +-----------------------------+----------+----+---+-----+------------+------------+
    |        Variable Name        | Operation| DSP| FF| LUT | Bitwidth P0| Bitwidth P1|
    +-----------------------------+----------+----+---+-----+------------+------------+
    |add_ln220_fu_1024_p2         |         +|   0|  0|   11|           3|           1|
    |add_ln228_1_fu_1292_p2       |         +|   0|  0|   13|           4|           4|
    |add_ln228_2_fu_1297_p2       |         +|   0|  0|   12|          12|          12|
    |add_ln228_3_fu_1319_p2       |         +|   0|  0|   13|           4|           4|
    |add_ln228_4_fu_1324_p2       |         +|   0|  0|   12|          12|          12|
    |add_ln228_5_fu_1338_p2       |         +|   0|  0|   13|           4|           4|
    |add_ln228_6_fu_1343_p2       |         +|   0|  0|   12|          12|          12|
    |add_ln228_fu_1221_p2         |         +|   0|  0|   12|          12|          12|
    |and_ln29_1_fu_1479_p2        |       and|   0|  0|    2|           1|           1|
    |and_ln29_2_fu_1586_p2        |       and|   0|  0|    2|           1|           1|
    |and_ln29_3_fu_1640_p2        |       and|   0|  0|    2|           1|           1|
    |and_ln29_fu_1364_p2          |       and|   0|  0|    2|           1|           1|
    |ap_predicate_pred461_state6  |       and|   0|  0|    2|           1|           1|
    |ap_predicate_pred471_state7  |       and|   0|  0|    2|           1|           1|
    |ap_predicate_pred481_state8  |       and|   0|  0|    2|           1|           1|
    |ap_predicate_pred499_state6  |       and|   0|  0|    2|           1|           1|
    |ap_predicate_pred505_state7  |       and|   0|  0|    2|           1|           1|
    |ap_predicate_pred512_state8  |       and|   0|  0|    2|           1|           1|
    |ap_predicate_pred529_state6  |       and|   0|  0|    2|           1|           1|
    |ap_predicate_pred535_state7  |       and|   0|  0|    2|           1|           1|
    |ap_predicate_pred542_state8  |       and|   0|  0|    2|           1|           1|
    |ap_predicate_pred559_state6  |       and|   0|  0|    2|           1|           1|
    |ap_predicate_pred565_state7  |       and|   0|  0|    2|           1|           1|
    |ap_predicate_pred572_state8  |       and|   0|  0|    2|           1|           1|
    |ap_predicate_pred589_state6  |       and|   0|  0|    2|           1|           1|
    |ap_predicate_pred595_state7  |       and|   0|  0|    2|           1|           1|
    |ap_predicate_pred602_state8  |       and|   0|  0|    2|           1|           1|
    |ap_predicate_pred619_state6  |       and|   0|  0|    2|           1|           1|
    |ap_predicate_pred625_state7  |       and|   0|  0|    2|           1|           1|
    |ap_predicate_pred632_state8  |       and|   0|  0|    2|           1|           1|
    |ap_predicate_pred649_state6  |       and|   0|  0|    2|           1|           1|
    |ap_predicate_pred655_state7  |       and|   0|  0|    2|           1|           1|
    |ap_predicate_pred662_state8  |       and|   0|  0|    2|           1|           1|
    |ap_predicate_pred679_state6  |       and|   0|  0|    2|           1|           1|
    |ap_predicate_pred685_state7  |       and|   0|  0|    2|           1|           1|
    |ap_predicate_pred692_state8  |       and|   0|  0|    2|           1|           1|
    |ap_predicate_pred709_state6  |       and|   0|  0|    2|           1|           1|
    |ap_predicate_pred715_state7  |       and|   0|  0|    2|           1|           1|
    |ap_predicate_pred722_state8  |       and|   0|  0|    2|           1|           1|
    |ap_predicate_pred739_state6  |       and|   0|  0|    2|           1|           1|
    |ap_predicate_pred745_state7  |       and|   0|  0|    2|           1|           1|
    |ap_predicate_pred752_state8  |       and|   0|  0|    2|           1|           1|
    |ap_predicate_pred769_state6  |       and|   0|  0|    2|           1|           1|
    |ap_predicate_pred775_state7  |       and|   0|  0|    2|           1|           1|
    |ap_predicate_pred782_state8  |       and|   0|  0|    2|           1|           1|
    |ap_predicate_pred799_state6  |       and|   0|  0|    2|           1|           1|
    |ap_predicate_pred805_state7  |       and|   0|  0|    2|           1|           1|
    |ap_predicate_pred812_state8  |       and|   0|  0|    2|           1|           1|
    |ap_predicate_pred829_state6  |       and|   0|  0|    2|           1|           1|
    |ap_predicate_pred835_state7  |       and|   0|  0|    2|           1|           1|
    |ap_predicate_pred842_state8  |       and|   0|  0|    2|           1|           1|
    |ap_predicate_pred859_state6  |       and|   0|  0|    2|           1|           1|
    |ap_predicate_pred865_state7  |       and|   0|  0|    2|           1|           1|
    |ap_predicate_pred871_state8  |       and|   0|  0|    2|           1|           1|
    |ap_predicate_pred888_state6  |       and|   0|  0|    2|           1|           1|
    |ap_predicate_pred894_state7  |       and|   0|  0|    2|           1|           1|
    |ap_predicate_pred900_state8  |       and|   0|  0|    2|           1|           1|
    |ap_predicate_pred917_state6  |       and|   0|  0|    2|           1|           1|
    |ap_predicate_pred923_state7  |       and|   0|  0|    2|           1|           1|
    |ap_predicate_pred929_state8  |       and|   0|  0|    2|           1|           1|
    |ashr_ln24_1_fu_1210_p2       |      ashr|   0|  0|  100|          32|          32|
    |ashr_ln24_2_fu_1311_p2       |      ashr|   0|  0|  100|          32|          32|
    |ashr_ln24_3_fu_1464_p2       |      ashr|   0|  0|  100|          32|          32|
    |ashr_ln24_fu_1149_p2         |      ashr|   0|  0|  100|          32|          32|
    |cmp198_2_i_i_fu_998_p2       |      icmp|   0|  0|   39|          32|           2|
    |cmp198_i_i_fu_986_p2         |      icmp|   0|  0|   39|          32|           1|
    |icmp1786_fu_992_p2           |      icmp|   0|  0|   38|          31|           1|
    |icmp1789_fu_1004_p2          |      icmp|   0|  0|   37|          30|           1|
    |icmp_ln220_fu_1018_p2        |      icmp|   0|  0|   13|           3|           4|
    |icmp_ln222_fu_1042_p2        |      icmp|   0|  0|   39|          32|          32|
    |icmp_ln26_1_fu_1254_p2       |      icmp|   0|  0|   36|          29|           1|
    |icmp_ln26_2_fu_1426_p2       |      icmp|   0|  0|   36|          29|           1|
    |icmp_ln26_3_fu_1541_p2       |      icmp|   0|  0|   36|          29|           1|
    |icmp_ln26_fu_1172_p2         |      icmp|   0|  0|   36|          29|           1|
    |icmp_ln27_1_fu_1260_p2       |      icmp|   0|  0|   39|          32|           4|
    |icmp_ln27_2_fu_1432_p2       |      icmp|   0|  0|   39|          32|           4|
    |icmp_ln27_3_fu_1547_p2       |      icmp|   0|  0|   39|          32|           4|
    |icmp_ln27_fu_1178_p2         |      icmp|   0|  0|   39|          32|           4|
    |or_ln26_1_fu_1278_p2         |        or|   0|  0|    2|           1|           1|
    |or_ln26_2_fu_1450_p2         |        or|   0|  0|    2|           1|           1|
    |or_ln26_3_fu_1565_p2         |        or|   0|  0|    2|           1|           1|
    |or_ln26_fu_1196_p2           |        or|   0|  0|    2|           1|           1|
    |r_26_fu_1202_p3              |    select|   0|  0|    4|           1|           4|
    |r_27_fu_1369_p3              |    select|   0|  0|    4|           1|           1|
    |r_29_fu_1284_p3              |    select|   0|  0|    4|           1|           4|
    |r_30_fu_1484_p3              |    select|   0|  0|    4|           1|           1|
    |r_32_fu_1456_p3              |    select|   0|  0|    4|           1|           4|
    |r_33_fu_1591_p3              |    select|   0|  0|    4|           1|           1|
    |r_35_fu_1571_p3              |    select|   0|  0|    4|           1|           4|
    |r_36_fu_1645_p3              |    select|   0|  0|    4|           1|           1|
    |s_10_fu_1239_p3              |    select|   0|  0|   32|           1|          32|
    |s_11_fu_1411_p3              |    select|   0|  0|   32|           1|          32|
    |s_12_fu_1526_p3              |    select|   0|  0|   32|           1|          32|
    |s_fu_1157_p3                 |    select|   0|  0|   32|           1|          32|
    |select_ln26_2_fu_1270_p3     |    select|   0|  0|    4|           1|           3|
    |select_ln26_4_fu_1442_p3     |    select|   0|  0|    4|           1|           3|
    |select_ln26_6_fu_1557_p3     |    select|   0|  0|    4|           1|           3|
    |select_ln26_fu_1188_p3       |    select|   0|  0|    4|           1|           3|
    |shl_ln24_1_fu_1214_p2        |       shl|   0|  0|  100|          32|          32|
    |shl_ln24_2_fu_1315_p2        |       shl|   0|  0|  100|          32|          32|
    |shl_ln24_3_fu_1468_p2        |       shl|   0|  0|  100|          32|          32|
    |shl_ln24_fu_1153_p2          |       shl|   0|  0|  100|          32|          32|
    |ap_enable_pp0                |       xor|   0|  0|    2|           1|           2|
    +-----------------------------+----------+----+---+-----+------------+------------+
    |Total                        |          |   0|  0| 1693|         796|         596|
    +-----------------------------+----------+----+---+-----+------------+------------+

    * Multiplexer: 
    +------------------------------------+----+-----------+-----+-----------+
    |                Name                | LUT| Input Size| Bits| Total Bits|
    +------------------------------------+----+-----------+-----+-----------+
    |ap_NS_fsm                           |  25|          5|    1|          5|
    |ap_done_int                         |   9|          2|    1|          2|
    |ap_enable_reg_pp0_iter0             |   9|          2|    1|          2|
    |ap_enable_reg_pp0_iter1             |   9|          2|    1|          2|
    |ap_sig_allocacmp_r_24               |   9|          2|    3|          6|
    |p_ZL10ch_out_buf_0_address0_local   |  25|          5|    8|         40|
    |p_ZL10ch_out_buf_0_d0_local         |  25|          5|    4|         20|
    |p_ZL10ch_out_buf_10_address0_local  |  25|          5|    8|         40|
    |p_ZL10ch_out_buf_10_d0_local        |  25|          5|    4|         20|
    |p_ZL10ch_out_buf_11_address0_local  |  25|          5|    8|         40|
    |p_ZL10ch_out_buf_11_d0_local        |  25|          5|    4|         20|
    |p_ZL10ch_out_buf_12_address0_local  |  25|          5|    8|         40|
    |p_ZL10ch_out_buf_12_d0_local        |  25|          5|    4|         20|
    |p_ZL10ch_out_buf_13_address0_local  |  25|          5|    8|         40|
    |p_ZL10ch_out_buf_13_d0_local        |  25|          5|    4|         20|
    |p_ZL10ch_out_buf_14_address0_local  |  25|          5|    8|         40|
    |p_ZL10ch_out_buf_14_d0_local        |  25|          5|    4|         20|
    |p_ZL10ch_out_buf_15_address0_local  |  25|          5|    8|         40|
    |p_ZL10ch_out_buf_15_d0_local        |  25|          5|    4|         20|
    |p_ZL10ch_out_buf_1_address0_local   |  25|          5|    8|         40|
    |p_ZL10ch_out_buf_1_d0_local         |  25|          5|    4|         20|
    |p_ZL10ch_out_buf_2_address0_local   |  25|          5|    8|         40|
    |p_ZL10ch_out_buf_2_d0_local         |  25|          5|    4|         20|
    |p_ZL10ch_out_buf_3_address0_local   |  25|          5|    8|         40|
    |p_ZL10ch_out_buf_3_d0_local         |  25|          5|    4|         20|
    |p_ZL10ch_out_buf_4_address0_local   |  25|          5|    8|         40|
    |p_ZL10ch_out_buf_4_d0_local         |  25|          5|    4|         20|
    |p_ZL10ch_out_buf_5_address0_local   |  25|          5|    8|         40|
    |p_ZL10ch_out_buf_5_d0_local         |  25|          5|    4|         20|
    |p_ZL10ch_out_buf_6_address0_local   |  25|          5|    8|         40|
    |p_ZL10ch_out_buf_6_d0_local         |  25|          5|    4|         20|
    |p_ZL10ch_out_buf_7_address0_local   |  25|          5|    8|         40|
    |p_ZL10ch_out_buf_7_d0_local         |  25|          5|    4|         20|
    |p_ZL10ch_out_buf_8_address0_local   |  25|          5|    8|         40|
    |p_ZL10ch_out_buf_8_d0_local         |  25|          5|    4|         20|
    |p_ZL10ch_out_buf_9_address0_local   |  25|          5|    8|         40|
    |p_ZL10ch_out_buf_9_d0_local         |  25|          5|    4|         20|
    |r_fu_204                            |   9|          2|    3|          6|
    +------------------------------------+----+-----------+-----+-----------+
    |Total                               | 870|        175|  202|        983|
    +------------------------------------+----+-----------+-----+-----------+

    * Register: 
    +-----------------------------------+----+----+-----+-----------+
    |                Name               | FF | LUT| Bits| Const Bits|
    +-----------------------------------+----+----+-----+-----------+
    |add_ln228_1_reg_1844               |   4|   0|    4|          0|
    |add_ln228_3_reg_1863               |   4|   0|    4|          0|
    |add_ln228_5_reg_1872               |   4|   0|    4|          0|
    |ap_CS_fsm                          |   4|   0|    4|          0|
    |ap_done_reg                        |   1|   0|    1|          0|
    |ap_enable_reg_pp0_iter0_reg        |   1|   0|    1|          0|
    |ap_enable_reg_pp0_iter1            |   1|   0|    1|          0|
    |ap_predicate_pred461_state6        |   1|   0|    1|          0|
    |ap_predicate_pred471_state7        |   1|   0|    1|          0|
    |ap_predicate_pred481_state8        |   1|   0|    1|          0|
    |ap_predicate_pred499_state6        |   1|   0|    1|          0|
    |ap_predicate_pred505_state7        |   1|   0|    1|          0|
    |ap_predicate_pred512_state8        |   1|   0|    1|          0|
    |ap_predicate_pred529_state6        |   1|   0|    1|          0|
    |ap_predicate_pred535_state7        |   1|   0|    1|          0|
    |ap_predicate_pred542_state8        |   1|   0|    1|          0|
    |ap_predicate_pred559_state6        |   1|   0|    1|          0|
    |ap_predicate_pred565_state7        |   1|   0|    1|          0|
    |ap_predicate_pred572_state8        |   1|   0|    1|          0|
    |ap_predicate_pred589_state6        |   1|   0|    1|          0|
    |ap_predicate_pred595_state7        |   1|   0|    1|          0|
    |ap_predicate_pred602_state8        |   1|   0|    1|          0|
    |ap_predicate_pred619_state6        |   1|   0|    1|          0|
    |ap_predicate_pred625_state7        |   1|   0|    1|          0|
    |ap_predicate_pred632_state8        |   1|   0|    1|          0|
    |ap_predicate_pred649_state6        |   1|   0|    1|          0|
    |ap_predicate_pred655_state7        |   1|   0|    1|          0|
    |ap_predicate_pred662_state8        |   1|   0|    1|          0|
    |ap_predicate_pred679_state6        |   1|   0|    1|          0|
    |ap_predicate_pred685_state7        |   1|   0|    1|          0|
    |ap_predicate_pred692_state8        |   1|   0|    1|          0|
    |ap_predicate_pred709_state6        |   1|   0|    1|          0|
    |ap_predicate_pred715_state7        |   1|   0|    1|          0|
    |ap_predicate_pred722_state8        |   1|   0|    1|          0|
    |ap_predicate_pred739_state6        |   1|   0|    1|          0|
    |ap_predicate_pred745_state7        |   1|   0|    1|          0|
    |ap_predicate_pred752_state8        |   1|   0|    1|          0|
    |ap_predicate_pred769_state6        |   1|   0|    1|          0|
    |ap_predicate_pred775_state7        |   1|   0|    1|          0|
    |ap_predicate_pred782_state8        |   1|   0|    1|          0|
    |ap_predicate_pred799_state6        |   1|   0|    1|          0|
    |ap_predicate_pred805_state7        |   1|   0|    1|          0|
    |ap_predicate_pred812_state8        |   1|   0|    1|          0|
    |ap_predicate_pred829_state6        |   1|   0|    1|          0|
    |ap_predicate_pred835_state7        |   1|   0|    1|          0|
    |ap_predicate_pred842_state8        |   1|   0|    1|          0|
    |ap_predicate_pred859_state6        |   1|   0|    1|          0|
    |ap_predicate_pred865_state7        |   1|   0|    1|          0|
    |ap_predicate_pred871_state8        |   1|   0|    1|          0|
    |ap_predicate_pred888_state6        |   1|   0|    1|          0|
    |ap_predicate_pred894_state7        |   1|   0|    1|          0|
    |ap_predicate_pred900_state8        |   1|   0|    1|          0|
    |ap_predicate_pred917_state6        |   1|   0|    1|          0|
    |ap_predicate_pred923_state7        |   1|   0|    1|          0|
    |ap_predicate_pred929_state8        |   1|   0|    1|          0|
    |ashr_ln24_1_reg_1819               |  32|   0|   32|          0|
    |ashr_ln24_2_reg_1853               |  32|   0|   32|          0|
    |ashr_ln24_3_reg_1887               |  32|   0|   32|          0|
    |ashr_ln24_reg_1803                 |  32|   0|   32|          0|
    |cmp198_2_i_i_reg_1763              |   1|   0|    1|          0|
    |cmp198_i_i_reg_1755                |   1|   0|    1|          0|
    |icmp1786_reg_1759                  |   1|   0|    1|          0|
    |icmp1789_reg_1767                  |   1|   0|    1|          0|
    |icmp_ln220_reg_1771                |   1|   0|    1|          0|
    |icmp_ln222_reg_1775                |   1|   0|    1|          0|
    |icmp_ln222_reg_1775_pp0_iter1_reg  |   1|   0|    1|          0|
    |lshr_ln228_1_reg_1848              |   8|   0|    8|          0|
    |lshr_ln228_2_reg_1867              |   8|   0|    8|          0|
    |lshr_ln228_3_reg_1876              |   8|   0|    8|          0|
    |lshr_ln2_reg_1833                  |   8|   0|    8|          0|
    |r_26_reg_1813                      |   4|   0|    4|          0|
    |r_29_reg_1838                      |   4|   0|    4|          0|
    |r_32_reg_1881                      |   4|   0|    4|          0|
    |r_35_reg_1897                      |   4|   0|    4|          0|
    |r_36_reg_1903                      |   4|   0|    4|          0|
    |r_fu_204                           |   3|   0|    3|          0|
    |shl_ln24_1_reg_1824                |  32|   0|   32|          0|
    |shl_ln24_2_reg_1858                |  32|   0|   32|          0|
    |shl_ln24_3_reg_1892                |  32|   0|   32|          0|
    |shl_ln24_reg_1808                  |  32|   0|   32|          0|
    |trunc_ln228_reg_1829               |   4|   0|    4|          0|
    |val_10_reg_1797                    |  32|   0|   32|          0|
    |val_8_reg_1785                     |  32|   0|   32|          0|
    |val_9_reg_1791                     |  32|   0|   32|          0|
    |val_reg_1779                       |  32|   0|   32|          0|
    +-----------------------------------+----+----+-----+-----------+
    |Total                              | 517|   0|  517|          0|
    +-----------------------------------+----+----+-----+-----------+



================================================================
== Interface
================================================================
* Summary: 
+------------------------------+-----+-----+------------+-----------------------------------------------+--------------+
|           RTL Ports          | Dir | Bits|  Protocol  |                 Source Object                 |    C Type    |
+------------------------------+-----+-----+------------+-----------------------------------------------+--------------+
|ap_clk                        |   in|    1|  ap_ctrl_hs|  dwconv_process_channel4_Pipeline_STORE_DW_OUT|  return value|
|ap_rst                        |   in|    1|  ap_ctrl_hs|  dwconv_process_channel4_Pipeline_STORE_DW_OUT|  return value|
|ap_start                      |   in|    1|  ap_ctrl_hs|  dwconv_process_channel4_Pipeline_STORE_DW_OUT|  return value|
|ap_done                       |  out|    1|  ap_ctrl_hs|  dwconv_process_channel4_Pipeline_STORE_DW_OUT|  return value|
|ap_idle                       |  out|    1|  ap_ctrl_hs|  dwconv_process_channel4_Pipeline_STORE_DW_OUT|  return value|
|ap_ready                      |  out|    1|  ap_ctrl_hs|  dwconv_process_channel4_Pipeline_STORE_DW_OUT|  return value|
|tr_valid                      |   in|   32|     ap_none|                                       tr_valid|        scalar|
|trunc_ln13                    |   in|   12|     ap_none|                                     trunc_ln13|        scalar|
|empty_73                      |   in|   12|     ap_none|                                       empty_73|        scalar|
|p_ZL10dw_out_buf_0_0_load     |   in|   32|     ap_none|                      p_ZL10dw_out_buf_0_0_load|        scalar|
|p_ZL10dw_out_buf_1_0_load     |   in|   32|     ap_none|                      p_ZL10dw_out_buf_1_0_load|        scalar|
|p_ZL10dw_out_buf_2_0_load     |   in|   32|     ap_none|                      p_ZL10dw_out_buf_2_0_load|        scalar|
|p_ZL10dw_out_buf_3_0_load     |   in|   32|     ap_none|                      p_ZL10dw_out_buf_3_0_load|        scalar|
|out_shift                     |   in|   32|     ap_none|                                      out_shift|        scalar|
|sub_i_i_i_i                   |   in|   32|     ap_none|                                    sub_i_i_i_i|        scalar|
|empty_74                      |   in|    1|     ap_none|                                       empty_74|        scalar|
|cmp_i_i_i                     |   in|    1|     ap_none|                                      cmp_i_i_i|        scalar|
|trunc_ln159_1                 |   in|   12|     ap_none|                                  trunc_ln159_1|        scalar|
|p_ZL10dw_out_buf_0_1_load     |   in|   32|     ap_none|                      p_ZL10dw_out_buf_0_1_load|        scalar|
|p_ZL10dw_out_buf_1_1_load     |   in|   32|     ap_none|                      p_ZL10dw_out_buf_1_1_load|        scalar|
|p_ZL10dw_out_buf_2_1_load     |   in|   32|     ap_none|                      p_ZL10dw_out_buf_2_1_load|        scalar|
|p_ZL10dw_out_buf_3_1_load     |   in|   32|     ap_none|                      p_ZL10dw_out_buf_3_1_load|        scalar|
|trunc_ln14                    |   in|    4|     ap_none|                                     trunc_ln14|        scalar|
|tmp_36                        |   in|   12|     ap_none|                                         tmp_36|        scalar|
|p_ZL10dw_out_buf_0_2_load     |   in|   32|     ap_none|                      p_ZL10dw_out_buf_0_2_load|        scalar|
|p_ZL10dw_out_buf_1_2_load     |   in|   32|     ap_none|                      p_ZL10dw_out_buf_1_2_load|        scalar|
|p_ZL10dw_out_buf_2_2_load     |   in|   32|     ap_none|                      p_ZL10dw_out_buf_2_2_load|        scalar|
|p_ZL10dw_out_buf_3_2_load     |   in|   32|     ap_none|                      p_ZL10dw_out_buf_3_2_load|        scalar|
|tmp_37                        |   in|   12|     ap_none|                                         tmp_37|        scalar|
|p_ZL10dw_out_buf_0_3_load     |   in|   32|     ap_none|                      p_ZL10dw_out_buf_0_3_load|        scalar|
|p_ZL10dw_out_buf_1_3_load     |   in|   32|     ap_none|                      p_ZL10dw_out_buf_1_3_load|        scalar|
|p_ZL10dw_out_buf_2_3_load     |   in|   32|     ap_none|                      p_ZL10dw_out_buf_2_3_load|        scalar|
|p_ZL10dw_out_buf_3_3_load     |   in|   32|     ap_none|                      p_ZL10dw_out_buf_3_3_load|        scalar|
|tmp_38                        |   in|   12|     ap_none|                                         tmp_38|        scalar|
|tc_valid                      |   in|   32|     ap_none|                                       tc_valid|        scalar|
|empty_75                      |   in|   31|     ap_none|                                       empty_75|        scalar|
|empty                         |   in|   30|     ap_none|                                          empty|        scalar|
|p_ZL10ch_out_buf_0_address0   |  out|    8|   ap_memory|                             p_ZL10ch_out_buf_0|         array|
|p_ZL10ch_out_buf_0_ce0        |  out|    1|   ap_memory|                             p_ZL10ch_out_buf_0|         array|
|p_ZL10ch_out_buf_0_we0        |  out|    1|   ap_memory|                             p_ZL10ch_out_buf_0|         array|
|p_ZL10ch_out_buf_0_d0         |  out|    4|   ap_memory|                             p_ZL10ch_out_buf_0|         array|
|p_ZL10ch_out_buf_1_address0   |  out|    8|   ap_memory|                             p_ZL10ch_out_buf_1|         array|
|p_ZL10ch_out_buf_1_ce0        |  out|    1|   ap_memory|                             p_ZL10ch_out_buf_1|         array|
|p_ZL10ch_out_buf_1_we0        |  out|    1|   ap_memory|                             p_ZL10ch_out_buf_1|         array|
|p_ZL10ch_out_buf_1_d0         |  out|    4|   ap_memory|                             p_ZL10ch_out_buf_1|         array|
|p_ZL10ch_out_buf_2_address0   |  out|    8|   ap_memory|                             p_ZL10ch_out_buf_2|         array|
|p_ZL10ch_out_buf_2_ce0        |  out|    1|   ap_memory|                             p_ZL10ch_out_buf_2|         array|
|p_ZL10ch_out_buf_2_we0        |  out|    1|   ap_memory|                             p_ZL10ch_out_buf_2|         array|
|p_ZL10ch_out_buf_2_d0         |  out|    4|   ap_memory|                             p_ZL10ch_out_buf_2|         array|
|p_ZL10ch_out_buf_3_address0   |  out|    8|   ap_memory|                             p_ZL10ch_out_buf_3|         array|
|p_ZL10ch_out_buf_3_ce0        |  out|    1|   ap_memory|                             p_ZL10ch_out_buf_3|         array|
|p_ZL10ch_out_buf_3_we0        |  out|    1|   ap_memory|                             p_ZL10ch_out_buf_3|         array|
|p_ZL10ch_out_buf_3_d0         |  out|    4|   ap_memory|                             p_ZL10ch_out_buf_3|         array|
|p_ZL10ch_out_buf_4_address0   |  out|    8|   ap_memory|                             p_ZL10ch_out_buf_4|         array|
|p_ZL10ch_out_buf_4_ce0        |  out|    1|   ap_memory|                             p_ZL10ch_out_buf_4|         array|
|p_ZL10ch_out_buf_4_we0        |  out|    1|   ap_memory|                             p_ZL10ch_out_buf_4|         array|
|p_ZL10ch_out_buf_4_d0         |  out|    4|   ap_memory|                             p_ZL10ch_out_buf_4|         array|
|p_ZL10ch_out_buf_5_address0   |  out|    8|   ap_memory|                             p_ZL10ch_out_buf_5|         array|
|p_ZL10ch_out_buf_5_ce0        |  out|    1|   ap_memory|                             p_ZL10ch_out_buf_5|         array|
|p_ZL10ch_out_buf_5_we0        |  out|    1|   ap_memory|                             p_ZL10ch_out_buf_5|         array|
|p_ZL10ch_out_buf_5_d0         |  out|    4|   ap_memory|                             p_ZL10ch_out_buf_5|         array|
|p_ZL10ch_out_buf_6_address0   |  out|    8|   ap_memory|                             p_ZL10ch_out_buf_6|         array|
|p_ZL10ch_out_buf_6_ce0        |  out|    1|   ap_memory|                             p_ZL10ch_out_buf_6|         array|
|p_ZL10ch_out_buf_6_we0        |  out|    1|   ap_memory|                             p_ZL10ch_out_buf_6|         array|
|p_ZL10ch_out_buf_6_d0         |  out|    4|   ap_memory|                             p_ZL10ch_out_buf_6|         array|
|p_ZL10ch_out_buf_7_address0   |  out|    8|   ap_memory|                             p_ZL10ch_out_buf_7|         array|
|p_ZL10ch_out_buf_7_ce0        |  out|    1|   ap_memory|                             p_ZL10ch_out_buf_7|         array|
|p_ZL10ch_out_buf_7_we0        |  out|    1|   ap_memory|                             p_ZL10ch_out_buf_7|         array|
|p_ZL10ch_out_buf_7_d0         |  out|    4|   ap_memory|                             p_ZL10ch_out_buf_7|         array|
|p_ZL10ch_out_buf_8_address0   |  out|    8|   ap_memory|                             p_ZL10ch_out_buf_8|         array|
|p_ZL10ch_out_buf_8_ce0        |  out|    1|   ap_memory|                             p_ZL10ch_out_buf_8|         array|
|p_ZL10ch_out_buf_8_we0        |  out|    1|   ap_memory|                             p_ZL10ch_out_buf_8|         array|
|p_ZL10ch_out_buf_8_d0         |  out|    4|   ap_memory|                             p_ZL10ch_out_buf_8|         array|
|p_ZL10ch_out_buf_9_address0   |  out|    8|   ap_memory|                             p_ZL10ch_out_buf_9|         array|
|p_ZL10ch_out_buf_9_ce0        |  out|    1|   ap_memory|                             p_ZL10ch_out_buf_9|         array|
|p_ZL10ch_out_buf_9_we0        |  out|    1|   ap_memory|                             p_ZL10ch_out_buf_9|         array|
|p_ZL10ch_out_buf_9_d0         |  out|    4|   ap_memory|                             p_ZL10ch_out_buf_9|         array|
|p_ZL10ch_out_buf_10_address0  |  out|    8|   ap_memory|                            p_ZL10ch_out_buf_10|         array|
|p_ZL10ch_out_buf_10_ce0       |  out|    1|   ap_memory|                            p_ZL10ch_out_buf_10|         array|
|p_ZL10ch_out_buf_10_we0       |  out|    1|   ap_memory|                            p_ZL10ch_out_buf_10|         array|
|p_ZL10ch_out_buf_10_d0        |  out|    4|   ap_memory|                            p_ZL10ch_out_buf_10|         array|
|p_ZL10ch_out_buf_11_address0  |  out|    8|   ap_memory|                            p_ZL10ch_out_buf_11|         array|
|p_ZL10ch_out_buf_11_ce0       |  out|    1|   ap_memory|                            p_ZL10ch_out_buf_11|         array|
|p_ZL10ch_out_buf_11_we0       |  out|    1|   ap_memory|                            p_ZL10ch_out_buf_11|         array|
|p_ZL10ch_out_buf_11_d0        |  out|    4|   ap_memory|                            p_ZL10ch_out_buf_11|         array|
|p_ZL10ch_out_buf_12_address0  |  out|    8|   ap_memory|                            p_ZL10ch_out_buf_12|         array|
|p_ZL10ch_out_buf_12_ce0       |  out|    1|   ap_memory|                            p_ZL10ch_out_buf_12|         array|
|p_ZL10ch_out_buf_12_we0       |  out|    1|   ap_memory|                            p_ZL10ch_out_buf_12|         array|
|p_ZL10ch_out_buf_12_d0        |  out|    4|   ap_memory|                            p_ZL10ch_out_buf_12|         array|
|p_ZL10ch_out_buf_13_address0  |  out|    8|   ap_memory|                            p_ZL10ch_out_buf_13|         array|
|p_ZL10ch_out_buf_13_ce0       |  out|    1|   ap_memory|                            p_ZL10ch_out_buf_13|         array|
|p_ZL10ch_out_buf_13_we0       |  out|    1|   ap_memory|                            p_ZL10ch_out_buf_13|         array|
|p_ZL10ch_out_buf_13_d0        |  out|    4|   ap_memory|                            p_ZL10ch_out_buf_13|         array|
|p_ZL10ch_out_buf_14_address0  |  out|    8|   ap_memory|                            p_ZL10ch_out_buf_14|         array|
|p_ZL10ch_out_buf_14_ce0       |  out|    1|   ap_memory|                            p_ZL10ch_out_buf_14|         array|
|p_ZL10ch_out_buf_14_we0       |  out|    1|   ap_memory|                            p_ZL10ch_out_buf_14|         array|
|p_ZL10ch_out_buf_14_d0        |  out|    4|   ap_memory|                            p_ZL10ch_out_buf_14|         array|
|p_ZL10ch_out_buf_15_address0  |  out|    8|   ap_memory|                            p_ZL10ch_out_buf_15|         array|
|p_ZL10ch_out_buf_15_ce0       |  out|    1|   ap_memory|                            p_ZL10ch_out_buf_15|         array|
|p_ZL10ch_out_buf_15_we0       |  out|    1|   ap_memory|                            p_ZL10ch_out_buf_15|         array|
|p_ZL10ch_out_buf_15_d0        |  out|    4|   ap_memory|                            p_ZL10ch_out_buf_15|         array|
+------------------------------+-----+-----+------------+-----------------------------------------------+--------------+

