

================================================================
== Vitis HLS Report for 'add_worker_Pipeline_ADD_LOOP'
================================================================
* Date:           Tue Aug 11 02:53:49 2026

* Version:        2024.2 (Build 5238294 on Nov  8 2024)
* Project:        fastvit_ip_w8a4_proj_200mhz
* Solution:       solution1 (Vivado IP Flow Target)
* Product family: zynq
* Target device:  xc7z020-clg400-1


================================================================
== Performance Estimates
================================================================
+ Timing: 
    * Summary: 
    +--------+---------+----------+------------+
    |  Clock |  Target | Estimated| Uncertainty|
    +--------+---------+----------+------------+
    |ap_clk  |  5.00 ns|  5.108 ns|     1.35 ns|
    +--------+---------+----------+------------+

+ Latency: 
    * Summary: 
    +---------+------------+-----------+------------+-----+------------+------------------------------------------------+
    |   Latency (cycles)   |   Latency (absolute)   |     Interval     |                    Pipeline                    |
    |   min   |     max    |    min    |     max    | min |     max    |                      Type                      |
    +---------+------------+-----------+------------+-----+------------+------------------------------------------------+
    |        3|  2147483715|  15.324 ns|  10.969 sec|    2|  2147483648|  loop auto-rewind stp (delay=0 clock cycles(s))|
    +---------+------------+-----------+------------+-----+------------+------------------------------------------------+

    + Detail: 
        * Instance: 
        N/A

        * Loop: 
        +------------+---------+------------+----------+-----------+-----------+---------------+----------+
        |            |   Latency (cycles)   | Iteration|  Initiation Interval  |      Trip     |          |
        |  Loop Name |   min   |     max    |  Latency |  achieved |   target  |     Count     | Pipelined|
        +------------+---------+------------+----------+-----------+-----------+---------------+----------+
        |- ADD_LOOP  |        1|  2147483713|        82|          8|          1|  0 ~ 268435455|       yes|
        +------------+---------+------------+----------+-----------+-----------+---------------+----------+



================================================================
== Utilization Estimates
================================================================
* Summary: 
+-----------------+---------+-----+--------+-------+-----+
|       Name      | BRAM_18K| DSP |   FF   |  LUT  | URAM|
+-----------------+---------+-----+--------+-------+-----+
|DSP              |        -|    -|       -|      -|    -|
|Expression       |        -|    -|       0|   1543|    -|
|FIFO             |        -|    -|       -|      -|    -|
|Instance         |        -|    -|       -|      -|    -|
|Memory           |        -|    -|       -|      -|    -|
|Multiplexer      |        -|    -|       0|    339|    -|
|Register         |        -|    -|    1405|    288|    -|
+-----------------+---------+-----+--------+-------+-----+
|Total            |        0|    0|    1405|   2170|    0|
+-----------------+---------+-----+--------+-------+-----+
|Available        |      280|  220|  106400|  53200|    0|
+-----------------+---------+-----+--------+-------+-----+
|Utilization (%)  |        0|    0|       1|      4|    0|
+-----------------+---------+-----+--------+-------+-----+

+ Detail: 
    * Instance: 
    N/A

    * DSP: 
    N/A

    * Memory: 
    N/A

    * FIFO: 
    N/A

    * Expression: 
    +-----------------------------------------+----------+----+---+----+------------+------------+
    |              Variable Name              | Operation| DSP| FF| LUT| Bitwidth P0| Bitwidth P1|
    +-----------------------------------------+----------+----+---+----+------------+------------+
    |add_ln34_fu_423_p2                       |         +|   0|  0|  35|          28|           1|
    |add_ln42_1_fu_448_p2                     |         +|   0|  0|  71|          64|          64|
    |add_ln42_2_fu_479_p2                     |         +|   0|  0|  71|          64|          64|
    |add_ln42_3_fu_514_p2                     |         +|   0|  0|  71|          64|          64|
    |add_ln42_4_fu_545_p2                     |         +|   0|  0|  71|          64|          64|
    |add_ln42_5_fu_576_p2                     |         +|   0|  0|  71|          64|          64|
    |add_ln42_6_fu_607_p2                     |         +|   0|  0|  71|          64|          64|
    |add_ln42_7_fu_638_p2                     |         +|   0|  0|  71|          64|          64|
    |add_ln42_fu_411_p2                       |         +|   0|  0|  71|          64|          64|
    |result_10_fu_1040_p2                     |         +|   0|  0|  13|           4|           4|
    |result_12_fu_1080_p2                     |         +|   0|  0|  13|           4|           4|
    |result_14_fu_1161_p2                     |         +|   0|  0|  13|           4|           4|
    |result_2_fu_792_p2                       |         +|   0|  0|  13|           4|           4|
    |result_4_fu_854_p2                       |         +|   0|  0|  13|           4|           4|
    |result_6_fu_916_p2                       |         +|   0|  0|  13|           4|           4|
    |result_8_fu_978_p2                       |         +|   0|  0|  13|           4|           4|
    |result_fu_730_p2                         |         +|   0|  0|  13|           4|           4|
    |sum_100_fu_859_p2                        |         +|   0|  0|  13|           5|           5|
    |sum_101_fu_921_p2                        |         +|   0|  0|  13|           5|           5|
    |sum_102_fu_983_p2                        |         +|   0|  0|  13|           5|           5|
    |sum_103_fu_1045_p2                       |         +|   0|  0|  13|           5|           5|
    |sum_104_fu_1085_p2                       |         +|   0|  0|  13|           5|           5|
    |sum_105_fu_1166_p2                       |         +|   0|  0|  13|           5|           5|
    |sum_99_fu_797_p2                         |         +|   0|  0|  13|           5|           5|
    |sum_fu_735_p2                            |         +|   0|  0|  13|           5|           5|
    |ap_block_pp0_stage0_11001_grp8           |       and|   0|  0|   2|           1|           1|
    |ap_block_pp0_stage0_11001_grp9           |       and|   0|  0|   2|           1|           1|
    |ap_block_pp0_stage1_11001_grp1           |       and|   0|  0|   2|           1|           1|
    |ap_block_pp0_stage1_11001_grp10          |       and|   0|  0|   2|           1|           1|
    |ap_block_pp0_stage1_11001_grp11          |       and|   0|  0|   2|           1|           1|
    |ap_block_pp0_stage1_11001_grp18          |       and|   0|  0|   2|           1|           1|
    |ap_block_pp0_stage2_11001_grp12          |       and|   0|  0|   2|           1|           1|
    |ap_block_pp0_stage2_11001_grp2           |       and|   0|  0|   2|           1|           1|
    |ap_block_pp0_stage3_11001_grp13          |       and|   0|  0|   2|           1|           1|
    |ap_block_pp0_stage3_11001_grp3           |       and|   0|  0|   2|           1|           1|
    |ap_block_pp0_stage4_11001_grp14          |       and|   0|  0|   2|           1|           1|
    |ap_block_pp0_stage4_11001_grp4           |       and|   0|  0|   2|           1|           1|
    |ap_block_pp0_stage5_11001_grp15          |       and|   0|  0|   2|           1|           1|
    |ap_block_pp0_stage5_11001_grp5           |       and|   0|  0|   2|           1|           1|
    |ap_block_pp0_stage6_11001_grp16          |       and|   0|  0|   2|           1|           1|
    |ap_block_pp0_stage6_11001_grp6           |       and|   0|  0|   2|           1|           1|
    |ap_block_pp0_stage7_11001_grp17          |       and|   0|  0|   2|           1|           1|
    |ap_block_pp0_stage7_11001_grp7           |       and|   0|  0|   2|           1|           1|
    |ap_block_state2_io_grp1                  |       and|   0|  0|   2|           1|           1|
    |ap_block_state3_io_grp2                  |       and|   0|  0|   2|           1|           1|
    |ap_block_state4_io_grp3                  |       and|   0|  0|   2|           1|           1|
    |ap_block_state5_io_grp4                  |       and|   0|  0|   2|           1|           1|
    |ap_block_state6_io_grp5                  |       and|   0|  0|   2|           1|           1|
    |ap_block_state73_pp0_stage0_iter9_grp9   |       and|   0|  0|   2|           1|           1|
    |ap_block_state74_pp0_stage1_iter9_grp10  |       and|   0|  0|   2|           1|           1|
    |ap_block_state74_pp0_stage1_iter9_grp11  |       and|   0|  0|   2|           1|           1|
    |ap_block_state75_pp0_stage2_iter9_grp12  |       and|   0|  0|   2|           1|           1|
    |ap_block_state76_pp0_stage3_iter9_grp13  |       and|   0|  0|   2|           1|           1|
    |ap_block_state77_pp0_stage4_iter9_grp14  |       and|   0|  0|   2|           1|           1|
    |ap_block_state78_pp0_stage5_iter9_grp15  |       and|   0|  0|   2|           1|           1|
    |ap_block_state79_pp0_stage6_iter9_grp16  |       and|   0|  0|   2|           1|           1|
    |ap_block_state7_io_grp6                  |       and|   0|  0|   2|           1|           1|
    |ap_block_state80_pp0_stage7_iter9_grp17  |       and|   0|  0|   2|           1|           1|
    |ap_block_state8_io_grp7                  |       and|   0|  0|   2|           1|           1|
    |ap_block_state9_io_grp8                  |       and|   0|  0|   2|           1|           1|
    |ap_predicate_op110_readreq_state2        |       and|   0|  0|   2|           1|           1|
    |ap_predicate_op119_readreq_state3        |       and|   0|  0|   2|           1|           1|
    |ap_predicate_op130_readreq_state4        |       and|   0|  0|   2|           1|           1|
    |ap_predicate_op165_readreq_state5        |       and|   0|  0|   2|           1|           1|
    |ap_predicate_op174_readreq_state6        |       and|   0|  0|   2|           1|           1|
    |ap_predicate_op180_readreq_state7        |       and|   0|  0|   2|           1|           1|
    |ap_predicate_op187_readreq_state8        |       and|   0|  0|   2|           1|           1|
    |ap_predicate_op195_readreq_state9        |       and|   0|  0|   2|           1|           1|
    |ap_predicate_op700_read_state73          |       and|   0|  0|   2|           1|           1|
    |ap_predicate_op714_read_state74          |       and|   0|  0|   2|           1|           1|
    |ap_predicate_op737_read_state75          |       and|   0|  0|   2|           1|           1|
    |ap_predicate_op756_read_state76          |       and|   0|  0|   2|           1|           1|
    |ap_predicate_op774_read_state77          |       and|   0|  0|   2|           1|           1|
    |ap_predicate_op791_read_state78          |       and|   0|  0|   2|           1|           1|
    |ap_predicate_op807_read_state79          |       and|   0|  0|   2|           1|           1|
    |ap_predicate_op828_read_state80          |       and|   0|  0|   2|           1|           1|
    |icmp_ln34_fu_383_p2                      |      icmp|   0|  0|  36|          29|          29|
    |icmp_ln42_1_fu_443_p2                    |      icmp|   0|  0|  39|          32|          32|
    |icmp_ln42_2_fu_474_p2                    |      icmp|   0|  0|  39|          32|          32|
    |icmp_ln42_3_fu_509_p2                    |      icmp|   0|  0|  39|          32|          32|
    |icmp_ln42_4_fu_540_p2                    |      icmp|   0|  0|  39|          32|          32|
    |icmp_ln42_5_fu_571_p2                    |      icmp|   0|  0|  39|          32|          32|
    |icmp_ln42_6_fu_602_p2                    |      icmp|   0|  0|  39|          32|          32|
    |icmp_ln42_7_fu_633_p2                    |      icmp|   0|  0|  39|          32|          32|
    |icmp_ln42_fu_405_p2                      |      icmp|   0|  0|  39|          32|          32|
    |icmp_ln46_1_fu_813_p2                    |      icmp|   0|  0|  10|           2|           1|
    |icmp_ln46_2_fu_875_p2                    |      icmp|   0|  0|  10|           2|           1|
    |icmp_ln46_3_fu_937_p2                    |      icmp|   0|  0|  10|           2|           1|
    |icmp_ln46_4_fu_999_p2                    |      icmp|   0|  0|  10|           2|           1|
    |icmp_ln46_5_fu_1061_p2                   |      icmp|   0|  0|  10|           2|           1|
    |icmp_ln46_6_fu_1123_p2                   |      icmp|   0|  0|  10|           2|           1|
    |icmp_ln46_7_fu_1182_p2                   |      icmp|   0|  0|  10|           2|           1|
    |icmp_ln46_fu_751_p2                      |      icmp|   0|  0|  10|           2|           1|
    |icmp_ln47_1_fu_819_p2                    |      icmp|   0|  0|  13|           5|           4|
    |icmp_ln47_2_fu_881_p2                    |      icmp|   0|  0|  13|           5|           4|
    |icmp_ln47_3_fu_943_p2                    |      icmp|   0|  0|  13|           5|           4|
    |icmp_ln47_4_fu_1005_p2                   |      icmp|   0|  0|  13|           5|           4|
    |icmp_ln47_5_fu_1067_p2                   |      icmp|   0|  0|  13|           5|           4|
    |icmp_ln47_6_fu_1128_p2                   |      icmp|   0|  0|  13|           5|           4|
    |icmp_ln47_7_fu_1188_p2                   |      icmp|   0|  0|  13|           5|           4|
    |icmp_ln47_fu_757_p2                      |      icmp|   0|  0|  13|           5|           4|
    |ap_block_pp0_stage0_11001                |        or|   0|  0|   2|           1|           1|
    |ap_block_pp0_stage1_subdone              |        or|   0|  0|   2|           1|           1|
    |ap_block_pp0_stage2_subdone              |        or|   0|  0|   2|           1|           1|
    |ap_block_pp0_stage3_subdone              |        or|   0|  0|   2|           1|           1|
    |ap_block_pp0_stage4_subdone              |        or|   0|  0|   2|           1|           1|
    |ap_block_pp0_stage5_subdone              |        or|   0|  0|   2|           1|           1|
    |ap_block_pp0_stage6_subdone              |        or|   0|  0|   2|           1|           1|
    |ap_block_pp0_stage7_11001                |        or|   0|  0|   2|           1|           1|
    |or_ln46_1_fu_836_p2                      |        or|   0|  0|   2|           1|           1|
    |or_ln46_2_fu_898_p2                      |        or|   0|  0|   2|           1|           1|
    |or_ln46_3_fu_960_p2                      |        or|   0|  0|   2|           1|           1|
    |or_ln46_4_fu_1022_p2                     |        or|   0|  0|   2|           1|           1|
    |or_ln46_5_fu_1112_p2                     |        or|   0|  0|   2|           1|           1|
    |or_ln46_6_fu_1141_p2                     |        or|   0|  0|   2|           1|           1|
    |or_ln46_7_fu_1207_p2                     |        or|   0|  0|   2|           1|           1|
    |or_ln46_fu_774_p2                        |        or|   0|  0|   2|           1|           1|
    |result_11_fu_1116_p3                     |    select|   0|  0|   4|           1|           4|
    |result_13_fu_1147_p3                     |    select|   0|  0|   4|           1|           4|
    |result_15_fu_1211_p3                     |    select|   0|  0|   4|           1|           4|
    |result_1_fu_778_p3                       |    select|   0|  0|   4|           1|           4|
    |result_3_fu_840_p3                       |    select|   0|  0|   4|           1|           4|
    |result_5_fu_902_p3                       |    select|   0|  0|   4|           1|           4|
    |result_7_fu_964_p3                       |    select|   0|  0|   4|           1|           4|
    |result_9_fu_1026_p3                      |    select|   0|  0|   4|           1|           4|
    |select_ln46_10_fu_1105_p3                |    select|   0|  0|   4|           1|           3|
    |select_ln46_12_fu_1133_p3                |    select|   0|  0|   4|           1|           3|
    |select_ln46_14_fu_1200_p3                |    select|   0|  0|   4|           1|           3|
    |select_ln46_2_fu_829_p3                  |    select|   0|  0|   4|           1|           3|
    |select_ln46_4_fu_891_p3                  |    select|   0|  0|   4|           1|           3|
    |select_ln46_6_fu_953_p3                  |    select|   0|  0|   4|           1|           3|
    |select_ln46_8_fu_1015_p3                 |    select|   0|  0|   4|           1|           3|
    |select_ln46_fu_767_p3                    |    select|   0|  0|   4|           1|           3|
    |ap_enable_pp0                            |       xor|   0|  0|   2|           1|           2|
    +-----------------------------------------+----------+----+---+----+------------+------------+
    |Total                                    |          |   0|  0|1543|        1037|        1035|
    +-----------------------------------------+----------+----+---+----+------------+------------+

    * Multiplexer: 
    +------------------------------------+----+-----------+-----+-----------+
    |                Name                | LUT| Input Size| Bits| Total Bits|
    +------------------------------------+----+-----------+-----+-----------+
    |ap_NS_fsm                           |  48|          9|    1|          9|
    |ap_done_int                         |   9|          2|    1|          2|
    |ap_enable_reg_pp0_iter0             |   9|          2|    1|          2|
    |ap_enable_reg_pp0_iter1             |   9|          2|    1|          2|
    |ap_enable_reg_pp0_iter10            |   9|          2|    1|          2|
    |ap_loop_exit_ready_pp0_iter1_reg    |   9|          2|    1|          2|
    |ap_loop_exit_ready_pp0_iter2_reg    |   9|          2|    1|          2|
    |ap_loop_exit_ready_pp0_iter3_reg    |   9|          2|    1|          2|
    |ap_loop_exit_ready_pp0_iter4_reg    |   9|          2|    1|          2|
    |ap_loop_exit_ready_pp0_iter5_reg    |   9|          2|    1|          2|
    |ap_loop_exit_ready_pp0_iter6_reg    |   9|          2|    1|          2|
    |ap_loop_exit_ready_pp0_iter7_reg    |   9|          2|    1|          2|
    |ap_loop_exit_ready_pp0_iter8_reg    |   9|          2|    1|          2|
    |ap_loop_exit_ready_pp0_iter9_reg    |   9|          2|    1|          2|
    |ap_phi_mux_b2_13_phi_fu_345_p4      |   9|          2|    4|          8|
    |ap_phi_mux_b2_15_phi_fu_356_p4      |   9|          2|    4|          8|
    |ap_phi_reg_pp0_iter9_b2_11_reg_330  |   9|          2|    4|          8|
    |ap_phi_reg_pp0_iter9_b2_1_reg_275   |   9|          2|    4|          8|
    |ap_phi_reg_pp0_iter9_b2_3_reg_286   |   9|          2|    4|          8|
    |ap_phi_reg_pp0_iter9_b2_5_reg_297   |   9|          2|    4|          8|
    |ap_phi_reg_pp0_iter9_b2_7_reg_308   |   9|          2|    4|          8|
    |ap_phi_reg_pp0_iter9_b2_9_reg_319   |   9|          2|    4|          8|
    |ap_sig_allocacmp_w_9                |   9|          2|   28|         56|
    |gmem0_blk_n_R                       |   9|          2|    1|          2|
    |gmem1_blk_n_AR                      |   9|          2|    1|          2|
    |gmem1_blk_n_R                       |   9|          2|    1|          2|
    |gmem3_blk_n_W                       |   9|          2|    1|          2|
    |m_axi_gmem1_0_ARADDR                |  48|          9|   64|        576|
    |w_fu_132                            |   9|          2|   28|         56|
    +------------------------------------+----+-----------+-----+-----------+
    |Total                               | 339|         72|  170|        795|
    +------------------------------------+----+-----------+-----+-----------+

    * Register: 
    +--------------------------------------------+----+----+-----+-----------+
    |                    Name                    | FF | LUT| Bits| Const Bits|
    +--------------------------------------------+----+----+-----+-----------+
    |a_1_reg_1383                                |   4|   0|    4|          0|
    |a_2_reg_1394                                |   4|   0|    4|          0|
    |a_3_reg_1400                                |   4|   0|    4|          0|
    |a_4_reg_1406                                |   4|   0|    4|          0|
    |a_5_reg_1412                                |   4|   0|    4|          0|
    |a_6_reg_1418                                |   4|   0|    4|          0|
    |a_7_reg_1424                                |   4|   0|    4|          0|
    |a_reg_1377                                  |   4|   0|    4|          0|
    |add_ln34_reg_1297                           |  28|   0|   28|          0|
    |ap_CS_fsm                                   |   8|   0|    8|          0|
    |ap_block_pp0_stage0_subdone_grp0_done_reg   |   1|   0|    1|          0|
    |ap_block_pp0_stage0_subdone_grp8_done_reg   |   1|   0|    1|          0|
    |ap_block_pp0_stage0_subdone_grp9_done_reg   |   1|   0|    1|          0|
    |ap_block_pp0_stage1_subdone_grp0_done_reg   |   1|   0|    1|          0|
    |ap_block_pp0_stage1_subdone_grp10_done_reg  |   1|   0|    1|          0|
    |ap_block_pp0_stage1_subdone_grp11_done_reg  |   1|   0|    1|          0|
    |ap_block_pp0_stage1_subdone_grp18_done_reg  |   1|   0|    1|          0|
    |ap_block_pp0_stage1_subdone_grp1_done_reg   |   1|   0|    1|          0|
    |ap_block_pp0_stage2_subdone_grp0_done_reg   |   1|   0|    1|          0|
    |ap_block_pp0_stage2_subdone_grp12_done_reg  |   1|   0|    1|          0|
    |ap_block_pp0_stage2_subdone_grp2_done_reg   |   1|   0|    1|          0|
    |ap_block_pp0_stage3_subdone_grp0_done_reg   |   1|   0|    1|          0|
    |ap_block_pp0_stage3_subdone_grp13_done_reg  |   1|   0|    1|          0|
    |ap_block_pp0_stage3_subdone_grp3_done_reg   |   1|   0|    1|          0|
    |ap_block_pp0_stage4_subdone_grp0_done_reg   |   1|   0|    1|          0|
    |ap_block_pp0_stage4_subdone_grp14_done_reg  |   1|   0|    1|          0|
    |ap_block_pp0_stage4_subdone_grp4_done_reg   |   1|   0|    1|          0|
    |ap_block_pp0_stage5_subdone_grp0_done_reg   |   1|   0|    1|          0|
    |ap_block_pp0_stage5_subdone_grp15_done_reg  |   1|   0|    1|          0|
    |ap_block_pp0_stage5_subdone_grp5_done_reg   |   1|   0|    1|          0|
    |ap_block_pp0_stage6_subdone_grp0_done_reg   |   1|   0|    1|          0|
    |ap_block_pp0_stage6_subdone_grp16_done_reg  |   1|   0|    1|          0|
    |ap_block_pp0_stage6_subdone_grp6_done_reg   |   1|   0|    1|          0|
    |ap_block_pp0_stage7_subdone_grp0_done_reg   |   1|   0|    1|          0|
    |ap_block_pp0_stage7_subdone_grp17_done_reg  |   1|   0|    1|          0|
    |ap_block_pp0_stage7_subdone_grp7_done_reg   |   1|   0|    1|          0|
    |ap_done_reg                                 |   1|   0|    1|          0|
    |ap_enable_reg_pp0_iter0_reg                 |   1|   0|    1|          0|
    |ap_enable_reg_pp0_iter1                     |   1|   0|    1|          0|
    |ap_enable_reg_pp0_iter10                    |   1|   0|    1|          0|
    |ap_enable_reg_pp0_iter2                     |   1|   0|    1|          0|
    |ap_enable_reg_pp0_iter3                     |   1|   0|    1|          0|
    |ap_enable_reg_pp0_iter4                     |   1|   0|    1|          0|
    |ap_enable_reg_pp0_iter5                     |   1|   0|    1|          0|
    |ap_enable_reg_pp0_iter6                     |   1|   0|    1|          0|
    |ap_enable_reg_pp0_iter7                     |   1|   0|    1|          0|
    |ap_enable_reg_pp0_iter8                     |   1|   0|    1|          0|
    |ap_enable_reg_pp0_iter9                     |   1|   0|    1|          0|
    |ap_loop_exit_ready_pp0_iter1_reg            |   1|   0|    1|          0|
    |ap_loop_exit_ready_pp0_iter2_reg            |   1|   0|    1|          0|
    |ap_loop_exit_ready_pp0_iter3_reg            |   1|   0|    1|          0|
    |ap_loop_exit_ready_pp0_iter4_reg            |   1|   0|    1|          0|
    |ap_loop_exit_ready_pp0_iter5_reg            |   1|   0|    1|          0|
    |ap_loop_exit_ready_pp0_iter6_reg            |   1|   0|    1|          0|
    |ap_loop_exit_ready_pp0_iter7_reg            |   1|   0|    1|          0|
    |ap_loop_exit_ready_pp0_iter8_reg            |   1|   0|    1|          0|
    |ap_loop_exit_ready_pp0_iter9_reg            |   1|   0|    1|          0|
    |ap_phi_reg_pp0_iter9_b2_11_reg_330          |   4|   0|    4|          0|
    |ap_phi_reg_pp0_iter9_b2_1_reg_275           |   4|   0|    4|          0|
    |ap_phi_reg_pp0_iter9_b2_3_reg_286           |   4|   0|    4|          0|
    |ap_phi_reg_pp0_iter9_b2_5_reg_297           |   4|   0|    4|          0|
    |ap_phi_reg_pp0_iter9_b2_7_reg_308           |   4|   0|    4|          0|
    |ap_phi_reg_pp0_iter9_b2_9_reg_319           |   4|   0|    4|          0|
    |b2_10_reg_1524                              |   4|   0|    4|          0|
    |b2_12_reg_1550                              |   4|   0|    4|          0|
    |b2_14_reg_1591                              |   4|   0|    4|          0|
    |b2_2_reg_1389                               |   4|   0|    4|          0|
    |b2_4_reg_1446                               |   4|   0|    4|          0|
    |b2_6_reg_1472                               |   4|   0|    4|          0|
    |b2_8_reg_1498                               |   4|   0|    4|          0|
    |b2_reg_1372                                 |   4|   0|    4|          0|
    |gmem1_addr_10_reg_1326                      |  64|   0|   64|          0|
    |gmem1_addr_11_reg_1336                      |  64|   0|   64|          0|
    |gmem1_addr_12_reg_1346                      |  64|   0|   64|          0|
    |gmem1_addr_13_reg_1356                      |  64|   0|   64|          0|
    |gmem1_addr_14_reg_1366                      |  64|   0|   64|          0|
    |gmem1_addr_8_reg_1306                       |  64|   0|   64|          0|
    |gmem1_addr_9_reg_1316                       |  64|   0|   64|          0|
    |gmem1_addr_reg_1291                         |  64|   0|   64|          0|
    |icmp_ln34_reg_1283                          |   1|   0|    1|          0|
    |icmp_ln42_1_reg_1302                        |   1|   0|    1|          0|
    |icmp_ln42_2_reg_1312                        |   1|   0|    1|          0|
    |icmp_ln42_3_reg_1322                        |   1|   0|    1|          0|
    |icmp_ln42_4_reg_1332                        |   1|   0|    1|          0|
    |icmp_ln42_5_reg_1342                        |   1|   0|    1|          0|
    |icmp_ln42_6_reg_1352                        |   1|   0|    1|          0|
    |icmp_ln42_7_reg_1362                        |   1|   0|    1|          0|
    |icmp_ln42_reg_1287                          |   1|   0|    1|          0|
    |icmp_ln46_1_reg_1461                        |   1|   0|    1|          0|
    |icmp_ln46_2_reg_1487                        |   1|   0|    1|          0|
    |icmp_ln46_3_reg_1513                        |   1|   0|    1|          0|
    |icmp_ln46_4_reg_1539                        |   1|   0|    1|          0|
    |icmp_ln46_5_reg_1565                        |   1|   0|    1|          0|
    |icmp_ln46_7_reg_1611                        |   1|   0|    1|          0|
    |icmp_ln46_reg_1435                          |   1|   0|    1|          0|
    |icmp_ln47_1_reg_1467                        |   1|   0|    1|          0|
    |icmp_ln47_2_reg_1493                        |   1|   0|    1|          0|
    |icmp_ln47_3_reg_1519                        |   1|   0|    1|          0|
    |icmp_ln47_4_reg_1545                        |   1|   0|    1|          0|
    |icmp_ln47_5_reg_1571                        |   1|   0|    1|          0|
    |icmp_ln47_7_reg_1617                        |   1|   0|    1|          0|
    |icmp_ln47_reg_1441                          |   1|   0|    1|          0|
    |result_10_reg_1560                          |   4|   0|    4|          0|
    |result_11_reg_1596                          |   4|   0|    4|          0|
    |result_12_reg_1576                          |   4|   0|    4|          0|
    |result_13_reg_1601                          |   4|   0|    4|          0|
    |result_14_reg_1606                          |   4|   0|    4|          0|
    |result_1_reg_1451                           |   4|   0|    4|          0|
    |result_2_reg_1456                           |   4|   0|    4|          0|
    |result_3_reg_1477                           |   4|   0|    4|          0|
    |result_4_reg_1482                           |   4|   0|    4|          0|
    |result_5_reg_1503                           |   4|   0|    4|          0|
    |result_6_reg_1508                           |   4|   0|    4|          0|
    |result_7_reg_1529                           |   4|   0|    4|          0|
    |result_8_reg_1534                           |   4|   0|    4|          0|
    |result_9_reg_1555                           |   4|   0|    4|          0|
    |result_reg_1430                             |   4|   0|    4|          0|
    |sum_104_reg_1581                            |   5|   0|    5|          0|
    |tmp_97_reg_1586                             |   2|   0|    2|          0|
    |w_9_reg_1271                                |  28|   0|   28|          0|
    |w_fu_132                                    |  28|   0|   28|          0|
    |icmp_ln34_reg_1283                          |  64|  32|    1|          0|
    |icmp_ln42_1_reg_1302                        |  64|  32|    1|          0|
    |icmp_ln42_2_reg_1312                        |  64|  32|    1|          0|
    |icmp_ln42_3_reg_1322                        |  64|  32|    1|          0|
    |icmp_ln42_4_reg_1332                        |  64|  32|    1|          0|
    |icmp_ln42_5_reg_1342                        |  64|  32|    1|          0|
    |icmp_ln42_6_reg_1352                        |  64|  32|    1|          0|
    |icmp_ln42_7_reg_1362                        |  64|  32|    1|          0|
    |icmp_ln42_reg_1287                          |  64|  32|    1|          0|
    +--------------------------------------------+----+----+-----+-----------+
    |Total                                       |1405| 288|  838|          0|
    +--------------------------------------------+----+----+-----+-----------+



================================================================
== Interface
================================================================
* Summary: 
+------------------------+-----+-----+------------+------------------------------+--------------+
|        RTL Ports       | Dir | Bits|  Protocol  |         Source Object        |    C Type    |
+------------------------+-----+-----+------------+------------------------------+--------------+
|ap_clk                  |   in|    1|  ap_ctrl_hs|  add_worker_Pipeline_ADD_LOOP|  return value|
|ap_rst                  |   in|    1|  ap_ctrl_hs|  add_worker_Pipeline_ADD_LOOP|  return value|
|ap_start                |   in|    1|  ap_ctrl_hs|  add_worker_Pipeline_ADD_LOOP|  return value|
|ap_done                 |  out|    1|  ap_ctrl_hs|  add_worker_Pipeline_ADD_LOOP|  return value|
|ap_idle                 |  out|    1|  ap_ctrl_hs|  add_worker_Pipeline_ADD_LOOP|  return value|
|ap_ready                |  out|    1|  ap_ctrl_hs|  add_worker_Pipeline_ADD_LOOP|  return value|
|m_axi_gmem1_0_AWVALID   |  out|    1|       m_axi|                         gmem1|       pointer|
|m_axi_gmem1_0_AWREADY   |   in|    1|       m_axi|                         gmem1|       pointer|
|m_axi_gmem1_0_AWADDR    |  out|   64|       m_axi|                         gmem1|       pointer|
|m_axi_gmem1_0_AWID      |  out|    1|       m_axi|                         gmem1|       pointer|
|m_axi_gmem1_0_AWLEN     |  out|   32|       m_axi|                         gmem1|       pointer|
|m_axi_gmem1_0_AWSIZE    |  out|    3|       m_axi|                         gmem1|       pointer|
|m_axi_gmem1_0_AWBURST   |  out|    2|       m_axi|                         gmem1|       pointer|
|m_axi_gmem1_0_AWLOCK    |  out|    2|       m_axi|                         gmem1|       pointer|
|m_axi_gmem1_0_AWCACHE   |  out|    4|       m_axi|                         gmem1|       pointer|
|m_axi_gmem1_0_AWPROT    |  out|    3|       m_axi|                         gmem1|       pointer|
|m_axi_gmem1_0_AWQOS     |  out|    4|       m_axi|                         gmem1|       pointer|
|m_axi_gmem1_0_AWREGION  |  out|    4|       m_axi|                         gmem1|       pointer|
|m_axi_gmem1_0_AWUSER    |  out|    1|       m_axi|                         gmem1|       pointer|
|m_axi_gmem1_0_WVALID    |  out|    1|       m_axi|                         gmem1|       pointer|
|m_axi_gmem1_0_WREADY    |   in|    1|       m_axi|                         gmem1|       pointer|
|m_axi_gmem1_0_WDATA     |  out|    8|       m_axi|                         gmem1|       pointer|
|m_axi_gmem1_0_WSTRB     |  out|    1|       m_axi|                         gmem1|       pointer|
|m_axi_gmem1_0_WLAST     |  out|    1|       m_axi|                         gmem1|       pointer|
|m_axi_gmem1_0_WID       |  out|    1|       m_axi|                         gmem1|       pointer|
|m_axi_gmem1_0_WUSER     |  out|    1|       m_axi|                         gmem1|       pointer|
|m_axi_gmem1_0_ARVALID   |  out|    1|       m_axi|                         gmem1|       pointer|
|m_axi_gmem1_0_ARREADY   |   in|    1|       m_axi|                         gmem1|       pointer|
|m_axi_gmem1_0_ARADDR    |  out|   64|       m_axi|                         gmem1|       pointer|
|m_axi_gmem1_0_ARID      |  out|    1|       m_axi|                         gmem1|       pointer|
|m_axi_gmem1_0_ARLEN     |  out|   32|       m_axi|                         gmem1|       pointer|
|m_axi_gmem1_0_ARSIZE    |  out|    3|       m_axi|                         gmem1|       pointer|
|m_axi_gmem1_0_ARBURST   |  out|    2|       m_axi|                         gmem1|       pointer|
|m_axi_gmem1_0_ARLOCK    |  out|    2|       m_axi|                         gmem1|       pointer|
|m_axi_gmem1_0_ARCACHE   |  out|    4|       m_axi|                         gmem1|       pointer|
|m_axi_gmem1_0_ARPROT    |  out|    3|       m_axi|                         gmem1|       pointer|
|m_axi_gmem1_0_ARQOS     |  out|    4|       m_axi|                         gmem1|       pointer|
|m_axi_gmem1_0_ARREGION  |  out|    4|       m_axi|                         gmem1|       pointer|
|m_axi_gmem1_0_ARUSER    |  out|    1|       m_axi|                         gmem1|       pointer|
|m_axi_gmem1_0_RVALID    |   in|    1|       m_axi|                         gmem1|       pointer|
|m_axi_gmem1_0_RREADY    |  out|    1|       m_axi|                         gmem1|       pointer|
|m_axi_gmem1_0_RDATA     |   in|    8|       m_axi|                         gmem1|       pointer|
|m_axi_gmem1_0_RLAST     |   in|    1|       m_axi|                         gmem1|       pointer|
|m_axi_gmem1_0_RID       |   in|    1|       m_axi|                         gmem1|       pointer|
|m_axi_gmem1_0_RFIFONUM  |   in|   13|       m_axi|                         gmem1|       pointer|
|m_axi_gmem1_0_RUSER     |   in|    1|       m_axi|                         gmem1|       pointer|
|m_axi_gmem1_0_RRESP     |   in|    2|       m_axi|                         gmem1|       pointer|
|m_axi_gmem1_0_BVALID    |   in|    1|       m_axi|                         gmem1|       pointer|
|m_axi_gmem1_0_BREADY    |  out|    1|       m_axi|                         gmem1|       pointer|
|m_axi_gmem1_0_BRESP     |   in|    2|       m_axi|                         gmem1|       pointer|
|m_axi_gmem1_0_BID       |   in|    1|       m_axi|                         gmem1|       pointer|
|m_axi_gmem1_0_BUSER     |   in|    1|       m_axi|                         gmem1|       pointer|
|m_axi_gmem0_0_AWVALID   |  out|    1|       m_axi|                         gmem0|       pointer|
|m_axi_gmem0_0_AWREADY   |   in|    1|       m_axi|                         gmem0|       pointer|
|m_axi_gmem0_0_AWADDR    |  out|   64|       m_axi|                         gmem0|       pointer|
|m_axi_gmem0_0_AWID      |  out|    1|       m_axi|                         gmem0|       pointer|
|m_axi_gmem0_0_AWLEN     |  out|   32|       m_axi|                         gmem0|       pointer|
|m_axi_gmem0_0_AWSIZE    |  out|    3|       m_axi|                         gmem0|       pointer|
|m_axi_gmem0_0_AWBURST   |  out|    2|       m_axi|                         gmem0|       pointer|
|m_axi_gmem0_0_AWLOCK    |  out|    2|       m_axi|                         gmem0|       pointer|
|m_axi_gmem0_0_AWCACHE   |  out|    4|       m_axi|                         gmem0|       pointer|
|m_axi_gmem0_0_AWPROT    |  out|    3|       m_axi|                         gmem0|       pointer|
|m_axi_gmem0_0_AWQOS     |  out|    4|       m_axi|                         gmem0|       pointer|
|m_axi_gmem0_0_AWREGION  |  out|    4|       m_axi|                         gmem0|       pointer|
|m_axi_gmem0_0_AWUSER    |  out|    1|       m_axi|                         gmem0|       pointer|
|m_axi_gmem0_0_WVALID    |  out|    1|       m_axi|                         gmem0|       pointer|
|m_axi_gmem0_0_WREADY    |   in|    1|       m_axi|                         gmem0|       pointer|
|m_axi_gmem0_0_WDATA     |  out|   32|       m_axi|                         gmem0|       pointer|
|m_axi_gmem0_0_WSTRB     |  out|    4|       m_axi|                         gmem0|       pointer|
|m_axi_gmem0_0_WLAST     |  out|    1|       m_axi|                         gmem0|       pointer|
|m_axi_gmem0_0_WID       |  out|    1|       m_axi|                         gmem0|       pointer|
|m_axi_gmem0_0_WUSER     |  out|    1|       m_axi|                         gmem0|       pointer|
|m_axi_gmem0_0_ARVALID   |  out|    1|       m_axi|                         gmem0|       pointer|
|m_axi_gmem0_0_ARREADY   |   in|    1|       m_axi|                         gmem0|       pointer|
|m_axi_gmem0_0_ARADDR    |  out|   64|       m_axi|                         gmem0|       pointer|
|m_axi_gmem0_0_ARID      |  out|    1|       m_axi|                         gmem0|       pointer|
|m_axi_gmem0_0_ARLEN     |  out|   32|       m_axi|                         gmem0|       pointer|
|m_axi_gmem0_0_ARSIZE    |  out|    3|       m_axi|                         gmem0|       pointer|
|m_axi_gmem0_0_ARBURST   |  out|    2|       m_axi|                         gmem0|       pointer|
|m_axi_gmem0_0_ARLOCK    |  out|    2|       m_axi|                         gmem0|       pointer|
|m_axi_gmem0_0_ARCACHE   |  out|    4|       m_axi|                         gmem0|       pointer|
|m_axi_gmem0_0_ARPROT    |  out|    3|       m_axi|                         gmem0|       pointer|
|m_axi_gmem0_0_ARQOS     |  out|    4|       m_axi|                         gmem0|       pointer|
|m_axi_gmem0_0_ARREGION  |  out|    4|       m_axi|                         gmem0|       pointer|
|m_axi_gmem0_0_ARUSER    |  out|    1|       m_axi|                         gmem0|       pointer|
|m_axi_gmem0_0_RVALID    |   in|    1|       m_axi|                         gmem0|       pointer|
|m_axi_gmem0_0_RREADY    |  out|    1|       m_axi|                         gmem0|       pointer|
|m_axi_gmem0_0_RDATA     |   in|   32|       m_axi|                         gmem0|       pointer|
|m_axi_gmem0_0_RLAST     |   in|    1|       m_axi|                         gmem0|       pointer|
|m_axi_gmem0_0_RID       |   in|    1|       m_axi|                         gmem0|       pointer|
|m_axi_gmem0_0_RFIFONUM  |   in|   11|       m_axi|                         gmem0|       pointer|
|m_axi_gmem0_0_RUSER     |   in|    1|       m_axi|                         gmem0|       pointer|
|m_axi_gmem0_0_RRESP     |   in|    2|       m_axi|                         gmem0|       pointer|
|m_axi_gmem0_0_BVALID    |   in|    1|       m_axi|                         gmem0|       pointer|
|m_axi_gmem0_0_BREADY    |  out|    1|       m_axi|                         gmem0|       pointer|
|m_axi_gmem0_0_BRESP     |   in|    2|       m_axi|                         gmem0|       pointer|
|m_axi_gmem0_0_BID       |   in|    1|       m_axi|                         gmem0|       pointer|
|m_axi_gmem0_0_BUSER     |   in|    1|       m_axi|                         gmem0|       pointer|
|m_axi_gmem3_0_AWVALID   |  out|    1|       m_axi|                         gmem3|       pointer|
|m_axi_gmem3_0_AWREADY   |   in|    1|       m_axi|                         gmem3|       pointer|
|m_axi_gmem3_0_AWADDR    |  out|   64|       m_axi|                         gmem3|       pointer|
|m_axi_gmem3_0_AWID      |  out|    1|       m_axi|                         gmem3|       pointer|
|m_axi_gmem3_0_AWLEN     |  out|   32|       m_axi|                         gmem3|       pointer|
|m_axi_gmem3_0_AWSIZE    |  out|    3|       m_axi|                         gmem3|       pointer|
|m_axi_gmem3_0_AWBURST   |  out|    2|       m_axi|                         gmem3|       pointer|
|m_axi_gmem3_0_AWLOCK    |  out|    2|       m_axi|                         gmem3|       pointer|
|m_axi_gmem3_0_AWCACHE   |  out|    4|       m_axi|                         gmem3|       pointer|
|m_axi_gmem3_0_AWPROT    |  out|    3|       m_axi|                         gmem3|       pointer|
|m_axi_gmem3_0_AWQOS     |  out|    4|       m_axi|                         gmem3|       pointer|
|m_axi_gmem3_0_AWREGION  |  out|    4|       m_axi|                         gmem3|       pointer|
|m_axi_gmem3_0_AWUSER    |  out|    1|       m_axi|                         gmem3|       pointer|
|m_axi_gmem3_0_WVALID    |  out|    1|       m_axi|                         gmem3|       pointer|
|m_axi_gmem3_0_WREADY    |   in|    1|       m_axi|                         gmem3|       pointer|
|m_axi_gmem3_0_WDATA     |  out|   32|       m_axi|                         gmem3|       pointer|
|m_axi_gmem3_0_WSTRB     |  out|    4|       m_axi|                         gmem3|       pointer|
|m_axi_gmem3_0_WLAST     |  out|    1|       m_axi|                         gmem3|       pointer|
|m_axi_gmem3_0_WID       |  out|    1|       m_axi|                         gmem3|       pointer|
|m_axi_gmem3_0_WUSER     |  out|    1|       m_axi|                         gmem3|       pointer|
|m_axi_gmem3_0_ARVALID   |  out|    1|       m_axi|                         gmem3|       pointer|
|m_axi_gmem3_0_ARREADY   |   in|    1|       m_axi|                         gmem3|       pointer|
|m_axi_gmem3_0_ARADDR    |  out|   64|       m_axi|                         gmem3|       pointer|
|m_axi_gmem3_0_ARID      |  out|    1|       m_axi|                         gmem3|       pointer|
|m_axi_gmem3_0_ARLEN     |  out|   32|       m_axi|                         gmem3|       pointer|
|m_axi_gmem3_0_ARSIZE    |  out|    3|       m_axi|                         gmem3|       pointer|
|m_axi_gmem3_0_ARBURST   |  out|    2|       m_axi|                         gmem3|       pointer|
|m_axi_gmem3_0_ARLOCK    |  out|    2|       m_axi|                         gmem3|       pointer|
|m_axi_gmem3_0_ARCACHE   |  out|    4|       m_axi|                         gmem3|       pointer|
|m_axi_gmem3_0_ARPROT    |  out|    3|       m_axi|                         gmem3|       pointer|
|m_axi_gmem3_0_ARQOS     |  out|    4|       m_axi|                         gmem3|       pointer|
|m_axi_gmem3_0_ARREGION  |  out|    4|       m_axi|                         gmem3|       pointer|
|m_axi_gmem3_0_ARUSER    |  out|    1|       m_axi|                         gmem3|       pointer|
|m_axi_gmem3_0_RVALID    |   in|    1|       m_axi|                         gmem3|       pointer|
|m_axi_gmem3_0_RREADY    |  out|    1|       m_axi|                         gmem3|       pointer|
|m_axi_gmem3_0_RDATA     |   in|   32|       m_axi|                         gmem3|       pointer|
|m_axi_gmem3_0_RLAST     |   in|    1|       m_axi|                         gmem3|       pointer|
|m_axi_gmem3_0_RID       |   in|    1|       m_axi|                         gmem3|       pointer|
|m_axi_gmem3_0_RFIFONUM  |   in|    9|       m_axi|                         gmem3|       pointer|
|m_axi_gmem3_0_RUSER     |   in|    1|       m_axi|                         gmem3|       pointer|
|m_axi_gmem3_0_RRESP     |   in|    2|       m_axi|                         gmem3|       pointer|
|m_axi_gmem3_0_BVALID    |   in|    1|       m_axi|                         gmem3|       pointer|
|m_axi_gmem3_0_BREADY    |  out|    1|       m_axi|                         gmem3|       pointer|
|m_axi_gmem3_0_BRESP     |   in|    2|       m_axi|                         gmem3|       pointer|
|m_axi_gmem3_0_BID       |   in|    1|       m_axi|                         gmem3|       pointer|
|m_axi_gmem3_0_BUSER     |   in|    1|       m_axi|                         gmem3|       pointer|
|n_words                 |   in|   29|     ap_none|                       n_words|        scalar|
|total                   |   in|   32|     ap_none|                         total|        scalar|
|sext_ln34_1             |   in|   62|     ap_none|                   sext_ln34_1|        scalar|
|sext_ln34               |   in|   62|     ap_none|                     sext_ln34|        scalar|
|in_b                    |   in|   64|     ap_none|                          in_b|        scalar|
+------------------------+-----+-----+------------+------------------------------+--------------+

