

================================================================
== Vitis HLS Report for 'conv_worker_Pipeline_COMPUTE_KH_COMPUTE_KW_COMPUTE_TR_COMPUTE_TC'
================================================================
* Date:           Tue Aug 11 02:54:06 2026

* Version:        2024.2 (Build 5238294 on Nov  8 2024)
* Project:        fastvit_ip_w8a4_proj_200mhz
* Solution:       solution1 (Vivado IP Flow Target)
* Product family: zynq
* Target device:  xc7z020-clg400-1


================================================================
== Performance Estimates
================================================================
+ Timing: 
    * Summary: 
    +--------+---------+----------+------------+
    |  Clock |  Target | Estimated| Uncertainty|
    +--------+---------+----------+------------+
    |ap_clk  |  5.00 ns|  6.846 ns|     1.35 ns|
    +--------+---------+----------+------------+

+ Latency: 
    * Summary: 
    +---------+---------+----------+----------+-----+-----+------------------------------------------------+
    |  Latency (cycles) |  Latency (absolute) |  Interval |                    Pipeline                    |
    |   min   |   max   |    min   |    max   | min | max |                      Type                      |
    +---------+---------+----------+----------+-----+-----+------------------------------------------------+
    |      153|      153|  1.047 us|  1.047 us|  145|  145|  loop auto-rewind stp (delay=0 clock cycles(s))|
    +---------+---------+----------+----------+-----+-----+------------------------------------------------+

    + Detail: 
        * Instance: 
        N/A

        * Loop: 
        +-----------------------------------------------+---------+---------+----------+-----------+-----------+------+----------+
        |                                               |  Latency (cycles) | Iteration|  Initiation Interval  | Trip |          |
        |                   Loop Name                   |   min   |   max   |  Latency |  achieved |   target  | Count| Pipelined|
        +-----------------------------------------------+---------+---------+----------+-----------+-----------+------+----------+
        |- COMPUTE_KH_COMPUTE_KW_COMPUTE_TR_COMPUTE_TC  |      151|      151|         9|          1|          1|   144|       yes|
        +-----------------------------------------------+---------+---------+----------+-----------+-----------+------+----------+



================================================================
== Utilization Estimates
================================================================
* Summary: 
+-----------------+---------+-----+--------+-------+-----+
|       Name      | BRAM_18K| DSP |   FF   |  LUT  | URAM|
+-----------------+---------+-----+--------+-------+-----+
|DSP              |        -|    4|       -|      -|    -|
|Expression       |        -|    -|       0|    327|    -|
|FIFO             |        -|    -|       -|      -|    -|
|Instance         |        -|    -|       0|     40|    -|
|Memory           |        -|    -|       -|      -|    -|
|Multiplexer      |        -|    -|       0|     99|    -|
|Register         |        -|    -|     745|    320|    -|
+-----------------+---------+-----+--------+-------+-----+
|Total            |        0|    4|     745|    786|    0|
+-----------------+---------+-----+--------+-------+-----+
|Available        |      280|  220|  106400|  53200|    0|
+-----------------+---------+-----+--------+-------+-----+
|Utilization (%)  |        0|    1|      ~0|      1|    0|
+-----------------+---------+-----+--------+-------+-----+

+ Detail: 
    * Instance: 
    +----------------------------+----------------------+---------+----+---+----+-----+
    |          Instance          |        Module        | BRAM_18K| DSP| FF| LUT| URAM|
    +----------------------------+----------------------+---------+----+---+----+-----+
    |sparsemux_9_2_32_1_1_U1961  |sparsemux_9_2_32_1_1  |        0|   0|  0|  20|    0|
    |sparsemux_9_2_32_1_1_U1962  |sparsemux_9_2_32_1_1  |        0|   0|  0|  20|    0|
    +----------------------------+----------------------+---------+----+---+----+-----+
    |Total                       |                      |        0|   0|  0|  40|    0|
    +----------------------------+----------------------+---------+----+---+----+-----+

    * DSP: 
    +-----------------------------------+-----------------------------+--------------+
    |              Instance             |            Module           |  Expression  |
    +-----------------------------------+-----------------------------+--------------+
    |mac_muladd_8s_4s_32s_32_4_1_U1963  |mac_muladd_8s_4s_32s_32_4_1  |  i0 * i1 + i2|
    |mac_muladd_8s_4s_32s_32_4_1_U1964  |mac_muladd_8s_4s_32s_32_4_1  |  i0 * i1 + i2|
    |mac_muladd_8s_4s_32s_32_4_1_U1965  |mac_muladd_8s_4s_32s_32_4_1  |  i0 + i1 * i2|
    |mac_muladd_8s_4s_32s_32_4_1_U1966  |mac_muladd_8s_4s_32s_32_4_1  |  i0 + i1 * i2|
    +-----------------------------------+-----------------------------+--------------+

    * Memory: 
    N/A

    * FIFO: 
    N/A

    * Expression: 
    +-----------------------------------------+----------+----+---+----+------------+------------+
    |              Variable Name              | Operation| DSP| FF| LUT| Bitwidth P0| Bitwidth P1|
    +-----------------------------------------+----------+----+---+----+------------+------------+
    |add_ln176_1_fu_407_p2                    |         +|   0|  0|  15|           8|           1|
    |add_ln176_fu_452_p2                      |         +|   0|  0|  10|           2|           1|
    |add_ln178_1_fu_419_p2                    |         +|   0|  0|  14|           7|           1|
    |add_ln178_fu_489_p2                      |         +|   0|  0|  10|           2|           1|
    |add_ln180_1_fu_508_p2                    |         +|   0|  0|  14|           6|           1|
    |add_ln193_fu_724_p2                      |         +|   0|  0|   7|           7|           7|
    |c_1_fu_684_p2                            |         +|   0|  0|  11|           3|           1|
    |empty_142_fu_628_p2                      |         +|   0|  0|   7|           4|           4|
    |ic_fu_678_p2                             |         +|   0|  0|  13|           4|           4|
    |ir_fu_651_p2                             |         +|   0|  0|  13|           4|           4|
    |mul_ln193_fu_715_p2                      |         +|   0|  0|   7|           7|           7|
    |r_fu_577_p2                              |         +|   0|  0|  11|           3|           1|
    |empty_141_fu_619_p2                      |         -|   0|  0|   7|           4|           4|
    |and_ln176_1_fu_476_p2                    |       and|   0|  0|   2|           1|           1|
    |and_ln176_fu_566_p2                      |       and|   0|  0|   2|           1|           1|
    |icmp_ln183_mid246_fu_571_p2              |       and|   0|  0|   2|           1|           1|
    |cmp241_fu_354_p2                         |      icmp|   0|  0|  39|          32|           1|
    |cmp254_fu_348_p2                         |      icmp|   0|  0|  39|          32|           1|
    |icmp_ln176_fu_401_p2                     |      icmp|   0|  0|  15|           8|           8|
    |icmp_ln178_fu_413_p2                     |      icmp|   0|  0|  14|           7|           6|
    |icmp_ln180_fu_470_p2                     |      icmp|   0|  0|  14|           6|           5|
    |icmp_ln183_fu_543_p2                     |      icmp|   0|  0|  13|           3|           4|
    |empty_139_fu_583_p2                      |        or|   0|  0|   2|           1|           1|
    |empty_140_fu_588_p2                      |        or|   0|  0|   2|           1|           1|
    |empty_fu_495_p2                          |        or|   0|  0|   2|           1|           1|
    |not_exitcond_flatten36_mid269_fu_561_p2  |        or|   0|  0|   2|           1|           1|
    |c_mid2_fu_593_p3                         |    select|   0|  0|   3|           1|           1|
    |r_40_mid241_fu_549_p3                    |    select|   0|  0|   3|           1|           1|
    |select_ln176_1_fu_482_p3                 |    select|   0|  0|   2|           1|           2|
    |select_ln176_fu_458_p3                   |    select|   0|  0|   2|           1|           1|
    |select_ln178_1_fu_425_p3                 |    select|   0|  0|   7|           1|           1|
    |select_ln178_fu_500_p3                   |    select|   0|  0|   2|           1|           2|
    |select_ln180_1_fu_514_p3                 |    select|   0|  0|   6|           1|           1|
    |select_ln180_fu_601_p3                   |    select|   0|  0|   3|           1|           3|
    |select_ln181_fu_640_p3                   |    select|   0|  0|   3|           1|           3|
    |select_ln185_fu_667_p3                   |    select|   0|  0|   3|           1|           3|
    |ap_enable_pp0                            |       xor|   0|  0|   2|           1|           2|
    |exitcond_flatten36_not_fu_556_p2         |       xor|   0|  0|   2|           1|           2|
    |xor_ln176_fu_465_p2                      |       xor|   0|  0|   2|           1|           2|
    +-----------------------------------------+----------+----+---+----+------------+------------+
    |Total                                    |          |   0|  0| 327|         169|          93|
    +-----------------------------------------+----------+----+---+----+------------+------------+

    * Multiplexer: 
    +----------------------------------------+----+-----------+-----+-----------+
    |                  Name                  | LUT| Input Size| Bits| Total Bits|
    +----------------------------------------+----+-----------+-----+-----------+
    |ap_done_int                             |   9|          2|    1|          2|
    |ap_enable_reg_pp0_iter2                 |   9|          2|    1|          2|
    |ap_sig_allocacmp_indvar_flatten47_load  |   9|          2|    7|         14|
    |ap_sig_allocacmp_indvar_flatten70_load  |   9|          2|    8|         16|
    |c_fu_94                                 |   9|          2|    3|          6|
    |indvar_flatten34_fu_102                 |   9|          2|    6|         12|
    |indvar_flatten47_fu_110                 |   9|          2|    7|         14|
    |indvar_flatten70_fu_118                 |   9|          2|    8|         16|
    |kh_fu_114                               |   9|          2|    2|          4|
    |kw_fu_106                               |   9|          2|    2|          4|
    |r_28_fu_98                              |   9|          2|    3|          6|
    +----------------------------------------+----+-----------+-----+-----------+
    |Total                                   |  99|         22|   48|         96|
    +----------------------------------------+----+-----------+-----+-----------+

    * Register: 
    +----------------------------------+----+----+-----+-----------+
    |               Name               | FF | LUT| Bits| Const Bits|
    +----------------------------------+----+----+-----+-----------+
    |and_ln176_1_reg_939               |   1|   0|    1|          0|
    |ap_CS_fsm                         |   1|   0|    1|          0|
    |ap_done_reg                       |   1|   0|    1|          0|
    |ap_enable_reg_pp0_iter1           |   1|   0|    1|          0|
    |ap_enable_reg_pp0_iter2           |   1|   0|    1|          0|
    |ap_enable_reg_pp0_iter3           |   1|   0|    1|          0|
    |ap_enable_reg_pp0_iter4           |   1|   0|    1|          0|
    |ap_enable_reg_pp0_iter5           |   1|   0|    1|          0|
    |ap_enable_reg_pp0_iter6           |   1|   0|    1|          0|
    |ap_enable_reg_pp0_iter7           |   1|   0|    1|          0|
    |ap_enable_reg_pp0_iter8           |   1|   0|    1|          0|
    |ap_loop_exit_ready_pp0_iter1_reg  |   1|   0|    1|          0|
    |ap_loop_exit_ready_pp0_iter2_reg  |   1|   0|    1|          0|
    |ap_loop_exit_ready_pp0_iter3_reg  |   1|   0|    1|          0|
    |ap_loop_exit_ready_pp0_iter4_reg  |   1|   0|    1|          0|
    |ap_loop_exit_ready_pp0_iter5_reg  |   1|   0|    1|          0|
    |ap_loop_exit_ready_pp0_iter6_reg  |   1|   0|    1|          0|
    |ap_loop_exit_ready_pp0_iter7_reg  |   1|   0|    1|          0|
    |c_fu_94                           |   3|   0|    3|          0|
    |cmp241_reg_910                    |   1|   0|    1|          0|
    |cmp254_reg_905                    |   1|   0|    1|          0|
    |empty_142_reg_965                 |   4|   0|    4|          0|
    |empty_reg_950                     |   1|   0|    1|          0|
    |ic_reg_982                        |   4|   0|    4|          0|
    |icmp_ln176_reg_915                |   1|   0|    1|          0|
    |icmp_ln178_reg_919                |   1|   0|    1|          0|
    |icmp_ln178_reg_919_pp0_iter1_reg  |   1|   0|    1|          0|
    |icmp_ln180_reg_934                |   1|   0|    1|          0|
    |indvar_flatten34_fu_102           |   6|   0|    6|          0|
    |indvar_flatten47_fu_110           |   7|   0|    7|          0|
    |indvar_flatten70_fu_118           |   8|   0|    8|          0|
    |ir_reg_970                        |   4|   0|    4|          0|
    |kh_fu_114                         |   2|   0|    2|          0|
    |kw_fu_106                         |   2|   0|    2|          0|
    |p_ZL7out_buf_0_0_addr_reg_1054    |   2|   0|    2|          0|
    |p_ZL7out_buf_0_1_addr_reg_1060    |   2|   0|    2|          0|
    |p_ZL7out_buf_0_2_addr_reg_1066    |   2|   0|    2|          0|
    |p_ZL7out_buf_0_3_addr_reg_1072    |   2|   0|    2|          0|
    |p_ZL7out_buf_1_0_addr_reg_1078    |   2|   0|    2|          0|
    |p_ZL7out_buf_1_1_addr_reg_1084    |   2|   0|    2|          0|
    |p_ZL7out_buf_1_2_addr_reg_1090    |   2|   0|    2|          0|
    |p_ZL7out_buf_1_3_addr_reg_1096    |   2|   0|    2|          0|
    |p_cast_reg_987                    |   4|   0|   64|         60|
    |r_28_fu_98                        |   3|   0|    3|          0|
    |select_ln176_1_reg_944            |   2|   0|    2|          0|
    |select_ln178_reg_955              |   2|   0|    2|          0|
    |select_ln180_reg_960              |   3|   0|    3|          0|
    |trunc_ln183_reg_976               |   2|   0|    2|          0|
    |xor_ln176_reg_929                 |   1|   0|    1|          0|
    |zext_ln193_1_reg_1003             |   7|   0|   64|         57|
    |p_ZL7out_buf_0_0_addr_reg_1054    |  64|  32|    2|          0|
    |p_ZL7out_buf_0_1_addr_reg_1060    |  64|  32|    2|          0|
    |p_ZL7out_buf_0_2_addr_reg_1066    |  64|  32|    2|          0|
    |p_ZL7out_buf_0_3_addr_reg_1072    |  64|  32|    2|          0|
    |p_ZL7out_buf_1_0_addr_reg_1078    |  64|  32|    2|          0|
    |p_ZL7out_buf_1_1_addr_reg_1084    |  64|  32|    2|          0|
    |p_ZL7out_buf_1_2_addr_reg_1090    |  64|  32|    2|          0|
    |p_ZL7out_buf_1_3_addr_reg_1096    |  64|  32|    2|          0|
    |select_ln180_reg_960              |  64|  32|    3|          0|
    |trunc_ln183_reg_976               |  64|  32|    2|          0|
    +----------------------------------+----+----+-----+-----------+
    |Total                             | 745| 320|  243|        117|
    +----------------------------------+----+----+-----+-----------+



================================================================
== Interface
================================================================
* Summary: 
+---------------------------+-----+-----+------------+------------------------------------------------------------------+--------------+
|         RTL Ports         | Dir | Bits|  Protocol  |                           Source Object                          |    C Type    |
+---------------------------+-----+-----+------------+------------------------------------------------------------------+--------------+
|ap_clk                     |   in|    1|  ap_ctrl_hs|  conv_worker_Pipeline_COMPUTE_KH_COMPUTE_KW_COMPUTE_TR_COMPUTE_TC|  return value|
|ap_rst                     |   in|    1|  ap_ctrl_hs|  conv_worker_Pipeline_COMPUTE_KH_COMPUTE_KW_COMPUTE_TR_COMPUTE_TC|  return value|
|ap_start                   |   in|    1|  ap_ctrl_hs|  conv_worker_Pipeline_COMPUTE_KH_COMPUTE_KW_COMPUTE_TR_COMPUTE_TC|  return value|
|ap_done                    |  out|    1|  ap_ctrl_hs|  conv_worker_Pipeline_COMPUTE_KH_COMPUTE_KW_COMPUTE_TR_COMPUTE_TC|  return value|
|ap_idle                    |  out|    1|  ap_ctrl_hs|  conv_worker_Pipeline_COMPUTE_KH_COMPUTE_KW_COMPUTE_TR_COMPUTE_TC|  return value|
|ap_ready                   |  out|    1|  ap_ctrl_hs|  conv_worker_Pipeline_COMPUTE_KH_COMPUTE_KW_COMPUTE_TR_COMPUTE_TC|  return value|
|stride_w                   |   in|   32|     ap_none|                                                          stride_w|        scalar|
|stride_h                   |   in|   32|     ap_none|                                                          stride_h|        scalar|
|p_ZL7out_buf_0_0_address0  |  out|    2|   ap_memory|                                                  p_ZL7out_buf_0_0|         array|
|p_ZL7out_buf_0_0_ce0       |  out|    1|   ap_memory|                                                  p_ZL7out_buf_0_0|         array|
|p_ZL7out_buf_0_0_we0       |  out|    1|   ap_memory|                                                  p_ZL7out_buf_0_0|         array|
|p_ZL7out_buf_0_0_d0        |  out|   32|   ap_memory|                                                  p_ZL7out_buf_0_0|         array|
|p_ZL7out_buf_0_0_address1  |  out|    2|   ap_memory|                                                  p_ZL7out_buf_0_0|         array|
|p_ZL7out_buf_0_0_ce1       |  out|    1|   ap_memory|                                                  p_ZL7out_buf_0_0|         array|
|p_ZL7out_buf_0_0_q1        |   in|   32|   ap_memory|                                                  p_ZL7out_buf_0_0|         array|
|p_ZL7out_buf_1_0_address0  |  out|    2|   ap_memory|                                                  p_ZL7out_buf_1_0|         array|
|p_ZL7out_buf_1_0_ce0       |  out|    1|   ap_memory|                                                  p_ZL7out_buf_1_0|         array|
|p_ZL7out_buf_1_0_we0       |  out|    1|   ap_memory|                                                  p_ZL7out_buf_1_0|         array|
|p_ZL7out_buf_1_0_d0        |  out|   32|   ap_memory|                                                  p_ZL7out_buf_1_0|         array|
|p_ZL7out_buf_1_0_address1  |  out|    2|   ap_memory|                                                  p_ZL7out_buf_1_0|         array|
|p_ZL7out_buf_1_0_ce1       |  out|    1|   ap_memory|                                                  p_ZL7out_buf_1_0|         array|
|p_ZL7out_buf_1_0_q1        |   in|   32|   ap_memory|                                                  p_ZL7out_buf_1_0|         array|
|p_ZL6wt_buf_0_0_address0   |  out|    4|   ap_memory|                                                   p_ZL6wt_buf_0_0|         array|
|p_ZL6wt_buf_0_0_ce0        |  out|    1|   ap_memory|                                                   p_ZL6wt_buf_0_0|         array|
|p_ZL6wt_buf_0_0_q0         |   in|    8|   ap_memory|                                                   p_ZL6wt_buf_0_0|         array|
|p_ZL6wt_buf_0_1_address0   |  out|    4|   ap_memory|                                                   p_ZL6wt_buf_0_1|         array|
|p_ZL6wt_buf_0_1_ce0        |  out|    1|   ap_memory|                                                   p_ZL6wt_buf_0_1|         array|
|p_ZL6wt_buf_0_1_q0         |   in|    8|   ap_memory|                                                   p_ZL6wt_buf_0_1|         array|
|p_ZL6wt_buf_1_0_address0   |  out|    4|   ap_memory|                                                   p_ZL6wt_buf_1_0|         array|
|p_ZL6wt_buf_1_0_ce0        |  out|    1|   ap_memory|                                                   p_ZL6wt_buf_1_0|         array|
|p_ZL6wt_buf_1_0_q0         |   in|    8|   ap_memory|                                                   p_ZL6wt_buf_1_0|         array|
|p_ZL6wt_buf_1_1_address0   |  out|    4|   ap_memory|                                                   p_ZL6wt_buf_1_1|         array|
|p_ZL6wt_buf_1_1_ce0        |  out|    1|   ap_memory|                                                   p_ZL6wt_buf_1_1|         array|
|p_ZL6wt_buf_1_1_q0         |   in|    8|   ap_memory|                                                   p_ZL6wt_buf_1_1|         array|
|p_ZL6in_buf_0_address0     |  out|    7|   ap_memory|                                                     p_ZL6in_buf_0|         array|
|p_ZL6in_buf_0_ce0          |  out|    1|   ap_memory|                                                     p_ZL6in_buf_0|         array|
|p_ZL6in_buf_0_q0           |   in|    4|   ap_memory|                                                     p_ZL6in_buf_0|         array|
|p_ZL6in_buf_1_address0     |  out|    7|   ap_memory|                                                     p_ZL6in_buf_1|         array|
|p_ZL6in_buf_1_ce0          |  out|    1|   ap_memory|                                                     p_ZL6in_buf_1|         array|
|p_ZL6in_buf_1_q0           |   in|    4|   ap_memory|                                                     p_ZL6in_buf_1|         array|
|p_ZL7out_buf_0_1_address0  |  out|    2|   ap_memory|                                                  p_ZL7out_buf_0_1|         array|
|p_ZL7out_buf_0_1_ce0       |  out|    1|   ap_memory|                                                  p_ZL7out_buf_0_1|         array|
|p_ZL7out_buf_0_1_we0       |  out|    1|   ap_memory|                                                  p_ZL7out_buf_0_1|         array|
|p_ZL7out_buf_0_1_d0        |  out|   32|   ap_memory|                                                  p_ZL7out_buf_0_1|         array|
|p_ZL7out_buf_0_1_address1  |  out|    2|   ap_memory|                                                  p_ZL7out_buf_0_1|         array|
|p_ZL7out_buf_0_1_ce1       |  out|    1|   ap_memory|                                                  p_ZL7out_buf_0_1|         array|
|p_ZL7out_buf_0_1_q1        |   in|   32|   ap_memory|                                                  p_ZL7out_buf_0_1|         array|
|p_ZL7out_buf_0_2_address0  |  out|    2|   ap_memory|                                                  p_ZL7out_buf_0_2|         array|
|p_ZL7out_buf_0_2_ce0       |  out|    1|   ap_memory|                                                  p_ZL7out_buf_0_2|         array|
|p_ZL7out_buf_0_2_we0       |  out|    1|   ap_memory|                                                  p_ZL7out_buf_0_2|         array|
|p_ZL7out_buf_0_2_d0        |  out|   32|   ap_memory|                                                  p_ZL7out_buf_0_2|         array|
|p_ZL7out_buf_0_2_address1  |  out|    2|   ap_memory|                                                  p_ZL7out_buf_0_2|         array|
|p_ZL7out_buf_0_2_ce1       |  out|    1|   ap_memory|                                                  p_ZL7out_buf_0_2|         array|
|p_ZL7out_buf_0_2_q1        |   in|   32|   ap_memory|                                                  p_ZL7out_buf_0_2|         array|
|p_ZL7out_buf_0_3_address0  |  out|    2|   ap_memory|                                                  p_ZL7out_buf_0_3|         array|
|p_ZL7out_buf_0_3_ce0       |  out|    1|   ap_memory|                                                  p_ZL7out_buf_0_3|         array|
|p_ZL7out_buf_0_3_we0       |  out|    1|   ap_memory|                                                  p_ZL7out_buf_0_3|         array|
|p_ZL7out_buf_0_3_d0        |  out|   32|   ap_memory|                                                  p_ZL7out_buf_0_3|         array|
|p_ZL7out_buf_0_3_address1  |  out|    2|   ap_memory|                                                  p_ZL7out_buf_0_3|         array|
|p_ZL7out_buf_0_3_ce1       |  out|    1|   ap_memory|                                                  p_ZL7out_buf_0_3|         array|
|p_ZL7out_buf_0_3_q1        |   in|   32|   ap_memory|                                                  p_ZL7out_buf_0_3|         array|
|p_ZL7out_buf_1_1_address0  |  out|    2|   ap_memory|                                                  p_ZL7out_buf_1_1|         array|
|p_ZL7out_buf_1_1_ce0       |  out|    1|   ap_memory|                                                  p_ZL7out_buf_1_1|         array|
|p_ZL7out_buf_1_1_we0       |  out|    1|   ap_memory|                                                  p_ZL7out_buf_1_1|         array|
|p_ZL7out_buf_1_1_d0        |  out|   32|   ap_memory|                                                  p_ZL7out_buf_1_1|         array|
|p_ZL7out_buf_1_1_address1  |  out|    2|   ap_memory|                                                  p_ZL7out_buf_1_1|         array|
|p_ZL7out_buf_1_1_ce1       |  out|    1|   ap_memory|                                                  p_ZL7out_buf_1_1|         array|
|p_ZL7out_buf_1_1_q1        |   in|   32|   ap_memory|                                                  p_ZL7out_buf_1_1|         array|
|p_ZL7out_buf_1_2_address0  |  out|    2|   ap_memory|                                                  p_ZL7out_buf_1_2|         array|
|p_ZL7out_buf_1_2_ce0       |  out|    1|   ap_memory|                                                  p_ZL7out_buf_1_2|         array|
|p_ZL7out_buf_1_2_we0       |  out|    1|   ap_memory|                                                  p_ZL7out_buf_1_2|         array|
|p_ZL7out_buf_1_2_d0        |  out|   32|   ap_memory|                                                  p_ZL7out_buf_1_2|         array|
|p_ZL7out_buf_1_2_address1  |  out|    2|   ap_memory|                                                  p_ZL7out_buf_1_2|         array|
|p_ZL7out_buf_1_2_ce1       |  out|    1|   ap_memory|                                                  p_ZL7out_buf_1_2|         array|
|p_ZL7out_buf_1_2_q1        |   in|   32|   ap_memory|                                                  p_ZL7out_buf_1_2|         array|
|p_ZL7out_buf_1_3_address0  |  out|    2|   ap_memory|                                                  p_ZL7out_buf_1_3|         array|
|p_ZL7out_buf_1_3_ce0       |  out|    1|   ap_memory|                                                  p_ZL7out_buf_1_3|         array|
|p_ZL7out_buf_1_3_we0       |  out|    1|   ap_memory|                                                  p_ZL7out_buf_1_3|         array|
|p_ZL7out_buf_1_3_d0        |  out|   32|   ap_memory|                                                  p_ZL7out_buf_1_3|         array|
|p_ZL7out_buf_1_3_address1  |  out|    2|   ap_memory|                                                  p_ZL7out_buf_1_3|         array|
|p_ZL7out_buf_1_3_ce1       |  out|    1|   ap_memory|                                                  p_ZL7out_buf_1_3|         array|
|p_ZL7out_buf_1_3_q1        |   in|   32|   ap_memory|                                                  p_ZL7out_buf_1_3|         array|
+---------------------------+-----+-----+------------+------------------------------------------------------------------+--------------+

