

================================================================
== Vitis HLS Report for 'run_dwconv_Pipeline_VITIS_LOOP_184_4_VITIS_LOOP_185_5'
================================================================
* Date:           Wed Aug 19 17:44:48 2026

* Version:        2024.2 (Build 5238294 on Nov  8 2024)
* Project:        mac_array_poc_r10
* Solution:       solution1 (Vivado IP Flow Target)
* Product family: zynq
* Target device:  xc7z020-clg400-1


================================================================
== Performance Estimates
================================================================
+ Timing: 
    * Summary: 
    +--------+----------+----------+------------+
    |  Clock |  Target  | Estimated| Uncertainty|
    +--------+----------+----------+------------+
    |ap_clk  |  10.00 ns|  6.698 ns|     2.70 ns|
    +--------+----------+----------+------------+

+ Latency: 
    * Summary: 
    +---------+---------+----------+----------+-----+-----+------------------------------------------------+
    |  Latency (cycles) |  Latency (absolute) |  Interval |                    Pipeline                    |
    |   min   |   max   |    min   |    max   | min | max |                      Type                      |
    +---------+---------+----------+----------+-----+-----+------------------------------------------------+
    |        ?|        ?|         ?|         ?|    0|    0|  loop auto-rewind stp (delay=0 clock cycles(s))|
    +---------+---------+----------+----------+-----+-----+------------------------------------------------+

    + Detail: 
        * Instance: 
        N/A

        * Loop: 
        +-------------------------------------+---------+---------+----------+-----------+-----------+------+----------+
        |                                     |  Latency (cycles) | Iteration|  Initiation Interval  | Trip |          |
        |              Loop Name              |   min   |   max   |  Latency |  achieved |   target  | Count| Pipelined|
        +-------------------------------------+---------+---------+----------+-----------+-----------+------+----------+
        |- VITIS_LOOP_184_4_VITIS_LOOP_185_5  |        ?|        ?|         2|          1|          1|     ?|       yes|
        +-------------------------------------+---------+---------+----------+-----------+-----------+------+----------+



================================================================
== Utilization Estimates
================================================================
* Summary: 
+-----------------+---------+-----+--------+-------+-----+
|       Name      | BRAM_18K| DSP |   FF   |  LUT  | URAM|
+-----------------+---------+-----+--------+-------+-----+
|DSP              |        -|    -|       -|      -|    -|
|Expression       |        -|    -|       0|    262|    -|
|FIFO             |        -|    -|       -|      -|    -|
|Instance         |        -|    -|       -|      -|    -|
|Memory           |        -|    -|       -|      -|    -|
|Multiplexer      |        -|    -|       0|     54|    -|
|Register         |        -|    -|     102|      -|    -|
+-----------------+---------+-----+--------+-------+-----+
|Total            |        0|    0|     102|    316|    0|
+-----------------+---------+-----+--------+-------+-----+
|Available        |      280|  220|  106400|  53200|    0|
+-----------------+---------+-----+--------+-------+-----+
|Utilization (%)  |        0|    0|      ~0|     ~0|    0|
+-----------------+---------+-----+--------+-------+-----+

+ Detail: 
    * Instance: 
    N/A

    * DSP: 
    N/A

    * Memory: 
    N/A

    * FIFO: 
    N/A

    * Expression: 
    +--------------------------+----------+----+---+----+------------+------------+
    |       Variable Name      | Operation| DSP| FF| LUT| Bitwidth P0| Bitwidth P1|
    +--------------------------+----------+----+---+----+------------+------------+
    |add_ln184_1_fu_293_p2     |         +|   0|  0|  38|          31|           1|
    |add_ln184_fu_259_p2       |         +|   0|  0|  70|          63|           1|
    |add_ln185_fu_671_p2       |         +|   0|  0|  10|           2|           1|
    |icmp_ln184_fu_254_p2      |      icmp|   0|  0|  70|          63|          63|
    |icmp_ln185_fu_277_p2      |      icmp|   0|  0|  39|          32|          32|
    |select_ln184_1_fu_299_p3  |    select|   0|  0|  31|           1|          31|
    |select_ln184_fu_285_p3    |    select|   0|  0|   2|           1|           1|
    |ap_enable_pp0             |       xor|   0|  0|   2|           1|           2|
    +--------------------------+----------+----+---+----+------------+------------+
    |Total                     |          |   0|  0| 262|         194|         132|
    +--------------------------+----------+----+---+----+------------+------------+

    * Multiplexer: 
    +----------------------------------+----+-----------+-----+-----------+
    |               Name               | LUT| Input Size| Bits| Total Bits|
    +----------------------------------+----+-----------+-----+-----------+
    |ap_done_int                       |   9|          2|    1|          2|
    |ap_enable_reg_pp0_iter1           |   9|          2|    1|          2|
    |ap_loop_exit_ready_pp0_iter2_reg  |   9|          2|    1|          2|
    |indvar_flatten_fu_208             |   9|          2|   63|        126|
    |kh_fu_204                         |   9|          2|   31|         62|
    |kw_fu_200                         |   9|          2|    2|          4|
    +----------------------------------+----+-----------+-----+-----------+
    |Total                             |  54|         12|   99|        198|
    +----------------------------------+----+-----------+-----+-----------+

    * Register: 
    +----------------------------------+----+----+-----+-----------+
    |               Name               | FF | LUT| Bits| Const Bits|
    +----------------------------------+----+----+-----+-----------+
    |ap_CS_fsm                         |   1|   0|    1|          0|
    |ap_done_reg                       |   1|   0|    1|          0|
    |ap_enable_reg_pp0_iter1           |   1|   0|    1|          0|
    |ap_enable_reg_pp0_iter2           |   1|   0|    1|          0|
    |ap_loop_exit_ready_pp0_iter2_reg  |   1|   0|    1|          0|
    |icmp_ln184_reg_798                |   1|   0|    1|          0|
    |indvar_flatten_fu_208             |  63|   0|   63|          0|
    |kh_fu_204                         |  31|   0|   31|          0|
    |kw_fu_200                         |   2|   0|    2|          0|
    +----------------------------------+----+----+-----+-----------+
    |Total                             | 102|   0|  102|          0|
    +----------------------------------+----+----+-----+-----------+



================================================================
== Interface
================================================================
* Summary: 
+-------------------------+-----+-----+------------+-------------------------------------------------------+--------------+
|        RTL Ports        | Dir | Bits|  Protocol  |                     Source Object                     |    C Type    |
+-------------------------+-----+-----+------------+-------------------------------------------------------+--------------+
|ap_clk                   |   in|    1|  ap_ctrl_hs|  run_dwconv_Pipeline_VITIS_LOOP_184_4_VITIS_LOOP_185_5|  return value|
|ap_rst                   |   in|    1|  ap_ctrl_hs|  run_dwconv_Pipeline_VITIS_LOOP_184_4_VITIS_LOOP_185_5|  return value|
|ap_start                 |   in|    1|  ap_ctrl_hs|  run_dwconv_Pipeline_VITIS_LOOP_184_4_VITIS_LOOP_185_5|  return value|
|ap_done                  |  out|    1|  ap_ctrl_hs|  run_dwconv_Pipeline_VITIS_LOOP_184_4_VITIS_LOOP_185_5|  return value|
|ap_idle                  |  out|    1|  ap_ctrl_hs|  run_dwconv_Pipeline_VITIS_LOOP_184_4_VITIS_LOOP_185_5|  return value|
|ap_ready                 |  out|    1|  ap_ctrl_hs|  run_dwconv_Pipeline_VITIS_LOOP_184_4_VITIS_LOOP_185_5|  return value|
|K                        |   in|   32|     ap_none|                                                      K|        scalar|
|bound                    |   in|   63|     ap_none|                                                  bound|        scalar|
|w_base_read              |   in|    8|     ap_none|                                            w_base_read|        scalar|
|cc                       |   in|    3|     ap_none|                                                     cc|        scalar|
|p_0_0_048306_out         |  out|    8|      ap_vld|                                       p_0_0_048306_out|       pointer|
|p_0_0_048306_out_ap_vld  |  out|    1|      ap_vld|                                       p_0_0_048306_out|       pointer|
|p_0_0_048302_out         |  out|    8|      ap_vld|                                       p_0_0_048302_out|       pointer|
|p_0_0_048302_out_ap_vld  |  out|    1|      ap_vld|                                       p_0_0_048302_out|       pointer|
|p_0_0_048298_out         |  out|    8|      ap_vld|                                       p_0_0_048298_out|       pointer|
|p_0_0_048298_out_ap_vld  |  out|    1|      ap_vld|                                       p_0_0_048298_out|       pointer|
|p_0_0_048294_out         |  out|    8|      ap_vld|                                       p_0_0_048294_out|       pointer|
|p_0_0_048294_out_ap_vld  |  out|    1|      ap_vld|                                       p_0_0_048294_out|       pointer|
|p_0_0_048290_out         |  out|    8|      ap_vld|                                       p_0_0_048290_out|       pointer|
|p_0_0_048290_out_ap_vld  |  out|    1|      ap_vld|                                       p_0_0_048290_out|       pointer|
|p_0_0_048286_out         |  out|    8|      ap_vld|                                       p_0_0_048286_out|       pointer|
|p_0_0_048286_out_ap_vld  |  out|    1|      ap_vld|                                       p_0_0_048286_out|       pointer|
|p_0_0_048282_out         |  out|    8|      ap_vld|                                       p_0_0_048282_out|       pointer|
|p_0_0_048282_out_ap_vld  |  out|    1|      ap_vld|                                       p_0_0_048282_out|       pointer|
|p_0_0_048278_out         |  out|    8|      ap_vld|                                       p_0_0_048278_out|       pointer|
|p_0_0_048278_out_ap_vld  |  out|    1|      ap_vld|                                       p_0_0_048278_out|       pointer|
|p_0_0_048274_out         |  out|    8|      ap_vld|                                       p_0_0_048274_out|       pointer|
|p_0_0_048274_out_ap_vld  |  out|    1|      ap_vld|                                       p_0_0_048274_out|       pointer|
|p_0_0_048270_out         |  out|    8|      ap_vld|                                       p_0_0_048270_out|       pointer|
|p_0_0_048270_out_ap_vld  |  out|    1|      ap_vld|                                       p_0_0_048270_out|       pointer|
|p_0_0_048266_out         |  out|    8|      ap_vld|                                       p_0_0_048266_out|       pointer|
|p_0_0_048266_out_ap_vld  |  out|    1|      ap_vld|                                       p_0_0_048266_out|       pointer|
|p_0_0_048262_out         |  out|    8|      ap_vld|                                       p_0_0_048262_out|       pointer|
|p_0_0_048262_out_ap_vld  |  out|    1|      ap_vld|                                       p_0_0_048262_out|       pointer|
|p_0_0_048255_out         |  out|    8|      ap_vld|                                       p_0_0_048255_out|       pointer|
|p_0_0_048255_out_ap_vld  |  out|    1|      ap_vld|                                       p_0_0_048255_out|       pointer|
|p_0_0_048251_out         |  out|    8|      ap_vld|                                       p_0_0_048251_out|       pointer|
|p_0_0_048251_out_ap_vld  |  out|    1|      ap_vld|                                       p_0_0_048251_out|       pointer|
|p_0_0_048247_out         |  out|    8|      ap_vld|                                       p_0_0_048247_out|       pointer|
|p_0_0_048247_out_ap_vld  |  out|    1|      ap_vld|                                       p_0_0_048247_out|       pointer|
|p_0_0_048246_out         |  out|    8|      ap_vld|                                       p_0_0_048246_out|       pointer|
|p_0_0_048246_out_ap_vld  |  out|    1|      ap_vld|                                       p_0_0_048246_out|       pointer|
|p_0_0_048242_out         |  out|    8|      ap_vld|                                       p_0_0_048242_out|       pointer|
|p_0_0_048242_out_ap_vld  |  out|    1|      ap_vld|                                       p_0_0_048242_out|       pointer|
|p_0_0_048238_out         |  out|    8|      ap_vld|                                       p_0_0_048238_out|       pointer|
|p_0_0_048238_out_ap_vld  |  out|    1|      ap_vld|                                       p_0_0_048238_out|       pointer|
|p_0_0_048234_out         |  out|    8|      ap_vld|                                       p_0_0_048234_out|       pointer|
|p_0_0_048234_out_ap_vld  |  out|    1|      ap_vld|                                       p_0_0_048234_out|       pointer|
|p_0_0_048230_out         |  out|    8|      ap_vld|                                       p_0_0_048230_out|       pointer|
|p_0_0_048230_out_ap_vld  |  out|    1|      ap_vld|                                       p_0_0_048230_out|       pointer|
|p_0_0_048226_out         |  out|    8|      ap_vld|                                       p_0_0_048226_out|       pointer|
|p_0_0_048226_out_ap_vld  |  out|    1|      ap_vld|                                       p_0_0_048226_out|       pointer|
|p_0_0_048222_out         |  out|    8|      ap_vld|                                       p_0_0_048222_out|       pointer|
|p_0_0_048222_out_ap_vld  |  out|    1|      ap_vld|                                       p_0_0_048222_out|       pointer|
|p_0_0_048218_out         |  out|    8|      ap_vld|                                       p_0_0_048218_out|       pointer|
|p_0_0_048218_out_ap_vld  |  out|    1|      ap_vld|                                       p_0_0_048218_out|       pointer|
|p_0_0_048214_out         |  out|    8|      ap_vld|                                       p_0_0_048214_out|       pointer|
|p_0_0_048214_out_ap_vld  |  out|    1|      ap_vld|                                       p_0_0_048214_out|       pointer|
|p_0_0_048210_out         |  out|    8|      ap_vld|                                       p_0_0_048210_out|       pointer|
|p_0_0_048210_out_ap_vld  |  out|    1|      ap_vld|                                       p_0_0_048210_out|       pointer|
|p_0_0_048206_out         |  out|    8|      ap_vld|                                       p_0_0_048206_out|       pointer|
|p_0_0_048206_out_ap_vld  |  out|    1|      ap_vld|                                       p_0_0_048206_out|       pointer|
|p_0_0_048202_out         |  out|    8|      ap_vld|                                       p_0_0_048202_out|       pointer|
|p_0_0_048202_out_ap_vld  |  out|    1|      ap_vld|                                       p_0_0_048202_out|       pointer|
|p_0_0_048198_out         |  out|    8|      ap_vld|                                       p_0_0_048198_out|       pointer|
|p_0_0_048198_out_ap_vld  |  out|    1|      ap_vld|                                       p_0_0_048198_out|       pointer|
|p_0_0_048194_out         |  out|    8|      ap_vld|                                       p_0_0_048194_out|       pointer|
|p_0_0_048194_out_ap_vld  |  out|    1|      ap_vld|                                       p_0_0_048194_out|       pointer|
|p_0_0_048190_out         |  out|    8|      ap_vld|                                       p_0_0_048190_out|       pointer|
|p_0_0_048190_out_ap_vld  |  out|    1|      ap_vld|                                       p_0_0_048190_out|       pointer|
|p_0_0_048186_out         |  out|    8|      ap_vld|                                       p_0_0_048186_out|       pointer|
|p_0_0_048186_out_ap_vld  |  out|    1|      ap_vld|                                       p_0_0_048186_out|       pointer|
|p_0_0_048182_out         |  out|    8|      ap_vld|                                       p_0_0_048182_out|       pointer|
|p_0_0_048182_out_ap_vld  |  out|    1|      ap_vld|                                       p_0_0_048182_out|       pointer|
|p_0_0_048178_out         |  out|    8|      ap_vld|                                       p_0_0_048178_out|       pointer|
|p_0_0_048178_out_ap_vld  |  out|    1|      ap_vld|                                       p_0_0_048178_out|       pointer|
|p_0_0_048174_out         |  out|    8|      ap_vld|                                       p_0_0_048174_out|       pointer|
|p_0_0_048174_out_ap_vld  |  out|    1|      ap_vld|                                       p_0_0_048174_out|       pointer|
|p_0_0_048170_out         |  out|    8|      ap_vld|                                       p_0_0_048170_out|       pointer|
|p_0_0_048170_out_ap_vld  |  out|    1|      ap_vld|                                       p_0_0_048170_out|       pointer|
|p_0_0_048166_out         |  out|    8|      ap_vld|                                       p_0_0_048166_out|       pointer|
|p_0_0_048166_out_ap_vld  |  out|    1|      ap_vld|                                       p_0_0_048166_out|       pointer|
|p_0_0_048162_out         |  out|    8|      ap_vld|                                       p_0_0_048162_out|       pointer|
|p_0_0_048162_out_ap_vld  |  out|    1|      ap_vld|                                       p_0_0_048162_out|       pointer|
|p_0_0_048158_out         |  out|    8|      ap_vld|                                       p_0_0_048158_out|       pointer|
|p_0_0_048158_out_ap_vld  |  out|    1|      ap_vld|                                       p_0_0_048158_out|       pointer|
|p_0_0_048154_out         |  out|    8|      ap_vld|                                       p_0_0_048154_out|       pointer|
|p_0_0_048154_out_ap_vld  |  out|    1|      ap_vld|                                       p_0_0_048154_out|       pointer|
|p_0_0_048150_out         |  out|    8|      ap_vld|                                       p_0_0_048150_out|       pointer|
|p_0_0_048150_out_ap_vld  |  out|    1|      ap_vld|                                       p_0_0_048150_out|       pointer|
|p_0_0_048146_out         |  out|    8|      ap_vld|                                       p_0_0_048146_out|       pointer|
|p_0_0_048146_out_ap_vld  |  out|    1|      ap_vld|                                       p_0_0_048146_out|       pointer|
|p_0_0_048142_out         |  out|    8|      ap_vld|                                       p_0_0_048142_out|       pointer|
|p_0_0_048142_out_ap_vld  |  out|    1|      ap_vld|                                       p_0_0_048142_out|       pointer|
|p_0_0_048138_out         |  out|    8|      ap_vld|                                       p_0_0_048138_out|       pointer|
|p_0_0_048138_out_ap_vld  |  out|    1|      ap_vld|                                       p_0_0_048138_out|       pointer|
|p_0_0_048134_out         |  out|    8|      ap_vld|                                       p_0_0_048134_out|       pointer|
|p_0_0_048134_out_ap_vld  |  out|    1|      ap_vld|                                       p_0_0_048134_out|       pointer|
|p_0_0_048130_out         |  out|    8|      ap_vld|                                       p_0_0_048130_out|       pointer|
|p_0_0_048130_out_ap_vld  |  out|    1|      ap_vld|                                       p_0_0_048130_out|       pointer|
|p_0_0_048126_out         |  out|    8|      ap_vld|                                       p_0_0_048126_out|       pointer|
|p_0_0_048126_out_ap_vld  |  out|    1|      ap_vld|                                       p_0_0_048126_out|       pointer|
|p_0_0_048122_out         |  out|    8|      ap_vld|                                       p_0_0_048122_out|       pointer|
|p_0_0_048122_out_ap_vld  |  out|    1|      ap_vld|                                       p_0_0_048122_out|       pointer|
|p_0_0_048118_out         |  out|    8|      ap_vld|                                       p_0_0_048118_out|       pointer|
|p_0_0_048118_out_ap_vld  |  out|    1|      ap_vld|                                       p_0_0_048118_out|       pointer|
|p_0_0_048114_out         |  out|    8|      ap_vld|                                       p_0_0_048114_out|       pointer|
|p_0_0_048114_out_ap_vld  |  out|    1|      ap_vld|                                       p_0_0_048114_out|       pointer|
|p_0_0_048110_out         |  out|    8|      ap_vld|                                       p_0_0_048110_out|       pointer|
|p_0_0_048110_out_ap_vld  |  out|    1|      ap_vld|                                       p_0_0_048110_out|       pointer|
|p_0_0_048106_out         |  out|    8|      ap_vld|                                       p_0_0_048106_out|       pointer|
|p_0_0_048106_out_ap_vld  |  out|    1|      ap_vld|                                       p_0_0_048106_out|       pointer|
|p_0_0_048102_out         |  out|    8|      ap_vld|                                       p_0_0_048102_out|       pointer|
|p_0_0_048102_out_ap_vld  |  out|    1|      ap_vld|                                       p_0_0_048102_out|       pointer|
|p_0_0_04898_out          |  out|    8|      ap_vld|                                        p_0_0_04898_out|       pointer|
|p_0_0_04898_out_ap_vld   |  out|    1|      ap_vld|                                        p_0_0_04898_out|       pointer|
|p_0_0_04894_out          |  out|    8|      ap_vld|                                        p_0_0_04894_out|       pointer|
|p_0_0_04894_out_ap_vld   |  out|    1|      ap_vld|                                        p_0_0_04894_out|       pointer|
|p_0_0_04890_out          |  out|    8|      ap_vld|                                        p_0_0_04890_out|       pointer|
|p_0_0_04890_out_ap_vld   |  out|    1|      ap_vld|                                        p_0_0_04890_out|       pointer|
|p_0_0_04886_out          |  out|    8|      ap_vld|                                        p_0_0_04886_out|       pointer|
|p_0_0_04886_out_ap_vld   |  out|    1|      ap_vld|                                        p_0_0_04886_out|       pointer|
|p_0_0_04882_out          |  out|    8|      ap_vld|                                        p_0_0_04882_out|       pointer|
|p_0_0_04882_out_ap_vld   |  out|    1|      ap_vld|                                        p_0_0_04882_out|       pointer|
|p_0_0_04878_out          |  out|    8|      ap_vld|                                        p_0_0_04878_out|       pointer|
|p_0_0_04878_out_ap_vld   |  out|    1|      ap_vld|                                        p_0_0_04878_out|       pointer|
|p_0_0_04874_out          |  out|    8|      ap_vld|                                        p_0_0_04874_out|       pointer|
|p_0_0_04874_out_ap_vld   |  out|    1|      ap_vld|                                        p_0_0_04874_out|       pointer|
|p_0_0_04870_out          |  out|    8|      ap_vld|                                        p_0_0_04870_out|       pointer|
|p_0_0_04870_out_ap_vld   |  out|    1|      ap_vld|                                        p_0_0_04870_out|       pointer|
|p_0_0_04866_out          |  out|    8|      ap_vld|                                        p_0_0_04866_out|       pointer|
|p_0_0_04866_out_ap_vld   |  out|    1|      ap_vld|                                        p_0_0_04866_out|       pointer|
|p_0_0_04862_out          |  out|    8|      ap_vld|                                        p_0_0_04862_out|       pointer|
|p_0_0_04862_out_ap_vld   |  out|    1|      ap_vld|                                        p_0_0_04862_out|       pointer|
|p_0_0_04858_out          |  out|    8|      ap_vld|                                        p_0_0_04858_out|       pointer|
|p_0_0_04858_out_ap_vld   |  out|    1|      ap_vld|                                        p_0_0_04858_out|       pointer|
|p_0_0_04854_out          |  out|    8|      ap_vld|                                        p_0_0_04854_out|       pointer|
|p_0_0_04854_out_ap_vld   |  out|    1|      ap_vld|                                        p_0_0_04854_out|       pointer|
|p_0_0_04850_out          |  out|    8|      ap_vld|                                        p_0_0_04850_out|       pointer|
|p_0_0_04850_out_ap_vld   |  out|    1|      ap_vld|                                        p_0_0_04850_out|       pointer|
|p_0_0_04846_out          |  out|    8|      ap_vld|                                        p_0_0_04846_out|       pointer|
|p_0_0_04846_out_ap_vld   |  out|    1|      ap_vld|                                        p_0_0_04846_out|       pointer|
|p_0_0_04842_out          |  out|    8|      ap_vld|                                        p_0_0_04842_out|       pointer|
|p_0_0_04842_out_ap_vld   |  out|    1|      ap_vld|                                        p_0_0_04842_out|       pointer|
|p_0_0_04838_out          |  out|    8|      ap_vld|                                        p_0_0_04838_out|       pointer|
|p_0_0_04838_out_ap_vld   |  out|    1|      ap_vld|                                        p_0_0_04838_out|       pointer|
|p_0_0_04834_out          |  out|    8|      ap_vld|                                        p_0_0_04834_out|       pointer|
|p_0_0_04834_out_ap_vld   |  out|    1|      ap_vld|                                        p_0_0_04834_out|       pointer|
|p_0_0_04830_out          |  out|    8|      ap_vld|                                        p_0_0_04830_out|       pointer|
|p_0_0_04830_out_ap_vld   |  out|    1|      ap_vld|                                        p_0_0_04830_out|       pointer|
|p_0_0_04826_out          |  out|    8|      ap_vld|                                        p_0_0_04826_out|       pointer|
|p_0_0_04826_out_ap_vld   |  out|    1|      ap_vld|                                        p_0_0_04826_out|       pointer|
|p_0_0_04822_out          |  out|    8|      ap_vld|                                        p_0_0_04822_out|       pointer|
|p_0_0_04822_out_ap_vld   |  out|    1|      ap_vld|                                        p_0_0_04822_out|       pointer|
+-------------------------+-----+-----+------------+-------------------------------------------------------+--------------+

