Copyright 1986-2022 Xilinx, Inc. All Rights Reserved. Copyright 2022-2024 Advanced Micro Devices, Inc. All Rights Reserved.
-------------------------------------------------------------------------------------------------------------------------------------------------------------------------------------------------
| Tool Version : Vivado v.2024.2 (win64) Build 5239630 Fri Nov 08 22:35:27 MST 2024
| Date         : Sat Aug  8 10:06:31 2026
| Host         : DESKTOP-GBLH5MP running 64-bit major release  (build 9200)
| Command      : report_timing -delay_type max -max_paths 10 -sort_by group -file E:/codes/microzed/fastvit_hls/vivado_impl/fastvit_pwconv_only_200mhz_proj/timing_detail_pwconv_only_200mhz.rpt
| Design       : fastvit_bd_wrapper
| Device       : 7z020-clg400
| Speed File   : -1  PRODUCTION 1.12 2019-11-22
| Design State : Physopt postRoute
-------------------------------------------------------------------------------------------------------------------------------------------------------------------------------------------------

Timing Report

Slack (VIOLATED) :        -0.567ns  (required time - arrival time)
  Source:                 fastvit_bd_i/worker_0/inst/pwconv_worker_U/grp_pwconv_worker_Pipeline_VITIS_LOOP_93_14_fu_2698/s_3_fu_68_reg[1]/C
                            (rising edge-triggered cell FDRE clocked by clk_fpga_0  {rise@0.000ns fall@2.500ns period=5.000ns})
  Destination:            fastvit_bd_i/worker_0/inst/pwconv_worker_U/grp_pwconv_worker_Pipeline_VITIS_LOOP_93_14_fu_2698/s_3_fu_68_reg[1]/R
                            (rising edge-triggered cell FDRE clocked by clk_fpga_0  {rise@0.000ns fall@2.500ns period=5.000ns})
  Path Group:             clk_fpga_0
  Path Type:              Setup (Max at Slow Process Corner)
  Requirement:            5.000ns  (clk_fpga_0 rise@5.000ns - clk_fpga_0 rise@0.000ns)
  Data Path Delay:        5.055ns  (logic 1.572ns (31.099%)  route 3.483ns (68.901%))
  Logic Levels:           6  (CARRY4=4 LUT3=1 LUT6=1)
  Clock Path Skew:        0.000ns (DCD - SCD + CPR)
    Destination Clock Delay (DCD):    2.954ns = ( 7.954 - 5.000 ) 
    Source Clock Delay      (SCD):    3.266ns
    Clock Pessimism Removal (CPR):    0.312ns
  Clock Uncertainty:      0.083ns  ((TSJ^2 + TIJ^2)^1/2 + DJ) / 2 + PE
    Total System Jitter     (TSJ):    0.071ns
    Total Input Jitter      (TIJ):    0.150ns
    Discrete Jitter          (DJ):    0.000ns
    Phase Error              (PE):    0.000ns

    Location             Delay type                Incr(ns)  Path(ns)    Netlist Resource(s)
  -------------------------------------------------------------------    -------------------
                         (clock clk_fpga_0 rise edge)
                                                      0.000     0.000 r  
    PS7_X0Y0             PS7                          0.000     0.000 r  fastvit_bd_i/ps7_0/inst/PS7_i/FCLKCLK[0]
                         net (fo=1, routed)           1.193     1.193    fastvit_bd_i/ps7_0/inst/FCLK_CLK_unbuffered[0]
    BUFGCTRL_X0Y17       BUFG (Prop_bufg_I_O)         0.101     1.294 r  fastvit_bd_i/ps7_0/inst/buffer_fclk_clk_0.FCLK_CLK_0_BUFG_replica/O
                         net (fo=32, routed)          0.146     1.440    fastvit_bd_i/ps7_0/inst/FCLK_CLK0_repN
    BUFGCTRL_X0Y16       BUFG (Prop_bufg_I_O)         0.101     1.541 r  fastvit_bd_i/ps7_0/inst/buffer_fclk_clk_0.FCLK_CLK_0_BUFG/O
                         net (fo=31741, routed)       1.725     3.266    fastvit_bd_i/worker_0/inst/pwconv_worker_U/grp_pwconv_worker_Pipeline_VITIS_LOOP_93_14_fu_2698/ap_clk
    SLICE_X67Y34         FDRE                                         r  fastvit_bd_i/worker_0/inst/pwconv_worker_U/grp_pwconv_worker_Pipeline_VITIS_LOOP_93_14_fu_2698/s_3_fu_68_reg[1]/C
  -------------------------------------------------------------------    -------------------
    SLICE_X67Y34         FDRE (Prop_fdre_C_Q)         0.456     3.722 f  fastvit_bd_i/worker_0/inst/pwconv_worker_U/grp_pwconv_worker_Pipeline_VITIS_LOOP_93_14_fu_2698/s_3_fu_68_reg[1]/Q
                         net (fo=4, routed)           1.295     5.017    fastvit_bd_i/worker_0/inst/pwconv_worker_U/grp_pwconv_worker_Pipeline_VITIS_LOOP_93_14_fu_2698/flow_control_loop_pipe_sequential_init_U/Q[1]
    SLICE_X70Y37         LUT6 (Prop_lut6_I2_O)        0.124     5.141 r  fastvit_bd_i/worker_0/inst/pwconv_worker_U/grp_pwconv_worker_Pipeline_VITIS_LOOP_93_14_fu_2698/flow_control_loop_pipe_sequential_init_U/s_3_fu_68[30]_i_37/O
                         net (fo=1, routed)           0.329     5.470    fastvit_bd_i/worker_0/inst/pwconv_worker_U/grp_pwconv_worker_Pipeline_VITIS_LOOP_93_14_fu_2698/flow_control_loop_pipe_sequential_init_U/s_3_fu_68[30]_i_37_n_2
    SLICE_X68Y37         CARRY4 (Prop_carry4_DI[0]_CO[3])
                                                      0.526     5.996 r  fastvit_bd_i/worker_0/inst/pwconv_worker_U/grp_pwconv_worker_Pipeline_VITIS_LOOP_93_14_fu_2698/flow_control_loop_pipe_sequential_init_U/s_3_fu_68_reg[30]_i_25/CO[3]
                         net (fo=1, routed)           0.000     5.996    fastvit_bd_i/worker_0/inst/pwconv_worker_U/grp_pwconv_worker_Pipeline_VITIS_LOOP_93_14_fu_2698/flow_control_loop_pipe_sequential_init_U/s_3_fu_68_reg[30]_i_25_n_2
    SLICE_X68Y38         CARRY4 (Prop_carry4_CI_CO[3])
                                                      0.114     6.110 r  fastvit_bd_i/worker_0/inst/pwconv_worker_U/grp_pwconv_worker_Pipeline_VITIS_LOOP_93_14_fu_2698/flow_control_loop_pipe_sequential_init_U/s_3_fu_68_reg[30]_i_16/CO[3]
                         net (fo=1, routed)           0.000     6.110    fastvit_bd_i/worker_0/inst/pwconv_worker_U/grp_pwconv_worker_Pipeline_VITIS_LOOP_93_14_fu_2698/flow_control_loop_pipe_sequential_init_U/s_3_fu_68_reg[30]_i_16_n_2
    SLICE_X68Y39         CARRY4 (Prop_carry4_CI_CO[3])
                                                      0.114     6.224 r  fastvit_bd_i/worker_0/inst/pwconv_worker_U/grp_pwconv_worker_Pipeline_VITIS_LOOP_93_14_fu_2698/flow_control_loop_pipe_sequential_init_U/s_3_fu_68_reg[30]_i_7/CO[3]
                         net (fo=1, routed)           0.000     6.224    fastvit_bd_i/worker_0/inst/pwconv_worker_U/grp_pwconv_worker_Pipeline_VITIS_LOOP_93_14_fu_2698/flow_control_loop_pipe_sequential_init_U/s_3_fu_68_reg[30]_i_7_n_2
    SLICE_X68Y40         CARRY4 (Prop_carry4_CI_CO[3])
                                                      0.114     6.338 f  fastvit_bd_i/worker_0/inst/pwconv_worker_U/grp_pwconv_worker_Pipeline_VITIS_LOOP_93_14_fu_2698/flow_control_loop_pipe_sequential_init_U/s_3_fu_68_reg[30]_i_4/CO[3]
                         net (fo=8, routed)           0.968     7.306    fastvit_bd_i/worker_0/inst/pwconv_worker_U/grp_pwconv_worker_Pipeline_VITIS_LOOP_93_14_fu_2698/flow_control_loop_pipe_sequential_init_U/icmp_ln93_fu_200_p2
    SLICE_X70Y38         LUT3 (Prop_lut3_I1_O)        0.124     7.430 r  fastvit_bd_i/worker_0/inst/pwconv_worker_U/grp_pwconv_worker_Pipeline_VITIS_LOOP_93_14_fu_2698/flow_control_loop_pipe_sequential_init_U/s_3_fu_68[30]_i_1/O
                         net (fo=31, routed)          0.891     8.321    fastvit_bd_i/worker_0/inst/pwconv_worker_U/grp_pwconv_worker_Pipeline_VITIS_LOOP_93_14_fu_2698/flow_control_loop_pipe_sequential_init_U_n_37
    SLICE_X67Y34         FDRE                                         r  fastvit_bd_i/worker_0/inst/pwconv_worker_U/grp_pwconv_worker_Pipeline_VITIS_LOOP_93_14_fu_2698/s_3_fu_68_reg[1]/R
  -------------------------------------------------------------------    -------------------

                         (clock clk_fpga_0 rise edge)
                                                      5.000     5.000 r  
    PS7_X0Y0             PS7                          0.000     5.000 r  fastvit_bd_i/ps7_0/inst/PS7_i/FCLKCLK[0]
                         net (fo=1, routed)           1.088     6.088    fastvit_bd_i/ps7_0/inst/FCLK_CLK_unbuffered[0]
    BUFGCTRL_X0Y17       BUFG (Prop_bufg_I_O)         0.091     6.179 r  fastvit_bd_i/ps7_0/inst/buffer_fclk_clk_0.FCLK_CLK_0_BUFG_replica/O
                         net (fo=32, routed)          0.133     6.312    fastvit_bd_i/ps7_0/inst/FCLK_CLK0_repN
    BUFGCTRL_X0Y16       BUFG (Prop_bufg_I_O)         0.091     6.403 r  fastvit_bd_i/ps7_0/inst/buffer_fclk_clk_0.FCLK_CLK_0_BUFG/O
                         net (fo=31741, routed)       1.551     7.955    fastvit_bd_i/worker_0/inst/pwconv_worker_U/grp_pwconv_worker_Pipeline_VITIS_LOOP_93_14_fu_2698/ap_clk
    SLICE_X67Y34         FDRE                                         r  fastvit_bd_i/worker_0/inst/pwconv_worker_U/grp_pwconv_worker_Pipeline_VITIS_LOOP_93_14_fu_2698/s_3_fu_68_reg[1]/C
                         clock pessimism              0.312     8.266    
                         clock uncertainty           -0.083     8.183    
    SLICE_X67Y34         FDRE (Setup_fdre_C_R)       -0.429     7.754    fastvit_bd_i/worker_0/inst/pwconv_worker_U/grp_pwconv_worker_Pipeline_VITIS_LOOP_93_14_fu_2698/s_3_fu_68_reg[1]
  -------------------------------------------------------------------
                         required time                          7.754    
                         arrival time                          -8.321    
  -------------------------------------------------------------------
                         slack                                 -0.567    

Slack (VIOLATED) :        -0.567ns  (required time - arrival time)
  Source:                 fastvit_bd_i/worker_0/inst/pwconv_worker_U/grp_pwconv_worker_Pipeline_VITIS_LOOP_93_14_fu_2698/s_3_fu_68_reg[1]/C
                            (rising edge-triggered cell FDRE clocked by clk_fpga_0  {rise@0.000ns fall@2.500ns period=5.000ns})
  Destination:            fastvit_bd_i/worker_0/inst/pwconv_worker_U/grp_pwconv_worker_Pipeline_VITIS_LOOP_93_14_fu_2698/s_3_fu_68_reg[2]/R
                            (rising edge-triggered cell FDRE clocked by clk_fpga_0  {rise@0.000ns fall@2.500ns period=5.000ns})
  Path Group:             clk_fpga_0
  Path Type:              Setup (Max at Slow Process Corner)
  Requirement:            5.000ns  (clk_fpga_0 rise@5.000ns - clk_fpga_0 rise@0.000ns)
  Data Path Delay:        5.055ns  (logic 1.572ns (31.099%)  route 3.483ns (68.901%))
  Logic Levels:           6  (CARRY4=4 LUT3=1 LUT6=1)
  Clock Path Skew:        0.000ns (DCD - SCD + CPR)
    Destination Clock Delay (DCD):    2.954ns = ( 7.954 - 5.000 ) 
    Source Clock Delay      (SCD):    3.266ns
    Clock Pessimism Removal (CPR):    0.312ns
  Clock Uncertainty:      0.083ns  ((TSJ^2 + TIJ^2)^1/2 + DJ) / 2 + PE
    Total System Jitter     (TSJ):    0.071ns
    Total Input Jitter      (TIJ):    0.150ns
    Discrete Jitter          (DJ):    0.000ns
    Phase Error              (PE):    0.000ns

    Location             Delay type                Incr(ns)  Path(ns)    Netlist Resource(s)
  -------------------------------------------------------------------    -------------------
                         (clock clk_fpga_0 rise edge)
                                                      0.000     0.000 r  
    PS7_X0Y0             PS7                          0.000     0.000 r  fastvit_bd_i/ps7_0/inst/PS7_i/FCLKCLK[0]
                         net (fo=1, routed)           1.193     1.193    fastvit_bd_i/ps7_0/inst/FCLK_CLK_unbuffered[0]
    BUFGCTRL_X0Y17       BUFG (Prop_bufg_I_O)         0.101     1.294 r  fastvit_bd_i/ps7_0/inst/buffer_fclk_clk_0.FCLK_CLK_0_BUFG_replica/O
                         net (fo=32, routed)          0.146     1.440    fastvit_bd_i/ps7_0/inst/FCLK_CLK0_repN
    BUFGCTRL_X0Y16       BUFG (Prop_bufg_I_O)         0.101     1.541 r  fastvit_bd_i/ps7_0/inst/buffer_fclk_clk_0.FCLK_CLK_0_BUFG/O
                         net (fo=31741, routed)       1.725     3.266    fastvit_bd_i/worker_0/inst/pwconv_worker_U/grp_pwconv_worker_Pipeline_VITIS_LOOP_93_14_fu_2698/ap_clk
    SLICE_X67Y34         FDRE                                         r  fastvit_bd_i/worker_0/inst/pwconv_worker_U/grp_pwconv_worker_Pipeline_VITIS_LOOP_93_14_fu_2698/s_3_fu_68_reg[1]/C
  -------------------------------------------------------------------    -------------------
    SLICE_X67Y34         FDRE (Prop_fdre_C_Q)         0.456     3.722 f  fastvit_bd_i/worker_0/inst/pwconv_worker_U/grp_pwconv_worker_Pipeline_VITIS_LOOP_93_14_fu_2698/s_3_fu_68_reg[1]/Q
                         net (fo=4, routed)           1.295     5.017    fastvit_bd_i/worker_0/inst/pwconv_worker_U/grp_pwconv_worker_Pipeline_VITIS_LOOP_93_14_fu_2698/flow_control_loop_pipe_sequential_init_U/Q[1]
    SLICE_X70Y37         LUT6 (Prop_lut6_I2_O)        0.124     5.141 r  fastvit_bd_i/worker_0/inst/pwconv_worker_U/grp_pwconv_worker_Pipeline_VITIS_LOOP_93_14_fu_2698/flow_control_loop_pipe_sequential_init_U/s_3_fu_68[30]_i_37/O
                         net (fo=1, routed)           0.329     5.470    fastvit_bd_i/worker_0/inst/pwconv_worker_U/grp_pwconv_worker_Pipeline_VITIS_LOOP_93_14_fu_2698/flow_control_loop_pipe_sequential_init_U/s_3_fu_68[30]_i_37_n_2
    SLICE_X68Y37         CARRY4 (Prop_carry4_DI[0]_CO[3])
                                                      0.526     5.996 r  fastvit_bd_i/worker_0/inst/pwconv_worker_U/grp_pwconv_worker_Pipeline_VITIS_LOOP_93_14_fu_2698/flow_control_loop_pipe_sequential_init_U/s_3_fu_68_reg[30]_i_25/CO[3]
                         net (fo=1, routed)           0.000     5.996    fastvit_bd_i/worker_0/inst/pwconv_worker_U/grp_pwconv_worker_Pipeline_VITIS_LOOP_93_14_fu_2698/flow_control_loop_pipe_sequential_init_U/s_3_fu_68_reg[30]_i_25_n_2
    SLICE_X68Y38         CARRY4 (Prop_carry4_CI_CO[3])
                                                      0.114     6.110 r  fastvit_bd_i/worker_0/inst/pwconv_worker_U/grp_pwconv_worker_Pipeline_VITIS_LOOP_93_14_fu_2698/flow_control_loop_pipe_sequential_init_U/s_3_fu_68_reg[30]_i_16/CO[3]
                         net (fo=1, routed)           0.000     6.110    fastvit_bd_i/worker_0/inst/pwconv_worker_U/grp_pwconv_worker_Pipeline_VITIS_LOOP_93_14_fu_2698/flow_control_loop_pipe_sequential_init_U/s_3_fu_68_reg[30]_i_16_n_2
    SLICE_X68Y39         CARRY4 (Prop_carry4_CI_CO[3])
                                                      0.114     6.224 r  fastvit_bd_i/worker_0/inst/pwconv_worker_U/grp_pwconv_worker_Pipeline_VITIS_LOOP_93_14_fu_2698/flow_control_loop_pipe_sequential_init_U/s_3_fu_68_reg[30]_i_7/CO[3]
                         net (fo=1, routed)           0.000     6.224    fastvit_bd_i/worker_0/inst/pwconv_worker_U/grp_pwconv_worker_Pipeline_VITIS_LOOP_93_14_fu_2698/flow_control_loop_pipe_sequential_init_U/s_3_fu_68_reg[30]_i_7_n_2
    SLICE_X68Y40         CARRY4 (Prop_carry4_CI_CO[3])
                                                      0.114     6.338 f  fastvit_bd_i/worker_0/inst/pwconv_worker_U/grp_pwconv_worker_Pipeline_VITIS_LOOP_93_14_fu_2698/flow_control_loop_pipe_sequential_init_U/s_3_fu_68_reg[30]_i_4/CO[3]
                         net (fo=8, routed)           0.968     7.306    fastvit_bd_i/worker_0/inst/pwconv_worker_U/grp_pwconv_worker_Pipeline_VITIS_LOOP_93_14_fu_2698/flow_control_loop_pipe_sequential_init_U/icmp_ln93_fu_200_p2
    SLICE_X70Y38         LUT3 (Prop_lut3_I1_O)        0.124     7.430 r  fastvit_bd_i/worker_0/inst/pwconv_worker_U/grp_pwconv_worker_Pipeline_VITIS_LOOP_93_14_fu_2698/flow_control_loop_pipe_sequential_init_U/s_3_fu_68[30]_i_1/O
                         net (fo=31, routed)          0.891     8.321    fastvit_bd_i/worker_0/inst/pwconv_worker_U/grp_pwconv_worker_Pipeline_VITIS_LOOP_93_14_fu_2698/flow_control_loop_pipe_sequential_init_U_n_37
    SLICE_X67Y34         FDRE                                         r  fastvit_bd_i/worker_0/inst/pwconv_worker_U/grp_pwconv_worker_Pipeline_VITIS_LOOP_93_14_fu_2698/s_3_fu_68_reg[2]/R
  -------------------------------------------------------------------    -------------------

                         (clock clk_fpga_0 rise edge)
                                                      5.000     5.000 r  
    PS7_X0Y0             PS7                          0.000     5.000 r  fastvit_bd_i/ps7_0/inst/PS7_i/FCLKCLK[0]
                         net (fo=1, routed)           1.088     6.088    fastvit_bd_i/ps7_0/inst/FCLK_CLK_unbuffered[0]
    BUFGCTRL_X0Y17       BUFG (Prop_bufg_I_O)         0.091     6.179 r  fastvit_bd_i/ps7_0/inst/buffer_fclk_clk_0.FCLK_CLK_0_BUFG_replica/O
                         net (fo=32, routed)          0.133     6.312    fastvit_bd_i/ps7_0/inst/FCLK_CLK0_repN
    BUFGCTRL_X0Y16       BUFG (Prop_bufg_I_O)         0.091     6.403 r  fastvit_bd_i/ps7_0/inst/buffer_fclk_clk_0.FCLK_CLK_0_BUFG/O
                         net (fo=31741, routed)       1.551     7.955    fastvit_bd_i/worker_0/inst/pwconv_worker_U/grp_pwconv_worker_Pipeline_VITIS_LOOP_93_14_fu_2698/ap_clk
    SLICE_X67Y34         FDRE                                         r  fastvit_bd_i/worker_0/inst/pwconv_worker_U/grp_pwconv_worker_Pipeline_VITIS_LOOP_93_14_fu_2698/s_3_fu_68_reg[2]/C
                         clock pessimism              0.312     8.266    
                         clock uncertainty           -0.083     8.183    
    SLICE_X67Y34         FDRE (Setup_fdre_C_R)       -0.429     7.754    fastvit_bd_i/worker_0/inst/pwconv_worker_U/grp_pwconv_worker_Pipeline_VITIS_LOOP_93_14_fu_2698/s_3_fu_68_reg[2]
  -------------------------------------------------------------------
                         required time                          7.754    
                         arrival time                          -8.321    
  -------------------------------------------------------------------
                         slack                                 -0.567    

Slack (VIOLATED) :        -0.567ns  (required time - arrival time)
  Source:                 fastvit_bd_i/worker_0/inst/pwconv_worker_U/grp_pwconv_worker_Pipeline_VITIS_LOOP_93_14_fu_2698/s_3_fu_68_reg[1]/C
                            (rising edge-triggered cell FDRE clocked by clk_fpga_0  {rise@0.000ns fall@2.500ns period=5.000ns})
  Destination:            fastvit_bd_i/worker_0/inst/pwconv_worker_U/grp_pwconv_worker_Pipeline_VITIS_LOOP_93_14_fu_2698/s_3_fu_68_reg[3]/R
                            (rising edge-triggered cell FDRE clocked by clk_fpga_0  {rise@0.000ns fall@2.500ns period=5.000ns})
  Path Group:             clk_fpga_0
  Path Type:              Setup (Max at Slow Process Corner)
  Requirement:            5.000ns  (clk_fpga_0 rise@5.000ns - clk_fpga_0 rise@0.000ns)
  Data Path Delay:        5.055ns  (logic 1.572ns (31.099%)  route 3.483ns (68.901%))
  Logic Levels:           6  (CARRY4=4 LUT3=1 LUT6=1)
  Clock Path Skew:        0.000ns (DCD - SCD + CPR)
    Destination Clock Delay (DCD):    2.954ns = ( 7.954 - 5.000 ) 
    Source Clock Delay      (SCD):    3.266ns
    Clock Pessimism Removal (CPR):    0.312ns
  Clock Uncertainty:      0.083ns  ((TSJ^2 + TIJ^2)^1/2 + DJ) / 2 + PE
    Total System Jitter     (TSJ):    0.071ns
    Total Input Jitter      (TIJ):    0.150ns
    Discrete Jitter          (DJ):    0.000ns
    Phase Error              (PE):    0.000ns

    Location             Delay type                Incr(ns)  Path(ns)    Netlist Resource(s)
  -------------------------------------------------------------------    -------------------
                         (clock clk_fpga_0 rise edge)
                                                      0.000     0.000 r  
    PS7_X0Y0             PS7                          0.000     0.000 r  fastvit_bd_i/ps7_0/inst/PS7_i/FCLKCLK[0]
                         net (fo=1, routed)           1.193     1.193    fastvit_bd_i/ps7_0/inst/FCLK_CLK_unbuffered[0]
    BUFGCTRL_X0Y17       BUFG (Prop_bufg_I_O)         0.101     1.294 r  fastvit_bd_i/ps7_0/inst/buffer_fclk_clk_0.FCLK_CLK_0_BUFG_replica/O
                         net (fo=32, routed)          0.146     1.440    fastvit_bd_i/ps7_0/inst/FCLK_CLK0_repN
    BUFGCTRL_X0Y16       BUFG (Prop_bufg_I_O)         0.101     1.541 r  fastvit_bd_i/ps7_0/inst/buffer_fclk_clk_0.FCLK_CLK_0_BUFG/O
                         net (fo=31741, routed)       1.725     3.266    fastvit_bd_i/worker_0/inst/pwconv_worker_U/grp_pwconv_worker_Pipeline_VITIS_LOOP_93_14_fu_2698/ap_clk
    SLICE_X67Y34         FDRE                                         r  fastvit_bd_i/worker_0/inst/pwconv_worker_U/grp_pwconv_worker_Pipeline_VITIS_LOOP_93_14_fu_2698/s_3_fu_68_reg[1]/C
  -------------------------------------------------------------------    -------------------
    SLICE_X67Y34         FDRE (Prop_fdre_C_Q)         0.456     3.722 f  fastvit_bd_i/worker_0/inst/pwconv_worker_U/grp_pwconv_worker_Pipeline_VITIS_LOOP_93_14_fu_2698/s_3_fu_68_reg[1]/Q
                         net (fo=4, routed)           1.295     5.017    fastvit_bd_i/worker_0/inst/pwconv_worker_U/grp_pwconv_worker_Pipeline_VITIS_LOOP_93_14_fu_2698/flow_control_loop_pipe_sequential_init_U/Q[1]
    SLICE_X70Y37         LUT6 (Prop_lut6_I2_O)        0.124     5.141 r  fastvit_bd_i/worker_0/inst/pwconv_worker_U/grp_pwconv_worker_Pipeline_VITIS_LOOP_93_14_fu_2698/flow_control_loop_pipe_sequential_init_U/s_3_fu_68[30]_i_37/O
                         net (fo=1, routed)           0.329     5.470    fastvit_bd_i/worker_0/inst/pwconv_worker_U/grp_pwconv_worker_Pipeline_VITIS_LOOP_93_14_fu_2698/flow_control_loop_pipe_sequential_init_U/s_3_fu_68[30]_i_37_n_2
    SLICE_X68Y37         CARRY4 (Prop_carry4_DI[0]_CO[3])
                                                      0.526     5.996 r  fastvit_bd_i/worker_0/inst/pwconv_worker_U/grp_pwconv_worker_Pipeline_VITIS_LOOP_93_14_fu_2698/flow_control_loop_pipe_sequential_init_U/s_3_fu_68_reg[30]_i_25/CO[3]
                         net (fo=1, routed)           0.000     5.996    fastvit_bd_i/worker_0/inst/pwconv_worker_U/grp_pwconv_worker_Pipeline_VITIS_LOOP_93_14_fu_2698/flow_control_loop_pipe_sequential_init_U/s_3_fu_68_reg[30]_i_25_n_2
    SLICE_X68Y38         CARRY4 (Prop_carry4_CI_CO[3])
                                                      0.114     6.110 r  fastvit_bd_i/worker_0/inst/pwconv_worker_U/grp_pwconv_worker_Pipeline_VITIS_LOOP_93_14_fu_2698/flow_control_loop_pipe_sequential_init_U/s_3_fu_68_reg[30]_i_16/CO[3]
                         net (fo=1, routed)           0.000     6.110    fastvit_bd_i/worker_0/inst/pwconv_worker_U/grp_pwconv_worker_Pipeline_VITIS_LOOP_93_14_fu_2698/flow_control_loop_pipe_sequential_init_U/s_3_fu_68_reg[30]_i_16_n_2
    SLICE_X68Y39         CARRY4 (Prop_carry4_CI_CO[3])
                                                      0.114     6.224 r  fastvit_bd_i/worker_0/inst/pwconv_worker_U/grp_pwconv_worker_Pipeline_VITIS_LOOP_93_14_fu_2698/flow_control_loop_pipe_sequential_init_U/s_3_fu_68_reg[30]_i_7/CO[3]
                         net (fo=1, routed)           0.000     6.224    fastvit_bd_i/worker_0/inst/pwconv_worker_U/grp_pwconv_worker_Pipeline_VITIS_LOOP_93_14_fu_2698/flow_control_loop_pipe_sequential_init_U/s_3_fu_68_reg[30]_i_7_n_2
    SLICE_X68Y40         CARRY4 (Prop_carry4_CI_CO[3])
                                                      0.114     6.338 f  fastvit_bd_i/worker_0/inst/pwconv_worker_U/grp_pwconv_worker_Pipeline_VITIS_LOOP_93_14_fu_2698/flow_control_loop_pipe_sequential_init_U/s_3_fu_68_reg[30]_i_4/CO[3]
                         net (fo=8, routed)           0.968     7.306    fastvit_bd_i/worker_0/inst/pwconv_worker_U/grp_pwconv_worker_Pipeline_VITIS_LOOP_93_14_fu_2698/flow_control_loop_pipe_sequential_init_U/icmp_ln93_fu_200_p2
    SLICE_X70Y38         LUT3 (Prop_lut3_I1_O)        0.124     7.430 r  fastvit_bd_i/worker_0/inst/pwconv_worker_U/grp_pwconv_worker_Pipeline_VITIS_LOOP_93_14_fu_2698/flow_control_loop_pipe_sequential_init_U/s_3_fu_68[30]_i_1/O
                         net (fo=31, routed)          0.891     8.321    fastvit_bd_i/worker_0/inst/pwconv_worker_U/grp_pwconv_worker_Pipeline_VITIS_LOOP_93_14_fu_2698/flow_control_loop_pipe_sequential_init_U_n_37
    SLICE_X67Y34         FDRE                                         r  fastvit_bd_i/worker_0/inst/pwconv_worker_U/grp_pwconv_worker_Pipeline_VITIS_LOOP_93_14_fu_2698/s_3_fu_68_reg[3]/R
  -------------------------------------------------------------------    -------------------

                         (clock clk_fpga_0 rise edge)
                                                      5.000     5.000 r  
    PS7_X0Y0             PS7                          0.000     5.000 r  fastvit_bd_i/ps7_0/inst/PS7_i/FCLKCLK[0]
                         net (fo=1, routed)           1.088     6.088    fastvit_bd_i/ps7_0/inst/FCLK_CLK_unbuffered[0]
    BUFGCTRL_X0Y17       BUFG (Prop_bufg_I_O)         0.091     6.179 r  fastvit_bd_i/ps7_0/inst/buffer_fclk_clk_0.FCLK_CLK_0_BUFG_replica/O
                         net (fo=32, routed)          0.133     6.312    fastvit_bd_i/ps7_0/inst/FCLK_CLK0_repN
    BUFGCTRL_X0Y16       BUFG (Prop_bufg_I_O)         0.091     6.403 r  fastvit_bd_i/ps7_0/inst/buffer_fclk_clk_0.FCLK_CLK_0_BUFG/O
                         net (fo=31741, routed)       1.551     7.955    fastvit_bd_i/worker_0/inst/pwconv_worker_U/grp_pwconv_worker_Pipeline_VITIS_LOOP_93_14_fu_2698/ap_clk
    SLICE_X67Y34         FDRE                                         r  fastvit_bd_i/worker_0/inst/pwconv_worker_U/grp_pwconv_worker_Pipeline_VITIS_LOOP_93_14_fu_2698/s_3_fu_68_reg[3]/C
                         clock pessimism              0.312     8.266    
                         clock uncertainty           -0.083     8.183    
    SLICE_X67Y34         FDRE (Setup_fdre_C_R)       -0.429     7.754    fastvit_bd_i/worker_0/inst/pwconv_worker_U/grp_pwconv_worker_Pipeline_VITIS_LOOP_93_14_fu_2698/s_3_fu_68_reg[3]
  -------------------------------------------------------------------
                         required time                          7.754    
                         arrival time                          -8.321    
  -------------------------------------------------------------------
                         slack                                 -0.567    

Slack (VIOLATED) :        -0.567ns  (required time - arrival time)
  Source:                 fastvit_bd_i/worker_0/inst/pwconv_worker_U/grp_pwconv_worker_Pipeline_VITIS_LOOP_93_14_fu_2698/s_3_fu_68_reg[1]/C
                            (rising edge-triggered cell FDRE clocked by clk_fpga_0  {rise@0.000ns fall@2.500ns period=5.000ns})
  Destination:            fastvit_bd_i/worker_0/inst/pwconv_worker_U/grp_pwconv_worker_Pipeline_VITIS_LOOP_93_14_fu_2698/s_3_fu_68_reg[4]/R
                            (rising edge-triggered cell FDRE clocked by clk_fpga_0  {rise@0.000ns fall@2.500ns period=5.000ns})
  Path Group:             clk_fpga_0
  Path Type:              Setup (Max at Slow Process Corner)
  Requirement:            5.000ns  (clk_fpga_0 rise@5.000ns - clk_fpga_0 rise@0.000ns)
  Data Path Delay:        5.055ns  (logic 1.572ns (31.099%)  route 3.483ns (68.901%))
  Logic Levels:           6  (CARRY4=4 LUT3=1 LUT6=1)
  Clock Path Skew:        0.000ns (DCD - SCD + CPR)
    Destination Clock Delay (DCD):    2.954ns = ( 7.954 - 5.000 ) 
    Source Clock Delay      (SCD):    3.266ns
    Clock Pessimism Removal (CPR):    0.312ns
  Clock Uncertainty:      0.083ns  ((TSJ^2 + TIJ^2)^1/2 + DJ) / 2 + PE
    Total System Jitter     (TSJ):    0.071ns
    Total Input Jitter      (TIJ):    0.150ns
    Discrete Jitter          (DJ):    0.000ns
    Phase Error              (PE):    0.000ns

    Location             Delay type                Incr(ns)  Path(ns)    Netlist Resource(s)
  -------------------------------------------------------------------    -------------------
                         (clock clk_fpga_0 rise edge)
                                                      0.000     0.000 r  
    PS7_X0Y0             PS7                          0.000     0.000 r  fastvit_bd_i/ps7_0/inst/PS7_i/FCLKCLK[0]
                         net (fo=1, routed)           1.193     1.193    fastvit_bd_i/ps7_0/inst/FCLK_CLK_unbuffered[0]
    BUFGCTRL_X0Y17       BUFG (Prop_bufg_I_O)         0.101     1.294 r  fastvit_bd_i/ps7_0/inst/buffer_fclk_clk_0.FCLK_CLK_0_BUFG_replica/O
                         net (fo=32, routed)          0.146     1.440    fastvit_bd_i/ps7_0/inst/FCLK_CLK0_repN
    BUFGCTRL_X0Y16       BUFG (Prop_bufg_I_O)         0.101     1.541 r  fastvit_bd_i/ps7_0/inst/buffer_fclk_clk_0.FCLK_CLK_0_BUFG/O
                         net (fo=31741, routed)       1.725     3.266    fastvit_bd_i/worker_0/inst/pwconv_worker_U/grp_pwconv_worker_Pipeline_VITIS_LOOP_93_14_fu_2698/ap_clk
    SLICE_X67Y34         FDRE                                         r  fastvit_bd_i/worker_0/inst/pwconv_worker_U/grp_pwconv_worker_Pipeline_VITIS_LOOP_93_14_fu_2698/s_3_fu_68_reg[1]/C
  -------------------------------------------------------------------    -------------------
    SLICE_X67Y34         FDRE (Prop_fdre_C_Q)         0.456     3.722 f  fastvit_bd_i/worker_0/inst/pwconv_worker_U/grp_pwconv_worker_Pipeline_VITIS_LOOP_93_14_fu_2698/s_3_fu_68_reg[1]/Q
                         net (fo=4, routed)           1.295     5.017    fastvit_bd_i/worker_0/inst/pwconv_worker_U/grp_pwconv_worker_Pipeline_VITIS_LOOP_93_14_fu_2698/flow_control_loop_pipe_sequential_init_U/Q[1]
    SLICE_X70Y37         LUT6 (Prop_lut6_I2_O)        0.124     5.141 r  fastvit_bd_i/worker_0/inst/pwconv_worker_U/grp_pwconv_worker_Pipeline_VITIS_LOOP_93_14_fu_2698/flow_control_loop_pipe_sequential_init_U/s_3_fu_68[30]_i_37/O
                         net (fo=1, routed)           0.329     5.470    fastvit_bd_i/worker_0/inst/pwconv_worker_U/grp_pwconv_worker_Pipeline_VITIS_LOOP_93_14_fu_2698/flow_control_loop_pipe_sequential_init_U/s_3_fu_68[30]_i_37_n_2
    SLICE_X68Y37         CARRY4 (Prop_carry4_DI[0]_CO[3])
                                                      0.526     5.996 r  fastvit_bd_i/worker_0/inst/pwconv_worker_U/grp_pwconv_worker_Pipeline_VITIS_LOOP_93_14_fu_2698/flow_control_loop_pipe_sequential_init_U/s_3_fu_68_reg[30]_i_25/CO[3]
                         net (fo=1, routed)           0.000     5.996    fastvit_bd_i/worker_0/inst/pwconv_worker_U/grp_pwconv_worker_Pipeline_VITIS_LOOP_93_14_fu_2698/flow_control_loop_pipe_sequential_init_U/s_3_fu_68_reg[30]_i_25_n_2
    SLICE_X68Y38         CARRY4 (Prop_carry4_CI_CO[3])
                                                      0.114     6.110 r  fastvit_bd_i/worker_0/inst/pwconv_worker_U/grp_pwconv_worker_Pipeline_VITIS_LOOP_93_14_fu_2698/flow_control_loop_pipe_sequential_init_U/s_3_fu_68_reg[30]_i_16/CO[3]
                         net (fo=1, routed)           0.000     6.110    fastvit_bd_i/worker_0/inst/pwconv_worker_U/grp_pwconv_worker_Pipeline_VITIS_LOOP_93_14_fu_2698/flow_control_loop_pipe_sequential_init_U/s_3_fu_68_reg[30]_i_16_n_2
    SLICE_X68Y39         CARRY4 (Prop_carry4_CI_CO[3])
                                                      0.114     6.224 r  fastvit_bd_i/worker_0/inst/pwconv_worker_U/grp_pwconv_worker_Pipeline_VITIS_LOOP_93_14_fu_2698/flow_control_loop_pipe_sequential_init_U/s_3_fu_68_reg[30]_i_7/CO[3]
                         net (fo=1, routed)           0.000     6.224    fastvit_bd_i/worker_0/inst/pwconv_worker_U/grp_pwconv_worker_Pipeline_VITIS_LOOP_93_14_fu_2698/flow_control_loop_pipe_sequential_init_U/s_3_fu_68_reg[30]_i_7_n_2
    SLICE_X68Y40         CARRY4 (Prop_carry4_CI_CO[3])
                                                      0.114     6.338 f  fastvit_bd_i/worker_0/inst/pwconv_worker_U/grp_pwconv_worker_Pipeline_VITIS_LOOP_93_14_fu_2698/flow_control_loop_pipe_sequential_init_U/s_3_fu_68_reg[30]_i_4/CO[3]
                         net (fo=8, routed)           0.968     7.306    fastvit_bd_i/worker_0/inst/pwconv_worker_U/grp_pwconv_worker_Pipeline_VITIS_LOOP_93_14_fu_2698/flow_control_loop_pipe_sequential_init_U/icmp_ln93_fu_200_p2
    SLICE_X70Y38         LUT3 (Prop_lut3_I1_O)        0.124     7.430 r  fastvit_bd_i/worker_0/inst/pwconv_worker_U/grp_pwconv_worker_Pipeline_VITIS_LOOP_93_14_fu_2698/flow_control_loop_pipe_sequential_init_U/s_3_fu_68[30]_i_1/O
                         net (fo=31, routed)          0.891     8.321    fastvit_bd_i/worker_0/inst/pwconv_worker_U/grp_pwconv_worker_Pipeline_VITIS_LOOP_93_14_fu_2698/flow_control_loop_pipe_sequential_init_U_n_37
    SLICE_X67Y34         FDRE                                         r  fastvit_bd_i/worker_0/inst/pwconv_worker_U/grp_pwconv_worker_Pipeline_VITIS_LOOP_93_14_fu_2698/s_3_fu_68_reg[4]/R
  -------------------------------------------------------------------    -------------------

                         (clock clk_fpga_0 rise edge)
                                                      5.000     5.000 r  
    PS7_X0Y0             PS7                          0.000     5.000 r  fastvit_bd_i/ps7_0/inst/PS7_i/FCLKCLK[0]
                         net (fo=1, routed)           1.088     6.088    fastvit_bd_i/ps7_0/inst/FCLK_CLK_unbuffered[0]
    BUFGCTRL_X0Y17       BUFG (Prop_bufg_I_O)         0.091     6.179 r  fastvit_bd_i/ps7_0/inst/buffer_fclk_clk_0.FCLK_CLK_0_BUFG_replica/O
                         net (fo=32, routed)          0.133     6.312    fastvit_bd_i/ps7_0/inst/FCLK_CLK0_repN
    BUFGCTRL_X0Y16       BUFG (Prop_bufg_I_O)         0.091     6.403 r  fastvit_bd_i/ps7_0/inst/buffer_fclk_clk_0.FCLK_CLK_0_BUFG/O
                         net (fo=31741, routed)       1.551     7.955    fastvit_bd_i/worker_0/inst/pwconv_worker_U/grp_pwconv_worker_Pipeline_VITIS_LOOP_93_14_fu_2698/ap_clk
    SLICE_X67Y34         FDRE                                         r  fastvit_bd_i/worker_0/inst/pwconv_worker_U/grp_pwconv_worker_Pipeline_VITIS_LOOP_93_14_fu_2698/s_3_fu_68_reg[4]/C
                         clock pessimism              0.312     8.266    
                         clock uncertainty           -0.083     8.183    
    SLICE_X67Y34         FDRE (Setup_fdre_C_R)       -0.429     7.754    fastvit_bd_i/worker_0/inst/pwconv_worker_U/grp_pwconv_worker_Pipeline_VITIS_LOOP_93_14_fu_2698/s_3_fu_68_reg[4]
  -------------------------------------------------------------------
                         required time                          7.754    
                         arrival time                          -8.321    
  -------------------------------------------------------------------
                         slack                                 -0.567    

Slack (VIOLATED) :        -0.566ns  (required time - arrival time)
  Source:                 fastvit_bd_i/worker_0/inst/ctrl_s_axi_U/int_out_shift_reg[9]/C
                            (rising edge-triggered cell FDRE clocked by clk_fpga_0  {rise@0.000ns fall@2.500ns period=5.000ns})
  Destination:            fastvit_bd_i/worker_0/inst/pwconv_worker_U/grp_pwconv_worker_Pipeline_VITIS_LOOP_260_5_fu_4769/ashr_32ns_32ns_32_2_1_U1485/buff0_reg[30]/D
                            (rising edge-triggered cell FDRE clocked by clk_fpga_0  {rise@0.000ns fall@2.500ns period=5.000ns})
  Path Group:             clk_fpga_0
  Path Type:              Setup (Max at Slow Process Corner)
  Requirement:            5.000ns  (clk_fpga_0 rise@5.000ns - clk_fpga_0 rise@0.000ns)
  Data Path Delay:        5.551ns  (logic 0.828ns (14.917%)  route 4.723ns (85.083%))
  Logic Levels:           3  (LUT4=1 LUT5=1 LUT6=1)
  Clock Path Skew:        -0.010ns (DCD - SCD + CPR)
    Destination Clock Delay (DCD):    3.014ns = ( 8.014 - 5.000 ) 
    Source Clock Delay      (SCD):    3.162ns
    Clock Pessimism Removal (CPR):    0.138ns
  Clock Uncertainty:      0.083ns  ((TSJ^2 + TIJ^2)^1/2 + DJ) / 2 + PE
    Total System Jitter     (TSJ):    0.071ns
    Total Input Jitter      (TIJ):    0.150ns
    Discrete Jitter          (DJ):    0.000ns
    Phase Error              (PE):    0.000ns

    Location             Delay type                Incr(ns)  Path(ns)    Netlist Resource(s)
  -------------------------------------------------------------------    -------------------
                         (clock clk_fpga_0 rise edge)
                                                      0.000     0.000 r  
    PS7_X0Y0             PS7                          0.000     0.000 r  fastvit_bd_i/ps7_0/inst/PS7_i/FCLKCLK[0]
                         net (fo=1, routed)           1.193     1.193    fastvit_bd_i/ps7_0/inst/FCLK_CLK_unbuffered[0]
    BUFGCTRL_X0Y17       BUFG (Prop_bufg_I_O)         0.101     1.294 r  fastvit_bd_i/ps7_0/inst/buffer_fclk_clk_0.FCLK_CLK_0_BUFG_replica/O
                         net (fo=32, routed)          0.146     1.440    fastvit_bd_i/ps7_0/inst/FCLK_CLK0_repN
    BUFGCTRL_X0Y16       BUFG (Prop_bufg_I_O)         0.101     1.541 r  fastvit_bd_i/ps7_0/inst/buffer_fclk_clk_0.FCLK_CLK_0_BUFG/O
                         net (fo=31741, routed)       1.621     3.162    fastvit_bd_i/worker_0/inst/ctrl_s_axi_U/ap_clk
    SLICE_X52Y73         FDRE                                         r  fastvit_bd_i/worker_0/inst/ctrl_s_axi_U/int_out_shift_reg[9]/C
  -------------------------------------------------------------------    -------------------
    SLICE_X52Y73         FDRE (Prop_fdre_C_Q)         0.456     3.618 f  fastvit_bd_i/worker_0/inst/ctrl_s_axi_U/int_out_shift_reg[9]/Q
                         net (fo=4, routed)           0.984     4.602    fastvit_bd_i/worker_0/inst/ctrl_s_axi_U/out_shift_w[9]
    SLICE_X57Y70         LUT4 (Prop_lut4_I3_O)        0.124     4.726 r  fastvit_bd_i/worker_0/inst/ctrl_s_axi_U/buff0[30]_i_8/O
                         net (fo=9, routed)           1.598     6.325    fastvit_bd_i/worker_0/inst/ctrl_s_axi_U/buff0[30]_i_8_n_2
    SLICE_X82Y47         LUT5 (Prop_lut5_I4_O)        0.124     6.449 r  fastvit_bd_i/worker_0/inst/ctrl_s_axi_U/buff0[30]_i_3__3/O
                         net (fo=16, routed)          2.140     8.589    fastvit_bd_i/worker_0/inst/ctrl_s_axi_U/buff0[30]_i_3__3_n_2
    SLICE_X100Y22        LUT6 (Prop_lut6_I3_O)        0.124     8.713 r  fastvit_bd_i/worker_0/inst/ctrl_s_axi_U/grp_pwconv_worker_Pipeline_VITIS_LOOP_260_5_fu_4769/ashr_32ns_32ns_32_2_1_U1485/buff0[30]_i_1/O
                         net (fo=1, routed)           0.000     8.713    fastvit_bd_i/worker_0/inst/pwconv_worker_U/grp_pwconv_worker_Pipeline_VITIS_LOOP_260_5_fu_4769/ashr_32ns_32ns_32_2_1_U1485/buff0_reg[30]_0[6]
    SLICE_X100Y22        FDRE                                         r  fastvit_bd_i/worker_0/inst/pwconv_worker_U/grp_pwconv_worker_Pipeline_VITIS_LOOP_260_5_fu_4769/ashr_32ns_32ns_32_2_1_U1485/buff0_reg[30]/D
  -------------------------------------------------------------------    -------------------

                         (clock clk_fpga_0 rise edge)
                                                      5.000     5.000 r  
    PS7_X0Y0             PS7                          0.000     5.000 r  fastvit_bd_i/ps7_0/inst/PS7_i/FCLKCLK[0]
                         net (fo=1, routed)           1.088     6.088    fastvit_bd_i/ps7_0/inst/FCLK_CLK_unbuffered[0]
    BUFGCTRL_X0Y17       BUFG (Prop_bufg_I_O)         0.091     6.179 r  fastvit_bd_i/ps7_0/inst/buffer_fclk_clk_0.FCLK_CLK_0_BUFG_replica/O
                         net (fo=32, routed)          0.133     6.312    fastvit_bd_i/ps7_0/inst/FCLK_CLK0_repN
    BUFGCTRL_X0Y16       BUFG (Prop_bufg_I_O)         0.091     6.403 r  fastvit_bd_i/ps7_0/inst/buffer_fclk_clk_0.FCLK_CLK_0_BUFG/O
                         net (fo=31741, routed)       1.611     8.014    fastvit_bd_i/worker_0/inst/pwconv_worker_U/grp_pwconv_worker_Pipeline_VITIS_LOOP_260_5_fu_4769/ashr_32ns_32ns_32_2_1_U1485/ap_clk
    SLICE_X100Y22        FDRE                                         r  fastvit_bd_i/worker_0/inst/pwconv_worker_U/grp_pwconv_worker_Pipeline_VITIS_LOOP_260_5_fu_4769/ashr_32ns_32ns_32_2_1_U1485/buff0_reg[30]/C
                         clock pessimism              0.138     8.152    
                         clock uncertainty           -0.083     8.069    
    SLICE_X100Y22        FDRE (Setup_fdre_C_D)        0.077     8.146    fastvit_bd_i/worker_0/inst/pwconv_worker_U/grp_pwconv_worker_Pipeline_VITIS_LOOP_260_5_fu_4769/ashr_32ns_32ns_32_2_1_U1485/buff0_reg[30]
  -------------------------------------------------------------------
                         required time                          8.146    
                         arrival time                          -8.713    
  -------------------------------------------------------------------
                         slack                                 -0.566    

Slack (VIOLATED) :        -0.562ns  (required time - arrival time)
  Source:                 fastvit_bd_i/worker_0/inst/pwconv_worker_U/grp_pwconv_worker_Pipeline_LOAD_PW_WT_fu_2813/ap_enable_reg_pp0_iter1_reg_replica_1/C
                            (rising edge-triggered cell FDRE clocked by clk_fpga_0  {rise@0.000ns fall@2.500ns period=5.000ns})
  Destination:            fastvit_bd_i/worker_0/inst/pwconv_gmem1_m_axi_U/load_unit_0/fifo_rreq/raddr_reg[4]/D
                            (rising edge-triggered cell FDRE clocked by clk_fpga_0  {rise@0.000ns fall@2.500ns period=5.000ns})
  Path Group:             clk_fpga_0
  Path Type:              Setup (Max at Slow Process Corner)
  Requirement:            5.000ns  (clk_fpga_0 rise@5.000ns - clk_fpga_0 rise@0.000ns)
  Data Path Delay:        5.112ns  (logic 1.744ns (34.117%)  route 3.368ns (65.883%))
  Logic Levels:           5  (CARRY4=1 LUT3=1 LUT6=3)
  Clock Path Skew:        -0.156ns (DCD - SCD + CPR)
    Destination Clock Delay (DCD):    2.959ns = ( 7.958 - 5.000 ) 
    Source Clock Delay      (SCD):    3.252ns
    Clock Pessimism Removal (CPR):    0.138ns
  Clock Uncertainty:      0.083ns  ((TSJ^2 + TIJ^2)^1/2 + DJ) / 2 + PE
    Total System Jitter     (TSJ):    0.071ns
    Total Input Jitter      (TIJ):    0.150ns
    Discrete Jitter          (DJ):    0.000ns
    Phase Error              (PE):    0.000ns

    Location             Delay type                Incr(ns)  Path(ns)    Netlist Resource(s)
  -------------------------------------------------------------------    -------------------
                         (clock clk_fpga_0 rise edge)
                                                      0.000     0.000 r  
    PS7_X0Y0             PS7                          0.000     0.000 r  fastvit_bd_i/ps7_0/inst/PS7_i/FCLKCLK[0]
                         net (fo=1, routed)           1.193     1.193    fastvit_bd_i/ps7_0/inst/FCLK_CLK_unbuffered[0]
    BUFGCTRL_X0Y17       BUFG (Prop_bufg_I_O)         0.101     1.294 r  fastvit_bd_i/ps7_0/inst/buffer_fclk_clk_0.FCLK_CLK_0_BUFG_replica/O
                         net (fo=32, routed)          0.146     1.440    fastvit_bd_i/ps7_0/inst/FCLK_CLK0_repN
    BUFGCTRL_X0Y16       BUFG (Prop_bufg_I_O)         0.101     1.541 r  fastvit_bd_i/ps7_0/inst/buffer_fclk_clk_0.FCLK_CLK_0_BUFG/O
                         net (fo=31741, routed)       1.711     3.252    fastvit_bd_i/worker_0/inst/pwconv_worker_U/grp_pwconv_worker_Pipeline_LOAD_PW_WT_fu_2813/ap_clk
    SLICE_X54Y54         FDRE                                         r  fastvit_bd_i/worker_0/inst/pwconv_worker_U/grp_pwconv_worker_Pipeline_LOAD_PW_WT_fu_2813/ap_enable_reg_pp0_iter1_reg_replica_1/C
  -------------------------------------------------------------------    -------------------
    SLICE_X54Y54         FDRE (Prop_fdre_C_Q)         0.518     3.770 f  fastvit_bd_i/worker_0/inst/pwconv_worker_U/grp_pwconv_worker_Pipeline_LOAD_PW_WT_fu_2813/ap_enable_reg_pp0_iter1_reg_replica_1/Q
                         net (fo=4, routed)           0.703     4.473    fastvit_bd_i/worker_0/inst/pwconv_worker_U/grp_pwconv_worker_Pipeline_LOAD_PW_WT_fu_2813/ap_enable_reg_pp0_iter1_reg_0_repN_1
    SLICE_X55Y54         LUT6 (Prop_lut6_I0_O)        0.124     4.597 f  fastvit_bd_i/worker_0/inst/pwconv_worker_U/grp_pwconv_worker_Pipeline_LOAD_PW_WT_fu_2813/mem_reg[68][0]_srl32_i_15__0/O
                         net (fo=66, routed)          0.784     5.380    fastvit_bd_i/worker_0/inst/pwconv_worker_U/grp_pwconv_worker_Pipeline_LOAD_PW_WT_fu_2813/mem_reg[68][0]_srl32_i_15__0_n_2
    SLICE_X54Y54         LUT3 (Prop_lut3_I1_O)        0.124     5.504 r  fastvit_bd_i/worker_0/inst/pwconv_worker_U/grp_pwconv_worker_Pipeline_LOAD_PW_WT_fu_2813/mem_reg[68][0]_srl32_i_7__0/O
                         net (fo=53, routed)          0.460     5.964    fastvit_bd_i/worker_0/inst/pwconv_worker_U/grp_pwconv_worker_Pipeline_LOAD_PW_WT_fu_2813/mem_reg[68][0]_srl32_i_7__0_n_2
    SLICE_X54Y54         LUT6 (Prop_lut6_I1_O)        0.124     6.088 r  fastvit_bd_i/worker_0/inst/pwconv_worker_U/grp_pwconv_worker_Pipeline_LOAD_PW_WT_fu_2813/mem_reg[68][0]_srl32_i_3__0/O
                         net (fo=13, routed)          0.584     6.672    fastvit_bd_i/worker_0/inst/pwconv_gmem1_m_axi_U/load_unit_0/fifo_rreq/pwconv_g1_ARVALID
    SLICE_X54Y49         LUT6 (Prop_lut6_I4_O)        0.124     6.796 r  fastvit_bd_i/worker_0/inst/pwconv_gmem1_m_axi_U/load_unit_0/fifo_rreq/raddr[4]_i_6__0/O
                         net (fo=1, routed)           0.493     7.289    fastvit_bd_i/worker_0/inst/pwconv_gmem1_m_axi_U/load_unit_0/fifo_rreq/raddr[4]_i_6__0_n_2
    SLICE_X55Y49         CARRY4 (Prop_carry4_S[0]_O[3])
                                                      0.730     8.019 r  fastvit_bd_i/worker_0/inst/pwconv_gmem1_m_axi_U/load_unit_0/fifo_rreq/raddr_reg[4]_i_1__2/O[3]
                         net (fo=2, routed)           0.345     8.364    fastvit_bd_i/worker_0/inst/pwconv_gmem1_m_axi_U/load_unit_0/fifo_rreq/raddr_reg[4]_i_1__2_n_6
    SLICE_X58Y49         FDRE                                         r  fastvit_bd_i/worker_0/inst/pwconv_gmem1_m_axi_U/load_unit_0/fifo_rreq/raddr_reg[4]/D
  -------------------------------------------------------------------    -------------------

                         (clock clk_fpga_0 rise edge)
                                                      5.000     5.000 r  
    PS7_X0Y0             PS7                          0.000     5.000 r  fastvit_bd_i/ps7_0/inst/PS7_i/FCLKCLK[0]
                         net (fo=1, routed)           1.088     6.088    fastvit_bd_i/ps7_0/inst/FCLK_CLK_unbuffered[0]
    BUFGCTRL_X0Y17       BUFG (Prop_bufg_I_O)         0.091     6.179 r  fastvit_bd_i/ps7_0/inst/buffer_fclk_clk_0.FCLK_CLK_0_BUFG_replica/O
                         net (fo=32, routed)          0.133     6.312    fastvit_bd_i/ps7_0/inst/FCLK_CLK0_repN
    BUFGCTRL_X0Y16       BUFG (Prop_bufg_I_O)         0.091     6.403 r  fastvit_bd_i/ps7_0/inst/buffer_fclk_clk_0.FCLK_CLK_0_BUFG/O
                         net (fo=31741, routed)       1.555     7.958    fastvit_bd_i/worker_0/inst/pwconv_gmem1_m_axi_U/load_unit_0/fifo_rreq/ap_clk
    SLICE_X58Y49         FDRE                                         r  fastvit_bd_i/worker_0/inst/pwconv_gmem1_m_axi_U/load_unit_0/fifo_rreq/raddr_reg[4]/C
                         clock pessimism              0.138     8.096    
                         clock uncertainty           -0.083     8.013    
    SLICE_X58Y49         FDRE (Setup_fdre_C_D)       -0.212     7.801    fastvit_bd_i/worker_0/inst/pwconv_gmem1_m_axi_U/load_unit_0/fifo_rreq/raddr_reg[4]
  -------------------------------------------------------------------
                         required time                          7.801    
                         arrival time                          -8.364    
  -------------------------------------------------------------------
                         slack                                 -0.562    

Slack (VIOLATED) :        -0.554ns  (required time - arrival time)
  Source:                 fastvit_bd_i/worker_0/inst/pwconv_worker_U/grp_pwconv_worker_Pipeline_LOAD_PW_WT_fu_2813/ap_enable_reg_pp0_iter10_reg/C
                            (rising edge-triggered cell FDRE clocked by clk_fpga_0  {rise@0.000ns fall@2.500ns period=5.000ns})
  Destination:            fastvit_bd_i/worker_0/inst/pwconv_gmem1_m_axi_U/load_unit_0/bus_wide_gen.rs_tmp_rdata/data_p1_reg[20]/CE
                            (rising edge-triggered cell FDRE clocked by clk_fpga_0  {rise@0.000ns fall@2.500ns period=5.000ns})
  Path Group:             clk_fpga_0
  Path Type:              Setup (Max at Slow Process Corner)
  Requirement:            5.000ns  (clk_fpga_0 rise@5.000ns - clk_fpga_0 rise@0.000ns)
  Data Path Delay:        5.148ns  (logic 1.200ns (23.310%)  route 3.948ns (76.690%))
  Logic Levels:           6  (LUT4=2 LUT6=4)
  Clock Path Skew:        -0.155ns (DCD - SCD + CPR)
    Destination Clock Delay (DCD):    2.899ns = ( 7.899 - 5.000 ) 
    Source Clock Delay      (SCD):    3.192ns
    Clock Pessimism Removal (CPR):    0.138ns
  Clock Uncertainty:      0.083ns  ((TSJ^2 + TIJ^2)^1/2 + DJ) / 2 + PE
    Total System Jitter     (TSJ):    0.071ns
    Total Input Jitter      (TIJ):    0.150ns
    Discrete Jitter          (DJ):    0.000ns
    Phase Error              (PE):    0.000ns

    Location             Delay type                Incr(ns)  Path(ns)    Netlist Resource(s)
  -------------------------------------------------------------------    -------------------
                         (clock clk_fpga_0 rise edge)
                                                      0.000     0.000 r  
    PS7_X0Y0             PS7                          0.000     0.000 r  fastvit_bd_i/ps7_0/inst/PS7_i/FCLKCLK[0]
                         net (fo=1, routed)           1.193     1.193    fastvit_bd_i/ps7_0/inst/FCLK_CLK_unbuffered[0]
    BUFGCTRL_X0Y17       BUFG (Prop_bufg_I_O)         0.101     1.294 r  fastvit_bd_i/ps7_0/inst/buffer_fclk_clk_0.FCLK_CLK_0_BUFG_replica/O
                         net (fo=32, routed)          0.146     1.440    fastvit_bd_i/ps7_0/inst/FCLK_CLK0_repN
    BUFGCTRL_X0Y16       BUFG (Prop_bufg_I_O)         0.101     1.541 r  fastvit_bd_i/ps7_0/inst/buffer_fclk_clk_0.FCLK_CLK_0_BUFG/O
                         net (fo=31741, routed)       1.651     3.192    fastvit_bd_i/worker_0/inst/pwconv_worker_U/grp_pwconv_worker_Pipeline_LOAD_PW_WT_fu_2813/ap_clk
    SLICE_X49Y51         FDRE                                         r  fastvit_bd_i/worker_0/inst/pwconv_worker_U/grp_pwconv_worker_Pipeline_LOAD_PW_WT_fu_2813/ap_enable_reg_pp0_iter10_reg/C
  -------------------------------------------------------------------    -------------------
    SLICE_X49Y51         FDRE (Prop_fdre_C_Q)         0.456     3.648 f  fastvit_bd_i/worker_0/inst/pwconv_worker_U/grp_pwconv_worker_Pipeline_LOAD_PW_WT_fu_2813/ap_enable_reg_pp0_iter10_reg/Q
                         net (fo=95, routed)          0.915     4.563    fastvit_bd_i/worker_0/inst/pwconv_worker_U/grp_pwconv_worker_Pipeline_LOAD_PW_WT_fu_2813/ap_enable_reg_pp0_iter10
    SLICE_X46Y50         LUT6 (Prop_lut6_I2_O)        0.124     4.687 r  fastvit_bd_i/worker_0/inst/pwconv_worker_U/grp_pwconv_worker_Pipeline_LOAD_PW_WT_fu_2813/and_ln113_3_reg_1231[0]_i_1/O
                         net (fo=15, routed)          0.591     5.278    fastvit_bd_i/worker_0/inst/pwconv_worker_U/grp_pwconv_worker_Pipeline_LOAD_PW_WT_fu_2813/and_ln113_3_reg_12310
    SLICE_X49Y50         LUT6 (Prop_lut6_I0_O)        0.124     5.402 r  fastvit_bd_i/worker_0/inst/pwconv_worker_U/grp_pwconv_worker_Pipeline_LOAD_PW_WT_fu_2813/i_6_LOPT_REMAP/O
                         net (fo=1, routed)           0.451     5.852    fastvit_bd_i/worker_0/inst/pwconv_worker_U/grp_pwconv_worker_Pipeline_LOAD_PW_WT_fu_2813/i_6/O_n
    SLICE_X49Y50         LUT6 (Prop_lut6_I1_O)        0.124     5.976 r  fastvit_bd_i/worker_0/inst/pwconv_worker_U/grp_pwconv_worker_Pipeline_LOAD_PW_WT_fu_2813/i_0_LOPT_REMAP_1/O
                         net (fo=5, routed)           0.523     6.499    fastvit_bd_i/worker_0/inst/pwconv_gmem1_m_axi_U/load_unit_0/bus_wide_gen.rreq_offset/pwconv_g1_RREADY
    SLICE_X49Y52         LUT4 (Prop_lut4_I1_O)        0.124     6.623 r  fastvit_bd_i/worker_0/inst/pwconv_gmem1_m_axi_U/load_unit_0/bus_wide_gen.rreq_offset/bus_wide_gen.split_cnt_buf[1]_i_2/O
                         net (fo=3, routed)           0.371     6.994    fastvit_bd_i/worker_0/inst/pwconv_gmem1_m_axi_U/load_unit_0/bus_wide_gen.rreq_offset/U_fifo_srl/p_17_in
    SLICE_X48Y52         LUT6 (Prop_lut6_I0_O)        0.124     7.118 r  fastvit_bd_i/worker_0/inst/pwconv_gmem1_m_axi_U/load_unit_0/bus_wide_gen.rreq_offset/U_fifo_srl/FSM_sequential_state[1]_i_2/O
                         net (fo=11, routed)          0.373     7.491    fastvit_bd_i/worker_0/inst/pwconv_gmem1_m_axi_U/load_unit_0/bus_wide_gen.rs_tmp_rdata/p_18_in
    SLICE_X46Y52         LUT4 (Prop_lut4_I0_O)        0.124     7.615 r  fastvit_bd_i/worker_0/inst/pwconv_gmem1_m_axi_U/load_unit_0/bus_wide_gen.rs_tmp_rdata/data_p1[32]_i_1__1/O
                         net (fo=33, routed)          0.725     8.340    fastvit_bd_i/worker_0/inst/pwconv_gmem1_m_axi_U/load_unit_0/bus_wide_gen.rs_tmp_rdata/load_p1
    SLICE_X42Y49         FDRE                                         r  fastvit_bd_i/worker_0/inst/pwconv_gmem1_m_axi_U/load_unit_0/bus_wide_gen.rs_tmp_rdata/data_p1_reg[20]/CE
  -------------------------------------------------------------------    -------------------

                         (clock clk_fpga_0 rise edge)
                                                      5.000     5.000 r  
    PS7_X0Y0             PS7                          0.000     5.000 r  fastvit_bd_i/ps7_0/inst/PS7_i/FCLKCLK[0]
                         net (fo=1, routed)           1.088     6.088    fastvit_bd_i/ps7_0/inst/FCLK_CLK_unbuffered[0]
    BUFGCTRL_X0Y17       BUFG (Prop_bufg_I_O)         0.091     6.179 r  fastvit_bd_i/ps7_0/inst/buffer_fclk_clk_0.FCLK_CLK_0_BUFG_replica/O
                         net (fo=32, routed)          0.133     6.312    fastvit_bd_i/ps7_0/inst/FCLK_CLK0_repN
    BUFGCTRL_X0Y16       BUFG (Prop_bufg_I_O)         0.091     6.403 r  fastvit_bd_i/ps7_0/inst/buffer_fclk_clk_0.FCLK_CLK_0_BUFG/O
                         net (fo=31741, routed)       1.496     7.899    fastvit_bd_i/worker_0/inst/pwconv_gmem1_m_axi_U/load_unit_0/bus_wide_gen.rs_tmp_rdata/ap_clk
    SLICE_X42Y49         FDRE                                         r  fastvit_bd_i/worker_0/inst/pwconv_gmem1_m_axi_U/load_unit_0/bus_wide_gen.rs_tmp_rdata/data_p1_reg[20]/C
                         clock pessimism              0.138     8.037    
                         clock uncertainty           -0.083     7.954    
    SLICE_X42Y49         FDRE (Setup_fdre_C_CE)      -0.169     7.785    fastvit_bd_i/worker_0/inst/pwconv_gmem1_m_axi_U/load_unit_0/bus_wide_gen.rs_tmp_rdata/data_p1_reg[20]
  -------------------------------------------------------------------
                         required time                          7.785    
                         arrival time                          -8.340    
  -------------------------------------------------------------------
                         slack                                 -0.554    

Slack (VIOLATED) :        -0.554ns  (required time - arrival time)
  Source:                 fastvit_bd_i/worker_0/inst/pwconv_worker_U/grp_pwconv_worker_Pipeline_LOAD_PW_WT_fu_2813/ap_enable_reg_pp0_iter10_reg/C
                            (rising edge-triggered cell FDRE clocked by clk_fpga_0  {rise@0.000ns fall@2.500ns period=5.000ns})
  Destination:            fastvit_bd_i/worker_0/inst/pwconv_gmem1_m_axi_U/load_unit_0/bus_wide_gen.rs_tmp_rdata/data_p1_reg[21]/CE
                            (rising edge-triggered cell FDRE clocked by clk_fpga_0  {rise@0.000ns fall@2.500ns period=5.000ns})
  Path Group:             clk_fpga_0
  Path Type:              Setup (Max at Slow Process Corner)
  Requirement:            5.000ns  (clk_fpga_0 rise@5.000ns - clk_fpga_0 rise@0.000ns)
  Data Path Delay:        5.148ns  (logic 1.200ns (23.310%)  route 3.948ns (76.690%))
  Logic Levels:           6  (LUT4=2 LUT6=4)
  Clock Path Skew:        -0.155ns (DCD - SCD + CPR)
    Destination Clock Delay (DCD):    2.899ns = ( 7.899 - 5.000 ) 
    Source Clock Delay      (SCD):    3.192ns
    Clock Pessimism Removal (CPR):    0.138ns
  Clock Uncertainty:      0.083ns  ((TSJ^2 + TIJ^2)^1/2 + DJ) / 2 + PE
    Total System Jitter     (TSJ):    0.071ns
    Total Input Jitter      (TIJ):    0.150ns
    Discrete Jitter          (DJ):    0.000ns
    Phase Error              (PE):    0.000ns

    Location             Delay type                Incr(ns)  Path(ns)    Netlist Resource(s)
  -------------------------------------------------------------------    -------------------
                         (clock clk_fpga_0 rise edge)
                                                      0.000     0.000 r  
    PS7_X0Y0             PS7                          0.000     0.000 r  fastvit_bd_i/ps7_0/inst/PS7_i/FCLKCLK[0]
                         net (fo=1, routed)           1.193     1.193    fastvit_bd_i/ps7_0/inst/FCLK_CLK_unbuffered[0]
    BUFGCTRL_X0Y17       BUFG (Prop_bufg_I_O)         0.101     1.294 r  fastvit_bd_i/ps7_0/inst/buffer_fclk_clk_0.FCLK_CLK_0_BUFG_replica/O
                         net (fo=32, routed)          0.146     1.440    fastvit_bd_i/ps7_0/inst/FCLK_CLK0_repN
    BUFGCTRL_X0Y16       BUFG (Prop_bufg_I_O)         0.101     1.541 r  fastvit_bd_i/ps7_0/inst/buffer_fclk_clk_0.FCLK_CLK_0_BUFG/O
                         net (fo=31741, routed)       1.651     3.192    fastvit_bd_i/worker_0/inst/pwconv_worker_U/grp_pwconv_worker_Pipeline_LOAD_PW_WT_fu_2813/ap_clk
    SLICE_X49Y51         FDRE                                         r  fastvit_bd_i/worker_0/inst/pwconv_worker_U/grp_pwconv_worker_Pipeline_LOAD_PW_WT_fu_2813/ap_enable_reg_pp0_iter10_reg/C
  -------------------------------------------------------------------    -------------------
    SLICE_X49Y51         FDRE (Prop_fdre_C_Q)         0.456     3.648 f  fastvit_bd_i/worker_0/inst/pwconv_worker_U/grp_pwconv_worker_Pipeline_LOAD_PW_WT_fu_2813/ap_enable_reg_pp0_iter10_reg/Q
                         net (fo=95, routed)          0.915     4.563    fastvit_bd_i/worker_0/inst/pwconv_worker_U/grp_pwconv_worker_Pipeline_LOAD_PW_WT_fu_2813/ap_enable_reg_pp0_iter10
    SLICE_X46Y50         LUT6 (Prop_lut6_I2_O)        0.124     4.687 r  fastvit_bd_i/worker_0/inst/pwconv_worker_U/grp_pwconv_worker_Pipeline_LOAD_PW_WT_fu_2813/and_ln113_3_reg_1231[0]_i_1/O
                         net (fo=15, routed)          0.591     5.278    fastvit_bd_i/worker_0/inst/pwconv_worker_U/grp_pwconv_worker_Pipeline_LOAD_PW_WT_fu_2813/and_ln113_3_reg_12310
    SLICE_X49Y50         LUT6 (Prop_lut6_I0_O)        0.124     5.402 r  fastvit_bd_i/worker_0/inst/pwconv_worker_U/grp_pwconv_worker_Pipeline_LOAD_PW_WT_fu_2813/i_6_LOPT_REMAP/O
                         net (fo=1, routed)           0.451     5.852    fastvit_bd_i/worker_0/inst/pwconv_worker_U/grp_pwconv_worker_Pipeline_LOAD_PW_WT_fu_2813/i_6/O_n
    SLICE_X49Y50         LUT6 (Prop_lut6_I1_O)        0.124     5.976 r  fastvit_bd_i/worker_0/inst/pwconv_worker_U/grp_pwconv_worker_Pipeline_LOAD_PW_WT_fu_2813/i_0_LOPT_REMAP_1/O
                         net (fo=5, routed)           0.523     6.499    fastvit_bd_i/worker_0/inst/pwconv_gmem1_m_axi_U/load_unit_0/bus_wide_gen.rreq_offset/pwconv_g1_RREADY
    SLICE_X49Y52         LUT4 (Prop_lut4_I1_O)        0.124     6.623 r  fastvit_bd_i/worker_0/inst/pwconv_gmem1_m_axi_U/load_unit_0/bus_wide_gen.rreq_offset/bus_wide_gen.split_cnt_buf[1]_i_2/O
                         net (fo=3, routed)           0.371     6.994    fastvit_bd_i/worker_0/inst/pwconv_gmem1_m_axi_U/load_unit_0/bus_wide_gen.rreq_offset/U_fifo_srl/p_17_in
    SLICE_X48Y52         LUT6 (Prop_lut6_I0_O)        0.124     7.118 r  fastvit_bd_i/worker_0/inst/pwconv_gmem1_m_axi_U/load_unit_0/bus_wide_gen.rreq_offset/U_fifo_srl/FSM_sequential_state[1]_i_2/O
                         net (fo=11, routed)          0.373     7.491    fastvit_bd_i/worker_0/inst/pwconv_gmem1_m_axi_U/load_unit_0/bus_wide_gen.rs_tmp_rdata/p_18_in
    SLICE_X46Y52         LUT4 (Prop_lut4_I0_O)        0.124     7.615 r  fastvit_bd_i/worker_0/inst/pwconv_gmem1_m_axi_U/load_unit_0/bus_wide_gen.rs_tmp_rdata/data_p1[32]_i_1__1/O
                         net (fo=33, routed)          0.725     8.340    fastvit_bd_i/worker_0/inst/pwconv_gmem1_m_axi_U/load_unit_0/bus_wide_gen.rs_tmp_rdata/load_p1
    SLICE_X42Y49         FDRE                                         r  fastvit_bd_i/worker_0/inst/pwconv_gmem1_m_axi_U/load_unit_0/bus_wide_gen.rs_tmp_rdata/data_p1_reg[21]/CE
  -------------------------------------------------------------------    -------------------

                         (clock clk_fpga_0 rise edge)
                                                      5.000     5.000 r  
    PS7_X0Y0             PS7                          0.000     5.000 r  fastvit_bd_i/ps7_0/inst/PS7_i/FCLKCLK[0]
                         net (fo=1, routed)           1.088     6.088    fastvit_bd_i/ps7_0/inst/FCLK_CLK_unbuffered[0]
    BUFGCTRL_X0Y17       BUFG (Prop_bufg_I_O)         0.091     6.179 r  fastvit_bd_i/ps7_0/inst/buffer_fclk_clk_0.FCLK_CLK_0_BUFG_replica/O
                         net (fo=32, routed)          0.133     6.312    fastvit_bd_i/ps7_0/inst/FCLK_CLK0_repN
    BUFGCTRL_X0Y16       BUFG (Prop_bufg_I_O)         0.091     6.403 r  fastvit_bd_i/ps7_0/inst/buffer_fclk_clk_0.FCLK_CLK_0_BUFG/O
                         net (fo=31741, routed)       1.496     7.899    fastvit_bd_i/worker_0/inst/pwconv_gmem1_m_axi_U/load_unit_0/bus_wide_gen.rs_tmp_rdata/ap_clk
    SLICE_X42Y49         FDRE                                         r  fastvit_bd_i/worker_0/inst/pwconv_gmem1_m_axi_U/load_unit_0/bus_wide_gen.rs_tmp_rdata/data_p1_reg[21]/C
                         clock pessimism              0.138     8.037    
                         clock uncertainty           -0.083     7.954    
    SLICE_X42Y49         FDRE (Setup_fdre_C_CE)      -0.169     7.785    fastvit_bd_i/worker_0/inst/pwconv_gmem1_m_axi_U/load_unit_0/bus_wide_gen.rs_tmp_rdata/data_p1_reg[21]
  -------------------------------------------------------------------
                         required time                          7.785    
                         arrival time                          -8.340    
  -------------------------------------------------------------------
                         slack                                 -0.554    

Slack (VIOLATED) :        -0.554ns  (required time - arrival time)
  Source:                 fastvit_bd_i/worker_0/inst/pwconv_worker_U/grp_pwconv_worker_Pipeline_LOAD_PW_WT_fu_2813/ap_enable_reg_pp0_iter10_reg/C
                            (rising edge-triggered cell FDRE clocked by clk_fpga_0  {rise@0.000ns fall@2.500ns period=5.000ns})
  Destination:            fastvit_bd_i/worker_0/inst/pwconv_gmem1_m_axi_U/load_unit_0/bus_wide_gen.rs_tmp_rdata/data_p1_reg[22]/CE
                            (rising edge-triggered cell FDRE clocked by clk_fpga_0  {rise@0.000ns fall@2.500ns period=5.000ns})
  Path Group:             clk_fpga_0
  Path Type:              Setup (Max at Slow Process Corner)
  Requirement:            5.000ns  (clk_fpga_0 rise@5.000ns - clk_fpga_0 rise@0.000ns)
  Data Path Delay:        5.148ns  (logic 1.200ns (23.310%)  route 3.948ns (76.690%))
  Logic Levels:           6  (LUT4=2 LUT6=4)
  Clock Path Skew:        -0.155ns (DCD - SCD + CPR)
    Destination Clock Delay (DCD):    2.899ns = ( 7.899 - 5.000 ) 
    Source Clock Delay      (SCD):    3.192ns
    Clock Pessimism Removal (CPR):    0.138ns
  Clock Uncertainty:      0.083ns  ((TSJ^2 + TIJ^2)^1/2 + DJ) / 2 + PE
    Total System Jitter     (TSJ):    0.071ns
    Total Input Jitter      (TIJ):    0.150ns
    Discrete Jitter          (DJ):    0.000ns
    Phase Error              (PE):    0.000ns

    Location             Delay type                Incr(ns)  Path(ns)    Netlist Resource(s)
  -------------------------------------------------------------------    -------------------
                         (clock clk_fpga_0 rise edge)
                                                      0.000     0.000 r  
    PS7_X0Y0             PS7                          0.000     0.000 r  fastvit_bd_i/ps7_0/inst/PS7_i/FCLKCLK[0]
                         net (fo=1, routed)           1.193     1.193    fastvit_bd_i/ps7_0/inst/FCLK_CLK_unbuffered[0]
    BUFGCTRL_X0Y17       BUFG (Prop_bufg_I_O)         0.101     1.294 r  fastvit_bd_i/ps7_0/inst/buffer_fclk_clk_0.FCLK_CLK_0_BUFG_replica/O
                         net (fo=32, routed)          0.146     1.440    fastvit_bd_i/ps7_0/inst/FCLK_CLK0_repN
    BUFGCTRL_X0Y16       BUFG (Prop_bufg_I_O)         0.101     1.541 r  fastvit_bd_i/ps7_0/inst/buffer_fclk_clk_0.FCLK_CLK_0_BUFG/O
                         net (fo=31741, routed)       1.651     3.192    fastvit_bd_i/worker_0/inst/pwconv_worker_U/grp_pwconv_worker_Pipeline_LOAD_PW_WT_fu_2813/ap_clk
    SLICE_X49Y51         FDRE                                         r  fastvit_bd_i/worker_0/inst/pwconv_worker_U/grp_pwconv_worker_Pipeline_LOAD_PW_WT_fu_2813/ap_enable_reg_pp0_iter10_reg/C
  -------------------------------------------------------------------    -------------------
    SLICE_X49Y51         FDRE (Prop_fdre_C_Q)         0.456     3.648 f  fastvit_bd_i/worker_0/inst/pwconv_worker_U/grp_pwconv_worker_Pipeline_LOAD_PW_WT_fu_2813/ap_enable_reg_pp0_iter10_reg/Q
                         net (fo=95, routed)          0.915     4.563    fastvit_bd_i/worker_0/inst/pwconv_worker_U/grp_pwconv_worker_Pipeline_LOAD_PW_WT_fu_2813/ap_enable_reg_pp0_iter10
    SLICE_X46Y50         LUT6 (Prop_lut6_I2_O)        0.124     4.687 r  fastvit_bd_i/worker_0/inst/pwconv_worker_U/grp_pwconv_worker_Pipeline_LOAD_PW_WT_fu_2813/and_ln113_3_reg_1231[0]_i_1/O
                         net (fo=15, routed)          0.591     5.278    fastvit_bd_i/worker_0/inst/pwconv_worker_U/grp_pwconv_worker_Pipeline_LOAD_PW_WT_fu_2813/and_ln113_3_reg_12310
    SLICE_X49Y50         LUT6 (Prop_lut6_I0_O)        0.124     5.402 r  fastvit_bd_i/worker_0/inst/pwconv_worker_U/grp_pwconv_worker_Pipeline_LOAD_PW_WT_fu_2813/i_6_LOPT_REMAP/O
                         net (fo=1, routed)           0.451     5.852    fastvit_bd_i/worker_0/inst/pwconv_worker_U/grp_pwconv_worker_Pipeline_LOAD_PW_WT_fu_2813/i_6/O_n
    SLICE_X49Y50         LUT6 (Prop_lut6_I1_O)        0.124     5.976 r  fastvit_bd_i/worker_0/inst/pwconv_worker_U/grp_pwconv_worker_Pipeline_LOAD_PW_WT_fu_2813/i_0_LOPT_REMAP_1/O
                         net (fo=5, routed)           0.523     6.499    fastvit_bd_i/worker_0/inst/pwconv_gmem1_m_axi_U/load_unit_0/bus_wide_gen.rreq_offset/pwconv_g1_RREADY
    SLICE_X49Y52         LUT4 (Prop_lut4_I1_O)        0.124     6.623 r  fastvit_bd_i/worker_0/inst/pwconv_gmem1_m_axi_U/load_unit_0/bus_wide_gen.rreq_offset/bus_wide_gen.split_cnt_buf[1]_i_2/O
                         net (fo=3, routed)           0.371     6.994    fastvit_bd_i/worker_0/inst/pwconv_gmem1_m_axi_U/load_unit_0/bus_wide_gen.rreq_offset/U_fifo_srl/p_17_in
    SLICE_X48Y52         LUT6 (Prop_lut6_I0_O)        0.124     7.118 r  fastvit_bd_i/worker_0/inst/pwconv_gmem1_m_axi_U/load_unit_0/bus_wide_gen.rreq_offset/U_fifo_srl/FSM_sequential_state[1]_i_2/O
                         net (fo=11, routed)          0.373     7.491    fastvit_bd_i/worker_0/inst/pwconv_gmem1_m_axi_U/load_unit_0/bus_wide_gen.rs_tmp_rdata/p_18_in
    SLICE_X46Y52         LUT4 (Prop_lut4_I0_O)        0.124     7.615 r  fastvit_bd_i/worker_0/inst/pwconv_gmem1_m_axi_U/load_unit_0/bus_wide_gen.rs_tmp_rdata/data_p1[32]_i_1__1/O
                         net (fo=33, routed)          0.725     8.340    fastvit_bd_i/worker_0/inst/pwconv_gmem1_m_axi_U/load_unit_0/bus_wide_gen.rs_tmp_rdata/load_p1
    SLICE_X42Y49         FDRE                                         r  fastvit_bd_i/worker_0/inst/pwconv_gmem1_m_axi_U/load_unit_0/bus_wide_gen.rs_tmp_rdata/data_p1_reg[22]/CE
  -------------------------------------------------------------------    -------------------

                         (clock clk_fpga_0 rise edge)
                                                      5.000     5.000 r  
    PS7_X0Y0             PS7                          0.000     5.000 r  fastvit_bd_i/ps7_0/inst/PS7_i/FCLKCLK[0]
                         net (fo=1, routed)           1.088     6.088    fastvit_bd_i/ps7_0/inst/FCLK_CLK_unbuffered[0]
    BUFGCTRL_X0Y17       BUFG (Prop_bufg_I_O)         0.091     6.179 r  fastvit_bd_i/ps7_0/inst/buffer_fclk_clk_0.FCLK_CLK_0_BUFG_replica/O
                         net (fo=32, routed)          0.133     6.312    fastvit_bd_i/ps7_0/inst/FCLK_CLK0_repN
    BUFGCTRL_X0Y16       BUFG (Prop_bufg_I_O)         0.091     6.403 r  fastvit_bd_i/ps7_0/inst/buffer_fclk_clk_0.FCLK_CLK_0_BUFG/O
                         net (fo=31741, routed)       1.496     7.899    fastvit_bd_i/worker_0/inst/pwconv_gmem1_m_axi_U/load_unit_0/bus_wide_gen.rs_tmp_rdata/ap_clk
    SLICE_X42Y49         FDRE                                         r  fastvit_bd_i/worker_0/inst/pwconv_gmem1_m_axi_U/load_unit_0/bus_wide_gen.rs_tmp_rdata/data_p1_reg[22]/C
                         clock pessimism              0.138     8.037    
                         clock uncertainty           -0.083     7.954    
    SLICE_X42Y49         FDRE (Setup_fdre_C_CE)      -0.169     7.785    fastvit_bd_i/worker_0/inst/pwconv_gmem1_m_axi_U/load_unit_0/bus_wide_gen.rs_tmp_rdata/data_p1_reg[22]
  -------------------------------------------------------------------
                         required time                          7.785    
                         arrival time                          -8.340    
  -------------------------------------------------------------------
                         slack                                 -0.554    

Slack (VIOLATED) :        -0.554ns  (required time - arrival time)
  Source:                 fastvit_bd_i/worker_0/inst/pwconv_worker_U/grp_pwconv_worker_Pipeline_LOAD_PW_WT_fu_2813/ap_enable_reg_pp0_iter10_reg/C
                            (rising edge-triggered cell FDRE clocked by clk_fpga_0  {rise@0.000ns fall@2.500ns period=5.000ns})
  Destination:            fastvit_bd_i/worker_0/inst/pwconv_gmem1_m_axi_U/load_unit_0/bus_wide_gen.rs_tmp_rdata/data_p1_reg[30]/CE
                            (rising edge-triggered cell FDRE clocked by clk_fpga_0  {rise@0.000ns fall@2.500ns period=5.000ns})
  Path Group:             clk_fpga_0
  Path Type:              Setup (Max at Slow Process Corner)
  Requirement:            5.000ns  (clk_fpga_0 rise@5.000ns - clk_fpga_0 rise@0.000ns)
  Data Path Delay:        5.148ns  (logic 1.200ns (23.310%)  route 3.948ns (76.690%))
  Logic Levels:           6  (LUT4=2 LUT6=4)
  Clock Path Skew:        -0.155ns (DCD - SCD + CPR)
    Destination Clock Delay (DCD):    2.899ns = ( 7.899 - 5.000 ) 
    Source Clock Delay      (SCD):    3.192ns
    Clock Pessimism Removal (CPR):    0.138ns
  Clock Uncertainty:      0.083ns  ((TSJ^2 + TIJ^2)^1/2 + DJ) / 2 + PE
    Total System Jitter     (TSJ):    0.071ns
    Total Input Jitter      (TIJ):    0.150ns
    Discrete Jitter          (DJ):    0.000ns
    Phase Error              (PE):    0.000ns

    Location             Delay type                Incr(ns)  Path(ns)    Netlist Resource(s)
  -------------------------------------------------------------------    -------------------
                         (clock clk_fpga_0 rise edge)
                                                      0.000     0.000 r  
    PS7_X0Y0             PS7                          0.000     0.000 r  fastvit_bd_i/ps7_0/inst/PS7_i/FCLKCLK[0]
                         net (fo=1, routed)           1.193     1.193    fastvit_bd_i/ps7_0/inst/FCLK_CLK_unbuffered[0]
    BUFGCTRL_X0Y17       BUFG (Prop_bufg_I_O)         0.101     1.294 r  fastvit_bd_i/ps7_0/inst/buffer_fclk_clk_0.FCLK_CLK_0_BUFG_replica/O
                         net (fo=32, routed)          0.146     1.440    fastvit_bd_i/ps7_0/inst/FCLK_CLK0_repN
    BUFGCTRL_X0Y16       BUFG (Prop_bufg_I_O)         0.101     1.541 r  fastvit_bd_i/ps7_0/inst/buffer_fclk_clk_0.FCLK_CLK_0_BUFG/O
                         net (fo=31741, routed)       1.651     3.192    fastvit_bd_i/worker_0/inst/pwconv_worker_U/grp_pwconv_worker_Pipeline_LOAD_PW_WT_fu_2813/ap_clk
    SLICE_X49Y51         FDRE                                         r  fastvit_bd_i/worker_0/inst/pwconv_worker_U/grp_pwconv_worker_Pipeline_LOAD_PW_WT_fu_2813/ap_enable_reg_pp0_iter10_reg/C
  -------------------------------------------------------------------    -------------------
    SLICE_X49Y51         FDRE (Prop_fdre_C_Q)         0.456     3.648 f  fastvit_bd_i/worker_0/inst/pwconv_worker_U/grp_pwconv_worker_Pipeline_LOAD_PW_WT_fu_2813/ap_enable_reg_pp0_iter10_reg/Q
                         net (fo=95, routed)          0.915     4.563    fastvit_bd_i/worker_0/inst/pwconv_worker_U/grp_pwconv_worker_Pipeline_LOAD_PW_WT_fu_2813/ap_enable_reg_pp0_iter10
    SLICE_X46Y50         LUT6 (Prop_lut6_I2_O)        0.124     4.687 r  fastvit_bd_i/worker_0/inst/pwconv_worker_U/grp_pwconv_worker_Pipeline_LOAD_PW_WT_fu_2813/and_ln113_3_reg_1231[0]_i_1/O
                         net (fo=15, routed)          0.591     5.278    fastvit_bd_i/worker_0/inst/pwconv_worker_U/grp_pwconv_worker_Pipeline_LOAD_PW_WT_fu_2813/and_ln113_3_reg_12310
    SLICE_X49Y50         LUT6 (Prop_lut6_I0_O)        0.124     5.402 r  fastvit_bd_i/worker_0/inst/pwconv_worker_U/grp_pwconv_worker_Pipeline_LOAD_PW_WT_fu_2813/i_6_LOPT_REMAP/O
                         net (fo=1, routed)           0.451     5.852    fastvit_bd_i/worker_0/inst/pwconv_worker_U/grp_pwconv_worker_Pipeline_LOAD_PW_WT_fu_2813/i_6/O_n
    SLICE_X49Y50         LUT6 (Prop_lut6_I1_O)        0.124     5.976 r  fastvit_bd_i/worker_0/inst/pwconv_worker_U/grp_pwconv_worker_Pipeline_LOAD_PW_WT_fu_2813/i_0_LOPT_REMAP_1/O
                         net (fo=5, routed)           0.523     6.499    fastvit_bd_i/worker_0/inst/pwconv_gmem1_m_axi_U/load_unit_0/bus_wide_gen.rreq_offset/pwconv_g1_RREADY
    SLICE_X49Y52         LUT4 (Prop_lut4_I1_O)        0.124     6.623 r  fastvit_bd_i/worker_0/inst/pwconv_gmem1_m_axi_U/load_unit_0/bus_wide_gen.rreq_offset/bus_wide_gen.split_cnt_buf[1]_i_2/O
                         net (fo=3, routed)           0.371     6.994    fastvit_bd_i/worker_0/inst/pwconv_gmem1_m_axi_U/load_unit_0/bus_wide_gen.rreq_offset/U_fifo_srl/p_17_in
    SLICE_X48Y52         LUT6 (Prop_lut6_I0_O)        0.124     7.118 r  fastvit_bd_i/worker_0/inst/pwconv_gmem1_m_axi_U/load_unit_0/bus_wide_gen.rreq_offset/U_fifo_srl/FSM_sequential_state[1]_i_2/O
                         net (fo=11, routed)          0.373     7.491    fastvit_bd_i/worker_0/inst/pwconv_gmem1_m_axi_U/load_unit_0/bus_wide_gen.rs_tmp_rdata/p_18_in
    SLICE_X46Y52         LUT4 (Prop_lut4_I0_O)        0.124     7.615 r  fastvit_bd_i/worker_0/inst/pwconv_gmem1_m_axi_U/load_unit_0/bus_wide_gen.rs_tmp_rdata/data_p1[32]_i_1__1/O
                         net (fo=33, routed)          0.725     8.340    fastvit_bd_i/worker_0/inst/pwconv_gmem1_m_axi_U/load_unit_0/bus_wide_gen.rs_tmp_rdata/load_p1
    SLICE_X42Y49         FDRE                                         r  fastvit_bd_i/worker_0/inst/pwconv_gmem1_m_axi_U/load_unit_0/bus_wide_gen.rs_tmp_rdata/data_p1_reg[30]/CE
  -------------------------------------------------------------------    -------------------

                         (clock clk_fpga_0 rise edge)
                                                      5.000     5.000 r  
    PS7_X0Y0             PS7                          0.000     5.000 r  fastvit_bd_i/ps7_0/inst/PS7_i/FCLKCLK[0]
                         net (fo=1, routed)           1.088     6.088    fastvit_bd_i/ps7_0/inst/FCLK_CLK_unbuffered[0]
    BUFGCTRL_X0Y17       BUFG (Prop_bufg_I_O)         0.091     6.179 r  fastvit_bd_i/ps7_0/inst/buffer_fclk_clk_0.FCLK_CLK_0_BUFG_replica/O
                         net (fo=32, routed)          0.133     6.312    fastvit_bd_i/ps7_0/inst/FCLK_CLK0_repN
    BUFGCTRL_X0Y16       BUFG (Prop_bufg_I_O)         0.091     6.403 r  fastvit_bd_i/ps7_0/inst/buffer_fclk_clk_0.FCLK_CLK_0_BUFG/O
                         net (fo=31741, routed)       1.496     7.899    fastvit_bd_i/worker_0/inst/pwconv_gmem1_m_axi_U/load_unit_0/bus_wide_gen.rs_tmp_rdata/ap_clk
    SLICE_X42Y49         FDRE                                         r  fastvit_bd_i/worker_0/inst/pwconv_gmem1_m_axi_U/load_unit_0/bus_wide_gen.rs_tmp_rdata/data_p1_reg[30]/C
                         clock pessimism              0.138     8.037    
                         clock uncertainty           -0.083     7.954    
    SLICE_X42Y49         FDRE (Setup_fdre_C_CE)      -0.169     7.785    fastvit_bd_i/worker_0/inst/pwconv_gmem1_m_axi_U/load_unit_0/bus_wide_gen.rs_tmp_rdata/data_p1_reg[30]
  -------------------------------------------------------------------
                         required time                          7.785    
                         arrival time                          -8.340    
  -------------------------------------------------------------------
                         slack                                 -0.554    




