INFO: [SIM 2] *************** CSIM start ***************
INFO: [SIM 4] CSIM will launch CLANG as the compiler.
make: 'csim.exe' is up to date.
=== dwconv_linebuf csim ===
[PASS] DW3_s1_CH32 (100352 points)
[PASS] DW3_FastVIT_S1 (196608 points)
[PASS] DW7_s1_CH16 (12544 points)
[PASS] DW7_FastVIT_S3 (12288 points)
[PASS] DW3_small (128 points)
[PASS] DW3_CH3_odd (192 points)
[PASS] DW7_CH5_odd (320 points)
[PASS] DW3_stride2_CH16 (4096 points)
[PASS] DW3_stride2_odd_dim (512 points)
[PASS] DW7_stride2_CH4 (640 points)
[PASS] DW3_pad0_VALID (288 points)
[PASS] DW3_asym_stride_pad (320 points)
[PASS] DW3_fpg3 (768 points)
=== TOTAL ERRORS: 0 ===
ALL TESTS PASSED
INFO: [SIM 1] CSim done with 0 errors.
INFO: [SIM 3] *************** CSIM finish ***************
