

================================================================
== Vitis HLS Report for 'run_dwconv_Pipeline_VITIS_LOOP_79_4_VITIS_LOOP_80_5'
================================================================
* Date:           Wed Aug 19 16:31:39 2026

* Version:        2024.2 (Build 5238294 on Nov  8 2024)
* Project:        mac_array_poc_r6
* Solution:       solution1 (Vivado IP Flow Target)
* Product family: zynq
* Target device:  xc7z020-clg400-1


================================================================
== Performance Estimates
================================================================
+ Timing: 
    * Summary: 
    +--------+----------+----------+------------+
    |  Clock |  Target  | Estimated| Uncertainty|
    +--------+----------+----------+------------+
    |ap_clk  |  10.00 ns|  6.698 ns|     2.70 ns|
    +--------+----------+----------+------------+

+ Latency: 
    * Summary: 
    +---------+---------+----------+----------+-----+-----+------------------------------------------------+
    |  Latency (cycles) |  Latency (absolute) |  Interval |                    Pipeline                    |
    |   min   |   max   |    min   |    max   | min | max |                      Type                      |
    +---------+---------+----------+----------+-----+-----+------------------------------------------------+
    |        ?|        ?|         ?|         ?|    0|    0|  loop auto-rewind stp (delay=0 clock cycles(s))|
    +---------+---------+----------+----------+-----+-----+------------------------------------------------+

    + Detail: 
        * Instance: 
        N/A

        * Loop: 
        +-----------------------------------+---------+---------+----------+-----------+-----------+------+----------+
        |                                   |  Latency (cycles) | Iteration|  Initiation Interval  | Trip |          |
        |             Loop Name             |   min   |   max   |  Latency |  achieved |   target  | Count| Pipelined|
        +-----------------------------------+---------+---------+----------+-----------+-----------+------+----------+
        |- VITIS_LOOP_79_4_VITIS_LOOP_80_5  |        ?|        ?|         2|          1|          1|     ?|       yes|
        +-----------------------------------+---------+---------+----------+-----------+-----------+------+----------+



================================================================
== Utilization Estimates
================================================================
* Summary: 
+-----------------+---------+-----+--------+-------+-----+
|       Name      | BRAM_18K| DSP |   FF   |  LUT  | URAM|
+-----------------+---------+-----+--------+-------+-----+
|DSP              |        -|    -|       -|      -|    -|
|Expression       |        -|    -|       0|    262|    -|
|FIFO             |        -|    -|       -|      -|    -|
|Instance         |        -|    -|       -|      -|    -|
|Memory           |        -|    -|       -|      -|    -|
|Multiplexer      |        -|    -|       0|     54|    -|
|Register         |        -|    -|     102|      -|    -|
+-----------------+---------+-----+--------+-------+-----+
|Total            |        0|    0|     102|    316|    0|
+-----------------+---------+-----+--------+-------+-----+
|Available        |      280|  220|  106400|  53200|    0|
+-----------------+---------+-----+--------+-------+-----+
|Utilization (%)  |        0|    0|      ~0|     ~0|    0|
+-----------------+---------+-----+--------+-------+-----+

+ Detail: 
    * Instance: 
    N/A

    * DSP: 
    N/A

    * Memory: 
    N/A

    * FIFO: 
    N/A

    * Expression: 
    +-------------------------+----------+----+---+----+------------+------------+
    |      Variable Name      | Operation| DSP| FF| LUT| Bitwidth P0| Bitwidth P1|
    +-------------------------+----------+----+---+----+------------+------------+
    |add_ln68_fu_259_p2       |         +|   0|  0|  70|          63|           1|
    |add_ln79_fu_293_p2       |         +|   0|  0|  38|          31|           1|
    |add_ln80_fu_671_p2       |         +|   0|  0|  10|           2|           1|
    |icmp_ln68_fu_254_p2      |      icmp|   0|  0|  70|          63|          63|
    |icmp_ln80_fu_277_p2      |      icmp|   0|  0|  39|          32|          32|
    |select_ln68_1_fu_299_p3  |    select|   0|  0|  31|           1|          31|
    |select_ln68_fu_285_p3    |    select|   0|  0|   2|           1|           1|
    |ap_enable_pp0            |       xor|   0|  0|   2|           1|           2|
    +-------------------------+----------+----+---+----+------------+------------+
    |Total                    |          |   0|  0| 262|         194|         132|
    +-------------------------+----------+----+---+----+------------+------------+

    * Multiplexer: 
    +----------------------------------+----+-----------+-----+-----------+
    |               Name               | LUT| Input Size| Bits| Total Bits|
    +----------------------------------+----+-----------+-----+-----------+
    |ap_done_int                       |   9|          2|    1|          2|
    |ap_enable_reg_pp0_iter1           |   9|          2|    1|          2|
    |ap_loop_exit_ready_pp0_iter2_reg  |   9|          2|    1|          2|
    |indvar_flatten_fu_208             |   9|          2|   63|        126|
    |kh_fu_204                         |   9|          2|   31|         62|
    |kw_fu_200                         |   9|          2|    2|          4|
    +----------------------------------+----+-----------+-----+-----------+
    |Total                             |  54|         12|   99|        198|
    +----------------------------------+----+-----------+-----+-----------+

    * Register: 
    +----------------------------------+----+----+-----+-----------+
    |               Name               | FF | LUT| Bits| Const Bits|
    +----------------------------------+----+----+-----+-----------+
    |ap_CS_fsm                         |   1|   0|    1|          0|
    |ap_done_reg                       |   1|   0|    1|          0|
    |ap_enable_reg_pp0_iter1           |   1|   0|    1|          0|
    |ap_enable_reg_pp0_iter2           |   1|   0|    1|          0|
    |ap_loop_exit_ready_pp0_iter2_reg  |   1|   0|    1|          0|
    |icmp_ln68_reg_798                 |   1|   0|    1|          0|
    |indvar_flatten_fu_208             |  63|   0|   63|          0|
    |kh_fu_204                         |  31|   0|   31|          0|
    |kw_fu_200                         |   2|   0|    2|          0|
    +----------------------------------+----+----+-----+-----------+
    |Total                             | 102|   0|  102|          0|
    +----------------------------------+----+----+-----+-----------+



================================================================
== Interface
================================================================
* Summary: 
+----------------------+-----+-----+------------+-----------------------------------------------------+--------------+
|       RTL Ports      | Dir | Bits|  Protocol  |                    Source Object                    |    C Type    |
+----------------------+-----+-----+------------+-----------------------------------------------------+--------------+
|ap_clk                |   in|    1|  ap_ctrl_hs|  run_dwconv_Pipeline_VITIS_LOOP_79_4_VITIS_LOOP_80_5|  return value|
|ap_rst                |   in|    1|  ap_ctrl_hs|  run_dwconv_Pipeline_VITIS_LOOP_79_4_VITIS_LOOP_80_5|  return value|
|ap_start              |   in|    1|  ap_ctrl_hs|  run_dwconv_Pipeline_VITIS_LOOP_79_4_VITIS_LOOP_80_5|  return value|
|ap_done               |  out|    1|  ap_ctrl_hs|  run_dwconv_Pipeline_VITIS_LOOP_79_4_VITIS_LOOP_80_5|  return value|
|ap_idle               |  out|    1|  ap_ctrl_hs|  run_dwconv_Pipeline_VITIS_LOOP_79_4_VITIS_LOOP_80_5|  return value|
|ap_ready              |  out|    1|  ap_ctrl_hs|  run_dwconv_Pipeline_VITIS_LOOP_79_4_VITIS_LOOP_80_5|  return value|
|K                     |   in|   32|     ap_none|                                                    K|        scalar|
|mul_ln43              |   in|   63|     ap_none|                                             mul_ln43|        scalar|
|w_base_read           |   in|    8|     ap_none|                                          w_base_read|        scalar|
|cc                    |   in|    3|     ap_none|                                                   cc|        scalar|
|wtile_150_out         |  out|    8|      ap_vld|                                        wtile_150_out|       pointer|
|wtile_150_out_ap_vld  |  out|    1|      ap_vld|                                        wtile_150_out|       pointer|
|wtile_149_out         |  out|    8|      ap_vld|                                        wtile_149_out|       pointer|
|wtile_149_out_ap_vld  |  out|    1|      ap_vld|                                        wtile_149_out|       pointer|
|wtile_148_out         |  out|    8|      ap_vld|                                        wtile_148_out|       pointer|
|wtile_148_out_ap_vld  |  out|    1|      ap_vld|                                        wtile_148_out|       pointer|
|wtile_147_out         |  out|    8|      ap_vld|                                        wtile_147_out|       pointer|
|wtile_147_out_ap_vld  |  out|    1|      ap_vld|                                        wtile_147_out|       pointer|
|wtile_146_out         |  out|    8|      ap_vld|                                        wtile_146_out|       pointer|
|wtile_146_out_ap_vld  |  out|    1|      ap_vld|                                        wtile_146_out|       pointer|
|wtile_145_out         |  out|    8|      ap_vld|                                        wtile_145_out|       pointer|
|wtile_145_out_ap_vld  |  out|    1|      ap_vld|                                        wtile_145_out|       pointer|
|wtile_144_out         |  out|    8|      ap_vld|                                        wtile_144_out|       pointer|
|wtile_144_out_ap_vld  |  out|    1|      ap_vld|                                        wtile_144_out|       pointer|
|wtile_143_out         |  out|    8|      ap_vld|                                        wtile_143_out|       pointer|
|wtile_143_out_ap_vld  |  out|    1|      ap_vld|                                        wtile_143_out|       pointer|
|wtile_142_out         |  out|    8|      ap_vld|                                        wtile_142_out|       pointer|
|wtile_142_out_ap_vld  |  out|    1|      ap_vld|                                        wtile_142_out|       pointer|
|wtile_141_out         |  out|    8|      ap_vld|                                        wtile_141_out|       pointer|
|wtile_141_out_ap_vld  |  out|    1|      ap_vld|                                        wtile_141_out|       pointer|
|wtile_140_out         |  out|    8|      ap_vld|                                        wtile_140_out|       pointer|
|wtile_140_out_ap_vld  |  out|    1|      ap_vld|                                        wtile_140_out|       pointer|
|wtile_139_out         |  out|    8|      ap_vld|                                        wtile_139_out|       pointer|
|wtile_139_out_ap_vld  |  out|    1|      ap_vld|                                        wtile_139_out|       pointer|
|wtile_138_out         |  out|    8|      ap_vld|                                        wtile_138_out|       pointer|
|wtile_138_out_ap_vld  |  out|    1|      ap_vld|                                        wtile_138_out|       pointer|
|wtile_137_out         |  out|    8|      ap_vld|                                        wtile_137_out|       pointer|
|wtile_137_out_ap_vld  |  out|    1|      ap_vld|                                        wtile_137_out|       pointer|
|wtile_136_out         |  out|    8|      ap_vld|                                        wtile_136_out|       pointer|
|wtile_136_out_ap_vld  |  out|    1|      ap_vld|                                        wtile_136_out|       pointer|
|wtile_135_out         |  out|    8|      ap_vld|                                        wtile_135_out|       pointer|
|wtile_135_out_ap_vld  |  out|    1|      ap_vld|                                        wtile_135_out|       pointer|
|wtile_134_out         |  out|    8|      ap_vld|                                        wtile_134_out|       pointer|
|wtile_134_out_ap_vld  |  out|    1|      ap_vld|                                        wtile_134_out|       pointer|
|wtile_133_out         |  out|    8|      ap_vld|                                        wtile_133_out|       pointer|
|wtile_133_out_ap_vld  |  out|    1|      ap_vld|                                        wtile_133_out|       pointer|
|wtile_132_out         |  out|    8|      ap_vld|                                        wtile_132_out|       pointer|
|wtile_132_out_ap_vld  |  out|    1|      ap_vld|                                        wtile_132_out|       pointer|
|wtile_131_out         |  out|    8|      ap_vld|                                        wtile_131_out|       pointer|
|wtile_131_out_ap_vld  |  out|    1|      ap_vld|                                        wtile_131_out|       pointer|
|wtile_130_out         |  out|    8|      ap_vld|                                        wtile_130_out|       pointer|
|wtile_130_out_ap_vld  |  out|    1|      ap_vld|                                        wtile_130_out|       pointer|
|wtile_129_out         |  out|    8|      ap_vld|                                        wtile_129_out|       pointer|
|wtile_129_out_ap_vld  |  out|    1|      ap_vld|                                        wtile_129_out|       pointer|
|wtile_128_out         |  out|    8|      ap_vld|                                        wtile_128_out|       pointer|
|wtile_128_out_ap_vld  |  out|    1|      ap_vld|                                        wtile_128_out|       pointer|
|wtile_127_out         |  out|    8|      ap_vld|                                        wtile_127_out|       pointer|
|wtile_127_out_ap_vld  |  out|    1|      ap_vld|                                        wtile_127_out|       pointer|
|wtile_126_out         |  out|    8|      ap_vld|                                        wtile_126_out|       pointer|
|wtile_126_out_ap_vld  |  out|    1|      ap_vld|                                        wtile_126_out|       pointer|
|wtile_125_out         |  out|    8|      ap_vld|                                        wtile_125_out|       pointer|
|wtile_125_out_ap_vld  |  out|    1|      ap_vld|                                        wtile_125_out|       pointer|
|wtile_124_out         |  out|    8|      ap_vld|                                        wtile_124_out|       pointer|
|wtile_124_out_ap_vld  |  out|    1|      ap_vld|                                        wtile_124_out|       pointer|
|wtile_123_out         |  out|    8|      ap_vld|                                        wtile_123_out|       pointer|
|wtile_123_out_ap_vld  |  out|    1|      ap_vld|                                        wtile_123_out|       pointer|
|wtile_122_out         |  out|    8|      ap_vld|                                        wtile_122_out|       pointer|
|wtile_122_out_ap_vld  |  out|    1|      ap_vld|                                        wtile_122_out|       pointer|
|wtile_121_out         |  out|    8|      ap_vld|                                        wtile_121_out|       pointer|
|wtile_121_out_ap_vld  |  out|    1|      ap_vld|                                        wtile_121_out|       pointer|
|wtile_120_out         |  out|    8|      ap_vld|                                        wtile_120_out|       pointer|
|wtile_120_out_ap_vld  |  out|    1|      ap_vld|                                        wtile_120_out|       pointer|
|wtile_119_out         |  out|    8|      ap_vld|                                        wtile_119_out|       pointer|
|wtile_119_out_ap_vld  |  out|    1|      ap_vld|                                        wtile_119_out|       pointer|
|wtile_118_out         |  out|    8|      ap_vld|                                        wtile_118_out|       pointer|
|wtile_118_out_ap_vld  |  out|    1|      ap_vld|                                        wtile_118_out|       pointer|
|wtile_117_out         |  out|    8|      ap_vld|                                        wtile_117_out|       pointer|
|wtile_117_out_ap_vld  |  out|    1|      ap_vld|                                        wtile_117_out|       pointer|
|wtile_116_out         |  out|    8|      ap_vld|                                        wtile_116_out|       pointer|
|wtile_116_out_ap_vld  |  out|    1|      ap_vld|                                        wtile_116_out|       pointer|
|wtile_115_out         |  out|    8|      ap_vld|                                        wtile_115_out|       pointer|
|wtile_115_out_ap_vld  |  out|    1|      ap_vld|                                        wtile_115_out|       pointer|
|wtile_114_out         |  out|    8|      ap_vld|                                        wtile_114_out|       pointer|
|wtile_114_out_ap_vld  |  out|    1|      ap_vld|                                        wtile_114_out|       pointer|
|wtile_113_out         |  out|    8|      ap_vld|                                        wtile_113_out|       pointer|
|wtile_113_out_ap_vld  |  out|    1|      ap_vld|                                        wtile_113_out|       pointer|
|wtile_112_out         |  out|    8|      ap_vld|                                        wtile_112_out|       pointer|
|wtile_112_out_ap_vld  |  out|    1|      ap_vld|                                        wtile_112_out|       pointer|
|wtile_111_out         |  out|    8|      ap_vld|                                        wtile_111_out|       pointer|
|wtile_111_out_ap_vld  |  out|    1|      ap_vld|                                        wtile_111_out|       pointer|
|wtile_110_out         |  out|    8|      ap_vld|                                        wtile_110_out|       pointer|
|wtile_110_out_ap_vld  |  out|    1|      ap_vld|                                        wtile_110_out|       pointer|
|wtile_109_out         |  out|    8|      ap_vld|                                        wtile_109_out|       pointer|
|wtile_109_out_ap_vld  |  out|    1|      ap_vld|                                        wtile_109_out|       pointer|
|wtile_108_out         |  out|    8|      ap_vld|                                        wtile_108_out|       pointer|
|wtile_108_out_ap_vld  |  out|    1|      ap_vld|                                        wtile_108_out|       pointer|
|wtile_107_out         |  out|    8|      ap_vld|                                        wtile_107_out|       pointer|
|wtile_107_out_ap_vld  |  out|    1|      ap_vld|                                        wtile_107_out|       pointer|
|wtile_106_out         |  out|    8|      ap_vld|                                        wtile_106_out|       pointer|
|wtile_106_out_ap_vld  |  out|    1|      ap_vld|                                        wtile_106_out|       pointer|
|wtile_105_out         |  out|    8|      ap_vld|                                        wtile_105_out|       pointer|
|wtile_105_out_ap_vld  |  out|    1|      ap_vld|                                        wtile_105_out|       pointer|
|wtile_104_out         |  out|    8|      ap_vld|                                        wtile_104_out|       pointer|
|wtile_104_out_ap_vld  |  out|    1|      ap_vld|                                        wtile_104_out|       pointer|
|wtile_103_out         |  out|    8|      ap_vld|                                        wtile_103_out|       pointer|
|wtile_103_out_ap_vld  |  out|    1|      ap_vld|                                        wtile_103_out|       pointer|
|wtile_102_out         |  out|    8|      ap_vld|                                        wtile_102_out|       pointer|
|wtile_102_out_ap_vld  |  out|    1|      ap_vld|                                        wtile_102_out|       pointer|
|wtile_101_out         |  out|    8|      ap_vld|                                        wtile_101_out|       pointer|
|wtile_101_out_ap_vld  |  out|    1|      ap_vld|                                        wtile_101_out|       pointer|
|wtile_100_out         |  out|    8|      ap_vld|                                        wtile_100_out|       pointer|
|wtile_100_out_ap_vld  |  out|    1|      ap_vld|                                        wtile_100_out|       pointer|
|wtile_99_out          |  out|    8|      ap_vld|                                         wtile_99_out|       pointer|
|wtile_99_out_ap_vld   |  out|    1|      ap_vld|                                         wtile_99_out|       pointer|
|wtile_98_out          |  out|    8|      ap_vld|                                         wtile_98_out|       pointer|
|wtile_98_out_ap_vld   |  out|    1|      ap_vld|                                         wtile_98_out|       pointer|
|wtile_97_out          |  out|    8|      ap_vld|                                         wtile_97_out|       pointer|
|wtile_97_out_ap_vld   |  out|    1|      ap_vld|                                         wtile_97_out|       pointer|
|wtile_96_out          |  out|    8|      ap_vld|                                         wtile_96_out|       pointer|
|wtile_96_out_ap_vld   |  out|    1|      ap_vld|                                         wtile_96_out|       pointer|
|wtile_95_out          |  out|    8|      ap_vld|                                         wtile_95_out|       pointer|
|wtile_95_out_ap_vld   |  out|    1|      ap_vld|                                         wtile_95_out|       pointer|
|wtile_94_out          |  out|    8|      ap_vld|                                         wtile_94_out|       pointer|
|wtile_94_out_ap_vld   |  out|    1|      ap_vld|                                         wtile_94_out|       pointer|
|wtile_93_out          |  out|    8|      ap_vld|                                         wtile_93_out|       pointer|
|wtile_93_out_ap_vld   |  out|    1|      ap_vld|                                         wtile_93_out|       pointer|
|wtile_92_out          |  out|    8|      ap_vld|                                         wtile_92_out|       pointer|
|wtile_92_out_ap_vld   |  out|    1|      ap_vld|                                         wtile_92_out|       pointer|
|wtile_91_out          |  out|    8|      ap_vld|                                         wtile_91_out|       pointer|
|wtile_91_out_ap_vld   |  out|    1|      ap_vld|                                         wtile_91_out|       pointer|
|wtile_90_out          |  out|    8|      ap_vld|                                         wtile_90_out|       pointer|
|wtile_90_out_ap_vld   |  out|    1|      ap_vld|                                         wtile_90_out|       pointer|
|wtile_89_out          |  out|    8|      ap_vld|                                         wtile_89_out|       pointer|
|wtile_89_out_ap_vld   |  out|    1|      ap_vld|                                         wtile_89_out|       pointer|
|wtile_88_out          |  out|    8|      ap_vld|                                         wtile_88_out|       pointer|
|wtile_88_out_ap_vld   |  out|    1|      ap_vld|                                         wtile_88_out|       pointer|
|wtile_87_out          |  out|    8|      ap_vld|                                         wtile_87_out|       pointer|
|wtile_87_out_ap_vld   |  out|    1|      ap_vld|                                         wtile_87_out|       pointer|
|wtile_86_out          |  out|    8|      ap_vld|                                         wtile_86_out|       pointer|
|wtile_86_out_ap_vld   |  out|    1|      ap_vld|                                         wtile_86_out|       pointer|
|wtile_85_out          |  out|    8|      ap_vld|                                         wtile_85_out|       pointer|
|wtile_85_out_ap_vld   |  out|    1|      ap_vld|                                         wtile_85_out|       pointer|
|wtile_84_out          |  out|    8|      ap_vld|                                         wtile_84_out|       pointer|
|wtile_84_out_ap_vld   |  out|    1|      ap_vld|                                         wtile_84_out|       pointer|
|wtile_83_out          |  out|    8|      ap_vld|                                         wtile_83_out|       pointer|
|wtile_83_out_ap_vld   |  out|    1|      ap_vld|                                         wtile_83_out|       pointer|
|wtile_82_out          |  out|    8|      ap_vld|                                         wtile_82_out|       pointer|
|wtile_82_out_ap_vld   |  out|    1|      ap_vld|                                         wtile_82_out|       pointer|
|wtile_81_out          |  out|    8|      ap_vld|                                         wtile_81_out|       pointer|
|wtile_81_out_ap_vld   |  out|    1|      ap_vld|                                         wtile_81_out|       pointer|
|wtile_80_out          |  out|    8|      ap_vld|                                         wtile_80_out|       pointer|
|wtile_80_out_ap_vld   |  out|    1|      ap_vld|                                         wtile_80_out|       pointer|
|wtile_79_out          |  out|    8|      ap_vld|                                         wtile_79_out|       pointer|
|wtile_79_out_ap_vld   |  out|    1|      ap_vld|                                         wtile_79_out|       pointer|
+----------------------+-----+-----+------------+-----------------------------------------------------+--------------+

