

================================================================
== Vitis HLS Report for 'run_dwconv'
================================================================
* Date:           Sun Aug 16 06:07:36 2026

* Version:        2024.2 (Build 5238294 on Nov  8 2024)
* Project:        mac_array_poc
* Solution:       solution1 (Vivado IP Flow Target)
* Product family: zynq
* Target device:  xc7z020-clg400-1


================================================================
== Performance Estimates
================================================================
+ Timing: 
    * Summary: 
    +--------+----------+----------+------------+
    |  Clock |  Target  | Estimated| Uncertainty|
    +--------+----------+----------+------------+
    |ap_clk  |  10.00 ns|  6.912 ns|     2.70 ns|
    +--------+----------+----------+------------+

+ Latency: 
    * Summary: 
    +---------+---------+----------+----------+-----+-----+---------+
    |  Latency (cycles) |  Latency (absolute) |  Interval | Pipeline|
    |   min   |   max   |    min   |    max   | min | max |   Type  |
    +---------+---------+----------+----------+-----+-----+---------+
    |        ?|        ?|         ?|         ?|    ?|    ?|       no|
    +---------+---------+----------+----------+-----+-----+---------+

    + Detail: 
        * Instance: 
        +------------------------------------------------+-------------------------------------+---------+---------+-----------+----------+-----+-----+------------------------------------------------+
        |                                                |                                     |  Latency (cycles) |  Latency (absolute)  |  Interval |                    Pipeline                    |
        |                    Instance                    |                Module               |   min   |   max   |    min    |    max   | min | max |                      Type                      |
        +------------------------------------------------+-------------------------------------+---------+---------+-----------+----------+-----+-----+------------------------------------------------+
        |grp_run_dwconv_Pipeline_VITIS_LOOP_65_8_fu_299  |run_dwconv_Pipeline_VITIS_LOOP_65_8  |        5|        ?|  50.000 ns|         ?|    2|    0|  loop auto-rewind stp (delay=0 clock cycles(s))|
        +------------------------------------------------+-------------------------------------+---------+---------+-----------+----------+-----+-----+------------------------------------------------+

        * Loop: 
        +------------------------------+---------+---------+----------+-----------+-----------+------+----------+
        |                              |  Latency (cycles) | Iteration|  Initiation Interval  | Trip |          |
        |           Loop Name          |   min   |   max   |  Latency |  achieved |   target  | Count| Pipelined|
        +------------------------------+---------+---------+----------+-----------+-----------+------+----------+
        |- VITIS_LOOP_47_1             |        ?|        ?|         ?|          -|          -|     ?|        no|
        | + VITIS_LOOP_49_2            |        ?|        ?|         ?|          -|          -|     ?|        no|
        |  ++ VITIS_LOOP_51_3          |        ?|        ?|         ?|          -|          -|     ?|        no|
        |   +++ VITIS_LOOP_54_4        |        ?|        ?|         ?|          -|          -|     ?|        no|
        |    ++++ VITIS_LOOP_56_5      |        ?|        ?|         ?|          -|          -|     ?|        no|
        |     +++++ VITIS_LOOP_58_6    |        ?|        ?|         ?|          -|          -|     ?|        no|
        |      ++++++ VITIS_LOOP_62_7  |        ?|        ?|     3 ~ ?|          -|          -|     ?|        no|
        +------------------------------+---------+---------+----------+-----------+-----------+------+----------+



================================================================
== Utilization Estimates
================================================================
* Summary: 
+-----------------+---------+-----+--------+-------+-----+
|       Name      | BRAM_18K| DSP |   FF   |  LUT  | URAM|
+-----------------+---------+-----+--------+-------+-----+
|DSP              |        -|    -|       -|      -|    -|
|Expression       |        -|    -|       0|   1465|    -|
|FIFO             |        -|    -|       -|      -|    -|
|Instance         |        -|    4|     431|    362|    -|
|Memory           |        -|    -|       -|      -|    -|
|Multiplexer      |        -|    -|       0|    197|    -|
|Register         |        -|    -|    1226|      -|    -|
+-----------------+---------+-----+--------+-------+-----+
|Total            |        0|    4|    1657|   2024|    0|
+-----------------+---------+-----+--------+-------+-----+
|Available        |      280|  220|  106400|  53200|    0|
+-----------------+---------+-----+--------+-------+-----+
|Utilization (%)  |        0|    1|       1|      3|    0|
+-----------------+---------+-----+--------+-------+-----+

+ Detail: 
    * Instance: 
    +------------------------------------------------+-------------------------------------+---------+----+-----+-----+-----+
    |                    Instance                    |                Module               | BRAM_18K| DSP|  FF | LUT | URAM|
    +------------------------------------------------+-------------------------------------+---------+----+-----+-----+-----+
    |mul_32s_32s_32_2_1_U25                          |mul_32s_32s_32_2_1                   |        0|   3|  165|   50|    0|
    |grp_run_dwconv_Pipeline_VITIS_LOOP_65_8_fu_299  |run_dwconv_Pipeline_VITIS_LOOP_65_8  |        0|   1|  266|  312|    0|
    +------------------------------------------------+-------------------------------------+---------+----+-----+-----+-----+
    |Total                                           |                                     |        0|   4|  431|  362|    0|
    +------------------------------------------------+-------------------------------------+---------+----+-----+-----+-----+

    * DSP: 
    N/A

    * Memory: 
    N/A

    * FIFO: 
    N/A

    * Expression: 
    +-----------------------+----------+----+---+-----+------------+------------+
    |     Variable Name     | Operation| DSP| FF| LUT | Bitwidth P0| Bitwidth P1|
    +-----------------------+----------+----+---+-----+------------+------------+
    |add_ln47_fu_447_p2     |         +|   0|  0|   35|          28|           1|
    |add_ln49_fu_474_p2     |         +|   0|  0|   35|          28|           1|
    |add_ln51_fu_517_p2     |         +|   0|  0|   35|          28|           1|
    |add_ln54_fu_562_p2     |         +|   0|  0|   38|          31|           1|
    |add_ln56_fu_577_p2     |         +|   0|  0|   38|          31|           1|
    |add_ln58_fu_601_p2     |         +|   0|  0|   38|          31|           1|
    |add_ln62_fu_621_p2     |         +|   0|  0|   38|          31|           1|
    |add_ln63_fu_631_p2     |         +|   0|  0|   40|          33|          33|
    |empty_28_fu_607_p2     |         +|   0|  0|   39|          32|          32|
    |empty_fu_583_p2        |         +|   0|  0|   39|          32|          32|
    |sub19_fu_396_p2        |         +|   0|  0|   37|          30|           2|
    |sub8_fu_390_p2         |         +|   0|  0|   37|          30|           2|
    |sub_fu_384_p2          |         +|   0|  0|   37|          30|           2|
    |grp_fu_319_p2          |         -|   0|  0|   39|          32|          32|
    |sub_i_i_fu_420_p2      |         -|   0|  0|   39|           1|          32|
    |ashr_ln24_fu_661_p2    |      ashr|   0|  0|  100|          32|          32|
    |cmp3613_fu_535_p2      |      icmp|   0|  0|   39|          32|           1|
    |icmp_ln25_fu_692_p2    |      icmp|   0|  0|   32|          25|           1|
    |icmp_ln26_fu_704_p2    |      icmp|   0|  0|   39|          32|           9|
    |icmp_ln47_fu_442_p2    |      icmp|   0|  0|   37|          30|          30|
    |icmp_ln48_fu_453_p2    |      icmp|   0|  0|   37|          30|          30|
    |icmp_ln49_fu_469_p2    |      icmp|   0|  0|   37|          30|          30|
    |icmp_ln50_fu_480_p2    |      icmp|   0|  0|   37|          30|          30|
    |icmp_ln51_fu_512_p2    |      icmp|   0|  0|   37|          30|          30|
    |icmp_ln52_fu_523_p2    |      icmp|   0|  0|   37|          30|          30|
    |icmp_ln54_fu_557_p2    |      icmp|   0|  0|   39|          32|          32|
    |icmp_ln56_fu_572_p2    |      icmp|   0|  0|   39|          32|          32|
    |icmp_ln58_fu_596_p2    |      icmp|   0|  0|   39|          32|          32|
    |icmp_ln62_fu_616_p2    |      icmp|   0|  0|   39|          32|          32|
    |icmp_ln64_fu_644_p2    |      icmp|   0|  0|   40|          33|          33|
    |or_ln64_fu_655_p2      |        or|   0|  0|    2|           1|           1|
    |c_sz_fu_458_p3         |    select|   0|  0|   32|           1|          32|
    |col_sz_fu_528_p3       |    select|   0|  0|   32|           1|          32|
    |r_sz_fu_485_p3         |    select|   0|  0|   32|           1|          32|
    |select_ln24_fu_671_p3  |    select|   0|  0|   32|           1|          32|
    |select_ln25_fu_697_p3  |    select|   0|  0|   32|           1|           7|
    |select_ln74_fu_714_p3  |    select|   0|  0|    9|           1|           9|
    |shl_ln24_fu_666_p2     |       shl|   0|  0|  100|          32|          32|
    |xor_ln64_fu_649_p2     |       xor|   0|  0|    2|           1|           2|
    +-----------------------+----------+----+---+-----+------------+------------+
    |Total                  |          |   0|  0| 1465|         930|         737|
    +-----------------------+----------+----+---+-----+------------+------------+

    * Multiplexer: 
    +--------------------------------+----+-----------+-----+-----------+
    |              Name              | LUT| Input Size| Bits| Total Bits|
    +--------------------------------+----+-----------+-----+-----------+
    |acc_3_reg_287                   |   9|          2|   32|         64|
    |acc_reg_277                     |   9|          2|   32|         64|
    |ap_NS_fsm                       |  93|         19|    1|         19|
    |ap_phi_mux_acc_3_phi_fu_291_p4  |   9|          2|   32|         64|
    |cc_reg_221                      |   9|          2|   31|         62|
    |colt_reg_210                    |   9|          2|   28|         56|
    |ct_fu_124                       |   9|          2|   28|         56|
    |cw_reg_243                      |   9|          2|   31|         62|
    |grp_fu_311_p0                   |  14|          3|   32|         96|
    |kh_reg_266                      |   9|          2|   31|         62|
    |rr_reg_232                      |   9|          2|   31|         62|
    |rt_reg_199                      |   9|          2|   28|         56|
    +--------------------------------+----+-----------+-----+-----------+
    |Total                           | 197|         42|  337|        723|
    +--------------------------------+----+-----------+-----+-----------+

    * Register: 
    +-------------------------------------------------------------+----+----+-----+-----------+
    |                             Name                            | FF | LUT| Bits| Const Bits|
    +-------------------------------------------------------------+----+----+-----+-----------+
    |K_cast_reg_790                                               |  31|   0|   31|          0|
    |K_reg_785                                                    |  32|   0|   32|          0|
    |P_reg_800                                                    |  32|   0|   32|          0|
    |S_reg_795                                                    |  32|   0|   32|          0|
    |Win_reg_780                                                  |  32|   0|   32|          0|
    |acc_3_reg_287                                                |  32|   0|   32|          0|
    |acc_reg_277                                                  |  32|   0|   32|          0|
    |add_ln47_reg_843                                             |  28|   0|   28|          0|
    |add_ln49_reg_856                                             |  28|   0|   28|          0|
    |add_ln51_reg_874                                             |  28|   0|   28|          0|
    |add_ln54_reg_896                                             |  31|   0|   31|          0|
    |add_ln56_reg_904                                             |  31|   0|   31|          0|
    |add_ln58_reg_922                                             |  31|   0|   31|          0|
    |add_ln62_reg_940                                             |  31|   0|   31|          0|
    |ap_CS_fsm                                                    |  18|   0|   18|          0|
    |c_sz_reg_848                                                 |  32|   0|   32|          0|
    |cc_reg_221                                                   |  31|   0|   31|          0|
    |cmp3613_reg_884                                              |   1|   0|    1|          0|
    |col_sz_reg_879                                               |  32|   0|   32|          0|
    |colt_reg_210                                                 |  28|   0|   28|          0|
    |conv_i9_phi_reg_254                                          |   8|   0|    8|          0|
    |ct_fu_124                                                    |  28|   0|   28|          0|
    |cw_reg_243                                                   |  31|   0|   31|          0|
    |empty_28_reg_927                                             |  32|   0|   32|          0|
    |empty_30_reg_932                                             |  32|   0|   32|          0|
    |empty_reg_909                                                |  32|   0|   32|          0|
    |grp_run_dwconv_Pipeline_VITIS_LOOP_65_8_fu_299_ap_start_reg  |   1|   0|    1|          0|
    |kh_reg_266                                                   |  31|   0|   31|          0|
    |or_ln64_reg_945                                              |   1|   0|    1|          0|
    |r_sz_reg_861                                                 |  32|   0|   32|          0|
    |reg_315                                                      |  32|   0|   32|          0|
    |rr_reg_232                                                   |  31|   0|   31|          0|
    |rt_reg_199                                                   |  28|   0|   28|          0|
    |select_ln24_reg_949                                          |  32|   0|   32|          0|
    |sext_ln47_reg_835                                            |  33|   0|   33|          0|
    |sext_ln58_reg_914                                            |  33|   0|   33|          0|
    |shift_reg_820                                                |  32|   0|   32|          0|
    |sub19_reg_815                                                |  30|   0|   30|          0|
    |sub8_reg_810                                                 |  30|   0|   30|          0|
    |sub_i_i_reg_830                                              |  32|   0|   32|          0|
    |sub_reg_805                                                  |  30|   0|   30|          0|
    |tmp_3_reg_954                                                |  25|   0|   25|          0|
    |tmp_reg_825                                                  |   1|   0|    1|          0|
    |zext_ln51_1_reg_866                                          |  28|   0|   32|          4|
    |zext_ln54_reg_888                                            |  28|   0|   32|          4|
    +-------------------------------------------------------------+----+----+-----+-----------+
    |Total                                                        |1226|   0| 1234|          8|
    +-------------------------------------------------------------+----+----+-----+-----------+



================================================================
== Interface
================================================================
* Summary: 
+---------------------+-----+-----+------------+---------------------+--------------+
|      RTL Ports      | Dir | Bits|  Protocol  |    Source Object    |    C Type    |
+---------------------+-----+-----+------------+---------------------+--------------+
|ap_clk               |   in|    1|  ap_ctrl_hs|           run_dwconv|  return value|
|ap_rst               |   in|    1|  ap_ctrl_hs|           run_dwconv|  return value|
|ap_start             |   in|    1|  ap_ctrl_hs|           run_dwconv|  return value|
|ap_done              |  out|    1|  ap_ctrl_hs|           run_dwconv|  return value|
|ap_idle              |  out|    1|  ap_ctrl_hs|           run_dwconv|  return value|
|ap_ready             |  out|    1|  ap_ctrl_hs|           run_dwconv|  return value|
|d_val                |   in|  320|     ap_none|                d_val|        scalar|
|p_n_row_tiles_val    |   in|   30|     ap_none|    p_n_row_tiles_val|        scalar|
|p_n_col_tiles_val    |   in|   30|     ap_none|    p_n_col_tiles_val|        scalar|
|p_n_ch_tiles_val     |   in|   30|     ap_none|     p_n_ch_tiles_val|        scalar|
|p_last_row_tile_val  |   in|   32|     ap_none|  p_last_row_tile_val|        scalar|
|p_last_col_tile_val  |   in|   32|     ap_none|  p_last_col_tile_val|        scalar|
|p_last_ch_tile_val   |   in|   32|     ap_none|   p_last_ch_tile_val|        scalar|
|in_base_read         |   in|    8|     ap_none|         in_base_read|        scalar|
|w_base_read          |   in|    8|     ap_none|          w_base_read|        scalar|
|b_base_read          |   in|   32|     ap_none|          b_base_read|        scalar|
|out_base             |  out|    8|      ap_vld|             out_base|       pointer|
|out_base_ap_vld      |  out|    1|      ap_vld|             out_base|       pointer|
+---------------------+-----+-----+------------+---------------------+--------------+

