
****** Vitis HLS - High-Level Synthesis from C, C++ and OpenCL v2024.2 (64-bit)
  **** SW Build 5238294 on Nov  8 2024
  **** IP Build 5239520 on Sun Nov 10 16:12:51 MST 2024
  **** SharedData Build 5239561 on Fri Nov 08 14:39:27 MST 2024
  **** Start of session at: Thu Aug 20 23:19:08 2026
    ** Copyright 1986-2022 Xilinx, Inc. All Rights Reserved.
    ** Copyright 2022-2024 Advanced Micro Devices, Inc. All Rights Reserved.

source E:/Xilinx/Vitis/2024.2/scripts/vitis_hls/hls.tcl -notrace
INFO: [HLS 200-10] For user 'zhren' on host 'desktop-gblh5mp' (Windows NT_amd64 version 10.0) on Thu Aug 20 23:19:08 -0400 2026
INFO: [HLS 200-10] In directory 'E:/codes/microzed/fastvit_hls/fastvit_ip_v2'
WARNING: [HLS 200-2053] The vitis_hls executable is deprecated. Consider using vitis-run --mode hls --tcl
Sourcing Tcl script 'run_csynth_a2_w32.tcl'
INFO: [HLS 200-1510] Running: open_project -reset mac_array_poc_a2_w32 
INFO: [HLS 200-10] Creating and opening project 'E:/codes/microzed/fastvit_hls/fastvit_ip_v2/mac_array_poc_a2_w32'.
INFO: [HLS 200-1510] Running: set_top mac_array_top 
INFO: [HLS 200-1510] Running: add_files mac_array.cpp -cflags -std=c++14 
INFO: [HLS 200-10] Adding design file 'mac_array.cpp' to the project
INFO: [HLS 200-1510] Running: add_files -tb mac_array_tb.cpp -cflags -std=c++14 
INFO: [HLS 200-10] Adding test bench file 'mac_array_tb.cpp' to the project
INFO: [HLS 200-1510] Running: open_solution solution1 -flow_target vivado 
INFO: [HLS 200-10] Creating and opening solution 'E:/codes/microzed/fastvit_hls/fastvit_ip_v2/mac_array_poc_a2_w32/solution1'.
INFO: [HLS 200-1505] Using flow_target 'vivado'
Resolution: For help on HLS 200-1505 see docs.xilinx.com/access/sources/dita/topic?Doc_Version=2024.2%20English&url=ug1448-hls-guidance&resourceid=200-1505.html
INFO: [HLS 200-1510] Running: set_part xc7z020clg400-1 
INFO: [HLS 200-1611] Setting target device to 'xc7z020-clg400-1'
INFO: [HLS 200-1510] Running: create_clock -period 10 -name default 
INFO: [SYN 201-201] Setting up clock 'default' with a period of 10ns.
INFO: [HLS 200-1510] Running: csynth_design 
INFO: [HLS 200-111] Finished File checks and directory preparation: CPU user time: 0 seconds. CPU system time: 0 seconds. Elapsed time: 0.059 seconds; current allocated memory: 150.680 MB.
INFO: [HLS 200-10] Analyzing design file 'mac_array.cpp' ... 
INFO: [HLS 200-111] Finished Source Code Analysis and Preprocessing: CPU user time: 0 seconds. CPU system time: 0 seconds. Elapsed time: 2.115 seconds; current allocated memory: 153.918 MB.
INFO: [HLS 200-777] Using interface defaults for 'Vivado' flow target.
INFO: [HLS 200-1995] There were 4,752 instructions in the design after the 'Compile/Link' phase of compilation. See the Design Size Report for more details: E:/codes/microzed/fastvit_hls/fastvit_ip_v2/mac_array_poc_a2_w32/solution1/syn/report/csynth_design_size.rpt
INFO: [HLS 200-1995] There were 2,270 instructions in the design after the 'Unroll/Inline (step 1)' phase of compilation. See the Design Size Report for more details: E:/codes/microzed/fastvit_hls/fastvit_ip_v2/mac_array_poc_a2_w32/solution1/syn/report/csynth_design_size.rpt
INFO: [HLS 200-1995] There were 1,805 instructions in the design after the 'Unroll/Inline (step 2)' phase of compilation. See the Design Size Report for more details: E:/codes/microzed/fastvit_hls/fastvit_ip_v2/mac_array_poc_a2_w32/solution1/syn/report/csynth_design_size.rpt
INFO: [HLS 200-1995] There were 1,781 instructions in the design after the 'Unroll/Inline (step 3)' phase of compilation. See the Design Size Report for more details: E:/codes/microzed/fastvit_hls/fastvit_ip_v2/mac_array_poc_a2_w32/solution1/syn/report/csynth_design_size.rpt
INFO: [HLS 200-1995] There were 1,718 instructions in the design after the 'Unroll/Inline (step 4)' phase of compilation. See the Design Size Report for more details: E:/codes/microzed/fastvit_hls/fastvit_ip_v2/mac_array_poc_a2_w32/solution1/syn/report/csynth_design_size.rpt
INFO: [HLS 200-1995] There were 10,093 instructions in the design after the 'Array/Struct (step 1)' phase of compilation. See the Design Size Report for more details: E:/codes/microzed/fastvit_hls/fastvit_ip_v2/mac_array_poc_a2_w32/solution1/syn/report/csynth_design_size.rpt
INFO: [HLS 200-1995] There were 5,574 instructions in the design after the 'Array/Struct (step 2)' phase of compilation. See the Design Size Report for more details: E:/codes/microzed/fastvit_hls/fastvit_ip_v2/mac_array_poc_a2_w32/solution1/syn/report/csynth_design_size.rpt
INFO: [HLS 200-1995] There were 5,751 instructions in the design after the 'Array/Struct (step 3)' phase of compilation. See the Design Size Report for more details: E:/codes/microzed/fastvit_hls/fastvit_ip_v2/mac_array_poc_a2_w32/solution1/syn/report/csynth_design_size.rpt
INFO: [HLS 200-1995] There were 5,691 instructions in the design after the 'Array/Struct (step 4)' phase of compilation. See the Design Size Report for more details: E:/codes/microzed/fastvit_hls/fastvit_ip_v2/mac_array_poc_a2_w32/solution1/syn/report/csynth_design_size.rpt
INFO: [HLS 200-1995] There were 10,736 instructions in the design after the 'Array/Struct (step 5)' phase of compilation. See the Design Size Report for more details: E:/codes/microzed/fastvit_hls/fastvit_ip_v2/mac_array_poc_a2_w32/solution1/syn/report/csynth_design_size.rpt
INFO: [HLS 200-1995] There were 7,497 instructions in the design after the 'Performance (step 1)' phase of compilation. See the Design Size Report for more details: E:/codes/microzed/fastvit_hls/fastvit_ip_v2/mac_array_poc_a2_w32/solution1/syn/report/csynth_design_size.rpt
INFO: [HLS 200-1995] There were 5,745 instructions in the design after the 'Performance (step 2)' phase of compilation. See the Design Size Report for more details: E:/codes/microzed/fastvit_hls/fastvit_ip_v2/mac_array_poc_a2_w32/solution1/syn/report/csynth_design_size.rpt
INFO: [HLS 200-1995] There were 5,721 instructions in the design after the 'Performance (step 3)' phase of compilation. See the Design Size Report for more details: E:/codes/microzed/fastvit_hls/fastvit_ip_v2/mac_array_poc_a2_w32/solution1/syn/report/csynth_design_size.rpt
INFO: [HLS 200-1995] There were 5,720 instructions in the design after the 'Performance (step 4)' phase of compilation. See the Design Size Report for more details: E:/codes/microzed/fastvit_hls/fastvit_ip_v2/mac_array_poc_a2_w32/solution1/syn/report/csynth_design_size.rpt
INFO: [HLS 200-1995] There were 5,575 instructions in the design after the 'HW Transforms (step 1)' phase of compilation. See the Design Size Report for more details: E:/codes/microzed/fastvit_hls/fastvit_ip_v2/mac_array_poc_a2_w32/solution1/syn/report/csynth_design_size.rpt
INFO: [HLS 200-1995] There were 4,994 instructions in the design after the 'HW Transforms (step 2)' phase of compilation. See the Design Size Report for more details: E:/codes/microzed/fastvit_hls/fastvit_ip_v2/mac_array_poc_a2_w32/solution1/syn/report/csynth_design_size.rpt
INFO: [HLS 214-291] Loop 'COMBINE' is marked as complete unroll implied by the pipeline pragma (mac_array.cpp:392:38)
INFO: [HLS 214-291] Loop 'LANE_D' is marked as complete unroll implied by the pipeline pragma (mac_array.cpp:62:10)
INFO: [HLS 214-291] Loop 'LANE_R' is marked as complete unroll implied by the pipeline pragma (mac_array.cpp:64:10)
INFO: [HLS 214-291] Loop 'LANE_C' is marked as complete unroll implied by the pipeline pragma (mac_array.cpp:66:10)
INFO: [HLS 214-186] Unrolling loop 'VITIS_LOOP_355_12' (mac_array.cpp:355:48) in function 'run_layer' completely with a factor of 4 (mac_array.cpp:242:0)
INFO: [HLS 214-186] Unrolling loop 'COMBINE' (mac_array.cpp:392:38) in function 'run_layer' completely with a factor of 2 (mac_array.cpp:242:0)
INFO: [HLS 214-186] Unrolling loop 'GATHER_DW_D_S2' (mac_array.cpp:179:37) in function 'run_reduce_unified' completely with a factor of 2 (mac_array.cpp:114:0)
INFO: [HLS 214-186] Unrolling loop 'GATHER_DW_R_S2' (mac_array.cpp:182:41) in function 'run_reduce_unified' completely with a factor of 4 (mac_array.cpp:114:0)
INFO: [HLS 214-186] Unrolling loop 'GATHER_DW_C_S2' (mac_array.cpp:184:18) in function 'run_reduce_unified' completely with a factor of 4 (mac_array.cpp:114:0)
INFO: [HLS 214-186] Unrolling loop 'GATHER_DW_D_S1' (mac_array.cpp:167:37) in function 'run_reduce_unified' completely with a factor of 2 (mac_array.cpp:114:0)
INFO: [HLS 214-186] Unrolling loop 'GATHER_DW_R_S1' (mac_array.cpp:170:41) in function 'run_reduce_unified' completely with a factor of 4 (mac_array.cpp:114:0)
INFO: [HLS 214-186] Unrolling loop 'GATHER_DW_C_S1' (mac_array.cpp:172:18) in function 'run_reduce_unified' completely with a factor of 4 (mac_array.cpp:114:0)
INFO: [HLS 214-186] Unrolling loop 'GATHER_PW_D' (mac_array.cpp:204:26) in function 'run_reduce_unified' completely with a factor of 2 (mac_array.cpp:114:0)
INFO: [HLS 214-186] Unrolling loop 'GATHER_PW_R' (mac_array.cpp:207:30) in function 'run_reduce_unified' completely with a factor of 4 (mac_array.cpp:114:0)
INFO: [HLS 214-186] Unrolling loop 'GATHER_PW_C' (mac_array.cpp:209:15) in function 'run_reduce_unified' completely with a factor of 4 (mac_array.cpp:114:0)
INFO: [HLS 214-186] Unrolling loop 'LANE_D' (mac_array.cpp:62:10) in function 'drive_mac' completely with a factor of 2 (mac_array.cpp:56:0)
INFO: [HLS 214-186] Unrolling loop 'LANE_R' (mac_array.cpp:64:10) in function 'drive_mac' completely with a factor of 4 (mac_array.cpp:56:0)
INFO: [HLS 214-186] Unrolling loop 'LANE_C' (mac_array.cpp:66:10) in function 'drive_mac' completely with a factor of 4 (mac_array.cpp:56:0)
INFO: [HLS 214-178] Inlining function 'clip_shift(ap_int<32>, int)' into 'run_add(LayerDescV2 const&, ap_int<8> const*, ap_int<8>*)' (mac_array.cpp:422:0)
INFO: [HLS 214-178] Inlining function 'clip_shift(ap_int<32>, int)' into 'run_gap(LayerDescV2 const&, ap_int<8> const*, ap_int<8>*)' (mac_array.cpp:446:0)
INFO: [HLS 214-178] Inlining function 'quantized_sigmoid(ap_int<8>)' into 'run_sigmoid(LayerDescV2 const&, ap_int<8> const*, ap_int<8>*)' (mac_array.cpp:491:0)
INFO: [HLS 214-178] Inlining function 'clip_shift(ap_int<32>, int)' into 'run_scale(LayerDescV2 const&, ap_int<8> const*, ap_int<8>*)' (mac_array.cpp:523:0)
INFO: [HLS 214-178] Inlining function 'quantized_sigmoid(ap_int<8>)' into 'run_gelu(LayerDescV2 const&, ap_int<8> const*, ap_int<8>*)' (mac_array.cpp:508:0)
INFO: [HLS 214-178] Inlining function 'clip_shift(ap_int<32>, int)' into 'run_gelu(LayerDescV2 const&, ap_int<8> const*, ap_int<8>*)' (mac_array.cpp:508:0)
INFO: [HLS 214-178] Inlining function 'clip_shift(ap_int<32>, int)' into 'run_layer(LayerDescV2 const&, ap_int<8> const*, ap_int<8> const*, ap_int<32> const*, ap_int<8>*)' (mac_array.cpp:242:0)
INFO: [HLS 214-178] Inlining function 'run_add(LayerDescV2 const&, ap_int<8> const*, ap_int<8>*)' into 'mac_array_top(LayerDescV2 const*, int, ap_int<8> const*, ap_int<8> const*, ap_int<32> const*, ap_int<8>*, int*)' (mac_array.cpp:543:0)
INFO: [HLS 214-178] Inlining function 'run_gap(LayerDescV2 const&, ap_int<8> const*, ap_int<8>*)' into 'mac_array_top(LayerDescV2 const*, int, ap_int<8> const*, ap_int<8> const*, ap_int<32> const*, ap_int<8>*, int*)' (mac_array.cpp:543:0)
INFO: [HLS 214-178] Inlining function 'run_relu(LayerDescV2 const&, ap_int<8> const*, ap_int<8>*)' into 'mac_array_top(LayerDescV2 const*, int, ap_int<8> const*, ap_int<8> const*, ap_int<32> const*, ap_int<8>*, int*)' (mac_array.cpp:543:0)
INFO: [HLS 214-178] Inlining function 'run_sigmoid(LayerDescV2 const&, ap_int<8> const*, ap_int<8>*)' into 'mac_array_top(LayerDescV2 const*, int, ap_int<8> const*, ap_int<8> const*, ap_int<32> const*, ap_int<8>*, int*)' (mac_array.cpp:543:0)
INFO: [HLS 214-178] Inlining function 'run_scale(LayerDescV2 const&, ap_int<8> const*, ap_int<8>*)' into 'mac_array_top(LayerDescV2 const*, int, ap_int<8> const*, ap_int<8> const*, ap_int<32> const*, ap_int<8>*, int*)' (mac_array.cpp:543:0)
INFO: [HLS 214-178] Inlining function 'run_gelu(LayerDescV2 const&, ap_int<8> const*, ap_int<8>*)' into 'mac_array_top(LayerDescV2 const*, int, ap_int<8> const*, ap_int<8> const*, ap_int<32> const*, ap_int<8>*, int*)' (mac_array.cpp:543:0)
WARNING: [HLS 214-450] Ignore address on register port 'in_base' (mac_array.cpp:270:50)
WARNING: [HLS 214-450] Ignore address on register port 'in_base' (mac_array.cpp:328:39)
WARNING: [HLS 214-450] Ignore address on register port 'w_base' (mac_array.cpp:335:53)
WARNING: [HLS 214-450] Ignore address on register port 'b_base' (mac_array.cpp:336:33)
WARNING: [HLS 214-450] Ignore address on register port 'b_base' (mac_array.cpp:344:42)
WARNING: [HLS 214-450] Ignore address on register port 'w_base' (mac_array.cpp:347:58)
WARNING: [HLS 214-450] Ignore address on register port 'out_base' (mac_array.cpp:377:86)
WARNING: [HLS 214-450] Ignore address on register port 'out_base' (mac_array.cpp:396:86)
WARNING: [HLS 214-450] Ignore address on register port 'in_base' (mac_array.cpp:426:14)
WARNING: [HLS 214-450] Ignore address on register port 'in_base' (mac_array.cpp:426:45)
WARNING: [HLS 214-450] Ignore address on register port 'out_base' (mac_array.cpp:427:33)
WARNING: [HLS 214-450] Ignore address on register port 'in_base' (mac_array.cpp:452:9)
WARNING: [HLS 214-450] Ignore address on register port 'out_base' (mac_array.cpp:455:33)
WARNING: [HLS 214-450] Ignore address on register port 'in_base' (mac_array.cpp:464:12)
WARNING: [HLS 214-450] Ignore address on register port 'out_base' (mac_array.cpp:465:33)
WARNING: [HLS 214-450] Ignore address on register port 'in_base' (mac_array.cpp:495:46)
WARNING: [HLS 214-450] Ignore address on register port 'out_base' (mac_array.cpp:495:26)
WARNING: [HLS 214-450] Ignore address on register port 'in_base' (mac_array.cpp:526:22)
WARNING: [HLS 214-450] Ignore address on register port 'in_base' (mac_array.cpp:529:15)
WARNING: [HLS 214-450] Ignore address on register port 'out_base' (mac_array.cpp:530:46)
WARNING: [HLS 214-450] Ignore address on register port 'in_base' (mac_array.cpp:512:12)
WARNING: [HLS 214-450] Ignore address on register port 'out_base' (mac_array.cpp:514:33)
WARNING: [HLS 214-450] Ignore address on register port 'out_written' (mac_array.cpp:554:24)
INFO: [HLS 214-248] Applying array_partition to 'lane_in': Complete partitioning on dimension 1. Complete partitioning on dimension 2. Complete partitioning on dimension 3. (mac_array.cpp:161:23)
INFO: [HLS 214-248] Applying array_partition to 'lane_w': Complete partitioning on dimension 1. (mac_array.cpp:162:22)
INFO: [HLS 214-248] Applying array_partition to 'lane_in112': Complete partitioning on dimension 1. Complete partitioning on dimension 2. Complete partitioning on dimension 3. (mac_array.cpp:198:19)
INFO: [HLS 214-248] Applying array_partition to 'lane_w113': Complete partitioning on dimension 1. (mac_array.cpp:199:18)
INFO: [HLS 214-248] Applying array_partition to 'pw_patch': Cyclic partitioning with factor 2 on dimension 1. Complete partitioning on dimension 2. Complete partitioning on dimension 3. (mac_array.cpp:260:19)
INFO: [HLS 214-248] Applying array_partition to 'dw_patch': Complete partitioning on dimension 1. Complete partitioning on dimension 2. Complete partitioning on dimension 3. (mac_array.cpp:284:23)
INFO: [HLS 214-248] Applying array_partition to 'dw_wtile': Complete partitioning on dimension 1. Complete partitioning on dimension 2. Complete partitioning on dimension 3. (mac_array.cpp:285:22)
INFO: [HLS 214-248] Applying array_partition to 'dw_btile': Complete partitioning on dimension 1. (mac_array.cpp:286:23)
INFO: [HLS 214-248] Applying array_partition to 'pw_wtile': Cyclic partitioning with factor 2 on dimension 1. (mac_array.cpp:291:7)
INFO: [HLS 214-248] Applying array_partition to 'acc': Complete partitioning on dimension 1. Complete partitioning on dimension 2. Complete partitioning on dimension 3. (mac_array.cpp:351:27)
INFO: [HLS 214-241] Aggregating scalar variable 'desc' with compact=bit mode in 736-bits (mac_array.cpp:543:0)
WARNING: [HLS 214-450] Ignore address on register port 'desc' (mac_array.cpp:545:25)
INFO: [HLS 214-376] automatically set the pipeline for Loop< UNIFIED_PW> at mac_array.cpp:196:21 
INFO: [HLS 214-376] automatically set the pipeline for Loop< DW_TAP_W> at mac_array.cpp:156:23 
INFO: [HLS 214-376] automatically set the pipeline for Loop< VITIS_LOOP_354_11> at mac_array.cpp:354:44 
INFO: [HLS 214-376] automatically set the pipeline for Loop< VITIS_LOOP_346_10> at mac_array.cpp:346:52 
INFO: [HLS 214-376] automatically set the pipeline for Loop< VITIS_LOOP_324_7> at mac_array.cpp:324:47 
INFO: [HLS 214-376] automatically set the pipeline for Loop< PW_WSTAGE> at mac_array.cpp:334:32 
INFO: [HLS 214-376] automatically set the pipeline for Loop< VITIS_LOOP_268_4> at mac_array.cpp:268:43 
INFO: [HLS 200-111] Finished Compiling Optimization and Transform: CPU user time: 1 seconds. CPU system time: 0 seconds. Elapsed time: 7.711 seconds; current allocated memory: 157.246 MB.
INFO: [HLS 200-111] Finished Checking Pragmas: CPU user time: 0 seconds. CPU system time: 0 seconds. Elapsed time: 0.001 seconds; current allocated memory: 157.250 MB.
INFO: [HLS 200-10] Starting code transformations ...
INFO: [HLS 200-111] Finished Standard Transforms: CPU user time: 0 seconds. CPU system time: 0 seconds. Elapsed time: 0.345 seconds; current allocated memory: 171.266 MB.
INFO: [HLS 200-10] Checking synthesizability ...
INFO: [HLS 200-111] Finished Checking Synthesizability: CPU user time: 0 seconds. CPU system time: 0 seconds. Elapsed time: 0.267 seconds; current allocated memory: 181.707 MB.
WARNING: [XFORM 203-561] Updating loop lower bound from 0 to 32 for loop 'WRITEOUT_DW' (mac_array.cpp:367:47) in function 'run_layer'.
WARNING: [XFORM 203-561] Updating loop lower bound from 0 to 16 for loop 'WRITEOUT_PW' (mac_array.cpp:381:47) in function 'run_layer'.
INFO: [XFORM 203-401] Performing if-conversion on hyperblock from (mac_array.cpp:156:32) to (mac_array.cpp:156:23) in function 'run_reduce_unified'... converting 8 basic blocks.
INFO: [XFORM 203-401] Performing if-conversion on hyperblock from (mac_array.cpp:346:61) to (mac_array.cpp:346:52) in function 'run_layer'... converting 102 basic blocks.
INFO: [XFORM 203-401] Performing if-conversion on hyperblock from (mac_array.cpp:341:38) to (mac_array.cpp:345:47) in function 'run_layer'... converting 3 basic blocks.
INFO: [XFORM 203-401] Performing if-conversion on hyperblock from (mac_array.cpp:354:53) to (mac_array.cpp:354:44) in function 'run_layer'... converting 6 basic blocks.
INFO: [XFORM 203-11] Balancing expressions in function 'run_layer' (mac_array.cpp:240)...3 expression(s) balanced.
INFO: [HLS 200-111] Finished Loop, function and other optimizations: CPU user time: 2 seconds. CPU system time: 0 seconds. Elapsed time: 1.692 seconds; current allocated memory: 215.172 MB.
INFO: [HLS 200-2061] Successfully converted nested loops 'DW_TAP_H'(mac_array.cpp:155:19) and 'DW_TAP_W'(mac_array.cpp:156:23) in function 'run_reduce_unified' into perfectly nested loops.
INFO: [HLS 200-2061] Successfully converted nested loops 'VITIS_LOOP_266_3'(mac_array.cpp:266:39) and 'VITIS_LOOP_268_4'(mac_array.cpp:268:43) in function 'run_layer' into perfectly nested loops.
INFO: [HLS 200-2061] Successfully converted nested loops 'PW_STAGE'(mac_array.cpp:265:27) and 'VITIS_LOOP_266_3'(mac_array.cpp:266:39) in function 'run_layer' into perfectly nested loops.
INFO: [HLS 200-2061] Successfully converted nested loops 'VITIS_LOOP_322_6'(mac_array.cpp:322:43) and 'VITIS_LOOP_324_7'(mac_array.cpp:324:47) in function 'run_layer' into perfectly nested loops.
INFO: [HLS 200-2061] Successfully converted nested loops 'DW_PATCH_STAGE'(mac_array.cpp:320:37) and 'VITIS_LOOP_322_6'(mac_array.cpp:322:43) in function 'run_layer' into perfectly nested loops.
INFO: [HLS 200-2061] Successfully converted nested loops 'VITIS_LOOP_345_9'(mac_array.cpp:345:47) and 'VITIS_LOOP_346_10'(mac_array.cpp:346:52) in function 'run_layer' into perfectly nested loops.
INFO: [HLS 200-2061] Successfully converted nested loops 'DW_WT_STAGE'(mac_array.cpp:341:38) and 'VITIS_LOOP_345_9'(mac_array.cpp:345:47) in function 'run_layer' into perfectly nested loops.
INFO: [XFORM 203-541] Flattening a loop nest 'DW_TAP_H' (mac_array.cpp:155:19) in function 'run_reduce_unified'.
INFO: [XFORM 203-541] Flattening a loop nest 'VITIS_LOOP_266_3' (mac_array.cpp:266:39) in function 'run_layer'.
INFO: [XFORM 203-541] Flattening a loop nest 'PW_STAGE' (mac_array.cpp:265:27) in function 'run_layer'.
INFO: [XFORM 203-541] Flattening a loop nest 'VITIS_LOOP_322_6' (mac_array.cpp:322:43) in function 'run_layer'.
INFO: [XFORM 203-541] Flattening a loop nest 'DW_PATCH_STAGE' (mac_array.cpp:320:37) in function 'run_layer'.
INFO: [XFORM 203-541] Flattening a loop nest 'VITIS_LOOP_345_9' (mac_array.cpp:345:47) in function 'run_layer'.
INFO: [XFORM 203-541] Flattening a loop nest 'DW_WT_STAGE' (mac_array.cpp:341:38) in function 'run_layer'.
INFO: [HLS 200-111] Finished Architecture Synthesis: CPU user time: 1 seconds. CPU system time: 1 seconds. Elapsed time: 1.552 seconds; current allocated memory: 333.156 MB.
INFO: [HLS 200-10] Starting hardware synthesis ...
INFO: [HLS 200-10] Synthesizing 'mac_array_top' ...
INFO: [HLS 200-10] ----------------------------------------------------------------
INFO: [HLS 200-42] -- Implementing module 'run_layer_Pipeline_PW_STAGE_VITIS_LOOP_266_3_VITIS_LOOP_268_4' 
INFO: [HLS 200-10] ----------------------------------------------------------------
INFO: [SCHED 204-11] Starting scheduling ...
INFO: [SCHED 204-61] Pipelining loop 'PW_STAGE_VITIS_LOOP_266_3_VITIS_LOOP_268_4'.
INFO: [HLS 200-1470] Pipelining result : Target II = NA, Final II = 1, Depth = 4, loop 'PW_STAGE_VITIS_LOOP_266_3_VITIS_LOOP_268_4'
INFO: [SCHED 204-11] Finished scheduling.
INFO: [HLS 200-111] Finished Scheduling: CPU user time: 1 seconds. CPU system time: 0 seconds. Elapsed time: 0.551 seconds; current allocated memory: 340.773 MB.
INFO: [BIND 205-100] Starting micro-architecture generation ...
INFO: [BIND 205-101] Performing variable lifetime analysis.
INFO: [BIND 205-101] Exploring resource sharing.
INFO: [BIND 205-101] Binding ...
INFO: [BIND 205-100] Finished micro-architecture generation.
INFO: [HLS 200-111] Finished Binding: CPU user time: 0 seconds. CPU system time: 0 seconds. Elapsed time: 0.058 seconds; current allocated memory: 341.848 MB.
INFO: [HLS 200-10] ----------------------------------------------------------------
INFO: [HLS 200-42] -- Implementing module 'run_layer_Pipeline_PW_WSTAGE' 
INFO: [HLS 200-10] ----------------------------------------------------------------
INFO: [SCHED 204-11] Starting scheduling ...
INFO: [SCHED 204-61] Pipelining loop 'PW_WSTAGE'.
INFO: [HLS 200-1470] Pipelining result : Target II = NA, Final II = 1, Depth = 2, loop 'PW_WSTAGE'
INFO: [SCHED 204-11] Finished scheduling.
INFO: [HLS 200-111] Finished Scheduling: CPU user time: 0 seconds. CPU system time: 0 seconds. Elapsed time: 0.063 seconds; current allocated memory: 342.031 MB.
INFO: [BIND 205-100] Starting micro-architecture generation ...
INFO: [BIND 205-101] Performing variable lifetime analysis.
INFO: [BIND 205-101] Exploring resource sharing.
INFO: [BIND 205-101] Binding ...
INFO: [BIND 205-100] Finished micro-architecture generation.
INFO: [HLS 200-111] Finished Binding: CPU user time: 0 seconds. CPU system time: 0 seconds. Elapsed time: 0.036 seconds; current allocated memory: 342.031 MB.
INFO: [HLS 200-10] ----------------------------------------------------------------
INFO: [HLS 200-42] -- Implementing module 'run_layer_Pipeline_DW_PATCH_STAGE_VITIS_LOOP_322_6_VITIS_LOOP_324_7' 
INFO: [HLS 200-10] ----------------------------------------------------------------
INFO: [SCHED 204-11] Starting scheduling ...
INFO: [SCHED 204-61] Pipelining loop 'DW_PATCH_STAGE_VITIS_LOOP_322_6_VITIS_LOOP_324_7'.
INFO: [HLS 200-1470] Pipelining result : Target II = NA, Final II = 1, Depth = 5, loop 'DW_PATCH_STAGE_VITIS_LOOP_322_6_VITIS_LOOP_324_7'
INFO: [SCHED 204-11] Finished scheduling.
INFO: [HLS 200-111] Finished Scheduling: CPU user time: 0 seconds. CPU system time: 0 seconds. Elapsed time: 0.43 seconds; current allocated memory: 359.832 MB.
INFO: [BIND 205-100] Starting micro-architecture generation ...
INFO: [BIND 205-101] Performing variable lifetime analysis.
INFO: [BIND 205-101] Exploring resource sharing.
INFO: [BIND 205-101] Binding ...
INFO: [BIND 205-100] Finished micro-architecture generation.
INFO: [HLS 200-111] Finished Binding: CPU user time: 0 seconds. CPU system time: 0 seconds. Elapsed time: 0.191 seconds; current allocated memory: 359.844 MB.
INFO: [HLS 200-10] ----------------------------------------------------------------
INFO: [HLS 200-42] -- Implementing module 'run_layer_Pipeline_DW_WT_STAGE_VITIS_LOOP_345_9_VITIS_LOOP_346_10' 
INFO: [HLS 200-10] ----------------------------------------------------------------
INFO: [SCHED 204-11] Starting scheduling ...
INFO: [SCHED 204-61] Pipelining loop 'DW_WT_STAGE_VITIS_LOOP_345_9_VITIS_LOOP_346_10'.
INFO: [HLS 200-1470] Pipelining result : Target II = NA, Final II = 1, Depth = 4, loop 'DW_WT_STAGE_VITIS_LOOP_345_9_VITIS_LOOP_346_10'
INFO: [SCHED 204-11] Finished scheduling.
INFO: [HLS 200-111] Finished Scheduling: CPU user time: 1 seconds. CPU system time: 0 seconds. Elapsed time: 0.355 seconds; current allocated memory: 363.176 MB.
INFO: [BIND 205-100] Starting micro-architecture generation ...
INFO: [BIND 205-101] Performing variable lifetime analysis.
INFO: [BIND 205-101] Exploring resource sharing.
INFO: [BIND 205-101] Binding ...
INFO: [BIND 205-100] Finished micro-architecture generation.
INFO: [HLS 200-111] Finished Binding: CPU user time: 0 seconds. CPU system time: 0 seconds. Elapsed time: 0.106 seconds; current allocated memory: 363.230 MB.
INFO: [HLS 200-10] ----------------------------------------------------------------
INFO: [HLS 200-42] -- Implementing module 'drive_mac' 
INFO: [HLS 200-10] ----------------------------------------------------------------
INFO: [SCHED 204-11] Starting scheduling ...
INFO: [HLS 200-486] Changing DSP latency (root=add_ln68_31) to 3 in order to utilize available DSP registers.
INFO: [HLS 200-486] Changing DSP latency (root=add_ln68_30) to 3 in order to utilize available DSP registers.
INFO: [HLS 200-486] Changing DSP latency (root=add_ln68_29) to 3 in order to utilize available DSP registers.
INFO: [HLS 200-486] Changing DSP latency (root=add_ln68_28) to 3 in order to utilize available DSP registers.
INFO: [HLS 200-486] Changing DSP latency (root=add_ln68_27) to 3 in order to utilize available DSP registers.
INFO: [HLS 200-486] Changing DSP latency (root=add_ln68_26) to 3 in order to utilize available DSP registers.
INFO: [HLS 200-486] Changing DSP latency (root=add_ln68_25) to 3 in order to utilize available DSP registers.
INFO: [HLS 200-486] Changing DSP latency (root=add_ln68_24) to 3 in order to utilize available DSP registers.
INFO: [HLS 200-486] Changing DSP latency (root=add_ln68_23) to 3 in order to utilize available DSP registers.
INFO: [HLS 200-486] Changing DSP latency (root=add_ln68_22) to 3 in order to utilize available DSP registers.
INFO: [HLS 200-486] Changing DSP latency (root=add_ln68_21) to 3 in order to utilize available DSP registers.
INFO: [HLS 200-486] Changing DSP latency (root=add_ln68_20) to 3 in order to utilize available DSP registers.
INFO: [HLS 200-486] Changing DSP latency (root=add_ln68_19) to 3 in order to utilize available DSP registers.
INFO: [HLS 200-486] Changing DSP latency (root=add_ln68_18) to 3 in order to utilize available DSP registers.
INFO: [HLS 200-486] Changing DSP latency (root=add_ln68_17) to 3 in order to utilize available DSP registers.
INFO: [HLS 200-486] Changing DSP latency (root=add_ln68_16) to 3 in order to utilize available DSP registers.
INFO: [HLS 200-486] Changing DSP latency (root=add_ln68_15) to 3 in order to utilize available DSP registers.
INFO: [HLS 200-486] Changing DSP latency (root=add_ln68_14) to 3 in order to utilize available DSP registers.
INFO: [HLS 200-486] Changing DSP latency (root=add_ln68_13) to 3 in order to utilize available DSP registers.
INFO: [HLS 200-486] Changing DSP latency (root=add_ln68_12) to 3 in order to utilize available DSP registers.
INFO: [HLS 200-486] Changing DSP latency (root=add_ln68_11) to 3 in order to utilize available DSP registers.
INFO: [HLS 200-486] Changing DSP latency (root=add_ln68_10) to 3 in order to utilize available DSP registers.
INFO: [HLS 200-486] Changing DSP latency (root=add_ln68_9) to 3 in order to utilize available DSP registers.
INFO: [HLS 200-486] Changing DSP latency (root=add_ln68_8) to 3 in order to utilize available DSP registers.
INFO: [HLS 200-486] Changing DSP latency (root=add_ln68_7) to 3 in order to utilize available DSP registers.
INFO: [HLS 200-486] Changing DSP latency (root=add_ln68_6) to 3 in order to utilize available DSP registers.
INFO: [HLS 200-486] Changing DSP latency (root=add_ln68_5) to 3 in order to utilize available DSP registers.
INFO: [HLS 200-486] Changing DSP latency (root=add_ln68_4) to 3 in order to utilize available DSP registers.
INFO: [HLS 200-486] Changing DSP latency (root=add_ln68_3) to 3 in order to utilize available DSP registers.
INFO: [HLS 200-486] Changing DSP latency (root=add_ln68_2) to 3 in order to utilize available DSP registers.
INFO: [HLS 200-486] Changing DSP latency (root=add_ln68_1) to 3 in order to utilize available DSP registers.
INFO: [HLS 200-486] Changing DSP latency (root=add_ln68) to 3 in order to utilize available DSP registers.
INFO: [SCHED 204-61] Pipelining function 'drive_mac'.
INFO: [HLS 200-1470] Pipelining result : Target II = NA, Final II = 1, Depth = 4, function 'drive_mac'
INFO: [SCHED 204-11] Finished scheduling.
INFO: [HLS 200-111] Finished Scheduling: CPU user time: 0 seconds. CPU system time: 0 seconds. Elapsed time: 0.318 seconds; current allocated memory: 363.332 MB.
INFO: [BIND 205-100] Starting micro-architecture generation ...
INFO: [BIND 205-101] Performing variable lifetime analysis.
INFO: [BIND 205-101] Exploring resource sharing.
INFO: [BIND 205-101] Binding ...
INFO: [BIND 205-100] Finished micro-architecture generation.
INFO: [HLS 200-111] Finished Binding: CPU user time: 0 seconds. CPU system time: 0 seconds. Elapsed time: 0.064 seconds; current allocated memory: 363.523 MB.
INFO: [HLS 200-10] ----------------------------------------------------------------
INFO: [HLS 200-42] -- Implementing module 'run_reduce_unified_Pipeline_UNIFIED_PW' 
INFO: [HLS 200-10] ----------------------------------------------------------------
INFO: [SCHED 204-11] Starting scheduling ...
INFO: [SCHED 204-61] Pipelining loop 'UNIFIED_PW'.
WARNING: [HLS 200-880] The II Violation in module 'run_reduce_unified_Pipeline_UNIFIED_PW' (loop 'UNIFIED_PW'): Unable to enforce a carried dependence constraint (II = 1, distance = 1, offset = 0) between 'store' operation 0 bit ('acc_1_3_3_2_write_ln216', mac_array.cpp:216) of variable 'acc_1_3_3_ret1', mac_array.cpp:216 on local variable 'acc_1_3_3_2' and 'load' operation 32 bit ('acc_1_3_3_2_load_1', mac_array.cpp:216) on local variable 'acc_1_3_3_2'.
Resolution: For help on HLS 200-880 see docs.xilinx.com/access/sources/dita/topic?Doc_Version=2024.2%20English&url=ug1448-hls-guidance&resourceid=200-880.html
WARNING: [HLS 200-880] The II Violation in module 'run_reduce_unified_Pipeline_UNIFIED_PW' (loop 'UNIFIED_PW'): Unable to enforce a carried dependence constraint (II = 2, distance = 1, offset = 0) between 'store' operation 0 bit ('acc_1_3_3_2_write_ln216', mac_array.cpp:216) of variable 'acc_1_3_3_ret1', mac_array.cpp:216 on local variable 'acc_1_3_3_2' and 'load' operation 32 bit ('acc_1_3_3_2_load_1', mac_array.cpp:216) on local variable 'acc_1_3_3_2'.
Resolution: For help on HLS 200-880 see docs.xilinx.com/access/sources/dita/topic?Doc_Version=2024.2%20English&url=ug1448-hls-guidance&resourceid=200-880.html
INFO: [HLS 200-1470] Pipelining result : Target II = NA, Final II = 3, Depth = 5, loop 'UNIFIED_PW'
INFO: [SCHED 204-11] Finished scheduling.
INFO: [HLS 200-111] Finished Scheduling: CPU user time: 0 seconds. CPU system time: 0 seconds. Elapsed time: 0.137 seconds; current allocated memory: 364.168 MB.
INFO: [BIND 205-100] Starting micro-architecture generation ...
INFO: [BIND 205-101] Performing variable lifetime analysis.
INFO: [BIND 205-101] Exploring resource sharing.
INFO: [BIND 205-101] Binding ...
INFO: [BIND 205-100] Finished micro-architecture generation.
INFO: [HLS 200-111] Finished Binding: CPU user time: 0 seconds. CPU system time: 0 seconds. Elapsed time: 0.06 seconds; current allocated memory: 364.289 MB.
INFO: [HLS 200-10] ----------------------------------------------------------------
INFO: [HLS 200-42] -- Implementing module 'run_reduce_unified_Pipeline_DW_TAP_H_DW_TAP_W' 
INFO: [HLS 200-10] ----------------------------------------------------------------
INFO: [SCHED 204-11] Starting scheduling ...
INFO: [SCHED 204-61] Pipelining loop 'DW_TAP_H_DW_TAP_W'.
WARNING: [HLS 200-880] The II Violation in module 'run_reduce_unified_Pipeline_DW_TAP_H_DW_TAP_W' (loop 'DW_TAP_H_DW_TAP_W'): Unable to enforce a carried dependence constraint (II = 1, distance = 1, offset = 0) between 'store' operation 0 bit ('acc_1_3_3_1_write_ln192', mac_array.cpp:192) of variable 'acc_1_3_3_ret', mac_array.cpp:192 on local variable 'acc_1_3_3_1' and 'load' operation 32 bit ('acc_1_3_3_1_load_1', mac_array.cpp:192) on local variable 'acc_1_3_3_1'.
Resolution: For help on HLS 200-880 see docs.xilinx.com/access/sources/dita/topic?Doc_Version=2024.2%20English&url=ug1448-hls-guidance&resourceid=200-880.html
WARNING: [HLS 200-880] The II Violation in module 'run_reduce_unified_Pipeline_DW_TAP_H_DW_TAP_W' (loop 'DW_TAP_H_DW_TAP_W'): Unable to enforce a carried dependence constraint (II = 2, distance = 1, offset = 0) between 'store' operation 0 bit ('acc_1_3_3_1_write_ln192', mac_array.cpp:192) of variable 'acc_1_3_3_ret', mac_array.cpp:192 on local variable 'acc_1_3_3_1' and 'load' operation 32 bit ('acc_1_3_3_1_load_1', mac_array.cpp:192) on local variable 'acc_1_3_3_1'.
Resolution: For help on HLS 200-880 see docs.xilinx.com/access/sources/dita/topic?Doc_Version=2024.2%20English&url=ug1448-hls-guidance&resourceid=200-880.html
INFO: [HLS 200-1470] Pipelining result : Target II = NA, Final II = 3, Depth = 5, loop 'DW_TAP_H_DW_TAP_W'
INFO: [SCHED 204-11] Finished scheduling.
INFO: [HLS 200-111] Finished Scheduling: CPU user time: 0 seconds. CPU system time: 0 seconds. Elapsed time: 0.383 seconds; current allocated memory: 373.379 MB.
INFO: [BIND 205-100] Starting micro-architecture generation ...
INFO: [BIND 205-101] Performing variable lifetime analysis.
INFO: [BIND 205-101] Exploring resource sharing.
INFO: [BIND 205-101] Binding ...
INFO: [BIND 205-100] Finished micro-architecture generation.
INFO: [HLS 200-111] Finished Binding: CPU user time: 0 seconds. CPU system time: 0 seconds. Elapsed time: 0.167 seconds; current allocated memory: 373.938 MB.
INFO: [HLS 200-10] ----------------------------------------------------------------
INFO: [HLS 200-42] -- Implementing module 'run_reduce_unified' 
INFO: [HLS 200-10] ----------------------------------------------------------------
INFO: [SCHED 204-11] Starting scheduling ...
INFO: [SCHED 204-11] Finished scheduling.
INFO: [HLS 200-111] Finished Scheduling: CPU user time: 1 seconds. CPU system time: 0 seconds. Elapsed time: 0.254 seconds; current allocated memory: 376.168 MB.
INFO: [BIND 205-100] Starting micro-architecture generation ...
INFO: [BIND 205-101] Performing variable lifetime analysis.
INFO: [BIND 205-101] Exploring resource sharing.
INFO: [BIND 205-101] Binding ...
INFO: [BIND 205-100] Finished micro-architecture generation.
INFO: [HLS 200-111] Finished Binding: CPU user time: 0 seconds. CPU system time: 0 seconds. Elapsed time: 0.122 seconds; current allocated memory: 378.895 MB.
INFO: [HLS 200-10] ----------------------------------------------------------------
INFO: [HLS 200-42] -- Implementing module 'run_layer_Pipeline_WRITEOUT_PW' 
INFO: [HLS 200-10] ----------------------------------------------------------------
INFO: [SCHED 204-11] Starting scheduling ...
INFO: [SCHED 204-61] Pipelining loop 'WRITEOUT_PW'.
INFO: [HLS 200-1470] Pipelining result : Target II = 1, Final II = 1, Depth = 4, loop 'WRITEOUT_PW'
INFO: [SCHED 204-11] Finished scheduling.
INFO: [HLS 200-111] Finished Scheduling: CPU user time: 0 seconds. CPU system time: 0 seconds. Elapsed time: 0.156 seconds; current allocated memory: 379.590 MB.
INFO: [BIND 205-100] Starting micro-architecture generation ...
INFO: [BIND 205-101] Performing variable lifetime analysis.
INFO: [BIND 205-101] Exploring resource sharing.
INFO: [BIND 205-101] Binding ...
INFO: [BIND 205-100] Finished micro-architecture generation.
INFO: [HLS 200-111] Finished Binding: CPU user time: 0 seconds. CPU system time: 0 seconds. Elapsed time: 0.042 seconds; current allocated memory: 379.766 MB.
INFO: [HLS 200-10] ----------------------------------------------------------------
INFO: [HLS 200-42] -- Implementing module 'run_layer_Pipeline_WRITEOUT_DW' 
INFO: [HLS 200-10] ----------------------------------------------------------------
INFO: [SCHED 204-11] Starting scheduling ...
INFO: [SCHED 204-61] Pipelining loop 'WRITEOUT_DW'.
INFO: [HLS 200-1470] Pipelining result : Target II = 1, Final II = 1, Depth = 4, loop 'WRITEOUT_DW'
INFO: [SCHED 204-11] Finished scheduling.
INFO: [HLS 200-111] Finished Scheduling: CPU user time: 0 seconds. CPU system time: 0 seconds. Elapsed time: 0.065 seconds; current allocated memory: 380.121 MB.
INFO: [BIND 205-100] Starting micro-architecture generation ...
INFO: [BIND 205-101] Performing variable lifetime analysis.
INFO: [BIND 205-101] Exploring resource sharing.
INFO: [BIND 205-101] Binding ...
INFO: [BIND 205-100] Finished micro-architecture generation.
INFO: [HLS 200-111] Finished Binding: CPU user time: 0 seconds. CPU system time: 0 seconds. Elapsed time: 0.044 seconds; current allocated memory: 380.188 MB.
INFO: [HLS 200-10] ----------------------------------------------------------------
INFO: [HLS 200-42] -- Implementing module 'run_layer' 
INFO: [HLS 200-10] ----------------------------------------------------------------
INFO: [SCHED 204-11] Starting scheduling ...
INFO: [SCHED 204-11] Finished scheduling.
INFO: [HLS 200-111] Finished Scheduling: CPU user time: 0 seconds. CPU system time: 0 seconds. Elapsed time: 0.371 seconds; current allocated memory: 397.809 MB.
INFO: [BIND 205-100] Starting micro-architecture generation ...
INFO: [BIND 205-101] Performing variable lifetime analysis.
INFO: [BIND 205-101] Exploring resource sharing.
INFO: [BIND 205-101] Binding ...
INFO: [BIND 205-100] Finished micro-architecture generation.
INFO: [HLS 200-111] Finished Binding: CPU user time: 1 seconds. CPU system time: 0 seconds. Elapsed time: 0.293 seconds; current allocated memory: 398.090 MB.
INFO: [HLS 200-10] ----------------------------------------------------------------
INFO: [HLS 200-42] -- Implementing module 'mac_array_top' 
INFO: [HLS 200-10] ----------------------------------------------------------------
INFO: [SCHED 204-11] Starting scheduling ...
INFO: [SCHED 204-11] Finished scheduling.
INFO: [HLS 200-111] Finished Scheduling: CPU user time: 0 seconds. CPU system time: 0 seconds. Elapsed time: 0.255 seconds; current allocated memory: 398.176 MB.
INFO: [BIND 205-100] Starting micro-architecture generation ...
INFO: [BIND 205-101] Performing variable lifetime analysis.
INFO: [BIND 205-101] Exploring resource sharing.
INFO: [BIND 205-101] Binding ...
INFO: [BIND 205-100] Finished micro-architecture generation.
INFO: [HLS 200-111] Finished Binding: CPU user time: 0 seconds. CPU system time: 0 seconds. Elapsed time: 0.065 seconds; current allocated memory: 398.238 MB.
INFO: [HLS 200-10] ----------------------------------------------------------------
INFO: [HLS 200-10] -- Generating RTL for module 'run_layer_Pipeline_PW_STAGE_VITIS_LOOP_266_3_VITIS_LOOP_268_4' 
INFO: [HLS 200-10] ----------------------------------------------------------------
INFO: [HLS 200-1030] Apply Unified Pipeline Control on module 'run_layer_Pipeline_PW_STAGE_VITIS_LOOP_266_3_VITIS_LOOP_268_4' pipeline 'PW_STAGE_VITIS_LOOP_266_3_VITIS_LOOP_268_4' pipeline type 'loop pipeline'
INFO: [RTGEN 206-100] Finished creating RTL model for 'run_layer_Pipeline_PW_STAGE_VITIS_LOOP_266_3_VITIS_LOOP_268_4'.
INFO: [HLS 200-111] Finished Creating RTL model: CPU user time: 0 seconds. CPU system time: 0 seconds. Elapsed time: 0.12 seconds; current allocated memory: 399.660 MB.
INFO: [HLS 200-10] ----------------------------------------------------------------
INFO: [HLS 200-10] -- Generating RTL for module 'run_layer_Pipeline_PW_WSTAGE' 
INFO: [HLS 200-10] ----------------------------------------------------------------
INFO: [HLS 200-1030] Apply Unified Pipeline Control on module 'run_layer_Pipeline_PW_WSTAGE' pipeline 'PW_WSTAGE' pipeline type 'loop pipeline'
INFO: [RTGEN 206-100] Finished creating RTL model for 'run_layer_Pipeline_PW_WSTAGE'.
INFO: [HLS 200-111] Finished Creating RTL model: CPU user time: 0 seconds. CPU system time: 0 seconds. Elapsed time: 0.145 seconds; current allocated memory: 401.738 MB.
INFO: [HLS 200-10] ----------------------------------------------------------------
INFO: [HLS 200-10] -- Generating RTL for module 'run_layer_Pipeline_DW_PATCH_STAGE_VITIS_LOOP_322_6_VITIS_LOOP_324_7' 
INFO: [HLS 200-10] ----------------------------------------------------------------
INFO: [HLS 200-1030] Apply Unified Pipeline Control on module 'run_layer_Pipeline_DW_PATCH_STAGE_VITIS_LOOP_322_6_VITIS_LOOP_324_7' pipeline 'DW_PATCH_STAGE_VITIS_LOOP_322_6_VITIS_LOOP_324_7' pipeline type 'loop pipeline'
INFO: [RTGEN 206-100] Finished creating RTL model for 'run_layer_Pipeline_DW_PATCH_STAGE_VITIS_LOOP_322_6_VITIS_LOOP_324_7'.
INFO: [HLS 200-111] Finished Creating RTL model: CPU user time: 0 seconds. CPU system time: 0 seconds. Elapsed time: 0.294 seconds; current allocated memory: 412.406 MB.
INFO: [HLS 200-10] ----------------------------------------------------------------
INFO: [HLS 200-10] -- Generating RTL for module 'run_layer_Pipeline_DW_WT_STAGE_VITIS_LOOP_345_9_VITIS_LOOP_346_10' 
INFO: [HLS 200-10] ----------------------------------------------------------------
INFO: [HLS 200-1030] Apply Unified Pipeline Control on module 'run_layer_Pipeline_DW_WT_STAGE_VITIS_LOOP_345_9_VITIS_LOOP_346_10' pipeline 'DW_WT_STAGE_VITIS_LOOP_345_9_VITIS_LOOP_346_10' pipeline type 'loop pipeline'
INFO: [RTGEN 206-100] Finished creating RTL model for 'run_layer_Pipeline_DW_WT_STAGE_VITIS_LOOP_345_9_VITIS_LOOP_346_10'.
INFO: [HLS 200-111] Finished Creating RTL model: CPU user time: 1 seconds. CPU system time: 0 seconds. Elapsed time: 0.758 seconds; current allocated memory: 439.781 MB.
INFO: [HLS 200-10] ----------------------------------------------------------------
INFO: [HLS 200-10] -- Generating RTL for module 'drive_mac' 
INFO: [HLS 200-10] ----------------------------------------------------------------
INFO: [HLS 200-1030] Apply Unified Pipeline Control on module 'drive_mac' pipeline 'drive_mac' pipeline type 'function pipeline'
INFO: [RTGEN 206-100] Generating core module 'mac_muladd_8s_8s_32s_32_4_1': 32 instance(s).
INFO: [RTGEN 206-100] Finished creating RTL model for 'drive_mac'.
INFO: [HLS 200-111] Finished Creating RTL model: CPU user time: 0 seconds. CPU system time: 0 seconds. Elapsed time: 0.365 seconds; current allocated memory: 451.602 MB.
INFO: [HLS 200-10] ----------------------------------------------------------------
INFO: [HLS 200-10] -- Generating RTL for module 'run_reduce_unified_Pipeline_UNIFIED_PW' 
INFO: [HLS 200-10] ----------------------------------------------------------------
INFO: [HLS 200-1030] Apply Unified Pipeline Control on module 'run_reduce_unified_Pipeline_UNIFIED_PW' pipeline 'UNIFIED_PW' pipeline type 'loop pipeline'
INFO: [RTGEN 206-100] Finished creating RTL model for 'run_reduce_unified_Pipeline_UNIFIED_PW'.
INFO: [HLS 200-111] Finished Creating RTL model: CPU user time: 0 seconds. CPU system time: 0 seconds. Elapsed time: 0.269 seconds; current allocated memory: 458.848 MB.
INFO: [HLS 200-10] ----------------------------------------------------------------
INFO: [HLS 200-10] -- Generating RTL for module 'run_reduce_unified_Pipeline_DW_TAP_H_DW_TAP_W' 
INFO: [HLS 200-10] ----------------------------------------------------------------
INFO: [HLS 200-1030] Apply Unified Pipeline Control on module 'run_reduce_unified_Pipeline_DW_TAP_H_DW_TAP_W' pipeline 'DW_TAP_H_DW_TAP_W' pipeline type 'loop pipeline'
INFO: [RTGEN 206-100] Generating core module 'sparsemux_15_3_8_1_1': 216 instance(s).
INFO: [RTGEN 206-100] Finished creating RTL model for 'run_reduce_unified_Pipeline_DW_TAP_H_DW_TAP_W'.
INFO: [HLS 200-111] Finished Creating RTL model: CPU user time: 1 seconds. CPU system time: 0 seconds. Elapsed time: 0.522 seconds; current allocated memory: 486.062 MB.
INFO: [HLS 200-10] ----------------------------------------------------------------
INFO: [HLS 200-10] -- Generating RTL for module 'run_reduce_unified' 
INFO: [HLS 200-10] ----------------------------------------------------------------
INFO: [RTGEN 206-100] Finished creating RTL model for 'run_reduce_unified'.
INFO: [HLS 200-111] Finished Creating RTL model: CPU user time: 0 seconds. CPU system time: 0 seconds. Elapsed time: 0.694 seconds; current allocated memory: 511.758 MB.
INFO: [HLS 200-10] ----------------------------------------------------------------
INFO: [HLS 200-10] -- Generating RTL for module 'run_layer_Pipeline_WRITEOUT_PW' 
INFO: [HLS 200-10] ----------------------------------------------------------------
INFO: [HLS 200-1030] Apply Unified Pipeline Control on module 'run_layer_Pipeline_WRITEOUT_PW' pipeline 'WRITEOUT_PW' pipeline type 'loop pipeline'
INFO: [RTGEN 206-100] Generating core module 'sparsemux_9_2_32_1_1': 10 instance(s).
INFO: [RTGEN 206-100] Finished creating RTL model for 'run_layer_Pipeline_WRITEOUT_PW'.
INFO: [HLS 200-111] Finished Creating RTL model: CPU user time: 0 seconds. CPU system time: 1 seconds. Elapsed time: 0.312 seconds; current allocated memory: 525.312 MB.
INFO: [HLS 200-10] ----------------------------------------------------------------
INFO: [HLS 200-10] -- Generating RTL for module 'run_layer_Pipeline_WRITEOUT_DW' 
INFO: [HLS 200-10] ----------------------------------------------------------------
INFO: [HLS 200-1030] Apply Unified Pipeline Control on module 'run_layer_Pipeline_WRITEOUT_DW' pipeline 'WRITEOUT_DW' pipeline type 'loop pipeline'
INFO: [RTGEN 206-100] Generating core module 'sparsemux_9_2_32_1_1': 10 instance(s).
INFO: [RTGEN 206-100] Finished creating RTL model for 'run_layer_Pipeline_WRITEOUT_DW'.
INFO: [HLS 200-111] Finished Creating RTL model: CPU user time: 1 seconds. CPU system time: 0 seconds. Elapsed time: 0.125 seconds; current allocated memory: 525.734 MB.
INFO: [HLS 200-10] ----------------------------------------------------------------
INFO: [HLS 200-10] -- Generating RTL for module 'run_layer' 
INFO: [HLS 200-10] ----------------------------------------------------------------
INFO: [RTGEN 206-100] Generating core module 'mul_31ns_31ns_62_2_1': 1 instance(s).
INFO: [RTGEN 206-100] Generating core module 'mul_31ns_32ns_63_2_1': 2 instance(s).
INFO: [RTGEN 206-100] Generating core module 'mul_31ns_32s_32_2_1': 1 instance(s).
INFO: [RTGEN 206-100] Generating core module 'mul_31ns_62ns_93_5_1': 1 instance(s).
INFO: [RTGEN 206-100] Generating core module 'mul_31ns_63ns_94_5_1': 1 instance(s).
INFO: [RTGEN 206-100] Generating core module 'mul_32ns_63ns_95_5_1': 1 instance(s).
INFO: [RTGEN 206-100] Finished creating RTL model for 'run_layer'.
INFO: [RTMG 210-278] Implementing memory 'mac_array_top_run_layer_pw_patch_RAM_AUTO_1R1W' using auto RAMs.
INFO: [HLS 200-111] Finished Creating RTL model: CPU user time: 0 seconds. CPU system time: 0 seconds. Elapsed time: 0.372 seconds; current allocated memory: 544.293 MB.
INFO: [HLS 200-10] ----------------------------------------------------------------
INFO: [HLS 200-10] -- Generating RTL for module 'mac_array_top' 
INFO: [HLS 200-10] ----------------------------------------------------------------
INFO: [RTGEN 206-500] Setting interface mode on port 'mac_array_top/desc' to 'ap_none'.
INFO: [RTGEN 206-500] Setting interface mode on port 'mac_array_top/n_layers' to 'ap_none'.
INFO: [RTGEN 206-500] Setting interface mode on port 'mac_array_top/in_base' to 'ap_none'.
INFO: [RTGEN 206-500] Setting interface mode on port 'mac_array_top/w_base' to 'ap_none'.
INFO: [RTGEN 206-500] Setting interface mode on port 'mac_array_top/b_base' to 'ap_none'.
INFO: [RTGEN 206-500] Setting interface mode on port 'mac_array_top/out_base' to 'ap_vld'.
INFO: [RTGEN 206-500] Setting interface mode on port 'mac_array_top/out_written' to 'ap_vld'.
INFO: [RTGEN 206-500] Setting interface mode on function 'mac_array_top' to 'ap_ctrl_hs'.
INFO: [RTGEN 206-100] Generating core module 'mul_31ns_8s_32_2_1': 1 instance(s).
INFO: [RTGEN 206-100] Generating core module 'mul_32s_32s_32_2_1': 2 instance(s).
INFO: [RTGEN 206-100] Generating core module 'mul_7ns_8s_15_1_1': 1 instance(s).
INFO: [RTGEN 206-100] Generating core module 'mul_8s_8s_16_1_1': 1 instance(s).
INFO: [RTGEN 206-100] Generating core module 'sdiv_32ns_32s_32_36_seq_1': 1 instance(s).
INFO: [RTGEN 206-100] Finished creating RTL model for 'mac_array_top'.
INFO: [HLS 200-111] Finished Creating RTL model: CPU user time: 0 seconds. CPU system time: 0 seconds. Elapsed time: 0.66 seconds; current allocated memory: 573.562 MB.
INFO: [HLS 200-111] Finished Generating all RTL models: CPU user time: 1 seconds. CPU system time: 0 seconds. Elapsed time: 0.453 seconds; current allocated memory: 577.516 MB.
INFO: [HLS 200-111] Finished Updating report files: CPU user time: 0 seconds. CPU system time: 0 seconds. Elapsed time: 0.54 seconds; current allocated memory: 591.637 MB.
INFO: [VHDL 208-304] Generating VHDL RTL for mac_array_top.
INFO: [VLOG 209-307] Generating Verilog RTL for mac_array_top.
INFO: [HLS 200-790] **** Loop Constraint Status: All loop constraints were satisfied.
INFO: [HLS 200-789] **** Estimated Fmax: 143.43 MHz
INFO: [HLS 200-2161] Finished Command csynth_design Elapsed time: 00:00:24; Allocated memory: 441.195 MB.
>>> Done. Report: mac_array_poc_a2_w32/solution1/syn/report/mac_array_top_csynth.rpt
INFO: [HLS 200-112] Total CPU user time: 13 seconds. Total CPU system time: 2 seconds. Total elapsed time: 25.253 seconds; peak allocated memory: 591.691 MB.
