==============================================================
Vitis HLS - High-Level Synthesis from C, C++ and OpenCL v2024.2 (64-bit)
Tool Version Limit: 2024.11
Copyright 1986-2022 Xilinx, Inc. All Rights Reserved.
Copyright 2022-2024 Advanced Micro Devices, Inc. All Rights Reserved.

==============================================================
INFO: [HLS 200-1505] Using flow_target 'vivado'
INFO: [HLS 200-1510] Running: set_part xc7z020clg400-1 
INFO: [HLS 200-1611] Setting target device to 'xc7z020-clg400-1'
INFO: [HLS 200-1510] Running: create_clock -period 10 -name default 
INFO: [SYN 201-201] Setting up clock 'default' with a period of 10ns.
INFO: [HLS 200-1510] Running: csim_design 
INFO: [SIM 211-2] *************** CSIM start ***************
INFO: [SIM 211-4] CSIM will launch CLANG as the compiler.
INFO: [HLS 200-2036] Building debug C Simulation binaries
INFO: [SIM 211-1] CSim done with 0 errors.
INFO: [SIM 211-3] *************** CSIM finish ***************
INFO: [HLS 200-2161] Finished Command csim_design Elapsed time: 00:00:03; Allocated memory: 1.117 MB.
INFO: [HLS 200-1510] Running: csynth_design 
INFO: [HLS 200-111] Finished File checks and directory preparation: CPU user time: 0 seconds. CPU system time: 0 seconds. Elapsed time: 0.047 seconds; current allocated memory: 152.027 MB.
INFO: [HLS 200-10] Analyzing design file 'pool_add_ip.cpp' ... 
INFO: [HLS 200-111] Finished Source Code Analysis and Preprocessing: CPU user time: 0 seconds. CPU system time: 0 seconds. Elapsed time: 2.311 seconds; current allocated memory: 154.785 MB.
INFO: [HLS 200-777] Using interface defaults for 'Vivado' flow target.
INFO: [HLS 200-1995] There were 2,506 instructions in the design after the 'Compile/Link' phase of compilation. See the Design Size Report for more details: E:/codes/microzed/fastvit_hls/pool_add_ip/pool_add_ip_proj/solution1/syn/report/csynth_design_size.rpt
INFO: [HLS 200-1995] There were 1,024 instructions in the design after the 'Unroll/Inline (step 1)' phase of compilation. See the Design Size Report for more details: E:/codes/microzed/fastvit_hls/pool_add_ip/pool_add_ip_proj/solution1/syn/report/csynth_design_size.rpt
INFO: [HLS 200-1995] There were 806 instructions in the design after the 'Unroll/Inline (step 2)' phase of compilation. See the Design Size Report for more details: E:/codes/microzed/fastvit_hls/pool_add_ip/pool_add_ip_proj/solution1/syn/report/csynth_design_size.rpt
INFO: [HLS 200-1995] There were 821 instructions in the design after the 'Unroll/Inline (step 3)' phase of compilation. See the Design Size Report for more details: E:/codes/microzed/fastvit_hls/pool_add_ip/pool_add_ip_proj/solution1/syn/report/csynth_design_size.rpt
INFO: [HLS 200-1995] There were 790 instructions in the design after the 'Unroll/Inline (step 4)' phase of compilation. See the Design Size Report for more details: E:/codes/microzed/fastvit_hls/pool_add_ip/pool_add_ip_proj/solution1/syn/report/csynth_design_size.rpt
INFO: [HLS 200-1995] There were 923 instructions in the design after the 'Array/Struct (step 1)' phase of compilation. See the Design Size Report for more details: E:/codes/microzed/fastvit_hls/pool_add_ip/pool_add_ip_proj/solution1/syn/report/csynth_design_size.rpt
INFO: [HLS 200-1995] There were 871 instructions in the design after the 'Array/Struct (step 2)' phase of compilation. See the Design Size Report for more details: E:/codes/microzed/fastvit_hls/pool_add_ip/pool_add_ip_proj/solution1/syn/report/csynth_design_size.rpt
INFO: [HLS 200-1995] There were 871 instructions in the design after the 'Array/Struct (step 3)' phase of compilation. See the Design Size Report for more details: E:/codes/microzed/fastvit_hls/pool_add_ip/pool_add_ip_proj/solution1/syn/report/csynth_design_size.rpt
INFO: [HLS 200-1995] There were 871 instructions in the design after the 'Array/Struct (step 4)' phase of compilation. See the Design Size Report for more details: E:/codes/microzed/fastvit_hls/pool_add_ip/pool_add_ip_proj/solution1/syn/report/csynth_design_size.rpt
INFO: [HLS 200-1995] There were 920 instructions in the design after the 'Array/Struct (step 5)' phase of compilation. See the Design Size Report for more details: E:/codes/microzed/fastvit_hls/pool_add_ip/pool_add_ip_proj/solution1/syn/report/csynth_design_size.rpt
INFO: [HLS 200-1995] There were 916 instructions in the design after the 'Performance (step 1)' phase of compilation. See the Design Size Report for more details: E:/codes/microzed/fastvit_hls/pool_add_ip/pool_add_ip_proj/solution1/syn/report/csynth_design_size.rpt
INFO: [HLS 200-1995] There were 910 instructions in the design after the 'Performance (step 2)' phase of compilation. See the Design Size Report for more details: E:/codes/microzed/fastvit_hls/pool_add_ip/pool_add_ip_proj/solution1/syn/report/csynth_design_size.rpt
INFO: [HLS 200-1995] There were 1,526 instructions in the design after the 'Performance (step 3)' phase of compilation. See the Design Size Report for more details: E:/codes/microzed/fastvit_hls/pool_add_ip/pool_add_ip_proj/solution1/syn/report/csynth_design_size.rpt
INFO: [HLS 200-1995] There were 1,315 instructions in the design after the 'Performance (step 4)' phase of compilation. See the Design Size Report for more details: E:/codes/microzed/fastvit_hls/pool_add_ip/pool_add_ip_proj/solution1/syn/report/csynth_design_size.rpt
INFO: [HLS 200-1995] There were 1,354 instructions in the design after the 'HW Transforms (step 1)' phase of compilation. See the Design Size Report for more details: E:/codes/microzed/fastvit_hls/pool_add_ip/pool_add_ip_proj/solution1/syn/report/csynth_design_size.rpt
INFO: [HLS 200-1995] There were 1,391 instructions in the design after the 'HW Transforms (step 2)' phase of compilation. See the Design Size Report for more details: E:/codes/microzed/fastvit_hls/pool_add_ip/pool_add_ip_proj/solution1/syn/report/csynth_design_size.rpt
INFO: [HLS 214-131] Inlining function 'saturate(ap_int<32>)' into 'maxpool_add_kernel(ap_int<8>*, ap_int<8>*, ap_int<8>*, int, int, int, int, int, int, int, int, int, int)' (pool_add_ip.cpp:122:53)
INFO: [HLS 214-131] Inlining function 'saturate(ap_int<32>)' into 'global_avgpool_add_kernel(ap_int<8>*, ap_int<8>*, ap_int<8>*, int, int, int, int, int)' (pool_add_ip.cpp:302:37)
INFO: [HLS 214-131] Inlining function 'saturate(ap_int<32>)' into 'avgpool_add_kernel(ap_int<8>*, ap_int<8>*, ap_int<8>*, int, int, int, int, int, int, int, int, int, int, int)' (pool_add_ip.cpp:236:53)
INFO: [HLS 214-291] Loop 'VITIS_LOOP_180_2' is marked as complete unroll implied by the pipeline pragma (pool_add_ip.cpp:180:20)
INFO: [HLS 214-291] Loop 'VITIS_LOOP_198_4' is marked as complete unroll implied by the pipeline pragma (pool_add_ip.cpp:198:20)
INFO: [HLS 214-291] Loop 'COMPUTE_AP_TN' is marked as complete unroll implied by the pipeline pragma (pool_add_ip.cpp:215:33)
INFO: [HLS 214-291] Loop 'VITIS_LOOP_229_6' is marked as complete unroll implied by the pipeline pragma (pool_add_ip.cpp:229:20)
INFO: [HLS 214-291] Loop 'VITIS_LOOP_285_2' is marked as complete unroll implied by the pipeline pragma (pool_add_ip.cpp:285:20)
INFO: [HLS 214-291] Loop 'VITIS_LOOP_82_2' is marked as complete unroll implied by the pipeline pragma (pool_add_ip.cpp:82:19)
INFO: [HLS 214-291] Loop 'COMPUTE_MP_TN' is marked as complete unroll implied by the pipeline pragma (pool_add_ip.cpp:103:25)
INFO: [HLS 214-291] Loop 'COMPUTE_MP_KH' is marked as complete unroll implied by the pipeline pragma (pool_add_ip.cpp:108:29)
INFO: [HLS 214-291] Loop 'COMPUTE_MP_KW' is marked as complete unroll implied by the pipeline pragma (pool_add_ip.cpp:112:33)
INFO: [HLS 214-186] Unrolling loop 'VITIS_LOOP_198_4' (pool_add_ip.cpp:198:20) in function 'avgpool_add_kernel' completely with a factor of 8 (pool_add_ip.cpp:145:0)
INFO: [HLS 214-186] Unrolling loop 'COMPUTE_AP_TN' (pool_add_ip.cpp:215:33) in function 'avgpool_add_kernel' completely with a factor of 2 (pool_add_ip.cpp:145:0)
INFO: [HLS 214-186] Unrolling loop 'VITIS_LOOP_274_1' (pool_add_ip.cpp:274:27) in function 'global_avgpool_add_kernel' completely with a factor of 2 (pool_add_ip.cpp:260:0)
INFO: [HLS 214-186] Unrolling loop 'VITIS_LOOP_285_2' (pool_add_ip.cpp:285:20) in function 'global_avgpool_add_kernel' completely with a factor of 2 (pool_add_ip.cpp:260:0)
INFO: [HLS 214-186] Unrolling loop 'COMPUTE_MP_TN' (pool_add_ip.cpp:103:25) in function 'maxpool_add_kernel' completely with a factor of 2 (pool_add_ip.cpp:47:0)
INFO: [HLS 214-186] Unrolling loop 'COMPUTE_MP_KH' (pool_add_ip.cpp:108:29) in function 'maxpool_add_kernel' completely with a factor of 3 (pool_add_ip.cpp:47:0)
INFO: [HLS 214-186] Unrolling loop 'COMPUTE_MP_KW' (pool_add_ip.cpp:112:33) in function 'maxpool_add_kernel' completely with a factor of 3 (pool_add_ip.cpp:47:0)
INFO: [HLS 214-178] Inlining function 'global_avgpool_add_kernel(ap_int<8>*, ap_int<8>*, ap_int<8>*, int, int, int, int, int)' into 'pool_add_ip(ap_int<8>*, ap_int<8>*, ap_int<8>*, int, int, int, int, int, int, int, int, int, int, int, int)' (pool_add_ip.cpp:329:0)
INFO: [HLS 214-248] Applying array_partition to '_ZZL25global_avgpool_add_kernelP6ap_intILi8EES1_S1_iiiiiE7sum_buf': Complete partitioning on dimension 1. (pool_add_ip.cpp:264:0)
INFO: [HLS 214-248] Applying array_partition to '_ZL7acc_buf': Complete partitioning on dimension 1. (pool_add_ip.cpp:25:0)
INFO: [HLS 214-248] Applying array_partition to '_ZL6in_buf': Complete partitioning on dimension 1. (pool_add_ip.cpp:24:0)
INFO: [HLS 214-437] Automatically disabling loop flattening for loop 'COMPUTE_AP_KW'. (pool_add_ip.cpp:208:21)
INFO: [HLS 214-270] Inferring pragma 'array_partition type=cyclic factor=3 dim=2' for array '_ZL6in_buf_0' due to pipeline pragma (pool_add_ip.cpp:100:9)
INFO: [HLS 214-270] Inferring pragma 'array_partition type=cyclic factor=3 dim=2' for array '_ZL6in_buf_1' due to pipeline pragma (pool_add_ip.cpp:100:9)
INFO: [HLS 214-270] Inferring pragma 'array_partition type=complete dim=2' for array '_ZL7acc_buf_0' due to pipeline pragma (pool_add_ip.cpp:197:9)
INFO: [HLS 214-270] Inferring pragma 'array_partition type=complete dim=2' for array '_ZL7acc_buf_1' due to pipeline pragma (pool_add_ip.cpp:197:9)
INFO: [HLS 214-248] Applying array_partition to '_ZL7acc_buf_1': Complete partitioning on dimension 2.
INFO: [HLS 214-248] Applying array_partition to '_ZL7acc_buf_0': Complete partitioning on dimension 2.
INFO: [HLS 214-248] Applying array_partition to '_ZL6in_buf_1': Cyclic partitioning with factor 3 on dimension 2.
INFO: [HLS 214-248] Applying array_partition to '_ZL6in_buf_0': Cyclic partitioning with factor 3 on dimension 2.
INFO: [HLS 214-115] Multiple burst reads of variable length and bit width 8 in loop 'VITIS_LOOP_229_6'(pool_add_ip.cpp:229:20) has been inferred on bundle 'gmem1'. These burst requests might be further partitioned into multiple requests during RTL generation, based on max_read_burst_length or max_write_burst_length settings. (pool_add_ip.cpp:229:20)
INFO: [HLS 214-115] Multiple burst writes of variable length and bit width 8 in loop 'VITIS_LOOP_229_6'(pool_add_ip.cpp:229:20) has been inferred on bundle 'gmem2'. These burst requests might be further partitioned into multiple requests during RTL generation, based on max_read_burst_length or max_write_burst_length settings. (pool_add_ip.cpp:229:20)
INFO: [HLS 214-115] Multiple burst reads of variable length and bit width 8 in loop 'WRITE_GAP'(pool_add_ip.cpp:296:9) has been inferred on bundle 'gmem1'. These burst requests might be further partitioned into multiple requests during RTL generation, based on max_read_burst_length or max_write_burst_length settings. (pool_add_ip.cpp:296:9)
INFO: [HLS 214-115] Multiple burst writes of variable length and bit width 8 in loop 'WRITE_GAP'(pool_add_ip.cpp:296:9) has been inferred on bundle 'gmem2'. These burst requests might be further partitioned into multiple requests during RTL generation, based on max_read_burst_length or max_write_burst_length settings. (pool_add_ip.cpp:296:9)
WARNING: [HLS 214-187] Cannot unroll loop 'VITIS_LOOP_180_2' (pool_add_ip.cpp:180:20) in function 'avgpool_add_kernel' as it has a variable trip count (pool_add_ip.cpp:180:20)
WARNING: [HLS 214-187] Cannot unroll loop 'VITIS_LOOP_229_6' (pool_add_ip.cpp:229:20) in function 'avgpool_add_kernel' as it has a variable trip count (pool_add_ip.cpp:229:20)
WARNING: [HLS 214-187] Cannot unroll loop 'VITIS_LOOP_82_2' (pool_add_ip.cpp:82:19) in function 'maxpool_add_kernel' as it has a variable trip count (pool_add_ip.cpp:82:19)
INFO: [HLS 200-111] Finished Compiling Optimization and Transform: CPU user time: 1 seconds. CPU system time: 0 seconds. Elapsed time: 7.599 seconds; current allocated memory: 157.754 MB.
INFO: [HLS 200-111] Finished Checking Pragmas: CPU user time: 0 seconds. CPU system time: 0 seconds. Elapsed time: 0.002 seconds; current allocated memory: 157.754 MB.
INFO: [HLS 200-10] Starting code transformations ...
INFO: [HLS 200-111] Finished Standard Transforms: CPU user time: 0 seconds. CPU system time: 0 seconds. Elapsed time: 0.097 seconds; current allocated memory: 164.633 MB.
INFO: [HLS 200-10] Checking synthesizability ...
INFO: [HLS 200-111] Finished Checking Synthesizability: CPU user time: 0 seconds. CPU system time: 0 seconds. Elapsed time: 0.078 seconds; current allocated memory: 167.746 MB.
INFO: [XFORM 203-401] Performing if-conversion on hyperblock from (pool_add_ip.cpp:110:6) to (pool_add_ip.cpp:120:33) in function 'maxpool_add_kernel'... converting 22 basic blocks.
INFO: [XFORM 203-401] Performing if-conversion on hyperblock from (pool_add_ip.cpp:110:6) to (pool_add_ip.cpp:120:33) in function 'maxpool_add_kernel'... converting 22 basic blocks.
INFO: [XFORM 203-11] Balancing expressions in function 'pool_add_ip' (pool_add_ip.cpp:32:13)...7 expression(s) balanced.
INFO: [XFORM 203-11] Balancing expressions in function 'maxpool_add_kernel' (pool_add_ip.cpp:32:19)...3 expression(s) balanced.
INFO: [XFORM 203-11] Balancing expressions in function 'avgpool_add_kernel' (pool_add_ip.cpp:32:29)...3 expression(s) balanced.
INFO: [HLS 200-111] Finished Loop, function and other optimizations: CPU user time: 0 seconds. CPU system time: 0 seconds. Elapsed time: 0.337 seconds; current allocated memory: 193.082 MB.
INFO: [HLS 200-2061] Successfully converted nested loops 'LOOP_GAP_H'(pool_add_ip.cpp:281:9) and 'LOOP_GAP_W'(pool_add_ip.cpp:283:13) in function 'pool_add_ip' into perfectly nested loops.
INFO: [HLS 200-2061] Successfully converted nested loops 'CLEAR_AP'(pool_add_ip.cpp:195:17) and 'VITIS_LOOP_196_3'(pool_add_ip.cpp:196:39) in function 'avgpool_add_kernel' into perfectly nested loops.
INFO: [XFORM 203-541] Flattening a loop nest 'LOOP_GAP_H' (pool_add_ip.cpp:281:9) in function 'pool_add_ip'.
INFO: [XFORM 203-541] Flattening a loop nest 'LOAD_MP_IN' (pool_add_ip.cpp:79:17) in function 'maxpool_add_kernel'.
WARNING: [HLS 200-960] Cannot flatten loop 'COMPUTE_MP_TR' (pool_add_ip.cpp:97:17) in function 'maxpool_add_kernel' the outer loop is not a perfect loop because there is nontrivial logic before entering the inner loop.
INFO: [XFORM 203-541] Flattening a loop nest 'LOAD_AP_IN' (pool_add_ip.cpp:177:17) in function 'avgpool_add_kernel'.
INFO: [XFORM 203-541] Flattening a loop nest 'CLEAR_AP' (pool_add_ip.cpp:195:17) in function 'avgpool_add_kernel'.
WARNING: [HLS 200-960] Cannot flatten loop 'COMPUTE_AP_TR' (pool_add_ip.cpp:210:25) in function 'avgpool_add_kernel' the outer loop is not a perfect loop because there is nontrivial logic before entering the inner loop.
WARNING: [HLS 200-960] Cannot flatten loop 'WRITE_AP_OUT' (pool_add_ip.cpp:226:17) in function 'avgpool_add_kernel' the outer loop is not a perfect loop because there is nontrivial logic before entering the inner loop.
INFO: [HLS 200-111] Finished Architecture Synthesis: CPU user time: 0 seconds. CPU system time: 0 seconds. Elapsed time: 0.394 seconds; current allocated memory: 251.844 MB.
INFO: [HLS 200-10] Starting hardware synthesis ...
INFO: [HLS 200-10] Synthesizing 'pool_add_ip' ...
INFO: [HLS 200-10] ----------------------------------------------------------------
INFO: [HLS 200-42] -- Implementing module 'pool_add_ip_Pipeline_LOOP_GAP_H_LOOP_GAP_W' 
INFO: [HLS 200-10] ----------------------------------------------------------------
INFO: [SCHED 204-11] Starting scheduling ...
INFO: [SCHED 204-61] Pipelining loop 'LOOP_GAP_H_LOOP_GAP_W'.
WARNING: [HLS 200-885] The II Violation in module 'pool_add_ip_Pipeline_LOOP_GAP_H_LOOP_GAP_W' (loop 'LOOP_GAP_H_LOOP_GAP_W'): Unable to schedule bus request operation ('gmem0_load_1_req', pool_add_ip.cpp:288->pool_add_ip.cpp:363) on port 'gmem0' (pool_add_ip.cpp:288->pool_add_ip.cpp:363) due to limited memory ports (II = 1). Please consider using a memory core with more ports or partitioning the array.
INFO: [HLS 200-1470] Pipelining result : Target II = 1, Final II = 2, Depth = 17, loop 'LOOP_GAP_H_LOOP_GAP_W'
INFO: [SCHED 204-11] Finished scheduling.
INFO: [HLS 200-111] Finished Scheduling: CPU user time: 0 seconds. CPU system time: 0 seconds. Elapsed time: 0.169 seconds; current allocated memory: 256.340 MB.
INFO: [BIND 205-100] Starting micro-architecture generation ...
INFO: [BIND 205-101] Performing variable lifetime analysis.
INFO: [BIND 205-101] Exploring resource sharing.
INFO: [BIND 205-101] Binding ...
INFO: [BIND 205-100] Finished micro-architecture generation.
INFO: [HLS 200-111] Finished Binding: CPU user time: 0 seconds. CPU system time: 0 seconds. Elapsed time: 0.041 seconds; current allocated memory: 257.688 MB.
INFO: [HLS 200-10] ----------------------------------------------------------------
INFO: [HLS 200-42] -- Implementing module 'pool_add_ip_Pipeline_WRITE_GAP' 
INFO: [HLS 200-10] ----------------------------------------------------------------
INFO: [SCHED 204-11] Starting scheduling ...
INFO: [SCHED 204-61] Pipelining loop 'WRITE_GAP'.
INFO: [HLS 200-1470] Pipelining result : Target II = 1, Final II = 1, Depth = 5, loop 'WRITE_GAP'
INFO: [SCHED 204-11] Finished scheduling.
INFO: [HLS 200-111] Finished Scheduling: CPU user time: 0 seconds. CPU system time: 0 seconds. Elapsed time: 0.053 seconds; current allocated memory: 258.062 MB.
INFO: [BIND 205-100] Starting micro-architecture generation ...
INFO: [BIND 205-101] Performing variable lifetime analysis.
INFO: [BIND 205-101] Exploring resource sharing.
INFO: [BIND 205-101] Binding ...
INFO: [BIND 205-100] Finished micro-architecture generation.
INFO: [HLS 200-111] Finished Binding: CPU user time: 0 seconds. CPU system time: 0 seconds. Elapsed time: 0.03 seconds; current allocated memory: 258.070 MB.
INFO: [HLS 200-10] ----------------------------------------------------------------
INFO: [HLS 200-42] -- Implementing module 'maxpool_add_kernel_Pipeline_COMPUTE_MP_TC' 
INFO: [HLS 200-10] ----------------------------------------------------------------
INFO: [SCHED 204-11] Starting scheduling ...
INFO: [SCHED 204-61] Pipelining loop 'COMPUTE_MP_TC'.
WARNING: [HLS 200-885] The II Violation in module 'maxpool_add_kernel_Pipeline_COMPUTE_MP_TC' (loop 'COMPUTE_MP_TC'): Unable to schedule bus request operation ('gmem1_load_1_req', pool_add_ip.cpp:121) on port 'gmem1' (pool_add_ip.cpp:121) due to limited memory ports (II = 1). Please consider using a memory core with more ports or partitioning the array.
INFO: [SCHED 204-61] Discarding stage scheduling solution.
INFO: [HLS 200-1470] Pipelining result : Target II = 1, Final II = 2, Depth = 86, loop 'COMPUTE_MP_TC'
INFO: [SCHED 204-11] Finished scheduling.
INFO: [HLS 200-111] Finished Scheduling: CPU user time: 0 seconds. CPU system time: 0 seconds. Elapsed time: 0.181 seconds; current allocated memory: 262.973 MB.
INFO: [BIND 205-100] Starting micro-architecture generation ...
INFO: [BIND 205-101] Performing variable lifetime analysis.
INFO: [BIND 205-101] Exploring resource sharing.
INFO: [BIND 205-101] Binding ...
INFO: [BIND 205-100] Finished micro-architecture generation.
INFO: [HLS 200-111] Finished Binding: CPU user time: 1 seconds. CPU system time: 0 seconds. Elapsed time: 0.069 seconds; current allocated memory: 263.172 MB.
INFO: [HLS 200-10] ----------------------------------------------------------------
INFO: [HLS 200-42] -- Implementing module 'maxpool_add_kernel' 
INFO: [HLS 200-10] ----------------------------------------------------------------
INFO: [SCHED 204-11] Starting scheduling ...
WARNING: [SCHED 204-65] Unable to satisfy pipeline directive for loop 'LOAD_MP_IN_VITIS_LOOP_80_1': contains subloop(s) that are not unrolled or flattened.
INFO: [SCHED 204-11] Finished scheduling.
INFO: [HLS 200-111] Finished Scheduling: CPU user time: 0 seconds. CPU system time: 0 seconds. Elapsed time: 0.155 seconds; current allocated memory: 266.789 MB.
INFO: [BIND 205-100] Starting micro-architecture generation ...
INFO: [BIND 205-101] Performing variable lifetime analysis.
INFO: [BIND 205-101] Exploring resource sharing.
INFO: [BIND 205-101] Binding ...
INFO: [BIND 205-100] Finished micro-architecture generation.
INFO: [HLS 200-111] Finished Binding: CPU user time: 0 seconds. CPU system time: 0 seconds. Elapsed time: 0.058 seconds; current allocated memory: 266.887 MB.
INFO: [HLS 200-10] ----------------------------------------------------------------
INFO: [HLS 200-42] -- Implementing module 'avgpool_add_kernel_Pipeline_CLEAR_AP_VITIS_LOOP_196_3' 
INFO: [HLS 200-10] ----------------------------------------------------------------
INFO: [SCHED 204-11] Starting scheduling ...
INFO: [SCHED 204-61] Pipelining loop 'CLEAR_AP_VITIS_LOOP_196_3'.
INFO: [HLS 200-1470] Pipelining result : Target II = 1, Final II = 1, Depth = 2, loop 'CLEAR_AP_VITIS_LOOP_196_3'
INFO: [SCHED 204-11] Finished scheduling.
INFO: [HLS 200-111] Finished Scheduling: CPU user time: 0 seconds. CPU system time: 0 seconds. Elapsed time: 0.078 seconds; current allocated memory: 267.148 MB.
INFO: [BIND 205-100] Starting micro-architecture generation ...
INFO: [BIND 205-101] Performing variable lifetime analysis.
INFO: [BIND 205-101] Exploring resource sharing.
INFO: [BIND 205-101] Binding ...
INFO: [BIND 205-100] Finished micro-architecture generation.
INFO: [HLS 200-111] Finished Binding: CPU user time: 0 seconds. CPU system time: 0 seconds. Elapsed time: 0.03 seconds; current allocated memory: 267.160 MB.
INFO: [HLS 200-10] ----------------------------------------------------------------
INFO: [HLS 200-42] -- Implementing module 'avgpool_add_kernel_Pipeline_COMPUTE_AP_TC' 
INFO: [HLS 200-10] ----------------------------------------------------------------
INFO: [SCHED 204-11] Starting scheduling ...
INFO: [SCHED 204-61] Pipelining loop 'COMPUTE_AP_TC'.
INFO: [HLS 200-1470] Pipelining result : Target II = 1, Final II = 1, Depth = 72, loop 'COMPUTE_AP_TC'
INFO: [SCHED 204-11] Finished scheduling.
INFO: [HLS 200-111] Finished Scheduling: CPU user time: 0 seconds. CPU system time: 0 seconds. Elapsed time: 0.061 seconds; current allocated memory: 267.801 MB.
INFO: [BIND 205-100] Starting micro-architecture generation ...
INFO: [BIND 205-101] Performing variable lifetime analysis.
INFO: [BIND 205-101] Exploring resource sharing.
INFO: [BIND 205-101] Binding ...
INFO: [BIND 205-100] Finished micro-architecture generation.
INFO: [HLS 200-111] Finished Binding: CPU user time: 0 seconds. CPU system time: 0 seconds. Elapsed time: 0.039 seconds; current allocated memory: 267.859 MB.
INFO: [HLS 200-10] ----------------------------------------------------------------
INFO: [HLS 200-42] -- Implementing module 'avgpool_add_kernel' 
INFO: [HLS 200-10] ----------------------------------------------------------------
INFO: [SCHED 204-11] Starting scheduling ...
INFO: [HLS 200-486] Changing DSP latency (root=empty_101) to 3 in order to utilize available DSP registers.
WARNING: [SCHED 204-65] Unable to satisfy pipeline directive for loop 'LOAD_AP_IN_VITIS_LOOP_178_1': contains subloop(s) that are not unrolled or flattened.
WARNING: [SCHED 204-65] Unable to satisfy pipeline directive for loop 'VITIS_LOOP_227_5': contains subloop(s) that are not unrolled or flattened.
INFO: [SCHED 204-11] Finished scheduling.
INFO: [HLS 200-111] Finished Scheduling: CPU user time: 0 seconds. CPU system time: 0 seconds. Elapsed time: 0.158 seconds; current allocated memory: 274.465 MB.
INFO: [BIND 205-100] Starting micro-architecture generation ...
INFO: [BIND 205-101] Performing variable lifetime analysis.
INFO: [BIND 205-101] Exploring resource sharing.
INFO: [BIND 205-101] Binding ...
INFO: [BIND 205-100] Finished micro-architecture generation.
INFO: [HLS 200-111] Finished Binding: CPU user time: 0 seconds. CPU system time: 0 seconds. Elapsed time: 0.074 seconds; current allocated memory: 274.504 MB.
INFO: [HLS 200-10] ----------------------------------------------------------------
INFO: [HLS 200-42] -- Implementing module 'pool_add_ip' 
INFO: [HLS 200-10] ----------------------------------------------------------------
INFO: [SCHED 204-11] Starting scheduling ...
INFO: [SCHED 204-11] Finished scheduling.
INFO: [HLS 200-111] Finished Scheduling: CPU user time: 0 seconds. CPU system time: 0 seconds. Elapsed time: 0.098 seconds; current allocated memory: 274.715 MB.
INFO: [BIND 205-100] Starting micro-architecture generation ...
INFO: [BIND 205-101] Performing variable lifetime analysis.
INFO: [BIND 205-101] Exploring resource sharing.
INFO: [BIND 205-101] Binding ...
INFO: [BIND 205-100] Finished micro-architecture generation.
INFO: [HLS 200-111] Finished Binding: CPU user time: 0 seconds. CPU system time: 0 seconds. Elapsed time: 0.042 seconds; current allocated memory: 275.348 MB.
INFO: [HLS 200-10] ----------------------------------------------------------------
INFO: [HLS 200-10] -- Generating RTL for module 'pool_add_ip_Pipeline_LOOP_GAP_H_LOOP_GAP_W' 
INFO: [HLS 200-10] ----------------------------------------------------------------
INFO: [HLS 200-1030] Apply Unified Pipeline Control on module 'pool_add_ip_Pipeline_LOOP_GAP_H_LOOP_GAP_W' pipeline 'LOOP_GAP_H_LOOP_GAP_W' pipeline type 'loop pipeline'
INFO: [RTGEN 206-100] Generating core module 'mul_31ns_32s_63_2_1': 1 instance(s).
INFO: [RTGEN 206-100] Finished creating RTL model for 'pool_add_ip_Pipeline_LOOP_GAP_H_LOOP_GAP_W'.
INFO: [HLS 200-111] Finished Creating RTL model: CPU user time: 0 seconds. CPU system time: 0 seconds. Elapsed time: 0.103 seconds; current allocated memory: 277.504 MB.
INFO: [HLS 200-10] ----------------------------------------------------------------
INFO: [HLS 200-10] -- Generating RTL for module 'pool_add_ip_Pipeline_WRITE_GAP' 
INFO: [HLS 200-10] ----------------------------------------------------------------
INFO: [HLS 200-1030] Apply Unified Pipeline Control on module 'pool_add_ip_Pipeline_WRITE_GAP' pipeline 'WRITE_GAP' pipeline type 'loop pipeline'
WARNING: [RTGEN 206-101] Setting dangling out port 'pool_add_ip_Pipeline_WRITE_GAP/m_axi_gmem1_0_ARVALID' to 0.
WARNING: [RTGEN 206-101] Setting dangling out port 'pool_add_ip_Pipeline_WRITE_GAP/m_axi_gmem1_0_ARADDR' to 0.
WARNING: [RTGEN 206-101] Setting dangling out port 'pool_add_ip_Pipeline_WRITE_GAP/m_axi_gmem1_0_ARID' to 0.
WARNING: [RTGEN 206-101] Setting dangling out port 'pool_add_ip_Pipeline_WRITE_GAP/m_axi_gmem1_0_ARLEN' to 0.
WARNING: [RTGEN 206-101] Setting dangling out port 'pool_add_ip_Pipeline_WRITE_GAP/m_axi_gmem1_0_ARSIZE' to 0.
WARNING: [RTGEN 206-101] Setting dangling out port 'pool_add_ip_Pipeline_WRITE_GAP/m_axi_gmem1_0_ARBURST' to 0.
WARNING: [RTGEN 206-101] Setting dangling out port 'pool_add_ip_Pipeline_WRITE_GAP/m_axi_gmem1_0_ARLOCK' to 0.
WARNING: [RTGEN 206-101] Setting dangling out port 'pool_add_ip_Pipeline_WRITE_GAP/m_axi_gmem1_0_ARCACHE' to 0.
WARNING: [RTGEN 206-101] Setting dangling out port 'pool_add_ip_Pipeline_WRITE_GAP/m_axi_gmem1_0_ARPROT' to 0.
WARNING: [RTGEN 206-101] Setting dangling out port 'pool_add_ip_Pipeline_WRITE_GAP/m_axi_gmem1_0_ARQOS' to 0.
WARNING: [RTGEN 206-101] Setting dangling out port 'pool_add_ip_Pipeline_WRITE_GAP/m_axi_gmem1_0_ARREGION' to 0.
WARNING: [RTGEN 206-101] Setting dangling out port 'pool_add_ip_Pipeline_WRITE_GAP/m_axi_gmem1_0_ARUSER' to 0.
WARNING: [RTGEN 206-101] Setting dangling out port 'pool_add_ip_Pipeline_WRITE_GAP/m_axi_gmem2_0_AWVALID' to 0.
WARNING: [RTGEN 206-101] Setting dangling out port 'pool_add_ip_Pipeline_WRITE_GAP/m_axi_gmem2_0_AWADDR' to 0.
WARNING: [RTGEN 206-101] Setting dangling out port 'pool_add_ip_Pipeline_WRITE_GAP/m_axi_gmem2_0_AWID' to 0.
WARNING: [RTGEN 206-101] Setting dangling out port 'pool_add_ip_Pipeline_WRITE_GAP/m_axi_gmem2_0_AWLEN' to 0.
WARNING: [RTGEN 206-101] Setting dangling out port 'pool_add_ip_Pipeline_WRITE_GAP/m_axi_gmem2_0_AWSIZE' to 0.
WARNING: [RTGEN 206-101] Setting dangling out port 'pool_add_ip_Pipeline_WRITE_GAP/m_axi_gmem2_0_AWBURST' to 0.
WARNING: [RTGEN 206-101] Setting dangling out port 'pool_add_ip_Pipeline_WRITE_GAP/m_axi_gmem2_0_AWLOCK' to 0.
WARNING: [RTGEN 206-101] Setting dangling out port 'pool_add_ip_Pipeline_WRITE_GAP/m_axi_gmem2_0_AWCACHE' to 0.
WARNING: [RTGEN 206-101] Setting dangling out port 'pool_add_ip_Pipeline_WRITE_GAP/m_axi_gmem2_0_AWPROT' to 0.
WARNING: [RTGEN 206-101] Setting dangling out port 'pool_add_ip_Pipeline_WRITE_GAP/m_axi_gmem2_0_AWQOS' to 0.
WARNING: [RTGEN 206-101] Setting dangling out port 'pool_add_ip_Pipeline_WRITE_GAP/m_axi_gmem2_0_AWREGION' to 0.
WARNING: [RTGEN 206-101] Setting dangling out port 'pool_add_ip_Pipeline_WRITE_GAP/m_axi_gmem2_0_AWUSER' to 0.
WARNING: [RTGEN 206-101] Setting dangling out port 'pool_add_ip_Pipeline_WRITE_GAP/m_axi_gmem2_0_BREADY' to 0.
INFO: [RTGEN 206-100] Finished creating RTL model for 'pool_add_ip_Pipeline_WRITE_GAP'.
INFO: [HLS 200-111] Finished Creating RTL model: CPU user time: 0 seconds. CPU system time: 0 seconds. Elapsed time: 0.225 seconds; current allocated memory: 279.453 MB.
INFO: [HLS 200-10] ----------------------------------------------------------------
INFO: [HLS 200-10] -- Generating RTL for module 'maxpool_add_kernel_Pipeline_COMPUTE_MP_TC' 
INFO: [HLS 200-10] ----------------------------------------------------------------
INFO: [HLS 200-1030] Apply Unified Pipeline Control on module 'maxpool_add_kernel_Pipeline_COMPUTE_MP_TC' pipeline 'COMPUTE_MP_TC' pipeline type 'loop pipeline'
INFO: [RTGEN 206-104] Estimated max fanout for 'maxpool_add_kernel_Pipeline_COMPUTE_MP_TC' is 5323 from HDL expression: ((1'b0 == ap_block_pp0_stage0_11001_grp2) & (1'b1 == ap_CS_fsm_pp0_stage0))
INFO: [RTGEN 206-100] Generating core module 'mul_64ns_66ns_129_5_1': 4 instance(s).
INFO: [RTGEN 206-100] Generating core module 'sparsemux_7_2_8_1_1': 18 instance(s).
INFO: [RTGEN 206-100] Generating core module 'urem_64ns_3ns_2_68_1': 1 instance(s).
INFO: [RTGEN 206-100] Finished creating RTL model for 'maxpool_add_kernel_Pipeline_COMPUTE_MP_TC'.
INFO: [HLS 200-111] Finished Creating RTL model: CPU user time: 0 seconds. CPU system time: 0 seconds. Elapsed time: 0.322 seconds; current allocated memory: 288.625 MB.
INFO: [HLS 200-10] ----------------------------------------------------------------
INFO: [HLS 200-10] -- Generating RTL for module 'maxpool_add_kernel' 
INFO: [HLS 200-10] ----------------------------------------------------------------
INFO: [RTGEN 206-100] Generating core module 'mul_28ns_29s_29_2_1': 1 instance(s).
INFO: [RTGEN 206-100] Generating core module 'mul_30ns_32s_62_2_1': 1 instance(s).
INFO: [RTGEN 206-100] Generating core module 'mul_31ns_32s_32_2_1': 1 instance(s).
INFO: [RTGEN 206-100] Generating core module 'mul_32s_32s_32_2_1': 1 instance(s).
INFO: [RTGEN 206-100] Generating core module 'mul_33s_32s_64_2_1': 1 instance(s).
INFO: [RTGEN 206-100] Generating core module 'mul_5s_5s_5_1_1': 1 instance(s).
INFO: [RTGEN 206-100] Generating core module 'mul_62s_32s_63_5_1': 1 instance(s).
INFO: [RTGEN 206-100] Generating core module 'mul_64ns_66ns_129_5_1': 1 instance(s).
INFO: [RTGEN 206-100] Generating core module 'mul_64s_32s_64_5_1': 1 instance(s).
INFO: [RTGEN 206-100] Generating core module 'sdiv_32ns_32s_32_36_seq_1': 2 instance(s).
INFO: [RTGEN 206-100] Finished creating RTL model for 'maxpool_add_kernel'.
INFO: [HLS 200-111] Finished Creating RTL model: CPU user time: 1 seconds. CPU system time: 0 seconds. Elapsed time: 0.412 seconds; current allocated memory: 298.113 MB.
INFO: [HLS 200-10] ----------------------------------------------------------------
INFO: [HLS 200-10] -- Generating RTL for module 'avgpool_add_kernel_Pipeline_CLEAR_AP_VITIS_LOOP_196_3' 
INFO: [HLS 200-10] ----------------------------------------------------------------
INFO: [HLS 200-1030] Apply Unified Pipeline Control on module 'avgpool_add_kernel_Pipeline_CLEAR_AP_VITIS_LOOP_196_3' pipeline 'CLEAR_AP_VITIS_LOOP_196_3' pipeline type 'loop pipeline'
INFO: [RTGEN 206-100] Finished creating RTL model for 'avgpool_add_kernel_Pipeline_CLEAR_AP_VITIS_LOOP_196_3'.
INFO: [HLS 200-111] Finished Creating RTL model: CPU user time: 0 seconds. CPU system time: 0 seconds. Elapsed time: 0.25 seconds; current allocated memory: 305.641 MB.
INFO: [HLS 200-10] ----------------------------------------------------------------
INFO: [HLS 200-10] -- Generating RTL for module 'avgpool_add_kernel_Pipeline_COMPUTE_AP_TC' 
INFO: [HLS 200-10] ----------------------------------------------------------------
INFO: [HLS 200-1030] Apply Unified Pipeline Control on module 'avgpool_add_kernel_Pipeline_COMPUTE_AP_TC' pipeline 'COMPUTE_AP_TC' pipeline type 'loop pipeline'
INFO: [RTGEN 206-100] Generating core module 'mul_64ns_66ns_129_5_1': 1 instance(s).
INFO: [RTGEN 206-100] Generating core module 'sparsemux_17_3_32_1_1': 2 instance(s).
INFO: [RTGEN 206-100] Generating core module 'sparsemux_7_2_8_1_1': 2 instance(s).
INFO: [RTGEN 206-100] Generating core module 'urem_64s_3ns_2_68_1': 1 instance(s).
INFO: [RTGEN 206-100] Finished creating RTL model for 'avgpool_add_kernel_Pipeline_COMPUTE_AP_TC'.
INFO: [HLS 200-111] Finished Creating RTL model: CPU user time: 0 seconds. CPU system time: 0 seconds. Elapsed time: 0.148 seconds; current allocated memory: 308.266 MB.
INFO: [HLS 200-10] ----------------------------------------------------------------
INFO: [HLS 200-10] -- Generating RTL for module 'avgpool_add_kernel' 
INFO: [HLS 200-10] ----------------------------------------------------------------
INFO: [RTGEN 206-100] Generating core module 'mac_muladd_5s_5s_5ns_5_4_1': 1 instance(s).
INFO: [RTGEN 206-100] Generating core module 'mul_28ns_29s_29_2_1': 1 instance(s).
INFO: [RTGEN 206-100] Generating core module 'mul_28ns_32s_60_2_1': 1 instance(s).
INFO: [RTGEN 206-100] Generating core module 'mul_31ns_32s_32_2_1': 1 instance(s).
INFO: [RTGEN 206-100] Generating core module 'mul_32ns_32s_64_2_1': 1 instance(s).
INFO: [RTGEN 206-100] Generating core module 'mul_32s_32s_32_2_1': 1 instance(s).
INFO: [RTGEN 206-100] Generating core module 'mul_33s_32s_64_2_1': 1 instance(s).
INFO: [RTGEN 206-100] Generating core module 'mul_64ns_66ns_129_5_1': 1 instance(s).
INFO: [RTGEN 206-100] Generating core module 'mul_64s_32s_64_5_1': 1 instance(s).
INFO: [RTGEN 206-100] Generating core module 'sdiv_32ns_32s_32_36_seq_1': 2 instance(s).
INFO: [RTGEN 206-100] Generating core module 'sparsemux_17_3_32_1_1': 2 instance(s).
INFO: [RTGEN 206-100] Finished creating RTL model for 'avgpool_add_kernel'.
INFO: [RTMG 210-278] Implementing memory 'pool_add_ip_avgpool_add_kernel_p_ZL7acc_buf_0_0_RAM_AUTO_1R1W' using auto RAMs.
INFO: [HLS 200-111] Finished Creating RTL model: CPU user time: 0 seconds. CPU system time: 0 seconds. Elapsed time: 0.293 seconds; current allocated memory: 317.621 MB.
INFO: [HLS 200-10] ----------------------------------------------------------------
INFO: [HLS 200-10] -- Generating RTL for module 'pool_add_ip' 
INFO: [HLS 200-10] ----------------------------------------------------------------
WARNING: [RTGEN 206-101] Design contains AXI ports. Reset is fixed to synchronous and active low.
INFO: [RTGEN 206-500] Setting interface mode on port 'pool_add_ip/gmem0' to 'm_axi'.
INFO: [RTGEN 206-500] Setting interface mode on port 'pool_add_ip/gmem1' to 'm_axi'.
INFO: [RTGEN 206-500] Setting interface mode on port 'pool_add_ip/gmem2' to 'm_axi'.
INFO: [RTGEN 206-500] Setting interface mode on port 'pool_add_ip/feat_in' to 's_axilite & ap_none'.
INFO: [RTGEN 206-500] Setting interface mode on port 'pool_add_ip/feat_res' to 's_axilite & ap_none'.
INFO: [RTGEN 206-500] Setting interface mode on port 'pool_add_ip/feat_out' to 's_axilite & ap_none'.
INFO: [RTGEN 206-500] Setting interface mode on port 'pool_add_ip/CH' to 's_axilite & ap_none'.
INFO: [RTGEN 206-500] Setting interface mode on port 'pool_add_ip/Hin' to 's_axilite & ap_none'.
INFO: [RTGEN 206-500] Setting interface mode on port 'pool_add_ip/Win' to 's_axilite & ap_none'.
INFO: [RTGEN 206-500] Setting interface mode on port 'pool_add_ip/Kh' to 's_axilite & ap_none'.
INFO: [RTGEN 206-500] Setting interface mode on port 'pool_add_ip/Kw' to 's_axilite & ap_none'.
INFO: [RTGEN 206-500] Setting interface mode on port 'pool_add_ip/stride_h' to 's_axilite & ap_none'.
INFO: [RTGEN 206-500] Setting interface mode on port 'pool_add_ip/stride_w' to 's_axilite & ap_none'.
INFO: [RTGEN 206-500] Setting interface mode on port 'pool_add_ip/pad_h' to 's_axilite & ap_none'.
INFO: [RTGEN 206-500] Setting interface mode on port 'pool_add_ip/pad_w' to 's_axilite & ap_none'.
INFO: [RTGEN 206-500] Setting interface mode on port 'pool_add_ip/pool_mode' to 's_axilite & ap_none'.
INFO: [RTGEN 206-500] Setting interface mode on port 'pool_add_ip/add_en' to 's_axilite & ap_none'.
INFO: [RTGEN 206-500] Setting interface mode on port 'pool_add_ip/out_shift' to 's_axilite & ap_none'.
INFO: [RTGEN 206-500] Setting interface mode on function 'pool_add_ip' to 's_axilite & ap_ctrl_hs'.
INFO: [RTGEN 206-100] Bundling port 'feat_in', 'feat_res' and 'feat_out' to AXI-Lite port control.
INFO: [RTGEN 206-100] Bundling port 'CH', 'Hin', 'Win', 'Kh', 'Kw', 'stride_h', 'stride_w', 'pad_h', 'pad_w', 'pool_mode', 'add_en', 'out_shift' to AXI-Lite port ctrl.
INFO: [RTGEN 206-100] Generating core module 'mul_28ns_29s_29_2_1': 1 instance(s).
INFO: [RTGEN 206-100] Generating core module 'mul_31ns_31ns_62_2_1': 1 instance(s).
INFO: [RTGEN 206-100] Generating core module 'mul_31ns_32s_32_2_1': 1 instance(s).
INFO: [RTGEN 206-100] Generating core module 'mul_32s_32s_32_2_1': 1 instance(s).
INFO: [RTGEN 206-100] Generating core module 'mul_33s_32s_64_2_1': 1 instance(s).
INFO: [RTGEN 206-100] Generating core module 'mul_64ns_66ns_129_5_1': 1 instance(s).
INFO: [RTGEN 206-100] Generating core module 'mul_64s_32s_64_5_1': 1 instance(s).
INFO: [RTGEN 206-100] Finished creating RTL model for 'pool_add_ip'.
INFO: [RTMG 210-278] Implementing memory 'pool_add_ip_p_ZL6in_buf_0_0_RAM_AUTO_1R1W' using auto RAMs.
INFO: [HLS 200-111] Finished Creating RTL model: CPU user time: 0 seconds. CPU system time: 1 seconds. Elapsed time: 0.57 seconds; current allocated memory: 329.676 MB.
INFO: [HLS 200-111] Finished Generating all RTL models: CPU user time: 1 seconds. CPU system time: 0 seconds. Elapsed time: 0.648 seconds; current allocated memory: 336.855 MB.
INFO: [HLS 200-1603] Design has inferred MAXI bursts and missed bursts, see Vitis HLS GUI synthesis summary report for detailed information.
INFO: [HLS 200-111] Finished Updating report files: CPU user time: 0 seconds. CPU system time: 0 seconds. Elapsed time: 0.936 seconds; current allocated memory: 351.977 MB.
INFO: [VHDL 208-304] Generating VHDL RTL for pool_add_ip.
INFO: [VLOG 209-307] Generating Verilog RTL for pool_add_ip.
INFO: [HLS 200-790] **** Loop Constraint Status: All loop constraints were NOT satisfied.
INFO: [HLS 200-789] **** Estimated Fmax: 136.99 MHz
INFO: [HLS 200-2161] Finished Command csynth_design Elapsed time: 00:00:16; Allocated memory: 200.355 MB.
==============================================================
Vitis HLS - High-Level Synthesis from C, C++ and OpenCL v2024.2 (64-bit)
Tool Version Limit: 2024.11
Copyright 1986-2022 Xilinx, Inc. All Rights Reserved.
Copyright 2022-2024 Advanced Micro Devices, Inc. All Rights Reserved.

==============================================================
INFO: [SYN 201-201] Setting up clock 'default' with a period of 10ns.
INFO: [HLS 200-1611] Setting target device to 'xc7z020-clg400-1'
INFO: [HLS 200-1505] Using flow_target 'vivado'
INFO: [HLS 200-1510] Running: set_part xc7z020clg400-1 
INFO: [HLS 200-1510] Running: create_clock -period 10 -name default 
INFO: [HLS 200-1510] Running: csim_design 
INFO: [SIM 211-2] *************** CSIM start ***************
INFO: [SIM 211-4] CSIM will launch CLANG as the compiler.
INFO: [HLS 200-2036] Building debug C Simulation binaries
INFO: [SIM 211-1] CSim done with 0 errors.
INFO: [SIM 211-3] *************** CSIM finish ***************
INFO: [HLS 200-2161] Finished Command csim_design Elapsed time: 00:00:03; Allocated memory: 0.402 MB.
INFO: [HLS 200-1510] Running: csynth_design 
INFO: [HLS 200-111] Finished File checks and directory preparation: CPU user time: 0 seconds. CPU system time: 0 seconds. Elapsed time: 0.151 seconds; current allocated memory: 210.590 MB.
INFO: [HLS 200-10] Analyzing design file 'pool_add_ip.cpp' ... 
INFO: [HLS 200-111] Finished Source Code Analysis and Preprocessing: CPU user time: 0 seconds. CPU system time: 0 seconds. Elapsed time: 2.879 seconds; current allocated memory: 212.613 MB.
INFO: [HLS 200-777] Using interface defaults for 'Vivado' flow target.
INFO: [HLS 200-1995] There were 2,506 instructions in the design after the 'Compile/Link' phase of compilation. See the Design Size Report for more details: E:/codes/microzed/fastvit_hls/pool_add_ip/pool_add_ip_proj/solution1/syn/report/csynth_design_size.rpt
INFO: [HLS 200-1995] There were 810 instructions in the design after the 'Unroll/Inline (step 1)' phase of compilation. See the Design Size Report for more details: E:/codes/microzed/fastvit_hls/pool_add_ip/pool_add_ip_proj/solution1/syn/report/csynth_design_size.rpt
INFO: [HLS 200-1995] There were 611 instructions in the design after the 'Unroll/Inline (step 2)' phase of compilation. See the Design Size Report for more details: E:/codes/microzed/fastvit_hls/pool_add_ip/pool_add_ip_proj/solution1/syn/report/csynth_design_size.rpt
INFO: [HLS 200-1995] There were 610 instructions in the design after the 'Unroll/Inline (step 3)' phase of compilation. See the Design Size Report for more details: E:/codes/microzed/fastvit_hls/pool_add_ip/pool_add_ip_proj/solution1/syn/report/csynth_design_size.rpt
INFO: [HLS 200-1995] There were 584 instructions in the design after the 'Unroll/Inline (step 4)' phase of compilation. See the Design Size Report for more details: E:/codes/microzed/fastvit_hls/pool_add_ip/pool_add_ip_proj/solution1/syn/report/csynth_design_size.rpt
INFO: [HLS 200-1995] There were 589 instructions in the design after the 'Array/Struct (step 1)' phase of compilation. See the Design Size Report for more details: E:/codes/microzed/fastvit_hls/pool_add_ip/pool_add_ip_proj/solution1/syn/report/csynth_design_size.rpt
INFO: [HLS 200-1995] There were 589 instructions in the design after the 'Array/Struct (step 2)' phase of compilation. See the Design Size Report for more details: E:/codes/microzed/fastvit_hls/pool_add_ip/pool_add_ip_proj/solution1/syn/report/csynth_design_size.rpt
INFO: [HLS 200-1995] There were 589 instructions in the design after the 'Array/Struct (step 3)' phase of compilation. See the Design Size Report for more details: E:/codes/microzed/fastvit_hls/pool_add_ip/pool_add_ip_proj/solution1/syn/report/csynth_design_size.rpt
INFO: [HLS 200-1995] There were 589 instructions in the design after the 'Array/Struct (step 4)' phase of compilation. See the Design Size Report for more details: E:/codes/microzed/fastvit_hls/pool_add_ip/pool_add_ip_proj/solution1/syn/report/csynth_design_size.rpt
INFO: [HLS 200-1995] There were 638 instructions in the design after the 'Array/Struct (step 5)' phase of compilation. See the Design Size Report for more details: E:/codes/microzed/fastvit_hls/pool_add_ip/pool_add_ip_proj/solution1/syn/report/csynth_design_size.rpt
INFO: [HLS 200-1995] There were 636 instructions in the design after the 'Performance (step 1)' phase of compilation. See the Design Size Report for more details: E:/codes/microzed/fastvit_hls/pool_add_ip/pool_add_ip_proj/solution1/syn/report/csynth_design_size.rpt
INFO: [HLS 200-1995] There were 634 instructions in the design after the 'Performance (step 2)' phase of compilation. See the Design Size Report for more details: E:/codes/microzed/fastvit_hls/pool_add_ip/pool_add_ip_proj/solution1/syn/report/csynth_design_size.rpt
INFO: [HLS 200-1995] There were 1,225 instructions in the design after the 'Performance (step 3)' phase of compilation. See the Design Size Report for more details: E:/codes/microzed/fastvit_hls/pool_add_ip/pool_add_ip_proj/solution1/syn/report/csynth_design_size.rpt
INFO: [HLS 200-1995] There were 1,105 instructions in the design after the 'Performance (step 4)' phase of compilation. See the Design Size Report for more details: E:/codes/microzed/fastvit_hls/pool_add_ip/pool_add_ip_proj/solution1/syn/report/csynth_design_size.rpt
INFO: [HLS 200-1995] There were 1,141 instructions in the design after the 'HW Transforms (step 1)' phase of compilation. See the Design Size Report for more details: E:/codes/microzed/fastvit_hls/pool_add_ip/pool_add_ip_proj/solution1/syn/report/csynth_design_size.rpt
INFO: [HLS 200-1995] There were 1,177 instructions in the design after the 'HW Transforms (step 2)' phase of compilation. See the Design Size Report for more details: E:/codes/microzed/fastvit_hls/pool_add_ip/pool_add_ip_proj/solution1/syn/report/csynth_design_size.rpt
INFO: [HLS 214-131] Inlining function 'saturate(ap_int<32>)' into 'maxpool_add_kernel(ap_int<8>*, ap_int<8>*, ap_int<8>*, int, int, int, int, int, int, int, int, int, int)' (pool_add_ip.cpp:122:53)
INFO: [HLS 214-131] Inlining function 'saturate(ap_int<32>)' into 'global_avgpool_add_kernel(ap_int<8>*, ap_int<8>*, ap_int<8>*, int, int, int, int, int)' (pool_add_ip.cpp:302:37)
INFO: [HLS 214-131] Inlining function 'saturate(ap_int<32>)' into 'avgpool_add_kernel(ap_int<8>*, ap_int<8>*, ap_int<8>*, int, int, int, int, int, int, int, int, int, int, int)' (pool_add_ip.cpp:236:53)
INFO: [HLS 214-291] Loop 'VITIS_LOOP_180_2' is marked as complete unroll implied by the pipeline pragma (pool_add_ip.cpp:180:20)
INFO: [HLS 214-291] Loop 'VITIS_LOOP_198_4' is marked as complete unroll implied by the pipeline pragma (pool_add_ip.cpp:198:20)
INFO: [HLS 214-291] Loop 'COMPUTE_AP_TN' is marked as complete unroll implied by the pipeline pragma (pool_add_ip.cpp:215:33)
INFO: [HLS 214-291] Loop 'VITIS_LOOP_229_6' is marked as complete unroll implied by the pipeline pragma (pool_add_ip.cpp:229:20)
INFO: [HLS 214-291] Loop 'VITIS_LOOP_285_2' is marked as complete unroll implied by the pipeline pragma (pool_add_ip.cpp:285:20)
INFO: [HLS 214-291] Loop 'VITIS_LOOP_82_2' is marked as complete unroll implied by the pipeline pragma (pool_add_ip.cpp:82:19)
INFO: [HLS 214-291] Loop 'COMPUTE_MP_TN' is marked as complete unroll implied by the pipeline pragma (pool_add_ip.cpp:103:25)
INFO: [HLS 214-291] Loop 'COMPUTE_MP_KH' is marked as complete unroll implied by the pipeline pragma (pool_add_ip.cpp:108:29)
INFO: [HLS 214-291] Loop 'COMPUTE_MP_KW' is marked as complete unroll implied by the pipeline pragma (pool_add_ip.cpp:112:33)
INFO: [HLS 214-186] Unrolling loop 'VITIS_LOOP_198_4' (pool_add_ip.cpp:198:20) in function 'avgpool_add_kernel' completely with a factor of 4 (pool_add_ip.cpp:145:0)
INFO: [HLS 214-186] Unrolling loop 'COMPUTE_AP_TN' (pool_add_ip.cpp:215:33) in function 'avgpool_add_kernel' completely with a factor of 1 (pool_add_ip.cpp:145:0)
INFO: [HLS 214-186] Unrolling loop 'VITIS_LOOP_274_1' (pool_add_ip.cpp:274:27) in function 'global_avgpool_add_kernel' completely with a factor of 1 (pool_add_ip.cpp:260:0)
INFO: [HLS 214-186] Unrolling loop 'VITIS_LOOP_285_2' (pool_add_ip.cpp:285:20) in function 'global_avgpool_add_kernel' completely with a factor of 1 (pool_add_ip.cpp:260:0)
INFO: [HLS 214-186] Unrolling loop 'COMPUTE_MP_TN' (pool_add_ip.cpp:103:25) in function 'maxpool_add_kernel' completely with a factor of 1 (pool_add_ip.cpp:47:0)
INFO: [HLS 214-186] Unrolling loop 'COMPUTE_MP_KH' (pool_add_ip.cpp:108:29) in function 'maxpool_add_kernel' completely with a factor of 3 (pool_add_ip.cpp:47:0)
INFO: [HLS 214-186] Unrolling loop 'COMPUTE_MP_KW' (pool_add_ip.cpp:112:33) in function 'maxpool_add_kernel' completely with a factor of 3 (pool_add_ip.cpp:47:0)
INFO: [HLS 214-178] Inlining function 'global_avgpool_add_kernel(ap_int<8>*, ap_int<8>*, ap_int<8>*, int, int, int, int, int)' into 'pool_add_ip(ap_int<8>*, ap_int<8>*, ap_int<8>*, int, int, int, int, int, int, int, int, int, int, int, int)' (pool_add_ip.cpp:329:0)
INFO: [HLS 214-248] Applying array_partition to '_ZL7acc_buf': Complete partitioning on dimension 1. (pool_add_ip.cpp:25:0)
INFO: [HLS 214-248] Applying array_partition to '_ZL6in_buf': Complete partitioning on dimension 1. (pool_add_ip.cpp:24:0)
INFO: [HLS 214-437] Automatically disabling loop flattening for loop 'COMPUTE_AP_KW'. (pool_add_ip.cpp:208:21)
INFO: [HLS 214-270] Inferring pragma 'array_partition type=cyclic factor=3 dim=1' for array 'in_buf (.47)' due to pipeline pragma (pool_add_ip.cpp:100:9)
INFO: [HLS 214-270] Inferring pragma 'array_partition type=cyclic factor=3 dim=2' for array 'in_buf (.47)' due to pipeline pragma (pool_add_ip.cpp:100:9)
INFO: [HLS 214-270] Inferring pragma 'array_partition type=complete dim=2' for array 'acc_buf (.46)' due to pipeline pragma (pool_add_ip.cpp:197:9)
INFO: [HLS 214-248] Applying array_partition to '_ZL7acc_buf.46': Complete partitioning on dimension 2.
INFO: [HLS 214-248] Applying array_partition to '_ZL6in_buf.47': Cyclic partitioning with factor 3 on dimension 1. Cyclic partitioning with factor 3 on dimension 2.
INFO: [HLS 214-115] Multiple burst reads of variable length and bit width 8 in loop 'COMPUTE_MP_TC'(pool_add_ip.cpp:99:21) has been inferred on bundle 'gmem1'. These burst requests might be further partitioned into multiple requests during RTL generation, based on max_read_burst_length or max_write_burst_length settings. (pool_add_ip.cpp:99:21)
INFO: [HLS 214-115] Multiple burst writes of variable length and bit width 8 in loop 'COMPUTE_MP_TC'(pool_add_ip.cpp:99:21) has been inferred on bundle 'gmem2'. These burst requests might be further partitioned into multiple requests during RTL generation, based on max_read_burst_length or max_write_burst_length settings. (pool_add_ip.cpp:99:21)
INFO: [HLS 214-115] Multiple burst reads of variable length and bit width 8 in loop 'VITIS_LOOP_229_6'(pool_add_ip.cpp:229:20) has been inferred on bundle 'gmem1'. These burst requests might be further partitioned into multiple requests during RTL generation, based on max_read_burst_length or max_write_burst_length settings. (pool_add_ip.cpp:229:20)
INFO: [HLS 214-115] Multiple burst writes of variable length and bit width 8 in loop 'VITIS_LOOP_229_6'(pool_add_ip.cpp:229:20) has been inferred on bundle 'gmem2'. These burst requests might be further partitioned into multiple requests during RTL generation, based on max_read_burst_length or max_write_burst_length settings. (pool_add_ip.cpp:229:20)
INFO: [HLS 214-115] Multiple burst reads of variable length and bit width 8 in loop 'LOOP_GAP_TN'(pool_add_ip.cpp:268:5) has been inferred on bundle 'gmem1'. These burst requests might be further partitioned into multiple requests during RTL generation, based on max_read_burst_length or max_write_burst_length settings. (pool_add_ip.cpp:268:5)
INFO: [HLS 214-115] Multiple burst writes of variable length and bit width 8 in loop 'LOOP_GAP_TN'(pool_add_ip.cpp:268:5) has been inferred on bundle 'gmem2'. These burst requests might be further partitioned into multiple requests during RTL generation, based on max_read_burst_length or max_write_burst_length settings. (pool_add_ip.cpp:268:5)
INFO: [HLS 214-115] Multiple burst reads of variable length and bit width 8 in loop 'LOOP_GAP_H'(pool_add_ip.cpp:281:9) has been inferred on bundle 'gmem0'. These burst requests might be further partitioned into multiple requests during RTL generation, based on max_read_burst_length or max_write_burst_length settings. (pool_add_ip.cpp:281:9)
WARNING: [HLS 214-187] Cannot unroll loop 'VITIS_LOOP_180_2' (pool_add_ip.cpp:180:20) in function 'avgpool_add_kernel' as it has a variable trip count (pool_add_ip.cpp:180:20)
WARNING: [HLS 214-187] Cannot unroll loop 'VITIS_LOOP_229_6' (pool_add_ip.cpp:229:20) in function 'avgpool_add_kernel' as it has a variable trip count (pool_add_ip.cpp:229:20)
WARNING: [HLS 214-187] Cannot unroll loop 'VITIS_LOOP_82_2' (pool_add_ip.cpp:82:19) in function 'maxpool_add_kernel' as it has a variable trip count (pool_add_ip.cpp:82:19)
INFO: [HLS 200-111] Finished Compiling Optimization and Transform: CPU user time: 1 seconds. CPU system time: 0 seconds. Elapsed time: 7.879 seconds; current allocated memory: 214.879 MB.
INFO: [HLS 200-111] Finished Checking Pragmas: CPU user time: 0 seconds. CPU system time: 0 seconds. Elapsed time: 0.001 seconds; current allocated memory: 214.879 MB.
INFO: [HLS 200-10] Starting code transformations ...
INFO: [HLS 200-111] Finished Standard Transforms: CPU user time: 0 seconds. CPU system time: 0 seconds. Elapsed time: 0.075 seconds; current allocated memory: 221.324 MB.
INFO: [HLS 200-10] Checking synthesizability ...
INFO: [HLS 200-111] Finished Checking Synthesizability: CPU user time: 0 seconds. CPU system time: 0 seconds. Elapsed time: 0.08 seconds; current allocated memory: 224.117 MB.
INFO: [XFORM 203-401] Performing if-conversion on hyperblock from (pool_add_ip.cpp:100:9) to (pool_add_ip.cpp:120:33) in function 'maxpool_add_kernel'... converting 22 basic blocks.
INFO: [XFORM 203-11] Balancing expressions in function 'maxpool_add_kernel' (pool_add_ip.cpp:32:19)...6 expression(s) balanced.
INFO: [XFORM 203-11] Balancing expressions in function 'avgpool_add_kernel' (pool_add_ip.cpp:32:29)...6 expression(s) balanced.
INFO: [HLS 200-111] Finished Loop, function and other optimizations: CPU user time: 0 seconds. CPU system time: 0 seconds. Elapsed time: 0.303 seconds; current allocated memory: 247.680 MB.
INFO: [HLS 200-2061] Successfully converted nested loops 'LOOP_GAP_H'(pool_add_ip.cpp:281:9) and 'LOOP_GAP_W'(pool_add_ip.cpp:283:13) in function 'pool_add_ip' into perfectly nested loops.
INFO: [XFORM 203-541] Flattening a loop nest 'LOOP_GAP_H' (pool_add_ip.cpp:281:9) in function 'pool_add_ip'.
WARNING: [HLS 200-960] Cannot flatten loop 'LOOP_GAP_TN' (pool_add_ip.cpp:268:5) in function 'pool_add_ip' the outer loop is not a perfect loop because there is nontrivial logic before entering the inner loop.
WARNING: [HLS 200-960] Cannot flatten loop 'COMPUTE_MP_TR' (pool_add_ip.cpp:97:17) in function 'maxpool_add_kernel' the outer loop is not a perfect loop because there is nontrivial logic before entering the inner loop.
WARNING: [HLS 200-960] Cannot flatten loop 'COMPUTE_AP_TR' (pool_add_ip.cpp:210:25) in function 'avgpool_add_kernel' the outer loop is not a perfect loop because there is nontrivial logic before entering the inner loop.
INFO: [HLS 200-111] Finished Architecture Synthesis: CPU user time: 0 seconds. CPU system time: 0 seconds. Elapsed time: 0.378 seconds; current allocated memory: 296.879 MB.
INFO: [HLS 200-10] Starting hardware synthesis ...
INFO: [HLS 200-10] Synthesizing 'pool_add_ip' ...
INFO: [HLS 200-10] ----------------------------------------------------------------
INFO: [HLS 200-42] -- Implementing module 'pool_add_ip_Pipeline_LOOP_GAP_H_LOOP_GAP_W' 
INFO: [HLS 200-10] ----------------------------------------------------------------
INFO: [SCHED 204-11] Starting scheduling ...
INFO: [SCHED 204-61] Pipelining loop 'LOOP_GAP_H_LOOP_GAP_W'.
INFO: [HLS 200-1470] Pipelining result : Target II = 1, Final II = 1, Depth = 4, loop 'LOOP_GAP_H_LOOP_GAP_W'
INFO: [SCHED 204-11] Finished scheduling.
INFO: [HLS 200-111] Finished Scheduling: CPU user time: 0 seconds. CPU system time: 0 seconds. Elapsed time: 0.219 seconds; current allocated memory: 300.746 MB.
INFO: [BIND 205-100] Starting micro-architecture generation ...
INFO: [BIND 205-101] Performing variable lifetime analysis.
INFO: [BIND 205-101] Exploring resource sharing.
INFO: [BIND 205-101] Binding ...
INFO: [BIND 205-100] Finished micro-architecture generation.
INFO: [HLS 200-111] Finished Binding: CPU user time: 0 seconds. CPU system time: 0 seconds. Elapsed time: 0.041 seconds; current allocated memory: 301.758 MB.
INFO: [HLS 200-10] ----------------------------------------------------------------
INFO: [HLS 200-42] -- Implementing module 'maxpool_add_kernel_Pipeline_COMPUTE_MP_TC' 
INFO: [HLS 200-10] ----------------------------------------------------------------
INFO: [SCHED 204-11] Starting scheduling ...
INFO: [SCHED 204-61] Pipelining loop 'COMPUTE_MP_TC'.
INFO: [SCHED 204-61] Discarding stage scheduling solution.
INFO: [HLS 200-1470] Pipelining result : Target II = 1, Final II = 1, Depth = 80, loop 'COMPUTE_MP_TC'
INFO: [SCHED 204-11] Finished scheduling.
INFO: [HLS 200-111] Finished Scheduling: CPU user time: 1 seconds. CPU system time: 0 seconds. Elapsed time: 0.191 seconds; current allocated memory: 306.617 MB.
INFO: [BIND 205-100] Starting micro-architecture generation ...
INFO: [BIND 205-101] Performing variable lifetime analysis.
INFO: [BIND 205-101] Exploring resource sharing.
INFO: [BIND 205-101] Binding ...
INFO: [BIND 205-100] Finished micro-architecture generation.
INFO: [HLS 200-111] Finished Binding: CPU user time: 0 seconds. CPU system time: 0 seconds. Elapsed time: 0.092 seconds; current allocated memory: 306.688 MB.
INFO: [HLS 200-10] ----------------------------------------------------------------
INFO: [HLS 200-42] -- Implementing module 'maxpool_add_kernel' 
INFO: [HLS 200-10] ----------------------------------------------------------------
INFO: [SCHED 204-11] Starting scheduling ...
WARNING: [SCHED 204-65] Unable to satisfy pipeline directive for loop 'VITIS_LOOP_80_1': contains subloop(s) that are not unrolled or flattened.
INFO: [SCHED 204-11] Finished scheduling.
INFO: [HLS 200-111] Finished Scheduling: CPU user time: 0 seconds. CPU system time: 0 seconds. Elapsed time: 0.176 seconds; current allocated memory: 311.059 MB.
INFO: [BIND 205-100] Starting micro-architecture generation ...
INFO: [BIND 205-101] Performing variable lifetime analysis.
INFO: [BIND 205-101] Exploring resource sharing.
INFO: [BIND 205-101] Binding ...
INFO: [BIND 205-100] Finished micro-architecture generation.
INFO: [HLS 200-111] Finished Binding: CPU user time: 0 seconds. CPU system time: 0 seconds. Elapsed time: 0.101 seconds; current allocated memory: 311.098 MB.
INFO: [HLS 200-10] ----------------------------------------------------------------
INFO: [HLS 200-42] -- Implementing module 'avgpool_add_kernel_Pipeline_VITIS_LOOP_196_3' 
INFO: [HLS 200-10] ----------------------------------------------------------------
INFO: [SCHED 204-11] Starting scheduling ...
INFO: [SCHED 204-61] Pipelining loop 'VITIS_LOOP_196_3'.
INFO: [HLS 200-1470] Pipelining result : Target II = 1, Final II = 1, Depth = 1, loop 'VITIS_LOOP_196_3'
INFO: [SCHED 204-11] Finished scheduling.
INFO: [HLS 200-111] Finished Scheduling: CPU user time: 0 seconds. CPU system time: 0 seconds. Elapsed time: 0.133 seconds; current allocated memory: 311.156 MB.
INFO: [BIND 205-100] Starting micro-architecture generation ...
INFO: [BIND 205-101] Performing variable lifetime analysis.
INFO: [BIND 205-101] Exploring resource sharing.
INFO: [BIND 205-101] Binding ...
INFO: [BIND 205-100] Finished micro-architecture generation.
INFO: [HLS 200-111] Finished Binding: CPU user time: 0 seconds. CPU system time: 0 seconds. Elapsed time: 0.043 seconds; current allocated memory: 311.156 MB.
INFO: [HLS 200-10] ----------------------------------------------------------------
INFO: [HLS 200-42] -- Implementing module 'avgpool_add_kernel_Pipeline_COMPUTE_AP_TC' 
INFO: [HLS 200-10] ----------------------------------------------------------------
INFO: [SCHED 204-11] Starting scheduling ...
INFO: [SCHED 204-61] Pipelining loop 'COMPUTE_AP_TC'.
INFO: [HLS 200-1470] Pipelining result : Target II = 1, Final II = 1, Depth = 72, loop 'COMPUTE_AP_TC'
INFO: [SCHED 204-11] Finished scheduling.
INFO: [HLS 200-111] Finished Scheduling: CPU user time: 0 seconds. CPU system time: 0 seconds. Elapsed time: 0.079 seconds; current allocated memory: 311.605 MB.
INFO: [BIND 205-100] Starting micro-architecture generation ...
INFO: [BIND 205-101] Performing variable lifetime analysis.
INFO: [BIND 205-101] Exploring resource sharing.
INFO: [BIND 205-101] Binding ...
INFO: [BIND 205-100] Finished micro-architecture generation.
INFO: [HLS 200-111] Finished Binding: CPU user time: 0 seconds. CPU system time: 0 seconds. Elapsed time: 0.041 seconds; current allocated memory: 311.680 MB.
INFO: [HLS 200-10] ----------------------------------------------------------------
INFO: [HLS 200-42] -- Implementing module 'avgpool_add_kernel' 
INFO: [HLS 200-10] ----------------------------------------------------------------
INFO: [SCHED 204-11] Starting scheduling ...
WARNING: [SCHED 204-65] Unable to satisfy pipeline directive for loop 'VITIS_LOOP_178_1': contains subloop(s) that are not unrolled or flattened.
WARNING: [SCHED 204-65] Unable to satisfy pipeline directive for loop 'VITIS_LOOP_227_5': contains subloop(s) that are not unrolled or flattened.
INFO: [SCHED 204-11] Finished scheduling.
INFO: [HLS 200-111] Finished Scheduling: CPU user time: 0 seconds. CPU system time: 0 seconds. Elapsed time: 0.16 seconds; current allocated memory: 317.758 MB.
INFO: [BIND 205-100] Starting micro-architecture generation ...
INFO: [BIND 205-101] Performing variable lifetime analysis.
INFO: [BIND 205-101] Exploring resource sharing.
INFO: [BIND 205-101] Binding ...
INFO: [BIND 205-100] Finished micro-architecture generation.
INFO: [HLS 200-111] Finished Binding: CPU user time: 0 seconds. CPU system time: 0 seconds. Elapsed time: 0.078 seconds; current allocated memory: 317.816 MB.
INFO: [HLS 200-10] ----------------------------------------------------------------
INFO: [HLS 200-42] -- Implementing module 'pool_add_ip' 
INFO: [HLS 200-10] ----------------------------------------------------------------
INFO: [SCHED 204-11] Starting scheduling ...
INFO: [SCHED 204-11] Finished scheduling.
INFO: [HLS 200-111] Finished Scheduling: CPU user time: 0 seconds. CPU system time: 0 seconds. Elapsed time: 0.111 seconds; current allocated memory: 318.137 MB.
INFO: [BIND 205-100] Starting micro-architecture generation ...
INFO: [BIND 205-101] Performing variable lifetime analysis.
INFO: [BIND 205-101] Exploring resource sharing.
INFO: [BIND 205-101] Binding ...
INFO: [BIND 205-100] Finished micro-architecture generation.
INFO: [HLS 200-111] Finished Binding: CPU user time: 0 seconds. CPU system time: 0 seconds. Elapsed time: 0.052 seconds; current allocated memory: 318.531 MB.
INFO: [HLS 200-10] ----------------------------------------------------------------
INFO: [HLS 200-10] -- Generating RTL for module 'pool_add_ip_Pipeline_LOOP_GAP_H_LOOP_GAP_W' 
INFO: [HLS 200-10] ----------------------------------------------------------------
INFO: [HLS 200-1030] Apply Unified Pipeline Control on module 'pool_add_ip_Pipeline_LOOP_GAP_H_LOOP_GAP_W' pipeline 'LOOP_GAP_H_LOOP_GAP_W' pipeline type 'loop pipeline'
WARNING: [RTGEN 206-101] Setting dangling out port 'pool_add_ip_Pipeline_LOOP_GAP_H_LOOP_GAP_W/m_axi_gmem0_0_ARVALID' to 0.
WARNING: [RTGEN 206-101] Setting dangling out port 'pool_add_ip_Pipeline_LOOP_GAP_H_LOOP_GAP_W/m_axi_gmem0_0_ARADDR' to 0.
WARNING: [RTGEN 206-101] Setting dangling out port 'pool_add_ip_Pipeline_LOOP_GAP_H_LOOP_GAP_W/m_axi_gmem0_0_ARID' to 0.
WARNING: [RTGEN 206-101] Setting dangling out port 'pool_add_ip_Pipeline_LOOP_GAP_H_LOOP_GAP_W/m_axi_gmem0_0_ARLEN' to 0.
WARNING: [RTGEN 206-101] Setting dangling out port 'pool_add_ip_Pipeline_LOOP_GAP_H_LOOP_GAP_W/m_axi_gmem0_0_ARSIZE' to 0.
WARNING: [RTGEN 206-101] Setting dangling out port 'pool_add_ip_Pipeline_LOOP_GAP_H_LOOP_GAP_W/m_axi_gmem0_0_ARBURST' to 0.
WARNING: [RTGEN 206-101] Setting dangling out port 'pool_add_ip_Pipeline_LOOP_GAP_H_LOOP_GAP_W/m_axi_gmem0_0_ARLOCK' to 0.
WARNING: [RTGEN 206-101] Setting dangling out port 'pool_add_ip_Pipeline_LOOP_GAP_H_LOOP_GAP_W/m_axi_gmem0_0_ARCACHE' to 0.
WARNING: [RTGEN 206-101] Setting dangling out port 'pool_add_ip_Pipeline_LOOP_GAP_H_LOOP_GAP_W/m_axi_gmem0_0_ARPROT' to 0.
WARNING: [RTGEN 206-101] Setting dangling out port 'pool_add_ip_Pipeline_LOOP_GAP_H_LOOP_GAP_W/m_axi_gmem0_0_ARQOS' to 0.
WARNING: [RTGEN 206-101] Setting dangling out port 'pool_add_ip_Pipeline_LOOP_GAP_H_LOOP_GAP_W/m_axi_gmem0_0_ARREGION' to 0.
WARNING: [RTGEN 206-101] Setting dangling out port 'pool_add_ip_Pipeline_LOOP_GAP_H_LOOP_GAP_W/m_axi_gmem0_0_ARUSER' to 0.
INFO: [RTGEN 206-100] Finished creating RTL model for 'pool_add_ip_Pipeline_LOOP_GAP_H_LOOP_GAP_W'.
INFO: [HLS 200-111] Finished Creating RTL model: CPU user time: 0 seconds. CPU system time: 0 seconds. Elapsed time: 0.147 seconds; current allocated memory: 320.129 MB.
INFO: [HLS 200-10] ----------------------------------------------------------------
INFO: [HLS 200-10] -- Generating RTL for module 'maxpool_add_kernel_Pipeline_COMPUTE_MP_TC' 
INFO: [HLS 200-10] ----------------------------------------------------------------
INFO: [HLS 200-1030] Apply Unified Pipeline Control on module 'maxpool_add_kernel_Pipeline_COMPUTE_MP_TC' pipeline 'COMPUTE_MP_TC' pipeline type 'loop pipeline'
WARNING: [RTGEN 206-101] Setting dangling out port 'maxpool_add_kernel_Pipeline_COMPUTE_MP_TC/m_axi_gmem1_0_ARVALID' to 0.
WARNING: [RTGEN 206-101] Setting dangling out port 'maxpool_add_kernel_Pipeline_COMPUTE_MP_TC/m_axi_gmem1_0_ARADDR' to 0.
WARNING: [RTGEN 206-101] Setting dangling out port 'maxpool_add_kernel_Pipeline_COMPUTE_MP_TC/m_axi_gmem1_0_ARID' to 0.
WARNING: [RTGEN 206-101] Setting dangling out port 'maxpool_add_kernel_Pipeline_COMPUTE_MP_TC/m_axi_gmem1_0_ARLEN' to 0.
WARNING: [RTGEN 206-101] Setting dangling out port 'maxpool_add_kernel_Pipeline_COMPUTE_MP_TC/m_axi_gmem1_0_ARSIZE' to 0.
WARNING: [RTGEN 206-101] Setting dangling out port 'maxpool_add_kernel_Pipeline_COMPUTE_MP_TC/m_axi_gmem1_0_ARBURST' to 0.
WARNING: [RTGEN 206-101] Setting dangling out port 'maxpool_add_kernel_Pipeline_COMPUTE_MP_TC/m_axi_gmem1_0_ARLOCK' to 0.
WARNING: [RTGEN 206-101] Setting dangling out port 'maxpool_add_kernel_Pipeline_COMPUTE_MP_TC/m_axi_gmem1_0_ARCACHE' to 0.
WARNING: [RTGEN 206-101] Setting dangling out port 'maxpool_add_kernel_Pipeline_COMPUTE_MP_TC/m_axi_gmem1_0_ARPROT' to 0.
WARNING: [RTGEN 206-101] Setting dangling out port 'maxpool_add_kernel_Pipeline_COMPUTE_MP_TC/m_axi_gmem1_0_ARQOS' to 0.
WARNING: [RTGEN 206-101] Setting dangling out port 'maxpool_add_kernel_Pipeline_COMPUTE_MP_TC/m_axi_gmem1_0_ARREGION' to 0.
WARNING: [RTGEN 206-101] Setting dangling out port 'maxpool_add_kernel_Pipeline_COMPUTE_MP_TC/m_axi_gmem1_0_ARUSER' to 0.
WARNING: [RTGEN 206-101] Setting dangling out port 'maxpool_add_kernel_Pipeline_COMPUTE_MP_TC/m_axi_gmem2_0_AWVALID' to 0.
WARNING: [RTGEN 206-101] Setting dangling out port 'maxpool_add_kernel_Pipeline_COMPUTE_MP_TC/m_axi_gmem2_0_AWADDR' to 0.
WARNING: [RTGEN 206-101] Setting dangling out port 'maxpool_add_kernel_Pipeline_COMPUTE_MP_TC/m_axi_gmem2_0_AWID' to 0.
WARNING: [RTGEN 206-101] Setting dangling out port 'maxpool_add_kernel_Pipeline_COMPUTE_MP_TC/m_axi_gmem2_0_AWLEN' to 0.
WARNING: [RTGEN 206-101] Setting dangling out port 'maxpool_add_kernel_Pipeline_COMPUTE_MP_TC/m_axi_gmem2_0_AWSIZE' to 0.
WARNING: [RTGEN 206-101] Setting dangling out port 'maxpool_add_kernel_Pipeline_COMPUTE_MP_TC/m_axi_gmem2_0_AWBURST' to 0.
WARNING: [RTGEN 206-101] Setting dangling out port 'maxpool_add_kernel_Pipeline_COMPUTE_MP_TC/m_axi_gmem2_0_AWLOCK' to 0.
WARNING: [RTGEN 206-101] Setting dangling out port 'maxpool_add_kernel_Pipeline_COMPUTE_MP_TC/m_axi_gmem2_0_AWCACHE' to 0.
WARNING: [RTGEN 206-101] Setting dangling out port 'maxpool_add_kernel_Pipeline_COMPUTE_MP_TC/m_axi_gmem2_0_AWPROT' to 0.
WARNING: [RTGEN 206-101] Setting dangling out port 'maxpool_add_kernel_Pipeline_COMPUTE_MP_TC/m_axi_gmem2_0_AWQOS' to 0.
WARNING: [RTGEN 206-101] Setting dangling out port 'maxpool_add_kernel_Pipeline_COMPUTE_MP_TC/m_axi_gmem2_0_AWREGION' to 0.
WARNING: [RTGEN 206-101] Setting dangling out port 'maxpool_add_kernel_Pipeline_COMPUTE_MP_TC/m_axi_gmem2_0_AWUSER' to 0.
WARNING: [RTGEN 206-101] Setting dangling out port 'maxpool_add_kernel_Pipeline_COMPUTE_MP_TC/m_axi_gmem2_0_BREADY' to 0.
INFO: [RTGEN 206-100] Generating core module 'mul_64ns_66ns_129_5_1': 3 instance(s).
INFO: [RTGEN 206-100] Generating core module 'sparsemux_7_2_8_1_1': 21 instance(s).
INFO: [RTGEN 206-100] Generating core module 'urem_64ns_3ns_2_68_1': 1 instance(s).
INFO: [RTGEN 206-100] Finished creating RTL model for 'maxpool_add_kernel_Pipeline_COMPUTE_MP_TC'.
INFO: [HLS 200-111] Finished Creating RTL model: CPU user time: 1 seconds. CPU system time: 0 seconds. Elapsed time: 0.625 seconds; current allocated memory: 329.984 MB.
INFO: [HLS 200-10] ----------------------------------------------------------------
INFO: [HLS 200-10] -- Generating RTL for module 'maxpool_add_kernel' 
INFO: [HLS 200-10] ----------------------------------------------------------------
INFO: [RTGEN 206-100] Generating core module 'mul_29ns_30s_30_2_1': 1 instance(s).
INFO: [RTGEN 206-100] Generating core module 'mul_29ns_32s_61_2_1': 1 instance(s).
INFO: [RTGEN 206-100] Generating core module 'mul_31ns_32s_63_2_1': 1 instance(s).
INFO: [RTGEN 206-100] Generating core module 'mul_32s_32s_32_2_1': 1 instance(s).
INFO: [RTGEN 206-100] Generating core module 'mul_33s_32s_63_2_1': 1 instance(s).
INFO: [RTGEN 206-100] Generating core module 'mul_64ns_66ns_128_5_1': 2 instance(s).
INFO: [RTGEN 206-100] Generating core module 'mul_64ns_66ns_129_5_1': 1 instance(s).
INFO: [RTGEN 206-100] Generating core module 'mul_64s_32s_64_5_1': 1 instance(s).
INFO: [RTGEN 206-100] Generating core module 'sdiv_32ns_32s_32_36_seq_1': 2 instance(s).
INFO: [RTGEN 206-100] Generating core module 'urem_64ns_3ns_2_68_seq_1': 1 instance(s).
INFO: [RTGEN 206-100] Finished creating RTL model for 'maxpool_add_kernel'.
INFO: [HLS 200-111] Finished Creating RTL model: CPU user time: 0 seconds. CPU system time: 0 seconds. Elapsed time: 0.634 seconds; current allocated memory: 339.336 MB.
INFO: [HLS 200-10] ----------------------------------------------------------------
INFO: [HLS 200-10] -- Generating RTL for module 'avgpool_add_kernel_Pipeline_VITIS_LOOP_196_3' 
INFO: [HLS 200-10] ----------------------------------------------------------------
INFO: [RTGEN 206-100] Finished creating RTL model for 'avgpool_add_kernel_Pipeline_VITIS_LOOP_196_3'.
INFO: [HLS 200-111] Finished Creating RTL model: CPU user time: 0 seconds. CPU system time: 0 seconds. Elapsed time: 0.412 seconds; current allocated memory: 346.820 MB.
INFO: [HLS 200-10] ----------------------------------------------------------------
INFO: [HLS 200-10] -- Generating RTL for module 'avgpool_add_kernel_Pipeline_COMPUTE_AP_TC' 
INFO: [HLS 200-10] ----------------------------------------------------------------
INFO: [HLS 200-1030] Apply Unified Pipeline Control on module 'avgpool_add_kernel_Pipeline_COMPUTE_AP_TC' pipeline 'COMPUTE_AP_TC' pipeline type 'loop pipeline'
INFO: [RTGEN 206-100] Generating core module 'mul_64ns_66ns_129_5_1': 1 instance(s).
INFO: [RTGEN 206-100] Generating core module 'sparsemux_7_2_8_1_1': 4 instance(s).
INFO: [RTGEN 206-100] Generating core module 'sparsemux_9_2_32_1_1': 1 instance(s).
INFO: [RTGEN 206-100] Generating core module 'urem_64s_3ns_2_68_1': 1 instance(s).
INFO: [RTGEN 206-100] Finished creating RTL model for 'avgpool_add_kernel_Pipeline_COMPUTE_AP_TC'.
INFO: [HLS 200-111] Finished Creating RTL model: CPU user time: 0 seconds. CPU system time: 0 seconds. Elapsed time: 0.216 seconds; current allocated memory: 347.480 MB.
INFO: [HLS 200-10] ----------------------------------------------------------------
INFO: [HLS 200-10] -- Generating RTL for module 'avgpool_add_kernel' 
INFO: [HLS 200-10] ----------------------------------------------------------------
INFO: [RTGEN 206-100] Generating core module 'mul_29ns_30s_30_2_1': 1 instance(s).
INFO: [RTGEN 206-100] Generating core module 'mul_29ns_32s_61_2_1': 1 instance(s).
INFO: [RTGEN 206-100] Generating core module 'mul_31ns_32s_63_2_1': 1 instance(s).
INFO: [RTGEN 206-100] Generating core module 'mul_32s_32s_32_2_1': 1 instance(s).
INFO: [RTGEN 206-100] Generating core module 'mul_33s_32s_63_2_1': 1 instance(s).
INFO: [RTGEN 206-100] Generating core module 'mul_64ns_66ns_128_5_1': 1 instance(s).
INFO: [RTGEN 206-100] Generating core module 'mul_64ns_66ns_129_5_1': 1 instance(s).
INFO: [RTGEN 206-100] Generating core module 'mul_64s_32s_64_5_1': 1 instance(s).
INFO: [RTGEN 206-100] Generating core module 'sdiv_32ns_32s_32_36_seq_1': 2 instance(s).
INFO: [RTGEN 206-100] Generating core module 'sparsemux_9_2_32_1_1': 1 instance(s).
INFO: [RTGEN 206-100] Generating core module 'urem_64ns_3ns_2_68_seq_1': 1 instance(s).
INFO: [RTGEN 206-100] Finished creating RTL model for 'avgpool_add_kernel'.
INFO: [RTMG 210-278] Implementing memory 'pool_add_ip_avgpool_add_kernel_acc_buf_46_0_RAM_AUTO_1R1W' using auto RAMs.
INFO: [HLS 200-111] Finished Creating RTL model: CPU user time: 1 seconds. CPU system time: 1 seconds. Elapsed time: 0.485 seconds; current allocated memory: 354.895 MB.
INFO: [HLS 200-10] ----------------------------------------------------------------
INFO: [HLS 200-10] -- Generating RTL for module 'pool_add_ip' 
INFO: [HLS 200-10] ----------------------------------------------------------------
WARNING: [RTGEN 206-101] Design contains AXI ports. Reset is fixed to synchronous and active low.
INFO: [RTGEN 206-500] Setting interface mode on port 'pool_add_ip/gmem0' to 'm_axi'.
INFO: [RTGEN 206-500] Setting interface mode on port 'pool_add_ip/gmem1' to 'm_axi'.
INFO: [RTGEN 206-500] Setting interface mode on port 'pool_add_ip/gmem2' to 'm_axi'.
INFO: [RTGEN 206-500] Setting interface mode on port 'pool_add_ip/feat_in' to 's_axilite & ap_none'.
INFO: [RTGEN 206-500] Setting interface mode on port 'pool_add_ip/feat_res' to 's_axilite & ap_none'.
INFO: [RTGEN 206-500] Setting interface mode on port 'pool_add_ip/feat_out' to 's_axilite & ap_none'.
INFO: [RTGEN 206-500] Setting interface mode on port 'pool_add_ip/CH' to 's_axilite & ap_none'.
INFO: [RTGEN 206-500] Setting interface mode on port 'pool_add_ip/Hin' to 's_axilite & ap_none'.
INFO: [RTGEN 206-500] Setting interface mode on port 'pool_add_ip/Win' to 's_axilite & ap_none'.
INFO: [RTGEN 206-500] Setting interface mode on port 'pool_add_ip/Kh' to 's_axilite & ap_none'.
INFO: [RTGEN 206-500] Setting interface mode on port 'pool_add_ip/Kw' to 's_axilite & ap_none'.
INFO: [RTGEN 206-500] Setting interface mode on port 'pool_add_ip/stride_h' to 's_axilite & ap_none'.
INFO: [RTGEN 206-500] Setting interface mode on port 'pool_add_ip/stride_w' to 's_axilite & ap_none'.
INFO: [RTGEN 206-500] Setting interface mode on port 'pool_add_ip/pad_h' to 's_axilite & ap_none'.
INFO: [RTGEN 206-500] Setting interface mode on port 'pool_add_ip/pad_w' to 's_axilite & ap_none'.
INFO: [RTGEN 206-500] Setting interface mode on port 'pool_add_ip/pool_mode' to 's_axilite & ap_none'.
INFO: [RTGEN 206-500] Setting interface mode on port 'pool_add_ip/add_en' to 's_axilite & ap_none'.
INFO: [RTGEN 206-500] Setting interface mode on port 'pool_add_ip/out_shift' to 's_axilite & ap_none'.
INFO: [RTGEN 206-500] Setting interface mode on function 'pool_add_ip' to 's_axilite & ap_ctrl_hs'.
INFO: [RTGEN 206-100] Bundling port 'feat_in', 'feat_res' and 'feat_out' to AXI-Lite port control.
INFO: [RTGEN 206-100] Bundling port 'CH', 'Hin', 'Win', 'Kh', 'Kw', 'stride_h', 'stride_w', 'pad_h', 'pad_w', 'pool_mode', 'add_en', 'out_shift' to AXI-Lite port ctrl.
INFO: [RTGEN 206-100] Generating core module 'mul_29ns_30s_30_2_1': 1 instance(s).
INFO: [RTGEN 206-100] Generating core module 'mul_29ns_32s_61_2_1': 1 instance(s).
INFO: [RTGEN 206-100] Generating core module 'mul_31ns_31ns_62_2_1': 1 instance(s).
INFO: [RTGEN 206-100] Generating core module 'mul_31ns_32s_63_2_1': 1 instance(s).
INFO: [RTGEN 206-100] Generating core module 'mul_32ns_32ns_63_2_1': 1 instance(s).
INFO: [RTGEN 206-100] Generating core module 'mul_32s_32s_32_2_1': 1 instance(s).
INFO: [RTGEN 206-100] Generating core module 'mul_33s_32s_63_2_1': 1 instance(s).
INFO: [RTGEN 206-100] Generating core module 'mul_64ns_66ns_128_5_1': 1 instance(s).
INFO: [RTGEN 206-100] Generating core module 'mul_64ns_66ns_129_5_1': 1 instance(s).
INFO: [RTGEN 206-100] Generating core module 'mul_64s_32s_64_5_1': 1 instance(s).
INFO: [RTGEN 206-100] Finished creating RTL model for 'pool_add_ip'.
INFO: [RTMG 210-278] Implementing memory 'pool_add_ip_in_buf_47_0_0_RAM_AUTO_1R1W' using auto RAMs.
INFO: [HLS 200-111] Finished Creating RTL model: CPU user time: 0 seconds. CPU system time: 0 seconds. Elapsed time: 0.933 seconds; current allocated memory: 366.746 MB.
INFO: [HLS 200-111] Finished Generating all RTL models: CPU user time: 1 seconds. CPU system time: 0 seconds. Elapsed time: 1.008 seconds; current allocated memory: 373.945 MB.
INFO: [HLS 200-1603] Design has inferred MAXI bursts and missed bursts, see Vitis HLS GUI synthesis summary report for detailed information.
INFO: [HLS 200-111] Finished Updating report files: CPU user time: 1 seconds. CPU system time: 0 seconds. Elapsed time: 1.365 seconds; current allocated memory: 387.055 MB.
INFO: [VHDL 208-304] Generating VHDL RTL for pool_add_ip.
INFO: [VLOG 209-307] Generating Verilog RTL for pool_add_ip.
INFO: [HLS 200-790] **** Loop Constraint Status: All loop constraints were satisfied.
INFO: [HLS 200-789] **** Estimated Fmax: 136.99 MHz
INFO: [HLS 200-2161] Finished Command csynth_design Elapsed time: 00:00:19; Allocated memory: 176.590 MB.
