

================================================================
== Vitis HLS Report for 'conv_ip_Pipeline_LOAD_WT_VITIS_LOOP_163_5_VITIS_LOOP_164_6'
================================================================
* Date:           Sun Jun 21 19:39:54 2026

* Version:        2024.2 (Build 5238294 on Nov  8 2024)
* Project:        conv_ip_proj
* Solution:       solution1 (Vivado IP Flow Target)
* Product family: zynq
* Target device:  xc7z020-clg400-1


================================================================
== Performance Estimates
================================================================
+ Timing: 
    * Summary: 
    +--------+---------+----------+------------+
    |  Clock |  Target | Estimated| Uncertainty|
    +--------+---------+----------+------------+
    |ap_clk  |  7.00 ns|  5.110 ns|     1.89 ns|
    +--------+---------+----------+------------+

+ Latency: 
    * Summary: 
    +---------+---------+----------+----------+-----+-----+------------------------------------------------+
    |  Latency (cycles) |  Latency (absolute) |  Interval |                    Pipeline                    |
    |   min   |   max   |    min   |    max   | min | max |                      Type                      |
    +---------+---------+----------+----------+-----+-----+------------------------------------------------+
    |       58|       58|  0.406 us|  0.406 us|   39|   39|  loop auto-rewind stp (delay=0 clock cycles(s))|
    +---------+---------+----------+----------+-----+-----+------------------------------------------------+

    + Detail: 
        * Instance: 
        N/A

        * Loop: 
        +---------------------------------------------+---------+---------+----------+-----------+-----------+------+----------+
        |                                             |  Latency (cycles) | Iteration|  Initiation Interval  | Trip |          |
        |                  Loop Name                  |   min   |   max   |  Latency |  achieved |   target  | Count| Pipelined|
        +---------------------------------------------+---------+---------+----------+-----------+-----------+------+----------+
        |- LOAD_WT_VITIS_LOOP_163_5_VITIS_LOOP_164_6  |       56|       56|        24|          3|          1|    12|       yes|
        +---------------------------------------------+---------+---------+----------+-----------+-----------+------+----------+



================================================================
== Utilization Estimates
================================================================
* Summary: 
+-----------------+---------+-----+--------+-------+-----+
|       Name      | BRAM_18K| DSP |   FF   |  LUT  | URAM|
+-----------------+---------+-----+--------+-------+-----+
|DSP              |        -|    -|       -|      -|    -|
|Expression       |        -|    -|       0|    594|    -|
|FIFO             |        -|    -|       -|      -|    -|
|Instance         |        -|    0|     215|      1|    -|
|Memory           |        -|    -|       -|      -|    -|
|Multiplexer      |        -|    -|       0|    433|    -|
|Register         |        -|    -|    1513|    576|    -|
+-----------------+---------+-----+--------+-------+-----+
|Total            |        0|    0|    1728|   1604|    0|
+-----------------+---------+-----+--------+-------+-----+
|Available        |      280|  220|  106400|  53200|    0|
+-----------------+---------+-----+--------+-------+-----+
|Utilization (%)  |        0|    0|       1|      3|    0|
+-----------------+---------+-----+--------+-------+-----+

+ Detail: 
    * Instance: 
    +------------------------+--------------------+---------+----+-----+----+-----+
    |        Instance        |       Module       | BRAM_18K| DSP|  FF | LUT| URAM|
    +------------------------+--------------------+---------+----+-----+----+-----+
    |mul_2ns_32s_32_5_1_U66  |mul_2ns_32s_32_5_1  |        0|   0|  215|   1|    0|
    +------------------------+--------------------+---------+----+-----+----+-----+
    |Total                   |                    |        0|   0|  215|   1|    0|
    +------------------------+--------------------+---------+----+-----+----+-----+

    * DSP: 
    N/A

    * Memory: 
    N/A

    * FIFO: 
    N/A

    * Expression: 
    +----------------------------------------+----------+----+---+----+------------+------------+
    |              Variable Name             | Operation| DSP| FF| LUT| Bitwidth P0| Bitwidth P1|
    +----------------------------------------+----------+----+---+----+------------+------------+
    |add_ln162_1_fu_342_p2                   |         +|   0|  0|  13|           4|           1|
    |add_ln162_fu_351_p2                     |         +|   0|  0|  10|           2|           1|
    |add_ln163_1_fu_620_p2                   |         +|   0|  0|  71|          64|          64|
    |add_ln163_2_fu_406_p2                   |         +|   0|  0|  10|           2|           1|
    |add_ln163_3_fu_465_p2                   |         +|   0|  0|  13|           4|           1|
    |add_ln163_fu_615_p2                     |         +|   0|  0|  71|          64|          64|
    |add_ln164_fu_537_p2                     |         +|   0|  0|  10|           2|           1|
    |add_ln175_1_fu_571_p2                   |         +|   0|  0|  13|           4|           2|
    |add_ln175_fu_558_p2                     |         +|   0|  0|  13|           4|           1|
    |tmp1_fu_606_p2                          |         +|   0|  0|  45|          38|          38|
    |tmp_fu_587_p2                           |         +|   0|  0|  40|          33|          33|
    |sub_ln175_fu_531_p2                     |         -|   0|  0|  13|           4|           4|
    |and_ln162_fu_400_p2                     |       and|   0|  0|   2|           1|           1|
    |and_ln164_fu_624_p2                     |       and|   0|  0|   2|           1|           1|
    |ap_block_pp0_stage0_11001               |       and|   0|  0|   2|           1|           1|
    |ap_block_pp0_stage1_11001_grp1          |       and|   0|  0|   2|           1|           1|
    |ap_block_pp0_stage1_11001_grp3          |       and|   0|  0|   2|           1|           1|
    |ap_block_pp0_stage2_11001               |       and|   0|  0|   2|           1|           1|
    |ap_block_state11_io_grp1                |       and|   0|  0|   2|           1|           1|
    |ap_block_state19_pp0_stage0_iter6_grp2  |       and|   0|  0|   2|           1|           1|
    |cond101_fu_516_p2                       |      icmp|   0|  0|  10|           2|           1|
    |cond93_fu_460_p2                        |      icmp|   0|  0|  10|           2|           1|
    |empty_52_fu_450_p2                      |      icmp|   0|  0|  40|          33|          33|
    |first_iter_2_fu_433_p2                  |      icmp|   0|  0|  10|           2|           1|
    |icmp_ln162_fu_336_p2                    |      icmp|   0|  0|  13|           4|           4|
    |icmp_ln163_fu_357_p2                    |      icmp|   0|  0|  13|           4|           3|
    |icmp_ln164_1_fu_394_p2                  |      icmp|   0|  0|  10|           2|           2|
    |icmp_ln164_fu_489_p2                    |      icmp|   0|  0|  40|          33|          33|
    |slt23_fu_499_p2                         |      icmp|   0|  0|  40|          33|          33|
    |slt_fu_455_p2                           |      icmp|   0|  0|  40|          33|          33|
    |ap_block_pp0_stage1_subdone             |        or|   0|  0|   2|           1|           1|
    |brmerge_fu_510_p2                       |        or|   0|  0|   2|           1|           1|
    |empty_51_fu_412_p2                      |        or|   0|  0|   2|           1|           1|
    |kh_1_mid2_fu_417_p3                     |    select|   0|  0|   2|           1|           1|
    |select_ln162_1_fu_363_p3                |    select|   0|  0|   2|           1|           2|
    |select_ln162_fu_382_p3                  |    select|   0|  0|   2|           1|           1|
    |select_ln163_1_fu_470_p3                |    select|   0|  0|   4|           1|           1|
    |select_ln163_fu_425_p3                  |    select|   0|  0|   2|           1|           2|
    |select_ln164_fu_628_p3                  |    select|   0|  0|   4|           1|           4|
    |ap_enable_pp0                           |       xor|   0|  0|   2|           1|           2|
    |rev22_fu_494_p2                         |       xor|   0|  0|   2|           1|           2|
    |rev24_fu_504_p2                         |       xor|   0|  0|   2|           1|           2|
    |xor_ln162_fu_389_p2                     |       xor|   0|  0|   2|           1|           2|
    +----------------------------------------+----------+----+---+----+------------+------------+
    |Total                                   |          |   0|  0| 594|         394|         385|
    +----------------------------------------+----------+----+---+----+------------+------------+

    * Multiplexer: 
    +----------------------------------------+----+-----------+-----+-----------+
    |                  Name                  | LUT| Input Size| Bits| Total Bits|
    +----------------------------------------+----+-----------+-----+-----------+
    |ap_NS_fsm                               |  20|          4|    1|          4|
    |ap_done_int                             |   9|          2|    1|          2|
    |ap_enable_reg_pp0_iter0                 |   9|          2|    1|          2|
    |ap_enable_reg_pp0_iter1                 |   9|          2|    1|          2|
    |ap_sig_allocacmp_indvar_flatten19_load  |   9|          2|    4|          8|
    |ap_sig_allocacmp_indvar_flatten32_load  |   9|          2|    4|          8|
    |ap_sig_allocacmp_m_load                 |   9|          2|    2|          4|
    |gmem1_blk_n_AR                          |   9|          2|    1|          2|
    |gmem1_blk_n_R                           |   9|          2|    1|          2|
    |indvar_flatten19_fu_100                 |   9|          2|    4|          8|
    |indvar_flatten32_fu_108                 |   9|          2|    4|          8|
    |kh_fu_92                                |   9|          2|    2|          4|
    |m_fu_104                                |   9|          2|    2|          4|
    |n_fu_96                                 |   9|          2|    2|          4|
    |p_ZL6wt_buf_0_0_address0_local          |  20|          4|    4|         16|
    |p_ZL6wt_buf_0_0_address1_local          |  20|          4|    4|         16|
    |p_ZL6wt_buf_0_0_d0_local                |  20|          4|    8|         32|
    |p_ZL6wt_buf_0_0_d1_local                |  14|          3|    8|         24|
    |p_ZL6wt_buf_0_1_address0_local          |  20|          4|    4|         16|
    |p_ZL6wt_buf_0_1_address1_local          |  20|          4|    4|         16|
    |p_ZL6wt_buf_0_1_d0_local                |  20|          4|    8|         32|
    |p_ZL6wt_buf_0_1_d1_local                |  14|          3|    8|         24|
    |p_ZL6wt_buf_1_0_address0_local          |  20|          4|    4|         16|
    |p_ZL6wt_buf_1_0_address1_local          |  20|          4|    4|         16|
    |p_ZL6wt_buf_1_0_d0_local                |  20|          4|    8|         32|
    |p_ZL6wt_buf_1_0_d1_local                |  14|          3|    8|         24|
    |p_ZL6wt_buf_1_1_address0_local          |  20|          4|    4|         16|
    |p_ZL6wt_buf_1_1_address1_local          |  20|          4|    4|         16|
    |p_ZL6wt_buf_1_1_d0_local                |  20|          4|    8|         32|
    |p_ZL6wt_buf_1_1_d1_local                |  14|          3|    8|         24|
    +----------------------------------------+----+-----------+-----+-----------+
    |Total                                   | 433|         90|  126|        414|
    +----------------------------------------+----+-----------+-----+-----------+

    * Register: 
    +-------------------------------------------+----+----+-----+-----------+
    |                    Name                   | FF | LUT| Bits| Const Bits|
    +-------------------------------------------+----+----+-----+-----------+
    |add_ln163_reg_867                          |  64|   0|   64|          0|
    |ap_CS_fsm                                  |   3|   0|    3|          0|
    |ap_block_pp0_stage0_subdone_grp0_done_reg  |   1|   0|    1|          0|
    |ap_block_pp0_stage1_subdone_grp0_done_reg  |   1|   0|    1|          0|
    |ap_block_pp0_stage1_subdone_grp1_done_reg  |   1|   0|    1|          0|
    |ap_block_pp0_stage1_subdone_grp3_done_reg  |   1|   0|    1|          0|
    |ap_block_pp0_stage2_subdone_grp0_done_reg  |   1|   0|    1|          0|
    |ap_done_reg                                |   1|   0|    1|          0|
    |ap_enable_reg_pp0_iter0_reg                |   1|   0|    1|          0|
    |ap_enable_reg_pp0_iter1                    |   1|   0|    1|          0|
    |ap_enable_reg_pp0_iter2                    |   1|   0|    1|          0|
    |ap_enable_reg_pp0_iter3                    |   1|   0|    1|          0|
    |ap_enable_reg_pp0_iter4                    |   1|   0|    1|          0|
    |ap_enable_reg_pp0_iter5                    |   1|   0|    1|          0|
    |ap_enable_reg_pp0_iter6                    |   1|   0|    1|          0|
    |ap_enable_reg_pp0_iter7                    |   1|   0|    1|          0|
    |ap_loop_exit_ready_pp0_iter1_reg           |   1|   0|    1|          0|
    |ap_loop_exit_ready_pp0_iter2_reg           |   1|   0|    1|          0|
    |ap_loop_exit_ready_pp0_iter3_reg           |   1|   0|    1|          0|
    |ap_loop_exit_ready_pp0_iter4_reg           |   1|   0|    1|          0|
    |ap_loop_exit_ready_pp0_iter5_reg           |   1|   0|    1|          0|
    |ap_loop_exit_ready_pp0_iter6_reg           |   1|   0|    1|          0|
    |brmerge_reg_776                            |   1|   0|    1|          0|
    |cond101_reg_780                            |   1|   0|    1|          0|
    |cond93_reg_762                             |   1|   0|    1|          0|
    |empty_52_reg_752                           |   1|   0|    1|          0|
    |first_iter_2_reg_743                       |   1|   0|    1|          0|
    |gmem1_addr_read_2_reg_883                  |   8|   0|    8|          0|
    |gmem1_addr_reg_877                         |  64|   0|   64|          0|
    |icmp_ln162_reg_709                         |   1|   0|    1|          0|
    |icmp_ln163_reg_713                         |   1|   0|    1|          0|
    |icmp_ln164_reg_771                         |   1|   0|    1|          0|
    |indvar_flatten19_fu_100                    |   4|   0|    4|          0|
    |indvar_flatten19_load_reg_704              |   4|   0|    4|          0|
    |indvar_flatten32_fu_108                    |   4|   0|    4|          0|
    |kh_1_mid2_reg_729                          |   2|   0|    2|          0|
    |kh_fu_92                                   |   2|   0|    2|          0|
    |m_fu_104                                   |   2|   0|    2|          0|
    |mul_ln162_reg_851                          |  32|   0|   32|          0|
    |n_fu_96                                    |   2|   0|    2|          0|
    |p_ZL6wt_buf_0_0_addr_1_reg_796             |   4|   0|    4|          0|
    |p_ZL6wt_buf_0_0_addr_2_reg_831             |   4|   0|    4|          0|
    |p_ZL6wt_buf_0_0_addr_reg_791               |   4|   0|    4|          0|
    |p_ZL6wt_buf_0_1_addr_1_reg_806             |   4|   0|    4|          0|
    |p_ZL6wt_buf_0_1_addr_2_reg_836             |   4|   0|    4|          0|
    |p_ZL6wt_buf_0_1_addr_reg_801               |   4|   0|    4|          0|
    |p_ZL6wt_buf_1_0_addr_1_reg_816             |   4|   0|    4|          0|
    |p_ZL6wt_buf_1_0_addr_2_reg_841             |   4|   0|    4|          0|
    |p_ZL6wt_buf_1_0_addr_reg_811               |   4|   0|    4|          0|
    |p_ZL6wt_buf_1_1_addr_1_reg_826             |   4|   0|    4|          0|
    |p_ZL6wt_buf_1_1_addr_2_reg_846             |   4|   0|    4|          0|
    |p_ZL6wt_buf_1_1_addr_reg_821               |   4|   0|    4|          0|
    |reg_293                                    |   8|   0|    8|          0|
    |select_ln162_1_reg_721                     |   2|   0|    2|          0|
    |select_ln163_reg_736                       |   2|   0|    2|          0|
    |select_ln164_reg_872                       |   2|   0|   64|         62|
    |slt_reg_757                                |   1|   0|    1|          0|
    |sub_ln175_reg_784                          |   4|   0|    4|          0|
    |tmp1_reg_862                               |  38|   0|   38|          0|
    |tmp_reg_856                                |  33|   0|   33|          0|
    |zext_ln163_reg_766                         |   2|   0|   33|         31|
    |zext_ln163_reg_766_pp0_iter1_reg           |   2|   0|   33|         31|
    |brmerge_reg_776                            |  64|  32|    1|          0|
    |cond101_reg_780                            |  64|  32|    1|          0|
    |cond93_reg_762                             |  64|  32|    1|          0|
    |empty_52_reg_752                           |  64|  32|    1|          0|
    |first_iter_2_reg_743                       |  64|  32|    1|          0|
    |icmp_ln164_reg_771                         |  64|  32|    1|          0|
    |p_ZL6wt_buf_0_0_addr_1_reg_796             |  64|  32|    4|          0|
    |p_ZL6wt_buf_0_0_addr_2_reg_831             |  64|  32|    4|          0|
    |p_ZL6wt_buf_0_0_addr_reg_791               |  64|  32|    4|          0|
    |p_ZL6wt_buf_0_1_addr_1_reg_806             |  64|  32|    4|          0|
    |p_ZL6wt_buf_0_1_addr_2_reg_836             |  64|  32|    4|          0|
    |p_ZL6wt_buf_0_1_addr_reg_801               |  64|  32|    4|          0|
    |p_ZL6wt_buf_1_0_addr_1_reg_816             |  64|  32|    4|          0|
    |p_ZL6wt_buf_1_0_addr_2_reg_841             |  64|  32|    4|          0|
    |p_ZL6wt_buf_1_0_addr_reg_811               |  64|  32|    4|          0|
    |p_ZL6wt_buf_1_1_addr_1_reg_826             |  64|  32|    4|          0|
    |p_ZL6wt_buf_1_1_addr_2_reg_846             |  64|  32|    4|          0|
    |p_ZL6wt_buf_1_1_addr_reg_821               |  64|  32|    4|          0|
    +-------------------------------------------+----+----+-----+-----------+
    |Total                                      |1513| 576|  539|        124|
    +-------------------------------------------+----+----+-----+-----------+



================================================================
== Interface
================================================================
* Summary: 
+--------------------------+-----+-----+------------+------------------------------------------------------------+--------------+
|         RTL Ports        | Dir | Bits|  Protocol  |                        Source Object                       |    C Type    |
+--------------------------+-----+-----+------------+------------------------------------------------------------+--------------+
|ap_clk                    |   in|    1|  ap_ctrl_hs|  conv_ip_Pipeline_LOAD_WT_VITIS_LOOP_163_5_VITIS_LOOP_164_6|  return value|
|ap_rst                    |   in|    1|  ap_ctrl_hs|  conv_ip_Pipeline_LOAD_WT_VITIS_LOOP_163_5_VITIS_LOOP_164_6|  return value|
|ap_start                  |   in|    1|  ap_ctrl_hs|  conv_ip_Pipeline_LOAD_WT_VITIS_LOOP_163_5_VITIS_LOOP_164_6|  return value|
|ap_done                   |  out|    1|  ap_ctrl_hs|  conv_ip_Pipeline_LOAD_WT_VITIS_LOOP_163_5_VITIS_LOOP_164_6|  return value|
|ap_idle                   |  out|    1|  ap_ctrl_hs|  conv_ip_Pipeline_LOAD_WT_VITIS_LOOP_163_5_VITIS_LOOP_164_6|  return value|
|ap_ready                  |  out|    1|  ap_ctrl_hs|  conv_ip_Pipeline_LOAD_WT_VITIS_LOOP_163_5_VITIS_LOOP_164_6|  return value|
|m_axi_gmem1_0_AWVALID     |  out|    1|       m_axi|                                                       gmem1|       pointer|
|m_axi_gmem1_0_AWREADY     |   in|    1|       m_axi|                                                       gmem1|       pointer|
|m_axi_gmem1_0_AWADDR      |  out|   64|       m_axi|                                                       gmem1|       pointer|
|m_axi_gmem1_0_AWID        |  out|    1|       m_axi|                                                       gmem1|       pointer|
|m_axi_gmem1_0_AWLEN       |  out|   32|       m_axi|                                                       gmem1|       pointer|
|m_axi_gmem1_0_AWSIZE      |  out|    3|       m_axi|                                                       gmem1|       pointer|
|m_axi_gmem1_0_AWBURST     |  out|    2|       m_axi|                                                       gmem1|       pointer|
|m_axi_gmem1_0_AWLOCK      |  out|    2|       m_axi|                                                       gmem1|       pointer|
|m_axi_gmem1_0_AWCACHE     |  out|    4|       m_axi|                                                       gmem1|       pointer|
|m_axi_gmem1_0_AWPROT      |  out|    3|       m_axi|                                                       gmem1|       pointer|
|m_axi_gmem1_0_AWQOS       |  out|    4|       m_axi|                                                       gmem1|       pointer|
|m_axi_gmem1_0_AWREGION    |  out|    4|       m_axi|                                                       gmem1|       pointer|
|m_axi_gmem1_0_AWUSER      |  out|    1|       m_axi|                                                       gmem1|       pointer|
|m_axi_gmem1_0_WVALID      |  out|    1|       m_axi|                                                       gmem1|       pointer|
|m_axi_gmem1_0_WREADY      |   in|    1|       m_axi|                                                       gmem1|       pointer|
|m_axi_gmem1_0_WDATA       |  out|    8|       m_axi|                                                       gmem1|       pointer|
|m_axi_gmem1_0_WSTRB       |  out|    1|       m_axi|                                                       gmem1|       pointer|
|m_axi_gmem1_0_WLAST       |  out|    1|       m_axi|                                                       gmem1|       pointer|
|m_axi_gmem1_0_WID         |  out|    1|       m_axi|                                                       gmem1|       pointer|
|m_axi_gmem1_0_WUSER       |  out|    1|       m_axi|                                                       gmem1|       pointer|
|m_axi_gmem1_0_ARVALID     |  out|    1|       m_axi|                                                       gmem1|       pointer|
|m_axi_gmem1_0_ARREADY     |   in|    1|       m_axi|                                                       gmem1|       pointer|
|m_axi_gmem1_0_ARADDR      |  out|   64|       m_axi|                                                       gmem1|       pointer|
|m_axi_gmem1_0_ARID        |  out|    1|       m_axi|                                                       gmem1|       pointer|
|m_axi_gmem1_0_ARLEN       |  out|   32|       m_axi|                                                       gmem1|       pointer|
|m_axi_gmem1_0_ARSIZE      |  out|    3|       m_axi|                                                       gmem1|       pointer|
|m_axi_gmem1_0_ARBURST     |  out|    2|       m_axi|                                                       gmem1|       pointer|
|m_axi_gmem1_0_ARLOCK      |  out|    2|       m_axi|                                                       gmem1|       pointer|
|m_axi_gmem1_0_ARCACHE     |  out|    4|       m_axi|                                                       gmem1|       pointer|
|m_axi_gmem1_0_ARPROT      |  out|    3|       m_axi|                                                       gmem1|       pointer|
|m_axi_gmem1_0_ARQOS       |  out|    4|       m_axi|                                                       gmem1|       pointer|
|m_axi_gmem1_0_ARREGION    |  out|    4|       m_axi|                                                       gmem1|       pointer|
|m_axi_gmem1_0_ARUSER      |  out|    1|       m_axi|                                                       gmem1|       pointer|
|m_axi_gmem1_0_RVALID      |   in|    1|       m_axi|                                                       gmem1|       pointer|
|m_axi_gmem1_0_RREADY      |  out|    1|       m_axi|                                                       gmem1|       pointer|
|m_axi_gmem1_0_RDATA       |   in|    8|       m_axi|                                                       gmem1|       pointer|
|m_axi_gmem1_0_RLAST       |   in|    1|       m_axi|                                                       gmem1|       pointer|
|m_axi_gmem1_0_RID         |   in|    1|       m_axi|                                                       gmem1|       pointer|
|m_axi_gmem1_0_RFIFONUM    |   in|   11|       m_axi|                                                       gmem1|       pointer|
|m_axi_gmem1_0_RUSER       |   in|    1|       m_axi|                                                       gmem1|       pointer|
|m_axi_gmem1_0_RRESP       |   in|    2|       m_axi|                                                       gmem1|       pointer|
|m_axi_gmem1_0_BVALID      |   in|    1|       m_axi|                                                       gmem1|       pointer|
|m_axi_gmem1_0_BREADY      |  out|    1|       m_axi|                                                       gmem1|       pointer|
|m_axi_gmem1_0_BRESP       |   in|    2|       m_axi|                                                       gmem1|       pointer|
|m_axi_gmem1_0_BID         |   in|    1|       m_axi|                                                       gmem1|       pointer|
|m_axi_gmem1_0_BUSER       |   in|    1|       m_axi|                                                       gmem1|       pointer|
|sub_ln98                  |   in|   33|     ap_none|                                                    sub_ln98|        scalar|
|sub_ln136                 |   in|   33|     ap_none|                                                   sub_ln136|        scalar|
|CHin                      |   in|   32|     ap_none|                                                        CHin|        scalar|
|weight                    |   in|   64|     ap_none|                                                      weight|        scalar|
|tmp3                      |   in|   64|     ap_none|                                                        tmp3|        scalar|
|p_ZL6wt_buf_0_0_address0  |  out|    4|   ap_memory|                                             p_ZL6wt_buf_0_0|         array|
|p_ZL6wt_buf_0_0_ce0       |  out|    1|   ap_memory|                                             p_ZL6wt_buf_0_0|         array|
|p_ZL6wt_buf_0_0_we0       |  out|    1|   ap_memory|                                             p_ZL6wt_buf_0_0|         array|
|p_ZL6wt_buf_0_0_d0        |  out|    8|   ap_memory|                                             p_ZL6wt_buf_0_0|         array|
|p_ZL6wt_buf_0_0_address1  |  out|    4|   ap_memory|                                             p_ZL6wt_buf_0_0|         array|
|p_ZL6wt_buf_0_0_ce1       |  out|    1|   ap_memory|                                             p_ZL6wt_buf_0_0|         array|
|p_ZL6wt_buf_0_0_we1       |  out|    1|   ap_memory|                                             p_ZL6wt_buf_0_0|         array|
|p_ZL6wt_buf_0_0_d1        |  out|    8|   ap_memory|                                             p_ZL6wt_buf_0_0|         array|
|p_ZL6wt_buf_0_1_address0  |  out|    4|   ap_memory|                                             p_ZL6wt_buf_0_1|         array|
|p_ZL6wt_buf_0_1_ce0       |  out|    1|   ap_memory|                                             p_ZL6wt_buf_0_1|         array|
|p_ZL6wt_buf_0_1_we0       |  out|    1|   ap_memory|                                             p_ZL6wt_buf_0_1|         array|
|p_ZL6wt_buf_0_1_d0        |  out|    8|   ap_memory|                                             p_ZL6wt_buf_0_1|         array|
|p_ZL6wt_buf_0_1_address1  |  out|    4|   ap_memory|                                             p_ZL6wt_buf_0_1|         array|
|p_ZL6wt_buf_0_1_ce1       |  out|    1|   ap_memory|                                             p_ZL6wt_buf_0_1|         array|
|p_ZL6wt_buf_0_1_we1       |  out|    1|   ap_memory|                                             p_ZL6wt_buf_0_1|         array|
|p_ZL6wt_buf_0_1_d1        |  out|    8|   ap_memory|                                             p_ZL6wt_buf_0_1|         array|
|p_ZL6wt_buf_1_0_address0  |  out|    4|   ap_memory|                                             p_ZL6wt_buf_1_0|         array|
|p_ZL6wt_buf_1_0_ce0       |  out|    1|   ap_memory|                                             p_ZL6wt_buf_1_0|         array|
|p_ZL6wt_buf_1_0_we0       |  out|    1|   ap_memory|                                             p_ZL6wt_buf_1_0|         array|
|p_ZL6wt_buf_1_0_d0        |  out|    8|   ap_memory|                                             p_ZL6wt_buf_1_0|         array|
|p_ZL6wt_buf_1_0_address1  |  out|    4|   ap_memory|                                             p_ZL6wt_buf_1_0|         array|
|p_ZL6wt_buf_1_0_ce1       |  out|    1|   ap_memory|                                             p_ZL6wt_buf_1_0|         array|
|p_ZL6wt_buf_1_0_we1       |  out|    1|   ap_memory|                                             p_ZL6wt_buf_1_0|         array|
|p_ZL6wt_buf_1_0_d1        |  out|    8|   ap_memory|                                             p_ZL6wt_buf_1_0|         array|
|p_ZL6wt_buf_1_1_address0  |  out|    4|   ap_memory|                                             p_ZL6wt_buf_1_1|         array|
|p_ZL6wt_buf_1_1_ce0       |  out|    1|   ap_memory|                                             p_ZL6wt_buf_1_1|         array|
|p_ZL6wt_buf_1_1_we0       |  out|    1|   ap_memory|                                             p_ZL6wt_buf_1_1|         array|
|p_ZL6wt_buf_1_1_d0        |  out|    8|   ap_memory|                                             p_ZL6wt_buf_1_1|         array|
|p_ZL6wt_buf_1_1_address1  |  out|    4|   ap_memory|                                             p_ZL6wt_buf_1_1|         array|
|p_ZL6wt_buf_1_1_ce1       |  out|    1|   ap_memory|                                             p_ZL6wt_buf_1_1|         array|
|p_ZL6wt_buf_1_1_we1       |  out|    1|   ap_memory|                                             p_ZL6wt_buf_1_1|         array|
|p_ZL6wt_buf_1_1_d1        |  out|    8|   ap_memory|                                             p_ZL6wt_buf_1_1|         array|
+--------------------------+-----+-----+------------+------------------------------------------------------------+--------------+

