

================================================================
== Vitis HLS Report for 'conv_ip_Pipeline_LOAD_IN_VITIS_LOOP_144_3'
================================================================
* Date:           Sun Jun 21 19:39:54 2026

* Version:        2024.2 (Build 5238294 on Nov  8 2024)
* Project:        conv_ip_proj
* Solution:       solution1 (Vivado IP Flow Target)
* Product family: zynq
* Target device:  xc7z020-clg400-1


================================================================
== Performance Estimates
================================================================
+ Timing: 
    * Summary: 
    +--------+---------+----------+------------+
    |  Clock |  Target | Estimated| Uncertainty|
    +--------+---------+----------+------------+
    |ap_clk  |  7.00 ns|  5.145 ns|     1.89 ns|
    +--------+---------+----------+------------+

+ Latency: 
    * Summary: 
    +---------+---------+----------+----------+-----+-----+------------------------------------------------+
    |  Latency (cycles) |  Latency (absolute) |  Interval |                    Pipeline                    |
    |   min   |   max   |    min   |    max   | min | max |                      Type                      |
    +---------+---------+----------+----------+-----+-----+------------------------------------------------+
    |      192|      192|  1.344 us|  1.344 us|  171|  171|  loop auto-rewind stp (delay=0 clock cycles(s))|
    +---------+---------+----------+----------+-----+-----+------------------------------------------------+

    + Detail: 
        * Instance: 
        N/A

        * Loop: 
        +----------------------------+---------+---------+----------+-----------+-----------+------+----------+
        |                            |  Latency (cycles) | Iteration|  Initiation Interval  | Trip |          |
        |          Loop Name         |   min   |   max   |  Latency |  achieved |   target  | Count| Pipelined|
        +----------------------------+---------+---------+----------+-----------+-----------+------+----------+
        |- LOAD_IN_VITIS_LOOP_144_3  |      190|      190|        38|          9|          1|    18|       yes|
        +----------------------------+---------+---------+----------+-----------+-----------+------+----------+



================================================================
== Utilization Estimates
================================================================
* Summary: 
+-----------------+---------+-----+--------+-------+-----+
|       Name      | BRAM_18K| DSP |   FF   |  LUT  | URAM|
+-----------------+---------+-----+--------+-------+-----+
|DSP              |        -|    -|       -|      -|    -|
|Expression       |        -|    -|       0|   1863|    -|
|FIFO             |        -|    -|       -|      -|    -|
|Instance         |        -|    7|     436|      2|    -|
|Memory           |        -|    -|       -|      -|    -|
|Multiplexer      |        -|    -|       0|    589|    -|
|Register         |        -|    -|    3651|    928|    -|
+-----------------+---------+-----+--------+-------+-----+
|Total            |        0|    7|    4087|   3382|    0|
+-----------------+---------+-----+--------+-------+-----+
|Available        |      280|  220|  106400|  53200|    0|
+-----------------+---------+-----+--------+-------+-----+
|Utilization (%)  |        0|    3|       3|      6|    0|
+-----------------+---------+-----+--------+-------+-----+

+ Detail: 
    * Instance: 
    +-------------------------+---------------------+---------+----+-----+----+-----+
    |         Instance        |        Module       | BRAM_18K| DSP|  FF | LUT| URAM|
    +-------------------------+---------------------+---------+----+-----+----+-----+
    |mul_31ns_32s_32_5_1_U13  |mul_31ns_32s_32_5_1  |        0|   3|  215|   1|    0|
    |mul_33s_32s_64_5_1_U15   |mul_33s_32s_64_5_1   |        0|   4|  221|   1|    0|
    +-------------------------+---------------------+---------+----+-----+----+-----+
    |Total                    |                     |        0|   7|  436|   2|    0|
    +-------------------------+---------------------+---------+----+-----+----+-----+

    * DSP: 
    N/A

    * Memory: 
    N/A

    * FIFO: 
    N/A

    * Expression: 
    +-----------------------------------------+----------+----+---+----+------------+------------+
    |              Variable Name              | Operation| DSP| FF| LUT| Bitwidth P0| Bitwidth P1|
    +-----------------------------------------+----------+----+---+----+------------+------------+
    |add_ln141_1_fu_796_p2                    |         +|   0|  0|  13|           5|           1|
    |add_ln141_fu_808_p2                      |         +|   0|  0|  10|           2|           1|
    |add_ln144_fu_914_p2                      |         +|   0|  0|  13|           4|           1|
    |add_ln145_fu_899_p2                      |         +|   0|  0|  40|          33|          33|
    |add_ln147_fu_1191_p2                     |         +|   0|  0|  71|          64|          64|
    |add_ln153_10_fu_1216_p2                  |         +|   0|  0|  71|          64|          64|
    |add_ln153_11_fu_1282_p2                  |         +|   0|  0|  71|          64|          64|
    |add_ln153_12_fu_1220_p2                  |         +|   0|  0|  71|          64|          64|
    |add_ln153_13_fu_1292_p2                  |         +|   0|  0|  71|          64|          64|
    |add_ln153_14_fu_1224_p2                  |         +|   0|  0|  71|          64|          64|
    |add_ln153_15_fu_1302_p2                  |         +|   0|  0|  71|          64|          64|
    |add_ln153_16_fu_1228_p2                  |         +|   0|  0|  71|          64|          64|
    |add_ln153_17_fu_1312_p2                  |         +|   0|  0|  71|          64|          64|
    |add_ln153_18_fu_883_p2                   |         +|   0|  0|  15|           8|           8|
    |add_ln153_1_fu_1232_p2                   |         +|   0|  0|  71|          64|          64|
    |add_ln153_2_fu_1200_p2                   |         +|   0|  0|  71|          64|          64|
    |add_ln153_3_fu_1242_p2                   |         +|   0|  0|  71|          64|          64|
    |add_ln153_4_fu_1204_p2                   |         +|   0|  0|  71|          64|          64|
    |add_ln153_5_fu_1252_p2                   |         +|   0|  0|  71|          64|          64|
    |add_ln153_6_fu_1208_p2                   |         +|   0|  0|  71|          64|          64|
    |add_ln153_7_fu_1262_p2                   |         +|   0|  0|  71|          64|          64|
    |add_ln153_8_fu_1212_p2                   |         +|   0|  0|  71|          64|          64|
    |add_ln153_9_fu_1272_p2                   |         +|   0|  0|  71|          64|          64|
    |add_ln153_fu_1196_p2                     |         +|   0|  0|  71|          64|          64|
    |add_ln155_1_fu_1111_p2                   |         +|   0|  0|  14|           7|           2|
    |add_ln155_2_fu_1122_p2                   |         +|   0|  0|  14|           7|           2|
    |add_ln155_3_fu_1133_p2                   |         +|   0|  0|  14|           7|           3|
    |add_ln155_4_fu_1144_p2                   |         +|   0|  0|  14|           7|           3|
    |add_ln155_5_fu_1155_p2                   |         +|   0|  0|  14|           7|           3|
    |add_ln155_6_fu_1166_p2                   |         +|   0|  0|  14|           7|           3|
    |add_ln155_7_fu_1177_p2                   |         +|   0|  0|  14|           7|           4|
    |add_ln155_fu_933_p2                      |         +|   0|  0|  14|           7|           1|
    |and_ln148_1_fu_966_p2                    |       and|   0|  0|   2|           1|           1|
    |and_ln148_fu_961_p2                      |       and|   0|  0|   2|           1|           1|
    |and_ln152_10_fu_1011_p2                  |       and|   0|  0|   2|           1|           1|
    |and_ln152_11_fu_1060_p2                  |       and|   0|  0|   2|           1|           1|
    |and_ln152_12_fu_1021_p2                  |       and|   0|  0|   2|           1|           1|
    |and_ln152_13_fu_1075_p2                  |       and|   0|  0|   2|           1|           1|
    |and_ln152_14_fu_1026_p2                  |       and|   0|  0|   2|           1|           1|
    |and_ln152_15_fu_1090_p2                  |       and|   0|  0|   2|           1|           1|
    |and_ln152_16_fu_1036_p2                  |       and|   0|  0|   2|           1|           1|
    |and_ln152_17_fu_1105_p2                  |       and|   0|  0|   2|           1|           1|
    |and_ln152_18_fu_1041_p2                  |       and|   0|  0|   2|           1|           1|
    |and_ln152_19_fu_1051_p2                  |       and|   0|  0|   2|           1|           1|
    |and_ln152_1_fu_985_p2                    |       and|   0|  0|   2|           1|           1|
    |and_ln152_20_fu_1056_p2                  |       and|   0|  0|   2|           1|           1|
    |and_ln152_21_fu_1066_p2                  |       and|   0|  0|   2|           1|           1|
    |and_ln152_22_fu_1071_p2                  |       and|   0|  0|   2|           1|           1|
    |and_ln152_23_fu_1081_p2                  |       and|   0|  0|   2|           1|           1|
    |and_ln152_24_fu_1086_p2                  |       and|   0|  0|   2|           1|           1|
    |and_ln152_25_fu_1096_p2                  |       and|   0|  0|   2|           1|           1|
    |and_ln152_26_fu_1101_p2                  |       and|   0|  0|   2|           1|           1|
    |and_ln152_2_fu_981_p2                    |       and|   0|  0|   2|           1|           1|
    |and_ln152_3_fu_1000_p2                   |       and|   0|  0|   2|           1|           1|
    |and_ln152_4_fu_991_p2                    |       and|   0|  0|   2|           1|           1|
    |and_ln152_5_fu_1015_p2                   |       and|   0|  0|   2|           1|           1|
    |and_ln152_6_fu_996_p2                    |       and|   0|  0|   2|           1|           1|
    |and_ln152_7_fu_1030_p2                   |       and|   0|  0|   2|           1|           1|
    |and_ln152_8_fu_1006_p2                   |       and|   0|  0|   2|           1|           1|
    |and_ln152_9_fu_1045_p2                   |       and|   0|  0|   2|           1|           1|
    |and_ln152_fu_976_p2                      |       and|   0|  0|   2|           1|           1|
    |ap_block_pp0_stage0_11001_grp15          |       and|   0|  0|   2|           1|           1|
    |ap_block_pp0_stage0_11001_grp5           |       and|   0|  0|   2|           1|           1|
    |ap_block_pp0_stage1_11001_grp16          |       and|   0|  0|   2|           1|           1|
    |ap_block_pp0_stage1_11001_grp6           |       and|   0|  0|   2|           1|           1|
    |ap_block_pp0_stage3_11001_grp18          |       and|   0|  0|   2|           1|           1|
    |ap_block_pp0_stage3_11001_grp8           |       and|   0|  0|   2|           1|           1|
    |ap_block_pp0_stage4_11001_grp10          |       and|   0|  0|   2|           1|           1|
    |ap_block_pp0_stage4_11001_grp9           |       and|   0|  0|   2|           1|           1|
    |ap_block_pp0_stage4_subdone              |       and|   0|  0|   2|           1|           1|
    |ap_block_pp0_stage5_11001_grp1           |       and|   0|  0|   2|           1|           1|
    |ap_block_pp0_stage5_11001_grp12          |       and|   0|  0|   2|           1|           1|
    |ap_block_pp0_stage6_11001_grp11          |       and|   0|  0|   2|           1|           1|
    |ap_block_pp0_stage6_11001_grp2           |       and|   0|  0|   2|           1|           1|
    |ap_block_pp0_stage7_11001_grp13          |       and|   0|  0|   2|           1|           1|
    |ap_block_pp0_stage7_11001_grp3           |       and|   0|  0|   2|           1|           1|
    |ap_block_pp0_stage8_11001_grp14          |       and|   0|  0|   2|           1|           1|
    |ap_block_pp0_stage8_11001_grp4           |       and|   0|  0|   2|           1|           1|
    |ap_block_state15_io_grp1                 |       and|   0|  0|   2|           1|           1|
    |ap_block_state16_io_grp2                 |       and|   0|  0|   2|           1|           1|
    |ap_block_state17_io_grp3                 |       and|   0|  0|   2|           1|           1|
    |ap_block_state18_io_grp4                 |       and|   0|  0|   2|           1|           1|
    |ap_block_state19_io_grp5                 |       and|   0|  0|   2|           1|           1|
    |ap_block_state20_io_grp6                 |       and|   0|  0|   2|           1|           1|
    |ap_block_state21_io_grp7                 |       and|   0|  0|   2|           1|           1|
    |ap_block_state22_io_grp8                 |       and|   0|  0|   2|           1|           1|
    |ap_block_state23_io_grp10                |       and|   0|  0|   2|           1|           1|
    |ap_block_state23_pp0_stage4_iter2_grp9   |       and|   0|  0|   2|           1|           1|
    |ap_block_state24_pp0_stage6_iter2_grp11  |       and|   0|  0|   2|           1|           1|
    |ap_block_state25_pp0_stage5_iter2_grp12  |       and|   0|  0|   2|           1|           1|
    |ap_block_state26_pp0_stage7_iter2_grp13  |       and|   0|  0|   2|           1|           1|
    |ap_block_state27_pp0_stage8_iter2_grp14  |       and|   0|  0|   2|           1|           1|
    |ap_block_state28_pp0_stage0_iter3_grp15  |       and|   0|  0|   2|           1|           1|
    |ap_block_state29_pp0_stage1_iter3_grp16  |       and|   0|  0|   2|           1|           1|
    |ap_block_state31_pp0_stage2_iter3_grp7   |       and|   0|  0|   2|           1|           1|
    |ap_block_state33_pp0_stage3_iter3_grp18  |       and|   0|  0|   2|           1|           1|
    |row_valid_fu_970_p2                      |       and|   0|  0|   2|           1|           1|
    |cmp120_fu_848_p2                         |      icmp|   0|  0|  40|          33|          33|
    |cond111_fu_864_p2                        |      icmp|   0|  0|  10|           2|           1|
    |icmp_ln141_fu_790_p2                     |      icmp|   0|  0|  13|           5|           5|
    |icmp_ln144_fu_814_p2                     |      icmp|   0|  0|  13|           4|           4|
    |icmp_ln148_1_fu_909_p2                   |      icmp|   0|  0|  39|          32|          32|
    |icmp_ln148_fu_904_p2                     |      icmp|   0|  0|  40|          33|          33|
    |ap_block_pp0_stage0_11001                |        or|   0|  0|   2|           1|           1|
    |ap_block_pp0_stage1_11001                |        or|   0|  0|   2|           1|           1|
    |ap_block_pp0_stage2_11001_grp7           |        or|   0|  0|   2|           1|           1|
    |ap_block_pp0_stage3_subdone              |        or|   0|  0|   2|           1|           1|
    |ap_block_pp0_stage5_subdone              |        or|   0|  0|   2|           1|           1|
    |ap_block_pp0_stage6_subdone              |        or|   0|  0|   2|           1|           1|
    |ap_block_pp0_stage7_subdone              |        or|   0|  0|   2|           1|           1|
    |ap_block_pp0_stage8_11001                |        or|   0|  0|   2|           1|           1|
    |select_ln141_1_fu_828_p3                 |    select|   0|  0|   2|           1|           2|
    |select_ln141_fu_820_p3                   |    select|   0|  0|   4|           1|           1|
    |ap_enable_pp0                            |       xor|   0|  0|   2|           1|           2|
    |xor_ln148_fu_955_p2                      |       xor|   0|  0|   2|           1|           2|
    +-----------------------------------------+----------+----+---+----+------------+------------+
    |Total                                    |          |   0|  0|1863|        1510|        1469|
    +-----------------------------------------+----------+----+---+----+------------+------------+

    * Multiplexer: 
    +----------------------------------------+----+-----------+-----+-----------+
    |                  Name                  | LUT| Input Size| Bits| Total Bits|
    +----------------------------------------+----+-----------+-----+-----------+
    |ap_NS_fsm                               |  53|         10|    1|         10|
    |ap_done_int                             |   9|          2|    1|          2|
    |ap_enable_reg_pp0_iter0                 |   9|          2|    1|          2|
    |ap_enable_reg_pp0_iter1                 |   9|          2|    1|          2|
    |ap_enable_reg_pp0_iter4                 |   9|          2|    1|          2|
    |ap_loop_exit_ready_pp0_iter1_reg        |   9|          2|    1|          2|
    |ap_loop_exit_ready_pp0_iter2_reg        |   9|          2|    1|          2|
    |ap_loop_exit_ready_pp0_iter3_reg        |   9|          2|    1|          2|
    |ap_sig_allocacmp_indvar_flatten12_load  |   9|          2|    5|         10|
    |ap_sig_allocacmp_n_load                 |   9|          2|    2|          4|
    |ap_sig_allocacmp_r_1_load               |   9|          2|    4|          8|
    |gmem0_blk_n_AR                          |   9|          2|    1|          2|
    |gmem0_blk_n_R                           |   9|          2|    1|          2|
    |indvar_flatten12_fu_200                 |   9|          2|    5|         10|
    |m_axi_gmem0_0_ARADDR                    |  53|         10|   64|        640|
    |n_fu_196                                |   9|          2|    2|          4|
    |p_ZL6in_buf_0_address0_local            |  53|         10|    7|         70|
    |p_ZL6in_buf_0_address1_local            |  53|         10|    7|         70|
    |p_ZL6in_buf_0_d0_local                  |  37|          7|    8|         56|
    |p_ZL6in_buf_0_d1_local                  |  31|          6|    8|         48|
    |p_ZL6in_buf_1_address0_local            |  53|         10|    7|         70|
    |p_ZL6in_buf_1_address1_local            |  53|         10|    7|         70|
    |p_ZL6in_buf_1_d0_local                  |  37|          7|    8|         56|
    |p_ZL6in_buf_1_d1_local                  |  31|          6|    8|         48|
    |r_1_fu_192                              |   9|          2|    4|          8|
    +----------------------------------------+----+-----------+-----+-----------+
    |Total                                   | 589|        116|  156|       1200|
    +----------------------------------------+----+-----------+-----+-----------+

    * Register: 
    +--------------------------------------------+----+----+-----+-----------+
    |                    Name                    | FF | LUT| Bits| Const Bits|
    +--------------------------------------------+----+----+-----+-----------+
    |add_ln145_reg_1632                          |  33|   0|   33|          0|
    |add_ln147_reg_1794                          |  64|   0|   64|          0|
    |add_ln153_10_reg_1832                       |  64|   0|   64|          0|
    |add_ln153_12_reg_1837                       |  64|   0|   64|          0|
    |add_ln153_14_reg_1842                       |  64|   0|   64|          0|
    |add_ln153_16_reg_1847                       |  64|   0|   64|          0|
    |add_ln153_18_reg_1615                       |   8|   0|    8|          0|
    |add_ln153_2_reg_1812                        |  64|   0|   64|          0|
    |add_ln153_4_reg_1817                        |  64|   0|   64|          0|
    |add_ln153_6_reg_1822                        |  64|   0|   64|          0|
    |add_ln153_8_reg_1827                        |  64|   0|   64|          0|
    |add_ln153_reg_1807                          |  64|   0|   64|          0|
    |and_ln152_11_reg_1693                       |   1|   0|    1|          0|
    |and_ln152_13_reg_1697                       |   1|   0|    1|          0|
    |and_ln152_15_reg_1701                       |   1|   0|    1|          0|
    |and_ln152_17_reg_1705                       |   1|   0|    1|          0|
    |and_ln152_1_reg_1673                        |   1|   0|    1|          0|
    |and_ln152_3_reg_1677                        |   1|   0|    1|          0|
    |and_ln152_5_reg_1681                        |   1|   0|    1|          0|
    |and_ln152_7_reg_1685                        |   1|   0|    1|          0|
    |and_ln152_9_reg_1689                        |   1|   0|    1|          0|
    |ap_CS_fsm                                   |   9|   0|    9|          0|
    |ap_block_pp0_stage0_subdone_grp0_done_reg   |   1|   0|    1|          0|
    |ap_block_pp0_stage0_subdone_grp15_done_reg  |   1|   0|    1|          0|
    |ap_block_pp0_stage0_subdone_grp5_done_reg   |   1|   0|    1|          0|
    |ap_block_pp0_stage1_subdone_grp0_done_reg   |   1|   0|    1|          0|
    |ap_block_pp0_stage1_subdone_grp16_done_reg  |   1|   0|    1|          0|
    |ap_block_pp0_stage1_subdone_grp6_done_reg   |   1|   0|    1|          0|
    |ap_block_pp0_stage2_subdone_grp0_done_reg   |   1|   0|    1|          0|
    |ap_block_pp0_stage3_subdone_grp0_done_reg   |   1|   0|    1|          0|
    |ap_block_pp0_stage3_subdone_grp18_done_reg  |   1|   0|    1|          0|
    |ap_block_pp0_stage3_subdone_grp8_done_reg   |   1|   0|    1|          0|
    |ap_block_pp0_stage4_subdone_grp0_done_reg   |   1|   0|    1|          0|
    |ap_block_pp0_stage4_subdone_grp10_done_reg  |   1|   0|    1|          0|
    |ap_block_pp0_stage4_subdone_grp9_done_reg   |   1|   0|    1|          0|
    |ap_block_pp0_stage5_subdone_grp0_done_reg   |   1|   0|    1|          0|
    |ap_block_pp0_stage5_subdone_grp12_done_reg  |   1|   0|    1|          0|
    |ap_block_pp0_stage5_subdone_grp1_done_reg   |   1|   0|    1|          0|
    |ap_block_pp0_stage6_subdone_grp0_done_reg   |   1|   0|    1|          0|
    |ap_block_pp0_stage6_subdone_grp11_done_reg  |   1|   0|    1|          0|
    |ap_block_pp0_stage6_subdone_grp2_done_reg   |   1|   0|    1|          0|
    |ap_block_pp0_stage7_subdone_grp0_done_reg   |   1|   0|    1|          0|
    |ap_block_pp0_stage7_subdone_grp13_done_reg  |   1|   0|    1|          0|
    |ap_block_pp0_stage7_subdone_grp3_done_reg   |   1|   0|    1|          0|
    |ap_block_pp0_stage8_subdone_grp0_done_reg   |   1|   0|    1|          0|
    |ap_block_pp0_stage8_subdone_grp14_done_reg  |   1|   0|    1|          0|
    |ap_block_pp0_stage8_subdone_grp4_done_reg   |   1|   0|    1|          0|
    |ap_done_reg                                 |   1|   0|    1|          0|
    |ap_enable_reg_pp0_iter0_reg                 |   1|   0|    1|          0|
    |ap_enable_reg_pp0_iter1                     |   1|   0|    1|          0|
    |ap_enable_reg_pp0_iter2                     |   1|   0|    1|          0|
    |ap_enable_reg_pp0_iter3                     |   1|   0|    1|          0|
    |ap_enable_reg_pp0_iter4                     |   1|   0|    1|          0|
    |ap_loop_exit_ready_pp0_iter1_reg            |   1|   0|    1|          0|
    |ap_loop_exit_ready_pp0_iter2_reg            |   1|   0|    1|          0|
    |ap_loop_exit_ready_pp0_iter3_reg            |   1|   0|    1|          0|
    |cmp120_reg_1601                             |   1|   0|    1|          0|
    |cond111_reg_1611                            |   1|   0|    1|          0|
    |empty_53_reg_1789                           |  32|   0|   32|          0|
    |gmem0_addr_1_read_reg_1918                  |   8|   0|    8|          0|
    |gmem0_addr_1_reg_1858                       |  64|   0|   64|          0|
    |gmem0_addr_2_read_reg_1912                  |   8|   0|    8|          0|
    |gmem0_addr_2_reg_1864                       |  64|   0|   64|          0|
    |gmem0_addr_3_read_reg_1924                  |   8|   0|    8|          0|
    |gmem0_addr_3_reg_1870                       |  64|   0|   64|          0|
    |gmem0_addr_4_read_reg_1930                  |   8|   0|    8|          0|
    |gmem0_addr_4_reg_1876                       |  64|   0|   64|          0|
    |gmem0_addr_5_read_reg_1936                  |   8|   0|    8|          0|
    |gmem0_addr_5_reg_1882                       |  64|   0|   64|          0|
    |gmem0_addr_6_read_reg_1942                  |   8|   0|    8|          0|
    |gmem0_addr_6_reg_1888                       |  64|   0|   64|          0|
    |gmem0_addr_7_read_reg_1948                  |   8|   0|    8|          0|
    |gmem0_addr_7_reg_1894                       |  64|   0|   64|          0|
    |gmem0_addr_8_read_reg_1954                  |   8|   0|    8|          0|
    |gmem0_addr_8_reg_1900                       |  64|   0|   64|          0|
    |gmem0_addr_read_reg_1906                    |   8|   0|    8|          0|
    |gmem0_addr_reg_1852                         |  64|   0|   64|          0|
    |icmp_ln141_reg_1576                         |   1|   0|    1|          0|
    |icmp_ln148_1_reg_1643                       |   1|   0|    1|          0|
    |icmp_ln148_reg_1638                         |   1|   0|    1|          0|
    |indvar_flatten12_fu_200                     |   5|   0|    5|          0|
    |mul_ln147_reg_1784                          |  64|   0|   64|          0|
    |n_fu_196                                    |   2|   0|    2|          0|
    |p_ZL6in_buf_0_addr_1_reg_1653               |   7|   0|    7|          0|
    |p_ZL6in_buf_0_addr_2_reg_1709               |   7|   0|    7|          0|
    |p_ZL6in_buf_0_addr_3_reg_1714               |   7|   0|    7|          0|
    |p_ZL6in_buf_0_addr_4_reg_1729               |   7|   0|    7|          0|
    |p_ZL6in_buf_0_addr_5_reg_1734               |   7|   0|    7|          0|
    |p_ZL6in_buf_0_addr_6_reg_1754               |   7|   0|    7|          0|
    |p_ZL6in_buf_0_addr_7_reg_1759               |   7|   0|    7|          0|
    |p_ZL6in_buf_0_addr_8_reg_1774               |   7|   0|    7|          0|
    |p_ZL6in_buf_0_addr_reg_1648                 |   7|   0|    7|          0|
    |p_ZL6in_buf_1_addr_1_reg_1663               |   7|   0|    7|          0|
    |p_ZL6in_buf_1_addr_2_reg_1719               |   7|   0|    7|          0|
    |p_ZL6in_buf_1_addr_3_reg_1724               |   7|   0|    7|          0|
    |p_ZL6in_buf_1_addr_4_reg_1739               |   7|   0|    7|          0|
    |p_ZL6in_buf_1_addr_5_reg_1744               |   7|   0|    7|          0|
    |p_ZL6in_buf_1_addr_6_reg_1764               |   7|   0|    7|          0|
    |p_ZL6in_buf_1_addr_7_reg_1769               |   7|   0|    7|          0|
    |p_ZL6in_buf_1_addr_8_reg_1779               |   7|   0|    7|          0|
    |p_ZL6in_buf_1_addr_reg_1658                 |   7|   0|    7|          0|
    |r_1_fu_192                                  |   4|   0|    4|          0|
    |select_ln141_1_reg_1589                     |   2|   0|    2|          0|
    |select_ln141_reg_1580                       |   4|   0|    4|          0|
    |sext_ln110_cast_reg_1571                    |  33|   0|   33|          0|
    |sext_ln95_9_cast_reg_1561                   |  33|   0|   33|          0|
    |sext_ln95_cast_reg_1566                     |  64|   0|   64|          0|
    |tmp6_reg_1749                               |  32|   0|   32|          0|
    |trunc_ln142_reg_1596                        |   1|   0|    1|          0|
    |trunc_ln153_reg_1620                        |   7|   0|    7|          0|
    |and_ln152_11_reg_1693                       |  64|  32|    1|          0|
    |and_ln152_13_reg_1697                       |  64|  32|    1|          0|
    |and_ln152_15_reg_1701                       |  64|  32|    1|          0|
    |and_ln152_17_reg_1705                       |  64|  32|    1|          0|
    |and_ln152_1_reg_1673                        |  64|  32|    1|          0|
    |and_ln152_3_reg_1677                        |  64|  32|    1|          0|
    |and_ln152_5_reg_1681                        |  64|  32|    1|          0|
    |and_ln152_7_reg_1685                        |  64|  32|    1|          0|
    |and_ln152_9_reg_1689                        |  64|  32|    1|          0|
    |cond111_reg_1611                            |  64|  32|    1|          0|
    |icmp_ln141_reg_1576                         |  64|  32|    1|          0|
    |p_ZL6in_buf_0_addr_1_reg_1653               |  64|  32|    7|          0|
    |p_ZL6in_buf_0_addr_2_reg_1709               |  64|  32|    7|          0|
    |p_ZL6in_buf_0_addr_3_reg_1714               |  64|  32|    7|          0|
    |p_ZL6in_buf_0_addr_4_reg_1729               |  64|  32|    7|          0|
    |p_ZL6in_buf_0_addr_5_reg_1734               |  64|  32|    7|          0|
    |p_ZL6in_buf_0_addr_6_reg_1754               |  64|  32|    7|          0|
    |p_ZL6in_buf_0_addr_7_reg_1759               |  64|  32|    7|          0|
    |p_ZL6in_buf_0_addr_8_reg_1774               |  64|  32|    7|          0|
    |p_ZL6in_buf_0_addr_reg_1648                 |  64|  32|    7|          0|
    |p_ZL6in_buf_1_addr_1_reg_1663               |  64|  32|    7|          0|
    |p_ZL6in_buf_1_addr_2_reg_1719               |  64|  32|    7|          0|
    |p_ZL6in_buf_1_addr_3_reg_1724               |  64|  32|    7|          0|
    |p_ZL6in_buf_1_addr_4_reg_1739               |  64|  32|    7|          0|
    |p_ZL6in_buf_1_addr_5_reg_1744               |  64|  32|    7|          0|
    |p_ZL6in_buf_1_addr_6_reg_1764               |  64|  32|    7|          0|
    |p_ZL6in_buf_1_addr_7_reg_1769               |  64|  32|    7|          0|
    |p_ZL6in_buf_1_addr_8_reg_1779               |  64|  32|    7|          0|
    |p_ZL6in_buf_1_addr_reg_1658                 |  64|  32|    7|          0|
    +--------------------------------------------+----+----+-----+-----------+
    |Total                                       |3651| 928| 1932|          0|
    +--------------------------------------------+----+----+-----+-----------+



================================================================
== Interface
================================================================
* Summary: 
+------------------------+-----+-----+------------+-------------------------------------------+--------------+
|        RTL Ports       | Dir | Bits|  Protocol  |               Source Object               |    C Type    |
+------------------------+-----+-----+------------+-------------------------------------------+--------------+
|ap_clk                  |   in|    1|  ap_ctrl_hs|  conv_ip_Pipeline_LOAD_IN_VITIS_LOOP_144_3|  return value|
|ap_rst                  |   in|    1|  ap_ctrl_hs|  conv_ip_Pipeline_LOAD_IN_VITIS_LOOP_144_3|  return value|
|ap_start                |   in|    1|  ap_ctrl_hs|  conv_ip_Pipeline_LOAD_IN_VITIS_LOOP_144_3|  return value|
|ap_done                 |  out|    1|  ap_ctrl_hs|  conv_ip_Pipeline_LOAD_IN_VITIS_LOOP_144_3|  return value|
|ap_idle                 |  out|    1|  ap_ctrl_hs|  conv_ip_Pipeline_LOAD_IN_VITIS_LOOP_144_3|  return value|
|ap_ready                |  out|    1|  ap_ctrl_hs|  conv_ip_Pipeline_LOAD_IN_VITIS_LOOP_144_3|  return value|
|grp_fu_588_p_din0       |  out|   32|  ap_ctrl_hs|  conv_ip_Pipeline_LOAD_IN_VITIS_LOOP_144_3|  return value|
|grp_fu_588_p_din1       |  out|   32|  ap_ctrl_hs|  conv_ip_Pipeline_LOAD_IN_VITIS_LOOP_144_3|  return value|
|grp_fu_588_p_dout0      |   in|   32|  ap_ctrl_hs|  conv_ip_Pipeline_LOAD_IN_VITIS_LOOP_144_3|  return value|
|grp_fu_588_p_ce         |  out|    1|  ap_ctrl_hs|  conv_ip_Pipeline_LOAD_IN_VITIS_LOOP_144_3|  return value|
|m_axi_gmem0_0_AWVALID   |  out|    1|       m_axi|                                      gmem0|       pointer|
|m_axi_gmem0_0_AWREADY   |   in|    1|       m_axi|                                      gmem0|       pointer|
|m_axi_gmem0_0_AWADDR    |  out|   64|       m_axi|                                      gmem0|       pointer|
|m_axi_gmem0_0_AWID      |  out|    1|       m_axi|                                      gmem0|       pointer|
|m_axi_gmem0_0_AWLEN     |  out|   32|       m_axi|                                      gmem0|       pointer|
|m_axi_gmem0_0_AWSIZE    |  out|    3|       m_axi|                                      gmem0|       pointer|
|m_axi_gmem0_0_AWBURST   |  out|    2|       m_axi|                                      gmem0|       pointer|
|m_axi_gmem0_0_AWLOCK    |  out|    2|       m_axi|                                      gmem0|       pointer|
|m_axi_gmem0_0_AWCACHE   |  out|    4|       m_axi|                                      gmem0|       pointer|
|m_axi_gmem0_0_AWPROT    |  out|    3|       m_axi|                                      gmem0|       pointer|
|m_axi_gmem0_0_AWQOS     |  out|    4|       m_axi|                                      gmem0|       pointer|
|m_axi_gmem0_0_AWREGION  |  out|    4|       m_axi|                                      gmem0|       pointer|
|m_axi_gmem0_0_AWUSER    |  out|    1|       m_axi|                                      gmem0|       pointer|
|m_axi_gmem0_0_WVALID    |  out|    1|       m_axi|                                      gmem0|       pointer|
|m_axi_gmem0_0_WREADY    |   in|    1|       m_axi|                                      gmem0|       pointer|
|m_axi_gmem0_0_WDATA     |  out|    8|       m_axi|                                      gmem0|       pointer|
|m_axi_gmem0_0_WSTRB     |  out|    1|       m_axi|                                      gmem0|       pointer|
|m_axi_gmem0_0_WLAST     |  out|    1|       m_axi|                                      gmem0|       pointer|
|m_axi_gmem0_0_WID       |  out|    1|       m_axi|                                      gmem0|       pointer|
|m_axi_gmem0_0_WUSER     |  out|    1|       m_axi|                                      gmem0|       pointer|
|m_axi_gmem0_0_ARVALID   |  out|    1|       m_axi|                                      gmem0|       pointer|
|m_axi_gmem0_0_ARREADY   |   in|    1|       m_axi|                                      gmem0|       pointer|
|m_axi_gmem0_0_ARADDR    |  out|   64|       m_axi|                                      gmem0|       pointer|
|m_axi_gmem0_0_ARID      |  out|    1|       m_axi|                                      gmem0|       pointer|
|m_axi_gmem0_0_ARLEN     |  out|   32|       m_axi|                                      gmem0|       pointer|
|m_axi_gmem0_0_ARSIZE    |  out|    3|       m_axi|                                      gmem0|       pointer|
|m_axi_gmem0_0_ARBURST   |  out|    2|       m_axi|                                      gmem0|       pointer|
|m_axi_gmem0_0_ARLOCK    |  out|    2|       m_axi|                                      gmem0|       pointer|
|m_axi_gmem0_0_ARCACHE   |  out|    4|       m_axi|                                      gmem0|       pointer|
|m_axi_gmem0_0_ARPROT    |  out|    3|       m_axi|                                      gmem0|       pointer|
|m_axi_gmem0_0_ARQOS     |  out|    4|       m_axi|                                      gmem0|       pointer|
|m_axi_gmem0_0_ARREGION  |  out|    4|       m_axi|                                      gmem0|       pointer|
|m_axi_gmem0_0_ARUSER    |  out|    1|       m_axi|                                      gmem0|       pointer|
|m_axi_gmem0_0_RVALID    |   in|    1|       m_axi|                                      gmem0|       pointer|
|m_axi_gmem0_0_RREADY    |  out|    1|       m_axi|                                      gmem0|       pointer|
|m_axi_gmem0_0_RDATA     |   in|    8|       m_axi|                                      gmem0|       pointer|
|m_axi_gmem0_0_RLAST     |   in|    1|       m_axi|                                      gmem0|       pointer|
|m_axi_gmem0_0_RID       |   in|    1|       m_axi|                                      gmem0|       pointer|
|m_axi_gmem0_0_RFIFONUM  |   in|   11|       m_axi|                                      gmem0|       pointer|
|m_axi_gmem0_0_RUSER     |   in|    1|       m_axi|                                      gmem0|       pointer|
|m_axi_gmem0_0_RRESP     |   in|    2|       m_axi|                                      gmem0|       pointer|
|m_axi_gmem0_0_BVALID    |   in|    1|       m_axi|                                      gmem0|       pointer|
|m_axi_gmem0_0_BREADY    |  out|    1|       m_axi|                                      gmem0|       pointer|
|m_axi_gmem0_0_BRESP     |   in|    2|       m_axi|                                      gmem0|       pointer|
|m_axi_gmem0_0_BID       |   in|    1|       m_axi|                                      gmem0|       pointer|
|m_axi_gmem0_0_BUSER     |   in|    1|       m_axi|                                      gmem0|       pointer|
|cmp134_8                |   in|    1|     ap_none|                                   cmp134_8|        scalar|
|cmp136_8                |   in|    1|     ap_none|                                   cmp136_8|        scalar|
|rev134                  |   in|    1|     ap_none|                                     rev134|        scalar|
|cmp134_7                |   in|    1|     ap_none|                                   cmp134_7|        scalar|
|icmp131                 |   in|    1|     ap_none|                                    icmp131|        scalar|
|rev128                  |   in|    1|     ap_none|                                     rev128|        scalar|
|cmp134_6                |   in|    1|     ap_none|                                   cmp134_6|        scalar|
|cmp136_6                |   in|    1|     ap_none|                                   cmp136_6|        scalar|
|rev125                  |   in|    1|     ap_none|                                     rev125|        scalar|
|cmp134_5                |   in|    1|     ap_none|                                   cmp134_5|        scalar|
|cmp136_5                |   in|    1|     ap_none|                                   cmp136_5|        scalar|
|rev122                  |   in|    1|     ap_none|                                     rev122|        scalar|
|cmp134_4                |   in|    1|     ap_none|                                   cmp134_4|        scalar|
|cmp136_4                |   in|    1|     ap_none|                                   cmp136_4|        scalar|
|rev119                  |   in|    1|     ap_none|                                     rev119|        scalar|
|cmp134_3                |   in|    1|     ap_none|                                   cmp134_3|        scalar|
|cmp136_3                |   in|    1|     ap_none|                                   cmp136_3|        scalar|
|rev116                  |   in|    1|     ap_none|                                     rev116|        scalar|
|cmp134_2                |   in|    1|     ap_none|                                   cmp134_2|        scalar|
|cmp136_2                |   in|    1|     ap_none|                                   cmp136_2|        scalar|
|rev113                  |   in|    1|     ap_none|                                     rev113|        scalar|
|cmp134_1                |   in|    1|     ap_none|                                   cmp134_1|        scalar|
|icmp                    |   in|    1|     ap_none|                                       icmp|        scalar|
|rev109                  |   in|    1|     ap_none|                                     rev109|        scalar|
|feat_in                 |   in|   64|     ap_none|                                    feat_in|        scalar|
|sub_ln114               |   in|   64|     ap_none|                                  sub_ln114|        scalar|
|sub_ln136               |   in|   33|     ap_none|                                  sub_ln136|        scalar|
|tn                      |   in|   30|     ap_none|                                         tn|        scalar|
|Hin                     |   in|   32|     ap_none|                                        Hin|        scalar|
|Win                     |   in|   32|     ap_none|                                        Win|        scalar|
|sext_ln110              |   in|   32|     ap_none|                                 sext_ln110|        scalar|
|sext_ln95               |   in|   32|     ap_none|                                  sext_ln95|        scalar|
|sext_ln95_9             |   in|   32|     ap_none|                                sext_ln95_9|        scalar|
|in_tile_h               |   in|   32|     ap_none|                                  in_tile_h|        scalar|
|cmp134                  |   in|    1|     ap_none|                                     cmp134|        scalar|
|cmp136                  |   in|    1|     ap_none|                                     cmp136|        scalar|
|rev106                  |   in|    1|     ap_none|                                     rev106|        scalar|
|empty_42                |   in|   64|     ap_none|                                   empty_42|        scalar|
|empty_43                |   in|   64|     ap_none|                                   empty_43|        scalar|
|empty_44                |   in|   64|     ap_none|                                   empty_44|        scalar|
|empty_45                |   in|   64|     ap_none|                                   empty_45|        scalar|
|empty_46                |   in|   64|     ap_none|                                   empty_46|        scalar|
|empty_47                |   in|   64|     ap_none|                                   empty_47|        scalar|
|empty_48                |   in|   64|     ap_none|                                   empty_48|        scalar|
|empty                   |   in|   64|     ap_none|                                      empty|        scalar|
|p_ZL6in_buf_0_address0  |  out|    7|   ap_memory|                              p_ZL6in_buf_0|         array|
|p_ZL6in_buf_0_ce0       |  out|    1|   ap_memory|                              p_ZL6in_buf_0|         array|
|p_ZL6in_buf_0_we0       |  out|    1|   ap_memory|                              p_ZL6in_buf_0|         array|
|p_ZL6in_buf_0_d0        |  out|    8|   ap_memory|                              p_ZL6in_buf_0|         array|
|p_ZL6in_buf_0_address1  |  out|    7|   ap_memory|                              p_ZL6in_buf_0|         array|
|p_ZL6in_buf_0_ce1       |  out|    1|   ap_memory|                              p_ZL6in_buf_0|         array|
|p_ZL6in_buf_0_we1       |  out|    1|   ap_memory|                              p_ZL6in_buf_0|         array|
|p_ZL6in_buf_0_d1        |  out|    8|   ap_memory|                              p_ZL6in_buf_0|         array|
|p_ZL6in_buf_1_address0  |  out|    7|   ap_memory|                              p_ZL6in_buf_1|         array|
|p_ZL6in_buf_1_ce0       |  out|    1|   ap_memory|                              p_ZL6in_buf_1|         array|
|p_ZL6in_buf_1_we0       |  out|    1|   ap_memory|                              p_ZL6in_buf_1|         array|
|p_ZL6in_buf_1_d0        |  out|    8|   ap_memory|                              p_ZL6in_buf_1|         array|
|p_ZL6in_buf_1_address1  |  out|    7|   ap_memory|                              p_ZL6in_buf_1|         array|
|p_ZL6in_buf_1_ce1       |  out|    1|   ap_memory|                              p_ZL6in_buf_1|         array|
|p_ZL6in_buf_1_we1       |  out|    1|   ap_memory|                              p_ZL6in_buf_1|         array|
|p_ZL6in_buf_1_d1        |  out|    8|   ap_memory|                              p_ZL6in_buf_1|         array|
+------------------------+-----+-----+------------+-------------------------------------------+--------------+

