

================================================================
== Vitis HLS Report for 'conv_ip'
================================================================
* Date:           Sun Jun 21 19:39:55 2026

* Version:        2024.2 (Build 5238294 on Nov  8 2024)
* Project:        conv_ip_proj
* Solution:       solution1 (Vivado IP Flow Target)
* Product family: zynq
* Target device:  xc7z020-clg400-1


================================================================
== Performance Estimates
================================================================
+ Timing: 
    * Summary: 
    +--------+---------+----------+------------+
    |  Clock |  Target | Estimated| Uncertainty|
    +--------+---------+----------+------------+
    |ap_clk  |  7.00 ns|  6.978 ns|     1.89 ns|
    +--------+---------+----------+------------+

+ Latency: 
    * Summary: 
    +---------+---------+----------+----------+-----+-----+---------+
    |  Latency (cycles) |  Latency (absolute) |  Interval | Pipeline|
    |   min   |   max   |    min   |    max   | min | max |   Type  |
    +---------+---------+----------+----------+-----+-----+---------+
    |       40|        ?|  0.280 us|         ?|   41|    ?|       no|
    +---------+---------+----------+----------+-----+-----+---------+

    + Detail: 
        * Instance: 
        +-------------------------------------------------------------------------+--------------------------------------------------------------+---------+---------+-----------+----------+-----+-----+------------------------------------------------+
        |                                                                         |                                                              |  Latency (cycles) |  Latency (absolute)  |  Interval |                    Pipeline                    |
        |                                 Instance                                |                            Module                            |   min   |   max   |    min    |    max   | min | max |                      Type                      |
        +-------------------------------------------------------------------------+--------------------------------------------------------------+---------+---------+-----------+----------+-----+-----+------------------------------------------------+
        |grp_conv_ip_Pipeline_INIT_OUT_VITIS_LOOP_121_1_fu_407                    |conv_ip_Pipeline_INIT_OUT_VITIS_LOOP_121_1                    |       21|       21|   0.147 us|  0.147 us|    9|    9|  loop auto-rewind stp (delay=0 clock cycles(s))|
        |grp_conv_ip_Pipeline_LOAD_IN_VITIS_LOOP_144_3_fu_432                     |conv_ip_Pipeline_LOAD_IN_VITIS_LOOP_144_3                     |      192|      192|   1.344 us|  1.344 us|  171|  171|  loop auto-rewind stp (delay=0 clock cycles(s))|
        |grp_conv_ip_Pipeline_LOAD_WT_VITIS_LOOP_163_5_VITIS_LOOP_164_6_fu_488    |conv_ip_Pipeline_LOAD_WT_VITIS_LOOP_163_5_VITIS_LOOP_164_6    |       58|       58|   0.406 us|  0.406 us|   39|   39|  loop auto-rewind stp (delay=0 clock cycles(s))|
        |grp_conv_ip_Pipeline_COMPUTE_KH_COMPUTE_KW_COMPUTE_TR_COMPUTE_TC_fu_507  |conv_ip_Pipeline_COMPUTE_KH_COMPUTE_KW_COMPUTE_TR_COMPUTE_TC  |      153|      153|   1.071 us|  1.071 us|  145|  145|  loop auto-rewind stp (delay=0 clock cycles(s))|
        |grp_conv_ip_Pipeline_VITIS_LOOP_218_8_fu_541                             |conv_ip_Pipeline_VITIS_LOOP_218_8                             |        2|       32|  14.000 ns|  0.224 us|    1|   20|  loop auto-rewind stp (delay=0 clock cycles(s))|
        +-------------------------------------------------------------------------+--------------------------------------------------------------+---------+---------+-----------+----------+-----+-----+------------------------------------------------+

        * Loop: 
        +------------------+---------+--------------+-------------------+-----------+-----------+----------------+----------+
        |                  |    Latency (cycles)    |     Iteration     |  Initiation Interval  |      Trip      |          |
        |     Loop Name    |   min   |      max     |      Latency      |  achieved |   target  |      Count     | Pipelined|
        +------------------+---------+--------------+-------------------+-----------+-----------+----------------+----------+
        |- LOOP_TM         |        0|             ?|              3 ~ ?|          -|          -|  0 ~ 1073741823|        no|
        | + LOOP_TR        |        0|             ?|              9 ~ ?|          -|          -|   0 ~ 536870911|        no|
        |  ++ LOOP_TC      |        0|             ?|  31 ~ 375809638161|          -|          -|   0 ~ 536870911|        no|
        |   +++ LOOP_TN    |        0|  375809638050|                350|          -|          -|  0 ~ 1073741823|        no|
        |   +++ WRITE_OUT  |        0|            80|            10 ~ 40|          -|          -|           0 ~ 2|        no|
        +------------------+---------+--------------+-------------------+-----------+-----------+----------------+----------+



================================================================
== Utilization Estimates
================================================================
* Summary: 
+-----------------+---------+-----+--------+-------+-----+
|       Name      | BRAM_18K| DSP |   FF   |  LUT  | URAM|
+-----------------+---------+-----+--------+-------+-----+
|DSP              |        -|    -|       -|      -|    -|
|Expression       |        -|    -|       0|   3940|    -|
|FIFO             |        -|    -|       -|      -|    -|
|Instance         |        7|   28|   13515|  13504|    -|
|Memory           |        0|    -|     608|     46|    0|
|Multiplexer      |        -|    -|       0|   1476|    -|
|Register         |        -|    -|    3813|      -|    -|
+-----------------+---------+-----+--------+-------+-----+
|Total            |        7|   28|   17936|  18966|    0|
+-----------------+---------+-----+--------+-------+-----+
|Available        |      280|  220|  106400|  53200|    0|
+-----------------+---------+-----+--------+-------+-----+
|Utilization (%)  |        2|   12|      16|     35|    0|
+-----------------+---------+-----+--------+-------+-----+

+ Detail: 
    * Instance: 
    +-------------------------------------------------------------------------+--------------------------------------------------------------+---------+----+------+------+-----+
    |                                 Instance                                |                            Module                            | BRAM_18K| DSP|  FF  |  LUT | URAM|
    +-------------------------------------------------------------------------+--------------------------------------------------------------+---------+----+------+------+-----+
    |control_s_axi_U                                                          |control_s_axi                                                 |        0|   0|   310|   552|    0|
    |grp_conv_ip_Pipeline_COMPUTE_KH_COMPUTE_KW_COMPUTE_TR_COMPUTE_TC_fu_507  |conv_ip_Pipeline_COMPUTE_KH_COMPUTE_KW_COMPUTE_TR_COMPUTE_TC  |        0|   4|   746|   786|    0|
    |grp_conv_ip_Pipeline_INIT_OUT_VITIS_LOOP_121_1_fu_407                    |conv_ip_Pipeline_INIT_OUT_VITIS_LOOP_121_1                    |        0|   0|   266|   330|    0|
    |grp_conv_ip_Pipeline_LOAD_IN_VITIS_LOOP_144_3_fu_432                     |conv_ip_Pipeline_LOAD_IN_VITIS_LOOP_144_3                     |        0|   7|  4087|  3382|    0|
    |grp_conv_ip_Pipeline_LOAD_WT_VITIS_LOOP_163_5_VITIS_LOOP_164_6_fu_488    |conv_ip_Pipeline_LOAD_WT_VITIS_LOOP_163_5_VITIS_LOOP_164_6    |        0|   0|  1728|  1604|    0|
    |grp_conv_ip_Pipeline_VITIS_LOOP_218_8_fu_541                             |conv_ip_Pipeline_VITIS_LOOP_218_8                             |        0|   7|  1806|  2704|    0|
    |ctrl_s_axi_U                                                             |ctrl_s_axi                                                    |        0|   0|   416|   680|    0|
    |gmem0_m_axi_U                                                            |gmem0_m_axi                                                   |        2|   0|   707|   777|    0|
    |gmem1_m_axi_U                                                            |gmem1_m_axi                                                   |        2|   0|   707|   777|    0|
    |gmem2_m_axi_U                                                            |gmem2_m_axi                                                   |        2|   0|   671|   657|    0|
    |gmem3_m_axi_U                                                            |gmem3_m_axi                                                   |        1|   0|   705|   774|    0|
    |mul_29ns_30s_30_5_1_U130                                                 |mul_29ns_30s_30_5_1                                           |        0|   3|   148|     3|    0|
    |mul_32ns_32s_63_5_1_U131                                                 |mul_32ns_32s_63_5_1                                           |        0|   4|   215|     1|    0|
    |mul_32s_32s_32_5_1_U132                                                  |mul_32s_32s_32_5_1                                            |        0|   3|   215|     1|    0|
    |sdiv_32ns_32s_32_36_seq_1_U133                                           |sdiv_32ns_32s_32_36_seq_1                                     |        0|   0|   394|   238|    0|
    |sdiv_32ns_32s_32_36_seq_1_U134                                           |sdiv_32ns_32s_32_36_seq_1                                     |        0|   0|   394|   238|    0|
    +-------------------------------------------------------------------------+--------------------------------------------------------------+---------+----+------+------+-----+
    |Total                                                                    |                                                              |        7|  28| 13515| 13504|    0|
    +-------------------------------------------------------------------------+--------------------------------------------------------------+---------+----+------+------+-----+

    * DSP: 
    N/A

    * Memory: 
    +--------------------+--------------------------------+---------+----+----+-----+------+-----+------+-------------+
    |       Memory       |             Module             | BRAM_18K| FF | LUT| URAM| Words| Bits| Banks| W*Bits*Banks|
    +--------------------+--------------------------------+---------+----+----+-----+------+-----+------+-------------+
    |p_ZL6in_buf_0_U     |p_ZL6in_buf_0_RAM_AUTO_1R1W     |        0|  16|  11|    0|    81|    8|     1|          648|
    |p_ZL6in_buf_1_U     |p_ZL6in_buf_0_RAM_AUTO_1R1W     |        0|  16|  11|    0|    81|    8|     1|          648|
    |p_ZL6wt_buf_0_0_U   |p_ZL6wt_buf_0_0_RAM_AUTO_1R1W   |        0|  16|   2|    0|     9|    8|     1|           72|
    |p_ZL6wt_buf_0_1_U   |p_ZL6wt_buf_0_0_RAM_AUTO_1R1W   |        0|  16|   2|    0|     9|    8|     1|           72|
    |p_ZL6wt_buf_1_0_U   |p_ZL6wt_buf_0_0_RAM_AUTO_1R1W   |        0|  16|   2|    0|     9|    8|     1|           72|
    |p_ZL6wt_buf_1_1_U   |p_ZL6wt_buf_0_0_RAM_AUTO_1R1W   |        0|  16|   2|    0|     9|    8|     1|           72|
    |p_ZL7out_buf_0_0_U  |p_ZL7out_buf_0_0_RAM_AUTO_1R1W  |        0|  64|   2|    0|     4|   32|     1|          128|
    |p_ZL7out_buf_0_1_U  |p_ZL7out_buf_0_0_RAM_AUTO_1R1W  |        0|  64|   2|    0|     4|   32|     1|          128|
    |p_ZL7out_buf_0_2_U  |p_ZL7out_buf_0_0_RAM_AUTO_1R1W  |        0|  64|   2|    0|     4|   32|     1|          128|
    |p_ZL7out_buf_0_3_U  |p_ZL7out_buf_0_0_RAM_AUTO_1R1W  |        0|  64|   2|    0|     4|   32|     1|          128|
    |p_ZL7out_buf_1_0_U  |p_ZL7out_buf_0_0_RAM_AUTO_1R1W  |        0|  64|   2|    0|     4|   32|     1|          128|
    |p_ZL7out_buf_1_1_U  |p_ZL7out_buf_0_0_RAM_AUTO_1R1W  |        0|  64|   2|    0|     4|   32|     1|          128|
    |p_ZL7out_buf_1_2_U  |p_ZL7out_buf_0_0_RAM_AUTO_1R1W  |        0|  64|   2|    0|     4|   32|     1|          128|
    |p_ZL7out_buf_1_3_U  |p_ZL7out_buf_0_0_RAM_AUTO_1R1W  |        0|  64|   2|    0|     4|   32|     1|          128|
    +--------------------+--------------------------------+---------+----+----+-----+------+-----+------+-------------+
    |Total               |                                |        0| 608|  46|    0|   230|  304|    14|         2608|
    +--------------------+--------------------------------+---------+----+----+-----+------+-----+------+-------------+

    * FIFO: 
    N/A

    * Expression: 
    +----------------------------------+----------+----+---+----+------------+------------+
    |           Variable Name          | Operation| DSP| FF| LUT| Bitwidth P0| Bitwidth P1|
    +----------------------------------+----------+----+---+----+------------+------------+
    |Hout_fu_752_p2                    |         +|   0|  0|  39|          32|           1|
    |Wout_fu_757_p2                    |         +|   0|  0|  39|          32|           1|
    |add_ln101_fu_1038_p2              |         +|   0|  0|  36|          29|           1|
    |add_ln103_fu_1056_p2              |         +|   0|  0|  39|          32|           3|
    |add_ln107_fu_1089_p2              |         +|   0|  0|  39|          32|           2|
    |add_ln110_1_fu_1107_p2            |         +|   0|  0|  68|          61|          61|
    |add_ln110_fu_1121_p2              |         +|   0|  0|  36|          29|           1|
    |add_ln112_fu_1139_p2              |         +|   0|  0|  39|          32|           3|
    |add_ln115_fu_1189_p2              |         +|   0|  0|  39|          32|           2|
    |add_ln133_fu_1463_p2              |         +|   0|  0|  37|          30|           1|
    |add_ln135_fu_1485_p2              |         +|   0|  0|  39|          32|           2|
    |add_ln214_fu_1602_p2              |         +|   0|  0|  10|           2|           1|
    |add_ln216_fu_1625_p2              |         +|   0|  0|  39|          32|          32|
    |add_ln80_1_fu_693_p2              |         +|   0|  0|  32|          32|          32|
    |add_ln80_fu_687_p2                |         +|   0|  0|  32|          32|           3|
    |add_ln81_1_fu_709_p2              |         +|   0|  0|  32|          32|          32|
    |add_ln81_fu_703_p2                |         +|   0|  0|  32|          32|           3|
    |add_ln84_fu_762_p2                |         +|   0|  0|  39|          32|           1|
    |add_ln85_fu_796_p2                |         +|   0|  0|  39|          32|           1|
    |add_ln86_fu_830_p2                |         +|   0|  0|  39|          32|           3|
    |add_ln87_fu_874_p2                |         +|   0|  0|  39|          32|           3|
    |add_ln95_1_fu_959_p2              |         +|   0|  0|  69|          62|          62|
    |add_ln95_fu_973_p2                |         +|   0|  0|  37|          30|           1|
    |add_ln97_fu_991_p2                |         +|   0|  0|  39|          32|           2|
    |empty_62_fu_1195_p2               |         +|   0|  0|  71|          64|           1|
    |empty_63_fu_1208_p2               |         +|   0|  0|  71|          64|           2|
    |empty_64_fu_1221_p2               |         +|   0|  0|  71|          64|           2|
    |empty_65_fu_1234_p2               |         +|   0|  0|  71|          64|           3|
    |empty_66_fu_1247_p2               |         +|   0|  0|  71|          64|           3|
    |empty_67_fu_1260_p2               |         +|   0|  0|  71|          64|           3|
    |empty_68_fu_1273_p2               |         +|   0|  0|  71|          64|           3|
    |empty_69_fu_1286_p2               |         +|   0|  0|  71|          64|           4|
    |grp_fu_596_p2                     |         +|   0|  0|  39|          32|           2|
    |tmp2_fu_1500_p2                   |         +|   0|  0|  69|          62|          62|
    |tmp3_fu_1589_p2                   |         +|   0|  0|  71|          64|          64|
    |empty_61_fu_1102_p2               |         -|   0|  0|  39|          32|          32|
    |sub_i_i_fu_918_p2                 |         -|   0|  0|  39|           1|          32|
    |sub_ln114_fu_1166_p2              |         -|   0|  0|  71|          64|          64|
    |sub_ln136_fu_1563_p2              |         -|   0|  0|  40|          33|          33|
    |sub_ln84_fu_622_p2                |         -|   0|  0|  39|           1|          32|
    |sub_ln85_fu_648_p2                |         -|   0|  0|  39|           1|          32|
    |sub_ln86_1_fu_846_p2              |         -|   0|  0|  38|           1|          31|
    |sub_ln86_fu_722_p2                |         -|   0|  0|  39|           4|          32|
    |sub_ln87_1_fu_890_p2              |         -|   0|  0|  38|           1|          31|
    |sub_ln87_fu_737_p2                |         -|   0|  0|  39|           4|          32|
    |sub_ln98_fu_1018_p2               |         -|   0|  0|  40|          33|          33|
    |tc_valid_fu_1184_p2               |         -|   0|  0|  39|          32|          32|
    |tr_valid_fu_1084_p2               |         -|   0|  0|  39|          32|          32|
    |cmp134_1_fu_1319_p2               |      icmp|   0|  0|  71|          64|          64|
    |cmp134_2_fu_1344_p2               |      icmp|   0|  0|  71|          64|          64|
    |cmp134_3_fu_1359_p2               |      icmp|   0|  0|  71|          64|          64|
    |cmp134_4_fu_1374_p2               |      icmp|   0|  0|  71|          64|          64|
    |cmp134_5_fu_1389_p2               |      icmp|   0|  0|  71|          64|          64|
    |cmp134_6_fu_1404_p2               |      icmp|   0|  0|  71|          64|          64|
    |cmp134_7_fu_1419_p2               |      icmp|   0|  0|  71|          64|          64|
    |cmp134_8_fu_1444_p2               |      icmp|   0|  0|  71|          64|          64|
    |cmp134_fu_1304_p2                 |      icmp|   0|  0|  71|          64|          64|
    |cmp136_2_fu_1348_p2               |      icmp|   0|  0|  39|          32|           2|
    |cmp136_3_fu_1363_p2               |      icmp|   0|  0|  39|          32|           1|
    |cmp136_4_fu_1378_p2               |      icmp|   0|  0|  39|          32|           3|
    |cmp136_5_fu_1393_p2               |      icmp|   0|  0|  39|          32|           3|
    |cmp136_6_fu_1408_p2               |      icmp|   0|  0|  39|          32|           3|
    |cmp136_8_fu_1448_p2               |      icmp|   0|  0|  39|          32|           4|
    |cmp136_fu_1308_p2                 |      icmp|   0|  0|  39|          32|           1|
    |icmp131_fu_1433_p2                |      icmp|   0|  0|  36|          29|           1|
    |icmp_fu_1333_p2                   |      icmp|   0|  0|  38|          31|           1|
    |icmp_ln101_fu_1033_p2             |      icmp|   0|  0|  38|          31|          31|
    |icmp_ln103_fu_1066_p2             |      icmp|   0|  0|  40|          33|          33|
    |icmp_ln110_fu_1116_p2             |      icmp|   0|  0|  38|          31|          31|
    |icmp_ln112_fu_1149_p2             |      icmp|   0|  0|  40|          33|          33|
    |icmp_ln133_fu_1458_p2             |      icmp|   0|  0|  39|          32|          32|
    |icmp_ln135_fu_1495_p2             |      icmp|   0|  0|  40|          33|          33|
    |icmp_ln214_fu_1596_p2             |      icmp|   0|  0|  11|           2|           3|
    |icmp_ln215_fu_1620_p2             |      icmp|   0|  0|  40|          33|          33|
    |icmp_ln89_fu_654_p2               |      icmp|   0|  0|  39|          32|           1|
    |icmp_ln95_fu_968_p2               |      icmp|   0|  0|  39|          32|          32|
    |icmp_ln97_fu_1001_p2              |      icmp|   0|  0|  40|          33|          33|
    |ap_block_state61_on_subcall_done  |        or|   0|  0|   2|           1|           1|
    |Tc_loops_fu_910_p3                |    select|   0|  0|  31|           1|          31|
    |Tm_loops_fu_789_p3                |    select|   0|  0|  32|           1|          32|
    |Tn_loops_fu_823_p3                |    select|   0|  0|  32|           1|          32|
    |Tr_loops_fu_866_p3                |    select|   0|  0|  31|           1|          31|
    |cin_end_fu_1554_p3                |    select|   0|  0|  32|           1|          32|
    |col_out_end_fu_1179_p3            |    select|   0|  0|  32|           1|          32|
    |cout_end_fu_1009_p3               |    select|   0|  0|  32|           1|          32|
    |row_out_end_fu_1079_p3            |    select|   0|  0|  32|           1|          32|
    |rev106_fu_1299_p2                 |       xor|   0|  0|   2|           1|           2|
    |rev109_fu_1314_p2                 |       xor|   0|  0|   2|           1|           2|
    |rev113_fu_1339_p2                 |       xor|   0|  0|   2|           1|           2|
    |rev116_fu_1354_p2                 |       xor|   0|  0|   2|           1|           2|
    |rev119_fu_1369_p2                 |       xor|   0|  0|   2|           1|           2|
    |rev122_fu_1384_p2                 |       xor|   0|  0|   2|           1|           2|
    |rev125_fu_1399_p2                 |       xor|   0|  0|   2|           1|           2|
    |rev128_fu_1414_p2                 |       xor|   0|  0|   2|           1|           2|
    |rev134_fu_1439_p2                 |       xor|   0|  0|   2|           1|           2|
    |xor_ln84_fu_612_p2                |       xor|   0|  0|  31|          31|           2|
    |xor_ln85_fu_638_p2                |       xor|   0|  0|  31|          31|           2|
    +----------------------------------+----------+----+---+----+------------+------------+
    |Total                             |          |   0|  0|3940|        2961|        2018|
    +----------------------------------+----------+----+---+----+------------+------------+

    * Multiplexer: 
    +---------------------------+-----+-----------+-----+-----------+
    |            Name           | LUT | Input Size| Bits| Total Bits|
    +---------------------------+-----+-----------+-----+-----------+
    |ap_NS_fsm                  |  337|         72|    1|         72|
    |gmem0_0_ARVALID            |    9|          2|    1|          2|
    |gmem0_0_RREADY             |    9|          2|    1|          2|
    |gmem1_0_ARVALID            |    9|          2|    1|          2|
    |gmem1_0_RREADY             |    9|          2|    1|          2|
    |gmem2_0_ARVALID            |    9|          2|    1|          2|
    |gmem2_0_RREADY             |    9|          2|    1|          2|
    |gmem3_0_AWVALID            |    9|          2|    1|          2|
    |gmem3_0_BREADY             |    9|          2|    1|          2|
    |gmem3_0_WVALID             |    9|          2|    1|          2|
    |grp_fu_588_ce              |    9|          2|    1|          2|
    |grp_fu_588_p0              |   20|          4|   32|        128|
    |grp_fu_588_p1              |   20|          4|   32|        128|
    |m_reg_396                  |    9|          2|    2|          4|
    |p_ZL6in_buf_0_address0     |   14|          3|    7|         21|
    |p_ZL6in_buf_0_ce0          |   14|          3|    1|          3|
    |p_ZL6in_buf_0_ce1          |    9|          2|    1|          2|
    |p_ZL6in_buf_0_we0          |    9|          2|    1|          2|
    |p_ZL6in_buf_0_we1          |    9|          2|    1|          2|
    |p_ZL6in_buf_1_address0     |   14|          3|    7|         21|
    |p_ZL6in_buf_1_ce0          |   14|          3|    1|          3|
    |p_ZL6in_buf_1_ce1          |    9|          2|    1|          2|
    |p_ZL6in_buf_1_we0          |    9|          2|    1|          2|
    |p_ZL6in_buf_1_we1          |    9|          2|    1|          2|
    |p_ZL6wt_buf_0_0_address0   |   14|          3|    4|         12|
    |p_ZL6wt_buf_0_0_ce0        |   14|          3|    1|          3|
    |p_ZL6wt_buf_0_0_ce1        |    9|          2|    1|          2|
    |p_ZL6wt_buf_0_0_we0        |    9|          2|    1|          2|
    |p_ZL6wt_buf_0_0_we1        |    9|          2|    1|          2|
    |p_ZL6wt_buf_0_1_address0   |   14|          3|    4|         12|
    |p_ZL6wt_buf_0_1_ce0        |   14|          3|    1|          3|
    |p_ZL6wt_buf_0_1_ce1        |    9|          2|    1|          2|
    |p_ZL6wt_buf_0_1_we0        |    9|          2|    1|          2|
    |p_ZL6wt_buf_0_1_we1        |    9|          2|    1|          2|
    |p_ZL6wt_buf_1_0_address0   |   14|          3|    4|         12|
    |p_ZL6wt_buf_1_0_ce0        |   14|          3|    1|          3|
    |p_ZL6wt_buf_1_0_ce1        |    9|          2|    1|          2|
    |p_ZL6wt_buf_1_0_we0        |    9|          2|    1|          2|
    |p_ZL6wt_buf_1_0_we1        |    9|          2|    1|          2|
    |p_ZL6wt_buf_1_1_address0   |   14|          3|    4|         12|
    |p_ZL6wt_buf_1_1_ce0        |   14|          3|    1|          3|
    |p_ZL6wt_buf_1_1_ce1        |    9|          2|    1|          2|
    |p_ZL6wt_buf_1_1_we0        |    9|          2|    1|          2|
    |p_ZL6wt_buf_1_1_we1        |    9|          2|    1|          2|
    |p_ZL7out_buf_0_0_address0  |   20|          4|    2|          8|
    |p_ZL7out_buf_0_0_ce0       |   20|          4|    1|          4|
    |p_ZL7out_buf_0_0_ce1       |    9|          2|    1|          2|
    |p_ZL7out_buf_0_0_d0        |   14|          3|   32|         96|
    |p_ZL7out_buf_0_0_we0       |   14|          3|    1|          3|
    |p_ZL7out_buf_0_1_address0  |   20|          4|    2|          8|
    |p_ZL7out_buf_0_1_ce0       |   20|          4|    1|          4|
    |p_ZL7out_buf_0_1_ce1       |    9|          2|    1|          2|
    |p_ZL7out_buf_0_1_d0        |   14|          3|   32|         96|
    |p_ZL7out_buf_0_1_we0       |   14|          3|    1|          3|
    |p_ZL7out_buf_0_2_address0  |   20|          4|    2|          8|
    |p_ZL7out_buf_0_2_ce0       |   20|          4|    1|          4|
    |p_ZL7out_buf_0_2_ce1       |    9|          2|    1|          2|
    |p_ZL7out_buf_0_2_d0        |   14|          3|   32|         96|
    |p_ZL7out_buf_0_2_we0       |   14|          3|    1|          3|
    |p_ZL7out_buf_0_3_address0  |   20|          4|    2|          8|
    |p_ZL7out_buf_0_3_ce0       |   20|          4|    1|          4|
    |p_ZL7out_buf_0_3_ce1       |    9|          2|    1|          2|
    |p_ZL7out_buf_0_3_d0        |   14|          3|   32|         96|
    |p_ZL7out_buf_0_3_we0       |   14|          3|    1|          3|
    |p_ZL7out_buf_1_0_address0  |   20|          4|    2|          8|
    |p_ZL7out_buf_1_0_ce0       |   20|          4|    1|          4|
    |p_ZL7out_buf_1_0_ce1       |    9|          2|    1|          2|
    |p_ZL7out_buf_1_0_d0        |   14|          3|   32|         96|
    |p_ZL7out_buf_1_0_we0       |   14|          3|    1|          3|
    |p_ZL7out_buf_1_1_address0  |   20|          4|    2|          8|
    |p_ZL7out_buf_1_1_ce0       |   20|          4|    1|          4|
    |p_ZL7out_buf_1_1_ce1       |    9|          2|    1|          2|
    |p_ZL7out_buf_1_1_d0        |   14|          3|   32|         96|
    |p_ZL7out_buf_1_1_we0       |   14|          3|    1|          3|
    |p_ZL7out_buf_1_2_address0  |   20|          4|    2|          8|
    |p_ZL7out_buf_1_2_ce0       |   20|          4|    1|          4|
    |p_ZL7out_buf_1_2_ce1       |    9|          2|    1|          2|
    |p_ZL7out_buf_1_2_d0        |   14|          3|   32|         96|
    |p_ZL7out_buf_1_2_we0       |   14|          3|    1|          3|
    |p_ZL7out_buf_1_3_address0  |   20|          4|    2|          8|
    |p_ZL7out_buf_1_3_ce0       |   20|          4|    1|          4|
    |p_ZL7out_buf_1_3_ce1       |    9|          2|    1|          2|
    |p_ZL7out_buf_1_3_d0        |   14|          3|   32|         96|
    |p_ZL7out_buf_1_3_we0       |   14|          3|    1|          3|
    |phi_mul101_fu_258          |    9|          2|   62|        124|
    |phi_mul_reg_373            |    9|          2|   61|        122|
    |tc_reg_361                 |    9|          2|   29|         58|
    |tm_fu_262                  |    9|          2|   30|         60|
    |tn_reg_384                 |    9|          2|   30|         60|
    |tr_reg_350                 |    9|          2|   29|         58|
    +---------------------------+-----+-----------+-----+-----------+
    |Total                      | 1476|        314|  668|       1882|
    +---------------------------+-----+-----------+-----+-----------+

    * Register: 
    +--------------------------------------------------------------------------------------+----+----+-----+-----------+
    |                                         Name                                         | FF | LUT| Bits| Const Bits|
    +--------------------------------------------------------------------------------------+----+----+-----+-----------+
    |CHin_read_reg_1703                                                                    |  32|   0|   32|          0|
    |CHout_read_reg_1681                                                                   |  32|   0|   32|          0|
    |Hin_read_reg_1696                                                                     |  32|   0|   32|          0|
    |Hout_reg_1791                                                                         |  32|   0|   32|          0|
    |Tc_loops_reg_1817                                                                     |  31|   0|   31|          0|
    |Tm_loops_reg_1802                                                                     |  32|   0|   32|          0|
    |Tn_loops_reg_1807                                                                     |  32|   0|   32|          0|
    |Tr_loops_reg_1812                                                                     |  31|   0|   31|          0|
    |Win_read_reg_1688                                                                     |  32|   0|   32|          0|
    |Wout_reg_1796                                                                         |  32|   0|   32|          0|
    |add_ln101_reg_1934                                                                    |  29|   0|   29|          0|
    |add_ln103_reg_1949                                                                    |  30|   0|   32|          2|
    |add_ln107_reg_1964                                                                    |  32|   0|   32|          0|
    |add_ln110_1_reg_1984                                                                  |  61|   0|   61|          0|
    |add_ln110_reg_1992                                                                    |  29|   0|   29|          0|
    |add_ln112_reg_2007                                                                    |  30|   0|   32|          2|
    |add_ln115_reg_2043                                                                    |  32|   0|   32|          0|
    |add_ln133_reg_2274                                                                    |  30|   0|   30|          0|
    |add_ln135_reg_2284                                                                    |  31|   0|   32|          1|
    |add_ln214_reg_2343                                                                    |   2|   0|    2|          0|
    |add_ln216_reg_2356                                                                    |  32|   0|   32|          0|
    |add_ln80_1_reg_1757                                                                   |  32|   0|   32|          0|
    |add_ln81_1_reg_1762                                                                   |  32|   0|   32|          0|
    |add_ln95_1_reg_1885                                                                   |  62|   0|   62|          0|
    |add_ln95_reg_1893                                                                     |  30|   0|   30|          0|
    |add_ln97_reg_1909                                                                     |  31|   0|   32|          1|
    |ap_CS_fsm                                                                             |  71|   0|   71|          0|
    |bias_read_reg_1717                                                                    |  64|   0|   64|          0|
    |cmp134_1_reg_2156                                                                     |   1|   0|    1|          0|
    |cmp134_2_reg_2171                                                                     |   1|   0|    1|          0|
    |cmp134_3_reg_2186                                                                     |   1|   0|    1|          0|
    |cmp134_4_reg_2201                                                                     |   1|   0|    1|          0|
    |cmp134_5_reg_2216                                                                     |   1|   0|    1|          0|
    |cmp134_6_reg_2231                                                                     |   1|   0|    1|          0|
    |cmp134_7_reg_2246                                                                     |   1|   0|    1|          0|
    |cmp134_8_reg_2261                                                                     |   1|   0|    1|          0|
    |cmp134_reg_2141                                                                       |   1|   0|    1|          0|
    |cmp136_2_reg_2176                                                                     |   1|   0|    1|          0|
    |cmp136_3_reg_2191                                                                     |   1|   0|    1|          0|
    |cmp136_4_reg_2206                                                                     |   1|   0|    1|          0|
    |cmp136_5_reg_2221                                                                     |   1|   0|    1|          0|
    |cmp136_6_reg_2236                                                                     |   1|   0|    1|          0|
    |cmp136_8_reg_2266                                                                     |   1|   0|    1|          0|
    |cmp136_reg_2146                                                                       |   1|   0|    1|          0|
    |empty_60_reg_1969                                                                     |  30|   0|   30|          0|
    |empty_61_reg_1974                                                                     |  32|   0|   32|          0|
    |empty_62_reg_2048                                                                     |  64|   0|   64|          0|
    |empty_63_reg_2059                                                                     |  64|   0|   64|          0|
    |empty_64_reg_2070                                                                     |  64|   0|   64|          0|
    |empty_65_reg_2081                                                                     |  64|   0|   64|          0|
    |empty_66_reg_2092                                                                     |  64|   0|   64|          0|
    |empty_67_reg_2103                                                                     |  64|   0|   64|          0|
    |empty_68_reg_2114                                                                     |  64|   0|   64|          0|
    |empty_69_reg_2125                                                                     |  64|   0|   64|          0|
    |empty_70_reg_2299                                                                     |  60|   0|   60|          0|
    |empty_reg_1752                                                                        |  30|   0|   30|          0|
    |feat_in_read_reg_1727                                                                 |  64|   0|   64|          0|
    |feat_out_read_reg_1712                                                                |  64|   0|   64|          0|
    |grp_conv_ip_Pipeline_COMPUTE_KH_COMPUTE_KW_COMPUTE_TR_COMPUTE_TC_fu_507_ap_start_reg  |   1|   0|    1|          0|
    |grp_conv_ip_Pipeline_INIT_OUT_VITIS_LOOP_121_1_fu_407_ap_start_reg                    |   1|   0|    1|          0|
    |grp_conv_ip_Pipeline_LOAD_IN_VITIS_LOOP_144_3_fu_432_ap_start_reg                     |   1|   0|    1|          0|
    |grp_conv_ip_Pipeline_LOAD_WT_VITIS_LOOP_163_5_VITIS_LOOP_164_6_fu_488_ap_start_reg    |   1|   0|    1|          0|
    |grp_conv_ip_Pipeline_VITIS_LOOP_218_8_fu_541_ap_start_reg                             |   1|   0|    1|          0|
    |icmp131_reg_2251                                                                      |   1|   0|    1|          0|
    |icmp_ln103_reg_1954                                                                   |   1|   0|    1|          0|
    |icmp_ln112_reg_2012                                                                   |   1|   0|    1|          0|
    |icmp_ln135_reg_2289                                                                   |   1|   0|    1|          0|
    |icmp_ln89_reg_1742                                                                    |   1|   0|    1|          0|
    |icmp_ln97_reg_1914                                                                    |   1|   0|    1|          0|
    |icmp_reg_2161                                                                         |   1|   0|    1|          0|
    |in_tile_h_reg_1979                                                                    |  32|   0|   32|          0|
    |m_reg_396                                                                             |   2|   0|    2|          0|
    |mul_ln217_reg_2366                                                                    |  63|   0|   63|          0|
    |out_shift_read_reg_1648                                                               |  32|   0|   32|          0|
    |pad_h_read_reg_1660                                                                   |  32|   0|   32|          0|
    |pad_w_read_reg_1654                                                                   |  32|   0|   32|          0|
    |phi_mul101_fu_258                                                                     |  62|   0|   62|          0|
    |phi_mul101_load_reg_1880                                                              |  62|   0|   62|          0|
    |phi_mul_reg_373                                                                       |  61|   0|   61|          0|
    |reg_592                                                                               |  32|   0|   32|          0|
    |rev106_reg_2136                                                                       |   1|   0|    1|          0|
    |rev109_reg_2151                                                                       |   1|   0|    1|          0|
    |rev113_reg_2166                                                                       |   1|   0|    1|          0|
    |rev116_reg_2181                                                                       |   1|   0|    1|          0|
    |rev119_reg_2196                                                                       |   1|   0|    1|          0|
    |rev122_reg_2211                                                                       |   1|   0|    1|          0|
    |rev125_reg_2226                                                                       |   1|   0|    1|          0|
    |rev128_reg_2241                                                                       |   1|   0|    1|          0|
    |rev134_reg_2256                                                                       |   1|   0|    1|          0|
    |sdiv_ln80_reg_1767                                                                    |  32|   0|   32|          0|
    |sdiv_ln81_reg_1774                                                                    |  32|   0|   32|          0|
    |sext_ln95_1_reg_1840                                                                  |  33|   0|   33|          0|
    |sext_ln95_2_reg_1845                                                                  |  62|   0|   62|          0|
    |sext_ln95_3_reg_1850                                                                  |  33|   0|   33|          0|
    |sext_ln95_4_reg_1865                                                                  |  64|   0|   64|          0|
    |sext_ln95_5_reg_1855                                                                  |  63|   0|   63|          0|
    |sext_ln95_6_reg_1860                                                                  |  33|   0|   33|          0|
    |sext_ln95_7_reg_1870                                                                  |  33|   0|   33|          0|
    |sext_ln95_reg_1827                                                                    |  64|   0|   64|          0|
    |shl_ln2_reg_1898                                                                      |  30|   0|   31|          1|
    |shl_ln3_reg_1939                                                                      |  29|   0|   31|          2|
    |shl_ln4_reg_1997                                                                      |  29|   0|   31|          2|
    |shl_ln6_reg_2279                                                                      |  30|   0|   31|          1|
    |stride_h_read_reg_1674                                                                |  32|   0|   32|          0|
    |stride_w_cast_reg_1875                                                                |  61|   0|   61|          0|
    |stride_w_read_reg_1666                                                                |  32|   0|   32|          0|
    |sub_i_i_reg_1822                                                                      |  32|   0|   32|          0|
    |sub_ln114_reg_2017                                                                    |  64|   0|   64|          0|
    |sub_ln136_reg_2329                                                                    |  33|   0|   33|          0|
    |sub_ln84_reg_1732                                                                     |  32|   0|   32|          0|
    |sub_ln85_reg_1737                                                                     |  32|   0|   32|          0|
    |sub_ln98_reg_1919                                                                     |  33|   0|   33|          0|
    |tc_reg_361                                                                            |  29|   0|   29|          0|
    |tc_valid_reg_2036                                                                     |  32|   0|   32|          0|
    |tm_fu_262                                                                             |  30|   0|   30|          0|
    |tmp2_reg_2294                                                                         |  62|   0|   62|          0|
    |tmp3_reg_2335                                                                         |  63|   0|   64|          1|
    |tmp_1_reg_2309                                                                        |  29|   0|   31|          2|
    |tmp_24_reg_1747                                                                       |   1|   0|    1|          0|
    |tmp_25_reg_2031                                                                       |   1|   0|    1|          0|
    |tmp_26_reg_2054                                                                       |   1|   0|    1|          0|
    |tmp_28_reg_2065                                                                       |   1|   0|    1|          0|
    |tmp_29_reg_2076                                                                       |   1|   0|    1|          0|
    |tmp_2_reg_2314                                                                        |  29|   0|   31|          2|
    |tmp_30_reg_2087                                                                       |   1|   0|    1|          0|
    |tmp_31_reg_2098                                                                       |   1|   0|    1|          0|
    |tmp_32_reg_2109                                                                       |   1|   0|    1|          0|
    |tmp_33_reg_2120                                                                       |   1|   0|    1|          0|
    |tmp_35_reg_2131                                                                       |   1|   0|    1|          0|
    |tmp_37_reg_2304                                                                       |  31|   0|   31|          0|
    |tmp_38_reg_2319                                                                       |  30|   0|   30|          0|
    |tmp_3_reg_2324                                                                        |  29|   0|   31|          2|
    |tmp_4_reg_1781                                                                        |  30|   0|   30|          0|
    |tmp_8_reg_1786                                                                        |  30|   0|   30|          0|
    |tn_reg_384                                                                            |  30|   0|   30|          0|
    |tr_reg_350                                                                            |  29|   0|   29|          0|
    |tr_valid_reg_1959                                                                     |  32|   0|   32|          0|
    |trunc_ln214_reg_2348                                                                  |   1|   0|    1|          0|
    |weight_read_reg_1722                                                                  |  64|   0|   64|          0|
    |zext_ln103_1_reg_1944                                                                 |  29|   0|   32|          3|
    |zext_ln112_reg_2002                                                                   |  29|   0|   32|          3|
    |zext_ln97_reg_1904                                                                    |  30|   0|   32|          2|
    +--------------------------------------------------------------------------------------+----+----+-----+-----------+
    |Total                                                                                 |3813|   0| 3840|         27|
    +--------------------------------------------------------------------------------------+----+----+-----+-----------+



================================================================
== Interface
================================================================
* Summary: 
+-----------------------+-----+-----+------------+--------------+--------------+
|       RTL Ports       | Dir | Bits|  Protocol  | Source Object|    C Type    |
+-----------------------+-----+-----+------------+--------------+--------------+
|s_axi_control_AWVALID  |   in|    1|       s_axi|       control|        scalar|
|s_axi_control_AWREADY  |  out|    1|       s_axi|       control|        scalar|
|s_axi_control_AWADDR   |   in|    6|       s_axi|       control|        scalar|
|s_axi_control_WVALID   |   in|    1|       s_axi|       control|        scalar|
|s_axi_control_WREADY   |  out|    1|       s_axi|       control|        scalar|
|s_axi_control_WDATA    |   in|   32|       s_axi|       control|        scalar|
|s_axi_control_WSTRB    |   in|    4|       s_axi|       control|        scalar|
|s_axi_control_ARVALID  |   in|    1|       s_axi|       control|        scalar|
|s_axi_control_ARREADY  |  out|    1|       s_axi|       control|        scalar|
|s_axi_control_ARADDR   |   in|    6|       s_axi|       control|        scalar|
|s_axi_control_RVALID   |  out|    1|       s_axi|       control|        scalar|
|s_axi_control_RREADY   |   in|    1|       s_axi|       control|        scalar|
|s_axi_control_RDATA    |  out|   32|       s_axi|       control|        scalar|
|s_axi_control_RRESP    |  out|    2|       s_axi|       control|        scalar|
|s_axi_control_BVALID   |  out|    1|       s_axi|       control|        scalar|
|s_axi_control_BREADY   |   in|    1|       s_axi|       control|        scalar|
|s_axi_control_BRESP    |  out|    2|       s_axi|       control|        scalar|
|s_axi_ctrl_AWVALID     |   in|    1|       s_axi|          ctrl|        scalar|
|s_axi_ctrl_AWREADY     |  out|    1|       s_axi|          ctrl|        scalar|
|s_axi_ctrl_AWADDR      |   in|    7|       s_axi|          ctrl|        scalar|
|s_axi_ctrl_WVALID      |   in|    1|       s_axi|          ctrl|        scalar|
|s_axi_ctrl_WREADY      |  out|    1|       s_axi|          ctrl|        scalar|
|s_axi_ctrl_WDATA       |   in|   32|       s_axi|          ctrl|        scalar|
|s_axi_ctrl_WSTRB       |   in|    4|       s_axi|          ctrl|        scalar|
|s_axi_ctrl_ARVALID     |   in|    1|       s_axi|          ctrl|        scalar|
|s_axi_ctrl_ARREADY     |  out|    1|       s_axi|          ctrl|        scalar|
|s_axi_ctrl_ARADDR      |   in|    7|       s_axi|          ctrl|        scalar|
|s_axi_ctrl_RVALID      |  out|    1|       s_axi|          ctrl|        scalar|
|s_axi_ctrl_RREADY      |   in|    1|       s_axi|          ctrl|        scalar|
|s_axi_ctrl_RDATA       |  out|   32|       s_axi|          ctrl|        scalar|
|s_axi_ctrl_RRESP       |  out|    2|       s_axi|          ctrl|        scalar|
|s_axi_ctrl_BVALID      |  out|    1|       s_axi|          ctrl|        scalar|
|s_axi_ctrl_BREADY      |   in|    1|       s_axi|          ctrl|        scalar|
|s_axi_ctrl_BRESP       |  out|    2|       s_axi|          ctrl|        scalar|
|ap_clk                 |   in|    1|  ap_ctrl_hs|       conv_ip|  return value|
|ap_rst_n               |   in|    1|  ap_ctrl_hs|       conv_ip|  return value|
|interrupt              |  out|    1|  ap_ctrl_hs|       conv_ip|  return value|
|m_axi_gmem0_AWVALID    |  out|    1|       m_axi|         gmem0|       pointer|
|m_axi_gmem0_AWREADY    |   in|    1|       m_axi|         gmem0|       pointer|
|m_axi_gmem0_AWADDR     |  out|   64|       m_axi|         gmem0|       pointer|
|m_axi_gmem0_AWID       |  out|    1|       m_axi|         gmem0|       pointer|
|m_axi_gmem0_AWLEN      |  out|    8|       m_axi|         gmem0|       pointer|
|m_axi_gmem0_AWSIZE     |  out|    3|       m_axi|         gmem0|       pointer|
|m_axi_gmem0_AWBURST    |  out|    2|       m_axi|         gmem0|       pointer|
|m_axi_gmem0_AWLOCK     |  out|    2|       m_axi|         gmem0|       pointer|
|m_axi_gmem0_AWCACHE    |  out|    4|       m_axi|         gmem0|       pointer|
|m_axi_gmem0_AWPROT     |  out|    3|       m_axi|         gmem0|       pointer|
|m_axi_gmem0_AWQOS      |  out|    4|       m_axi|         gmem0|       pointer|
|m_axi_gmem0_AWREGION   |  out|    4|       m_axi|         gmem0|       pointer|
|m_axi_gmem0_AWUSER     |  out|    1|       m_axi|         gmem0|       pointer|
|m_axi_gmem0_WVALID     |  out|    1|       m_axi|         gmem0|       pointer|
|m_axi_gmem0_WREADY     |   in|    1|       m_axi|         gmem0|       pointer|
|m_axi_gmem0_WDATA      |  out|   32|       m_axi|         gmem0|       pointer|
|m_axi_gmem0_WSTRB      |  out|    4|       m_axi|         gmem0|       pointer|
|m_axi_gmem0_WLAST      |  out|    1|       m_axi|         gmem0|       pointer|
|m_axi_gmem0_WID        |  out|    1|       m_axi|         gmem0|       pointer|
|m_axi_gmem0_WUSER      |  out|    1|       m_axi|         gmem0|       pointer|
|m_axi_gmem0_ARVALID    |  out|    1|       m_axi|         gmem0|       pointer|
|m_axi_gmem0_ARREADY    |   in|    1|       m_axi|         gmem0|       pointer|
|m_axi_gmem0_ARADDR     |  out|   64|       m_axi|         gmem0|       pointer|
|m_axi_gmem0_ARID       |  out|    1|       m_axi|         gmem0|       pointer|
|m_axi_gmem0_ARLEN      |  out|    8|       m_axi|         gmem0|       pointer|
|m_axi_gmem0_ARSIZE     |  out|    3|       m_axi|         gmem0|       pointer|
|m_axi_gmem0_ARBURST    |  out|    2|       m_axi|         gmem0|       pointer|
|m_axi_gmem0_ARLOCK     |  out|    2|       m_axi|         gmem0|       pointer|
|m_axi_gmem0_ARCACHE    |  out|    4|       m_axi|         gmem0|       pointer|
|m_axi_gmem0_ARPROT     |  out|    3|       m_axi|         gmem0|       pointer|
|m_axi_gmem0_ARQOS      |  out|    4|       m_axi|         gmem0|       pointer|
|m_axi_gmem0_ARREGION   |  out|    4|       m_axi|         gmem0|       pointer|
|m_axi_gmem0_ARUSER     |  out|    1|       m_axi|         gmem0|       pointer|
|m_axi_gmem0_RVALID     |   in|    1|       m_axi|         gmem0|       pointer|
|m_axi_gmem0_RREADY     |  out|    1|       m_axi|         gmem0|       pointer|
|m_axi_gmem0_RDATA      |   in|   32|       m_axi|         gmem0|       pointer|
|m_axi_gmem0_RLAST      |   in|    1|       m_axi|         gmem0|       pointer|
|m_axi_gmem0_RID        |   in|    1|       m_axi|         gmem0|       pointer|
|m_axi_gmem0_RUSER      |   in|    1|       m_axi|         gmem0|       pointer|
|m_axi_gmem0_RRESP      |   in|    2|       m_axi|         gmem0|       pointer|
|m_axi_gmem0_BVALID     |   in|    1|       m_axi|         gmem0|       pointer|
|m_axi_gmem0_BREADY     |  out|    1|       m_axi|         gmem0|       pointer|
|m_axi_gmem0_BRESP      |   in|    2|       m_axi|         gmem0|       pointer|
|m_axi_gmem0_BID        |   in|    1|       m_axi|         gmem0|       pointer|
|m_axi_gmem0_BUSER      |   in|    1|       m_axi|         gmem0|       pointer|
|m_axi_gmem1_AWVALID    |  out|    1|       m_axi|         gmem1|       pointer|
|m_axi_gmem1_AWREADY    |   in|    1|       m_axi|         gmem1|       pointer|
|m_axi_gmem1_AWADDR     |  out|   64|       m_axi|         gmem1|       pointer|
|m_axi_gmem1_AWID       |  out|    1|       m_axi|         gmem1|       pointer|
|m_axi_gmem1_AWLEN      |  out|    8|       m_axi|         gmem1|       pointer|
|m_axi_gmem1_AWSIZE     |  out|    3|       m_axi|         gmem1|       pointer|
|m_axi_gmem1_AWBURST    |  out|    2|       m_axi|         gmem1|       pointer|
|m_axi_gmem1_AWLOCK     |  out|    2|       m_axi|         gmem1|       pointer|
|m_axi_gmem1_AWCACHE    |  out|    4|       m_axi|         gmem1|       pointer|
|m_axi_gmem1_AWPROT     |  out|    3|       m_axi|         gmem1|       pointer|
|m_axi_gmem1_AWQOS      |  out|    4|       m_axi|         gmem1|       pointer|
|m_axi_gmem1_AWREGION   |  out|    4|       m_axi|         gmem1|       pointer|
|m_axi_gmem1_AWUSER     |  out|    1|       m_axi|         gmem1|       pointer|
|m_axi_gmem1_WVALID     |  out|    1|       m_axi|         gmem1|       pointer|
|m_axi_gmem1_WREADY     |   in|    1|       m_axi|         gmem1|       pointer|
|m_axi_gmem1_WDATA      |  out|   32|       m_axi|         gmem1|       pointer|
|m_axi_gmem1_WSTRB      |  out|    4|       m_axi|         gmem1|       pointer|
|m_axi_gmem1_WLAST      |  out|    1|       m_axi|         gmem1|       pointer|
|m_axi_gmem1_WID        |  out|    1|       m_axi|         gmem1|       pointer|
|m_axi_gmem1_WUSER      |  out|    1|       m_axi|         gmem1|       pointer|
|m_axi_gmem1_ARVALID    |  out|    1|       m_axi|         gmem1|       pointer|
|m_axi_gmem1_ARREADY    |   in|    1|       m_axi|         gmem1|       pointer|
|m_axi_gmem1_ARADDR     |  out|   64|       m_axi|         gmem1|       pointer|
|m_axi_gmem1_ARID       |  out|    1|       m_axi|         gmem1|       pointer|
|m_axi_gmem1_ARLEN      |  out|    8|       m_axi|         gmem1|       pointer|
|m_axi_gmem1_ARSIZE     |  out|    3|       m_axi|         gmem1|       pointer|
|m_axi_gmem1_ARBURST    |  out|    2|       m_axi|         gmem1|       pointer|
|m_axi_gmem1_ARLOCK     |  out|    2|       m_axi|         gmem1|       pointer|
|m_axi_gmem1_ARCACHE    |  out|    4|       m_axi|         gmem1|       pointer|
|m_axi_gmem1_ARPROT     |  out|    3|       m_axi|         gmem1|       pointer|
|m_axi_gmem1_ARQOS      |  out|    4|       m_axi|         gmem1|       pointer|
|m_axi_gmem1_ARREGION   |  out|    4|       m_axi|         gmem1|       pointer|
|m_axi_gmem1_ARUSER     |  out|    1|       m_axi|         gmem1|       pointer|
|m_axi_gmem1_RVALID     |   in|    1|       m_axi|         gmem1|       pointer|
|m_axi_gmem1_RREADY     |  out|    1|       m_axi|         gmem1|       pointer|
|m_axi_gmem1_RDATA      |   in|   32|       m_axi|         gmem1|       pointer|
|m_axi_gmem1_RLAST      |   in|    1|       m_axi|         gmem1|       pointer|
|m_axi_gmem1_RID        |   in|    1|       m_axi|         gmem1|       pointer|
|m_axi_gmem1_RUSER      |   in|    1|       m_axi|         gmem1|       pointer|
|m_axi_gmem1_RRESP      |   in|    2|       m_axi|         gmem1|       pointer|
|m_axi_gmem1_BVALID     |   in|    1|       m_axi|         gmem1|       pointer|
|m_axi_gmem1_BREADY     |  out|    1|       m_axi|         gmem1|       pointer|
|m_axi_gmem1_BRESP      |   in|    2|       m_axi|         gmem1|       pointer|
|m_axi_gmem1_BID        |   in|    1|       m_axi|         gmem1|       pointer|
|m_axi_gmem1_BUSER      |   in|    1|       m_axi|         gmem1|       pointer|
|m_axi_gmem2_AWVALID    |  out|    1|       m_axi|         gmem2|       pointer|
|m_axi_gmem2_AWREADY    |   in|    1|       m_axi|         gmem2|       pointer|
|m_axi_gmem2_AWADDR     |  out|   64|       m_axi|         gmem2|       pointer|
|m_axi_gmem2_AWID       |  out|    1|       m_axi|         gmem2|       pointer|
|m_axi_gmem2_AWLEN      |  out|    8|       m_axi|         gmem2|       pointer|
|m_axi_gmem2_AWSIZE     |  out|    3|       m_axi|         gmem2|       pointer|
|m_axi_gmem2_AWBURST    |  out|    2|       m_axi|         gmem2|       pointer|
|m_axi_gmem2_AWLOCK     |  out|    2|       m_axi|         gmem2|       pointer|
|m_axi_gmem2_AWCACHE    |  out|    4|       m_axi|         gmem2|       pointer|
|m_axi_gmem2_AWPROT     |  out|    3|       m_axi|         gmem2|       pointer|
|m_axi_gmem2_AWQOS      |  out|    4|       m_axi|         gmem2|       pointer|
|m_axi_gmem2_AWREGION   |  out|    4|       m_axi|         gmem2|       pointer|
|m_axi_gmem2_AWUSER     |  out|    1|       m_axi|         gmem2|       pointer|
|m_axi_gmem2_WVALID     |  out|    1|       m_axi|         gmem2|       pointer|
|m_axi_gmem2_WREADY     |   in|    1|       m_axi|         gmem2|       pointer|
|m_axi_gmem2_WDATA      |  out|   32|       m_axi|         gmem2|       pointer|
|m_axi_gmem2_WSTRB      |  out|    4|       m_axi|         gmem2|       pointer|
|m_axi_gmem2_WLAST      |  out|    1|       m_axi|         gmem2|       pointer|
|m_axi_gmem2_WID        |  out|    1|       m_axi|         gmem2|       pointer|
|m_axi_gmem2_WUSER      |  out|    1|       m_axi|         gmem2|       pointer|
|m_axi_gmem2_ARVALID    |  out|    1|       m_axi|         gmem2|       pointer|
|m_axi_gmem2_ARREADY    |   in|    1|       m_axi|         gmem2|       pointer|
|m_axi_gmem2_ARADDR     |  out|   64|       m_axi|         gmem2|       pointer|
|m_axi_gmem2_ARID       |  out|    1|       m_axi|         gmem2|       pointer|
|m_axi_gmem2_ARLEN      |  out|    8|       m_axi|         gmem2|       pointer|
|m_axi_gmem2_ARSIZE     |  out|    3|       m_axi|         gmem2|       pointer|
|m_axi_gmem2_ARBURST    |  out|    2|       m_axi|         gmem2|       pointer|
|m_axi_gmem2_ARLOCK     |  out|    2|       m_axi|         gmem2|       pointer|
|m_axi_gmem2_ARCACHE    |  out|    4|       m_axi|         gmem2|       pointer|
|m_axi_gmem2_ARPROT     |  out|    3|       m_axi|         gmem2|       pointer|
|m_axi_gmem2_ARQOS      |  out|    4|       m_axi|         gmem2|       pointer|
|m_axi_gmem2_ARREGION   |  out|    4|       m_axi|         gmem2|       pointer|
|m_axi_gmem2_ARUSER     |  out|    1|       m_axi|         gmem2|       pointer|
|m_axi_gmem2_RVALID     |   in|    1|       m_axi|         gmem2|       pointer|
|m_axi_gmem2_RREADY     |  out|    1|       m_axi|         gmem2|       pointer|
|m_axi_gmem2_RDATA      |   in|   32|       m_axi|         gmem2|       pointer|
|m_axi_gmem2_RLAST      |   in|    1|       m_axi|         gmem2|       pointer|
|m_axi_gmem2_RID        |   in|    1|       m_axi|         gmem2|       pointer|
|m_axi_gmem2_RUSER      |   in|    1|       m_axi|         gmem2|       pointer|
|m_axi_gmem2_RRESP      |   in|    2|       m_axi|         gmem2|       pointer|
|m_axi_gmem2_BVALID     |   in|    1|       m_axi|         gmem2|       pointer|
|m_axi_gmem2_BREADY     |  out|    1|       m_axi|         gmem2|       pointer|
|m_axi_gmem2_BRESP      |   in|    2|       m_axi|         gmem2|       pointer|
|m_axi_gmem2_BID        |   in|    1|       m_axi|         gmem2|       pointer|
|m_axi_gmem2_BUSER      |   in|    1|       m_axi|         gmem2|       pointer|
|m_axi_gmem3_AWVALID    |  out|    1|       m_axi|         gmem3|       pointer|
|m_axi_gmem3_AWREADY    |   in|    1|       m_axi|         gmem3|       pointer|
|m_axi_gmem3_AWADDR     |  out|   64|       m_axi|         gmem3|       pointer|
|m_axi_gmem3_AWID       |  out|    1|       m_axi|         gmem3|       pointer|
|m_axi_gmem3_AWLEN      |  out|    8|       m_axi|         gmem3|       pointer|
|m_axi_gmem3_AWSIZE     |  out|    3|       m_axi|         gmem3|       pointer|
|m_axi_gmem3_AWBURST    |  out|    2|       m_axi|         gmem3|       pointer|
|m_axi_gmem3_AWLOCK     |  out|    2|       m_axi|         gmem3|       pointer|
|m_axi_gmem3_AWCACHE    |  out|    4|       m_axi|         gmem3|       pointer|
|m_axi_gmem3_AWPROT     |  out|    3|       m_axi|         gmem3|       pointer|
|m_axi_gmem3_AWQOS      |  out|    4|       m_axi|         gmem3|       pointer|
|m_axi_gmem3_AWREGION   |  out|    4|       m_axi|         gmem3|       pointer|
|m_axi_gmem3_AWUSER     |  out|    1|       m_axi|         gmem3|       pointer|
|m_axi_gmem3_WVALID     |  out|    1|       m_axi|         gmem3|       pointer|
|m_axi_gmem3_WREADY     |   in|    1|       m_axi|         gmem3|       pointer|
|m_axi_gmem3_WDATA      |  out|   32|       m_axi|         gmem3|       pointer|
|m_axi_gmem3_WSTRB      |  out|    4|       m_axi|         gmem3|       pointer|
|m_axi_gmem3_WLAST      |  out|    1|       m_axi|         gmem3|       pointer|
|m_axi_gmem3_WID        |  out|    1|       m_axi|         gmem3|       pointer|
|m_axi_gmem3_WUSER      |  out|    1|       m_axi|         gmem3|       pointer|
|m_axi_gmem3_ARVALID    |  out|    1|       m_axi|         gmem3|       pointer|
|m_axi_gmem3_ARREADY    |   in|    1|       m_axi|         gmem3|       pointer|
|m_axi_gmem3_ARADDR     |  out|   64|       m_axi|         gmem3|       pointer|
|m_axi_gmem3_ARID       |  out|    1|       m_axi|         gmem3|       pointer|
|m_axi_gmem3_ARLEN      |  out|    8|       m_axi|         gmem3|       pointer|
|m_axi_gmem3_ARSIZE     |  out|    3|       m_axi|         gmem3|       pointer|
|m_axi_gmem3_ARBURST    |  out|    2|       m_axi|         gmem3|       pointer|
|m_axi_gmem3_ARLOCK     |  out|    2|       m_axi|         gmem3|       pointer|
|m_axi_gmem3_ARCACHE    |  out|    4|       m_axi|         gmem3|       pointer|
|m_axi_gmem3_ARPROT     |  out|    3|       m_axi|         gmem3|       pointer|
|m_axi_gmem3_ARQOS      |  out|    4|       m_axi|         gmem3|       pointer|
|m_axi_gmem3_ARREGION   |  out|    4|       m_axi|         gmem3|       pointer|
|m_axi_gmem3_ARUSER     |  out|    1|       m_axi|         gmem3|       pointer|
|m_axi_gmem3_RVALID     |   in|    1|       m_axi|         gmem3|       pointer|
|m_axi_gmem3_RREADY     |  out|    1|       m_axi|         gmem3|       pointer|
|m_axi_gmem3_RDATA      |   in|   32|       m_axi|         gmem3|       pointer|
|m_axi_gmem3_RLAST      |   in|    1|       m_axi|         gmem3|       pointer|
|m_axi_gmem3_RID        |   in|    1|       m_axi|         gmem3|       pointer|
|m_axi_gmem3_RUSER      |   in|    1|       m_axi|         gmem3|       pointer|
|m_axi_gmem3_RRESP      |   in|    2|       m_axi|         gmem3|       pointer|
|m_axi_gmem3_BVALID     |   in|    1|       m_axi|         gmem3|       pointer|
|m_axi_gmem3_BREADY     |  out|    1|       m_axi|         gmem3|       pointer|
|m_axi_gmem3_BRESP      |   in|    2|       m_axi|         gmem3|       pointer|
|m_axi_gmem3_BID        |   in|    1|       m_axi|         gmem3|       pointer|
|m_axi_gmem3_BUSER      |   in|    1|       m_axi|         gmem3|       pointer|
+-----------------------+-----+-----+------------+--------------+--------------+

