

================================================================
== Vitis HLS Report for 'dwconv_ip_Pipeline_LOAD_DW_IN'
================================================================
* Date:           Sat Jul 25 23:53:31 2026

* Version:        2024.2 (Build 5238294 on Nov  8 2024)
* Project:        cosim_dw7_proj
* Solution:       solution1 (Vivado IP Flow Target)
* Product family: zynq
* Target device:  xc7z020-clg400-1


================================================================
== Performance Estimates
================================================================
+ Timing: 
    * Summary: 
    +--------+----------+----------+------------+
    |  Clock |  Target  | Estimated| Uncertainty|
    +--------+----------+----------+------------+
    |ap_clk  |  10.00 ns|  7.167 ns|     2.70 ns|
    +--------+----------+----------+------------+

+ Latency: 
    * Summary: 
    +---------+---------+----------+----------+-----+-----+------------------------------------------------+
    |  Latency (cycles) |  Latency (absolute) |  Interval |                    Pipeline                    |
    |   min   |   max   |    min   |    max   | min | max |                      Type                      |
    +---------+---------+----------+----------+-----+-----+------------------------------------------------+
    |       17|       17|  0.170 us|  0.170 us|   14|   14|  loop auto-rewind stp (delay=0 clock cycles(s))|
    +---------+---------+----------+----------+-----+-----+------------------------------------------------+

    + Detail: 
        * Instance: 
        N/A

        * Loop: 
        +--------------+---------+---------+----------+-----------+-----------+------+----------+
        |              |  Latency (cycles) | Iteration|  Initiation Interval  | Trip |          |
        |   Loop Name  |   min   |   max   |  Latency |  achieved |   target  | Count| Pipelined|
        +--------------+---------+---------+----------+-----------+-----------+------+----------+
        |- LOAD_DW_IN  |       15|       15|         4|          1|          1|    13|       yes|
        +--------------+---------+---------+----------+-----------+-----------+------+----------+



================================================================
== Utilization Estimates
================================================================
* Summary: 
+-----------------+---------+-----+--------+-------+-----+
|       Name      | BRAM_18K| DSP |   FF   |  LUT  | URAM|
+-----------------+---------+-----+--------+-------+-----+
|DSP              |        -|    -|       -|      -|    -|
|Expression       |        -|    -|       0|    543|    -|
|FIFO             |        -|    -|       -|      -|    -|
|Instance         |        -|    1|       0|    851|    -|
|Memory           |        -|    -|       -|      -|    -|
|Multiplexer      |        -|    -|       0|   1076|    -|
|Register         |        -|    -|     233|     64|    -|
+-----------------+---------+-----+--------+-------+-----+
|Total            |        0|    1|     233|   2534|    0|
+-----------------+---------+-----+--------+-------+-----+
|Available        |      280|  220|  106400|  53200|    0|
+-----------------+---------+-----+--------+-------+-----+
|Utilization (%)  |        0|   ~0|      ~0|      4|    0|
+-----------------+---------+-----+--------+-------+-----+

+ Detail: 
    * Instance: 
    +--------------------------+----------------------+---------+----+---+----+-----+
    |         Instance         |        Module        | BRAM_18K| DSP| FF| LUT| URAM|
    +--------------------------+----------------------+---------+----+---+----+-----+
    |mul_12s_12s_12_1_1_U20    |mul_12s_12s_12_1_1    |        0|   1|  0|   6|    0|
    |sparsemux_33_4_8_1_1_U21  |sparsemux_33_4_8_1_1  |        0|   0|  0|  65|    0|
    |sparsemux_33_4_8_1_1_U22  |sparsemux_33_4_8_1_1  |        0|   0|  0|  65|    0|
    |sparsemux_33_4_8_1_1_U23  |sparsemux_33_4_8_1_1  |        0|   0|  0|  65|    0|
    |sparsemux_33_4_8_1_1_U24  |sparsemux_33_4_8_1_1  |        0|   0|  0|  65|    0|
    |sparsemux_33_4_8_1_1_U25  |sparsemux_33_4_8_1_1  |        0|   0|  0|  65|    0|
    |sparsemux_33_4_8_1_1_U26  |sparsemux_33_4_8_1_1  |        0|   0|  0|  65|    0|
    |sparsemux_33_4_8_1_1_U27  |sparsemux_33_4_8_1_1  |        0|   0|  0|  65|    0|
    |sparsemux_33_4_8_1_1_U28  |sparsemux_33_4_8_1_1  |        0|   0|  0|  65|    0|
    |sparsemux_33_4_8_1_1_U29  |sparsemux_33_4_8_1_1  |        0|   0|  0|  65|    0|
    |sparsemux_33_4_8_1_1_U30  |sparsemux_33_4_8_1_1  |        0|   0|  0|  65|    0|
    |sparsemux_33_4_8_1_1_U31  |sparsemux_33_4_8_1_1  |        0|   0|  0|  65|    0|
    |sparsemux_33_4_8_1_1_U32  |sparsemux_33_4_8_1_1  |        0|   0|  0|  65|    0|
    |sparsemux_33_4_8_1_1_U33  |sparsemux_33_4_8_1_1  |        0|   0|  0|  65|    0|
    +--------------------------+----------------------+---------+----+---+----+-----+
    |Total                     |                      |        0|   1|  0| 851|    0|
    +--------------------------+----------------------+---------+----+---+----+-----+

    * DSP: 
    N/A

    * Memory: 
    N/A

    * FIFO: 
    N/A

    * Expression: 
    +------------------------------+----------+----+---+----+------------+------------+
    |         Variable Name        | Operation| DSP| FF| LUT| Bitwidth P0| Bitwidth P1|
    +------------------------------+----------+----+---+----+------------+------------+
    |add_ln155_fu_2670_p2          |         +|   0|  0|  13|           4|           1|
    |add_ln166_10_fu_3077_p2       |         +|   0|  0|  12|          12|          12|
    |add_ln166_11_fu_3111_p2       |         +|   0|  0|  12|          12|          12|
    |add_ln166_12_fu_3145_p2       |         +|   0|  0|  12|          12|          12|
    |add_ln166_1_fu_2771_p2        |         +|   0|  0|  12|          12|          12|
    |add_ln166_2_fu_2805_p2        |         +|   0|  0|  12|          12|          12|
    |add_ln166_3_fu_2839_p2        |         +|   0|  0|  12|          12|          12|
    |add_ln166_4_fu_2873_p2        |         +|   0|  0|  12|          12|          12|
    |add_ln166_5_fu_2907_p2        |         +|   0|  0|  12|          12|          12|
    |add_ln166_6_fu_2941_p2        |         +|   0|  0|  12|          12|          12|
    |add_ln166_7_fu_2975_p2        |         +|   0|  0|  12|          12|          12|
    |add_ln166_8_fu_3009_p2        |         +|   0|  0|  12|          12|          12|
    |add_ln166_9_fu_3043_p2        |         +|   0|  0|  12|          12|          12|
    |add_ln166_fu_2733_p2          |         +|   0|  0|  12|          12|          12|
    |empty_79_fu_2690_p2           |         +|   0|  0|  40|          33|          33|
    |and_ln163_10_fu_4964_p2       |       and|   0|  0|   2|           1|           1|
    |and_ln163_11_fu_5141_p2       |       and|   0|  0|   2|           1|           1|
    |and_ln163_12_fu_5318_p2       |       and|   0|  0|   2|           1|           1|
    |and_ln163_1_fu_3371_p2        |       and|   0|  0|   2|           1|           1|
    |and_ln163_2_fu_3548_p2        |       and|   0|  0|   2|           1|           1|
    |and_ln163_3_fu_3725_p2        |       and|   0|  0|   2|           1|           1|
    |and_ln163_4_fu_3902_p2        |       and|   0|  0|   2|           1|           1|
    |and_ln163_5_fu_4079_p2        |       and|   0|  0|   2|           1|           1|
    |and_ln163_6_fu_4256_p2        |       and|   0|  0|   2|           1|           1|
    |and_ln163_7_fu_4433_p2        |       and|   0|  0|   2|           1|           1|
    |and_ln163_8_fu_4610_p2        |       and|   0|  0|   2|           1|           1|
    |and_ln163_9_fu_4787_p2        |       and|   0|  0|   2|           1|           1|
    |and_ln163_fu_3194_p2          |       and|   0|  0|   2|           1|           1|
    |ap_condition_2694             |       and|   0|  0|   2|           1|           1|
    |ap_predicate_pred1310_state4  |       and|   0|  0|   2|           1|           1|
    |ap_predicate_pred1329_state4  |       and|   0|  0|   2|           1|           1|
    |ap_predicate_pred1335_state4  |       and|   0|  0|   2|           1|           1|
    |ap_predicate_pred1341_state4  |       and|   0|  0|   2|           1|           1|
    |ap_predicate_pred1347_state4  |       and|   0|  0|   2|           1|           1|
    |ap_predicate_pred1353_state4  |       and|   0|  0|   2|           1|           1|
    |ap_predicate_pred1359_state4  |       and|   0|  0|   2|           1|           1|
    |ap_predicate_pred1365_state4  |       and|   0|  0|   2|           1|           1|
    |ap_predicate_pred1371_state4  |       and|   0|  0|   2|           1|           1|
    |ap_predicate_pred1377_state4  |       and|   0|  0|   2|           1|           1|
    |ap_predicate_pred1383_state4  |       and|   0|  0|   2|           1|           1|
    |ap_predicate_pred1389_state4  |       and|   0|  0|   2|           1|           1|
    |icmp_ln155_fu_2664_p2         |      icmp|   0|  0|  13|           4|           3|
    |icmp_ln157_fu_2684_p2         |      icmp|   0|  0|  39|          32|          32|
    |slt_fu_2700_p2                |      icmp|   0|  0|  40|          33|          33|
    |ap_predicate_pred1404_state4  |        or|   0|  0|   2|           1|           1|
    |or_ln163_10_fu_4772_p2        |        or|   0|  0|   2|           1|           1|
    |or_ln163_11_fu_4949_p2        |        or|   0|  0|   2|           1|           1|
    |or_ln163_12_fu_5126_p2        |        or|   0|  0|   2|           1|           1|
    |or_ln163_13_fu_5303_p2        |        or|   0|  0|   2|           1|           1|
    |or_ln163_14_fu_3183_p2        |        or|   0|  0|   2|           1|           1|
    |or_ln163_15_fu_3360_p2        |        or|   0|  0|   2|           1|           1|
    |or_ln163_16_fu_3537_p2        |        or|   0|  0|   2|           1|           1|
    |or_ln163_17_fu_3714_p2        |        or|   0|  0|   2|           1|           1|
    |or_ln163_18_fu_3891_p2        |        or|   0|  0|   2|           1|           1|
    |or_ln163_19_fu_4068_p2        |        or|   0|  0|   2|           1|           1|
    |or_ln163_1_fu_3179_p2         |        or|   0|  0|   2|           1|           1|
    |or_ln163_20_fu_4245_p2        |        or|   0|  0|   2|           1|           1|
    |or_ln163_21_fu_4422_p2        |        or|   0|  0|   2|           1|           1|
    |or_ln163_22_fu_4599_p2        |        or|   0|  0|   2|           1|           1|
    |or_ln163_23_fu_4776_p2        |        or|   0|  0|   2|           1|           1|
    |or_ln163_24_fu_4953_p2        |        or|   0|  0|   2|           1|           1|
    |or_ln163_25_fu_5130_p2        |        or|   0|  0|   2|           1|           1|
    |or_ln163_26_fu_5307_p2        |        or|   0|  0|   2|           1|           1|
    |or_ln163_2_fu_3356_p2         |        or|   0|  0|   2|           1|           1|
    |or_ln163_3_fu_3533_p2         |        or|   0|  0|   2|           1|           1|
    |or_ln163_4_fu_3710_p2         |        or|   0|  0|   2|           1|           1|
    |or_ln163_5_fu_3887_p2         |        or|   0|  0|   2|           1|           1|
    |or_ln163_6_fu_4064_p2         |        or|   0|  0|   2|           1|           1|
    |or_ln163_7_fu_4241_p2         |        or|   0|  0|   2|           1|           1|
    |or_ln163_8_fu_4418_p2         |        or|   0|  0|   2|           1|           1|
    |or_ln163_9_fu_4595_p2         |        or|   0|  0|   2|           1|           1|
    |or_ln163_fu_2727_p2           |        or|   0|  0|   2|           1|           1|
    |ref_tmp121_0_10_fu_5040_p3    |    select|   0|  0|   8|           1|           8|
    |ref_tmp121_0_11_fu_5217_p3    |    select|   0|  0|   8|           1|           8|
    |ref_tmp121_0_12_fu_5394_p3    |    select|   0|  0|   8|           1|           8|
    |ref_tmp121_0_1_fu_3447_p3     |    select|   0|  0|   8|           1|           8|
    |ref_tmp121_0_2_fu_3624_p3     |    select|   0|  0|   8|           1|           8|
    |ref_tmp121_0_3_fu_3801_p3     |    select|   0|  0|   8|           1|           8|
    |ref_tmp121_0_4_fu_3978_p3     |    select|   0|  0|   8|           1|           8|
    |ref_tmp121_0_5_fu_4155_p3     |    select|   0|  0|   8|           1|           8|
    |ref_tmp121_0_6_fu_4332_p3     |    select|   0|  0|   8|           1|           8|
    |ref_tmp121_0_7_fu_4509_p3     |    select|   0|  0|   8|           1|           8|
    |ref_tmp121_0_8_fu_4686_p3     |    select|   0|  0|   8|           1|           8|
    |ref_tmp121_0_9_fu_4863_p3     |    select|   0|  0|   8|           1|           8|
    |ref_tmp121_0_fu_3270_p3       |    select|   0|  0|   8|           1|           8|
    |ap_enable_pp0                 |       xor|   0|  0|   2|           1|           2|
    |rev34_fu_2718_p2              |       xor|   0|  0|   2|           1|           2|
    |xor_ln163_10_fu_4958_p2       |       xor|   0|  0|   2|           1|           2|
    |xor_ln163_11_fu_5135_p2       |       xor|   0|  0|   2|           1|           2|
    |xor_ln163_12_fu_5312_p2       |       xor|   0|  0|   2|           1|           2|
    |xor_ln163_1_fu_3365_p2        |       xor|   0|  0|   2|           1|           2|
    |xor_ln163_2_fu_3542_p2        |       xor|   0|  0|   2|           1|           2|
    |xor_ln163_3_fu_3719_p2        |       xor|   0|  0|   2|           1|           2|
    |xor_ln163_4_fu_3896_p2        |       xor|   0|  0|   2|           1|           2|
    |xor_ln163_5_fu_4073_p2        |       xor|   0|  0|   2|           1|           2|
    |xor_ln163_6_fu_4250_p2        |       xor|   0|  0|   2|           1|           2|
    |xor_ln163_7_fu_4427_p2        |       xor|   0|  0|   2|           1|           2|
    |xor_ln163_8_fu_4604_p2        |       xor|   0|  0|   2|           1|           2|
    |xor_ln163_9_fu_4781_p2        |       xor|   0|  0|   2|           1|           2|
    |xor_ln163_fu_3188_p2          |       xor|   0|  0|   2|           1|           2|
    +------------------------------+----------+----+---+----+------------+------------+
    |Total                         |          |   0|  0| 543|         344|         446|
    +------------------------------+----------+----+---+----+------------+------------+

    * Multiplexer: 
    +----------------------------------+----+-----------+-----+-----------+
    |               Name               | LUT| Input Size| Bits| Total Bits|
    +----------------------------------+----+-----------+-----+-----------+
    |ap_done_int                       |   9|          2|    1|          2|
    |ap_enable_reg_pp0_iter1           |   9|          2|    1|          2|
    |ap_sig_allocacmp_r_14             |   9|          2|    4|          8|
    |p_ZL9ch_in_buf_0_address0_local   |  65|         14|    8|        112|
    |p_ZL9ch_in_buf_10_address0_local  |  65|         14|    8|        112|
    |p_ZL9ch_in_buf_11_address0_local  |  65|         14|    8|        112|
    |p_ZL9ch_in_buf_12_address0_local  |  65|         14|    8|        112|
    |p_ZL9ch_in_buf_13_address0_local  |  65|         14|    8|        112|
    |p_ZL9ch_in_buf_14_address0_local  |  65|         14|    8|        112|
    |p_ZL9ch_in_buf_15_address0_local  |  65|         14|    8|        112|
    |p_ZL9ch_in_buf_1_address0_local   |  65|         14|    8|        112|
    |p_ZL9ch_in_buf_2_address0_local   |  65|         14|    8|        112|
    |p_ZL9ch_in_buf_3_address0_local   |  65|         14|    8|        112|
    |p_ZL9ch_in_buf_4_address0_local   |  65|         14|    8|        112|
    |p_ZL9ch_in_buf_5_address0_local   |  65|         14|    8|        112|
    |p_ZL9ch_in_buf_6_address0_local   |  65|         14|    8|        112|
    |p_ZL9ch_in_buf_7_address0_local   |  65|         14|    8|        112|
    |p_ZL9ch_in_buf_8_address0_local   |  65|         14|    8|        112|
    |p_ZL9ch_in_buf_9_address0_local   |  65|         14|    8|        112|
    |r_fu_564                          |   9|          2|    4|          8|
    +----------------------------------+----+-----------+-----+-----------+
    |Total                             |1076|        232|  138|       1812|
    +----------------------------------+----+-----------+-----+-----------+

    * Register: 
    +------------------------------------+----+----+-----+-----------+
    |                Name                | FF | LUT| Bits| Const Bits|
    +------------------------------------+----+----+-----+-----------+
    |ap_CS_fsm                           |   1|   0|    1|          0|
    |ap_done_reg                         |   1|   0|    1|          0|
    |ap_enable_reg_pp0_iter1             |   1|   0|    1|          0|
    |ap_enable_reg_pp0_iter2             |   1|   0|    1|          0|
    |ap_enable_reg_pp0_iter3             |   1|   0|    1|          0|
    |ap_loop_exit_ready_pp0_iter1_reg    |   1|   0|    1|          0|
    |ap_loop_exit_ready_pp0_iter2_reg    |   1|   0|    1|          0|
    |ap_predicate_pred1310_state4        |   1|   0|    1|          0|
    |ap_predicate_pred1329_state4        |   1|   0|    1|          0|
    |ap_predicate_pred1335_state4        |   1|   0|    1|          0|
    |ap_predicate_pred1341_state4        |   1|   0|    1|          0|
    |ap_predicate_pred1347_state4        |   1|   0|    1|          0|
    |ap_predicate_pred1353_state4        |   1|   0|    1|          0|
    |ap_predicate_pred1359_state4        |   1|   0|    1|          0|
    |ap_predicate_pred1365_state4        |   1|   0|    1|          0|
    |ap_predicate_pred1371_state4        |   1|   0|    1|          0|
    |ap_predicate_pred1377_state4        |   1|   0|    1|          0|
    |ap_predicate_pred1383_state4        |   1|   0|    1|          0|
    |ap_predicate_pred1389_state4        |   1|   0|    1|          0|
    |ap_predicate_pred1404_state4        |   1|   0|    1|          0|
    |empty_79_reg_5764                   |  33|   0|   33|          0|
    |empty_80_reg_5769                   |  12|   0|   12|          0|
    |empty_81_reg_5779                   |  12|   0|   12|          0|
    |icmp_ln157_reg_5760                 |   1|   0|    1|          0|
    |lshr_ln2_reg_5829                   |   8|   0|    8|          0|
    |or_ln163_reg_5795                   |   1|   0|    1|          0|
    |or_ln163_reg_5795_pp0_iter2_reg     |   1|   0|    1|          0|
    |r_14_reg_5752                       |   4|   0|    4|          0|
    |r_fu_564                            |   4|   0|    4|          0|
    |slt_reg_5774                        |   1|   0|    1|          0|
    |trunc_ln166_reg_5812                |   4|   0|    4|          0|
    |trunc_ln166_reg_5812_pp0_iter2_reg  |   4|   0|    4|          0|
    |icmp_ln157_reg_5760                 |  64|  32|    1|          0|
    |r_14_reg_5752                       |  64|  32|    4|          0|
    +------------------------------------+----+----+-----+-----------+
    |Total                               | 233|  64|  110|          0|
    +------------------------------------+----+----+-----+-----------+



================================================================
== Interface
================================================================
* Summary: 
+-----------------------------+-----+-----+------------+-------------------------------+--------------+
|          RTL Ports          | Dir | Bits|  Protocol  |         Source Object         |    C Type    |
+-----------------------------+-----+-----+------------+-------------------------------+--------------+
|ap_clk                       |   in|    1|  ap_ctrl_hs|  dwconv_ip_Pipeline_LOAD_DW_IN|  return value|
|ap_rst                       |   in|    1|  ap_ctrl_hs|  dwconv_ip_Pipeline_LOAD_DW_IN|  return value|
|ap_start                     |   in|    1|  ap_ctrl_hs|  dwconv_ip_Pipeline_LOAD_DW_IN|  return value|
|ap_done                      |  out|    1|  ap_ctrl_hs|  dwconv_ip_Pipeline_LOAD_DW_IN|  return value|
|ap_idle                      |  out|    1|  ap_ctrl_hs|  dwconv_ip_Pipeline_LOAD_DW_IN|  return value|
|ap_ready                     |  out|    1|  ap_ctrl_hs|  dwconv_ip_Pipeline_LOAD_DW_IN|  return value|
|in_tile_h                    |   in|   32|     ap_none|                      in_tile_h|        scalar|
|cmp122_12                    |   in|    1|     ap_none|                      cmp122_12|        scalar|
|empty_51                     |   in|    1|     ap_none|                       empty_51|        scalar|
|cmp129_12                    |   in|    1|     ap_none|                      cmp129_12|        scalar|
|empty_52                     |   in|   12|     ap_none|                       empty_52|        scalar|
|cmp122_11                    |   in|    1|     ap_none|                      cmp122_11|        scalar|
|empty_53                     |   in|    1|     ap_none|                       empty_53|        scalar|
|cmp129_11                    |   in|    1|     ap_none|                      cmp129_11|        scalar|
|empty_54                     |   in|   12|     ap_none|                       empty_54|        scalar|
|cmp122_10                    |   in|    1|     ap_none|                      cmp122_10|        scalar|
|empty_55                     |   in|    1|     ap_none|                       empty_55|        scalar|
|cmp129_10                    |   in|    1|     ap_none|                      cmp129_10|        scalar|
|empty_56                     |   in|   12|     ap_none|                       empty_56|        scalar|
|cmp122_9                     |   in|    1|     ap_none|                       cmp122_9|        scalar|
|empty_57                     |   in|    1|     ap_none|                       empty_57|        scalar|
|cmp129_9                     |   in|    1|     ap_none|                       cmp129_9|        scalar|
|empty_58                     |   in|   12|     ap_none|                       empty_58|        scalar|
|cmp122_8                     |   in|    1|     ap_none|                       cmp122_8|        scalar|
|empty_59                     |   in|    1|     ap_none|                       empty_59|        scalar|
|cmp129_8                     |   in|    1|     ap_none|                       cmp129_8|        scalar|
|empty_60                     |   in|   12|     ap_none|                       empty_60|        scalar|
|icmp64                       |   in|    1|     ap_none|                         icmp64|        scalar|
|empty_61                     |   in|    1|     ap_none|                       empty_61|        scalar|
|cmp129_7                     |   in|    1|     ap_none|                       cmp129_7|        scalar|
|empty_62                     |   in|   12|     ap_none|                       empty_62|        scalar|
|cmp122_6                     |   in|    1|     ap_none|                       cmp122_6|        scalar|
|empty_63                     |   in|    1|     ap_none|                       empty_63|        scalar|
|cmp129_6                     |   in|    1|     ap_none|                       cmp129_6|        scalar|
|empty_64                     |   in|   12|     ap_none|                       empty_64|        scalar|
|cmp122_5                     |   in|    1|     ap_none|                       cmp122_5|        scalar|
|empty_65                     |   in|    1|     ap_none|                       empty_65|        scalar|
|cmp129_5                     |   in|    1|     ap_none|                       cmp129_5|        scalar|
|empty_66                     |   in|   12|     ap_none|                       empty_66|        scalar|
|cmp122_4                     |   in|    1|     ap_none|                       cmp122_4|        scalar|
|empty_67                     |   in|    1|     ap_none|                       empty_67|        scalar|
|cmp129_4                     |   in|    1|     ap_none|                       cmp129_4|        scalar|
|empty_68                     |   in|   12|     ap_none|                       empty_68|        scalar|
|icmp49                       |   in|    1|     ap_none|                         icmp49|        scalar|
|empty_69                     |   in|    1|     ap_none|                       empty_69|        scalar|
|cmp129_3                     |   in|    1|     ap_none|                       cmp129_3|        scalar|
|empty_70                     |   in|   12|     ap_none|                       empty_70|        scalar|
|cmp122_2                     |   in|    1|     ap_none|                       cmp122_2|        scalar|
|empty_71                     |   in|    1|     ap_none|                       empty_71|        scalar|
|cmp129_2                     |   in|    1|     ap_none|                       cmp129_2|        scalar|
|empty_72                     |   in|   12|     ap_none|                       empty_72|        scalar|
|icmp                         |   in|    1|     ap_none|                           icmp|        scalar|
|empty_73                     |   in|    1|     ap_none|                       empty_73|        scalar|
|cmp129_1                     |   in|    1|     ap_none|                       cmp129_1|        scalar|
|empty_74                     |   in|   12|     ap_none|                       empty_74|        scalar|
|sext_ln144                   |   in|   32|     ap_none|                     sext_ln144|        scalar|
|sext_ln106_3                 |   in|   32|     ap_none|                   sext_ln106_3|        scalar|
|empty_75                     |   in|   12|     ap_none|                       empty_75|        scalar|
|cmp122                       |   in|    1|     ap_none|                         cmp122|        scalar|
|empty_76                     |   in|    1|     ap_none|                       empty_76|        scalar|
|cmp129                       |   in|    1|     ap_none|                         cmp129|        scalar|
|empty                        |   in|   12|     ap_none|                          empty|        scalar|
|p_ZL9dw_in_buf_0_12          |  out|    8|      ap_vld|            p_ZL9dw_in_buf_0_12|       pointer|
|p_ZL9dw_in_buf_0_12_ap_vld   |  out|    1|      ap_vld|            p_ZL9dw_in_buf_0_12|       pointer|
|p_ZL9ch_in_buf_0_address0    |  out|    8|   ap_memory|               p_ZL9ch_in_buf_0|         array|
|p_ZL9ch_in_buf_0_ce0         |  out|    1|   ap_memory|               p_ZL9ch_in_buf_0|         array|
|p_ZL9ch_in_buf_0_q0          |   in|    8|   ap_memory|               p_ZL9ch_in_buf_0|         array|
|p_ZL9ch_in_buf_1_address0    |  out|    8|   ap_memory|               p_ZL9ch_in_buf_1|         array|
|p_ZL9ch_in_buf_1_ce0         |  out|    1|   ap_memory|               p_ZL9ch_in_buf_1|         array|
|p_ZL9ch_in_buf_1_q0          |   in|    8|   ap_memory|               p_ZL9ch_in_buf_1|         array|
|p_ZL9ch_in_buf_2_address0    |  out|    8|   ap_memory|               p_ZL9ch_in_buf_2|         array|
|p_ZL9ch_in_buf_2_ce0         |  out|    1|   ap_memory|               p_ZL9ch_in_buf_2|         array|
|p_ZL9ch_in_buf_2_q0          |   in|    8|   ap_memory|               p_ZL9ch_in_buf_2|         array|
|p_ZL9ch_in_buf_3_address0    |  out|    8|   ap_memory|               p_ZL9ch_in_buf_3|         array|
|p_ZL9ch_in_buf_3_ce0         |  out|    1|   ap_memory|               p_ZL9ch_in_buf_3|         array|
|p_ZL9ch_in_buf_3_q0          |   in|    8|   ap_memory|               p_ZL9ch_in_buf_3|         array|
|p_ZL9ch_in_buf_4_address0    |  out|    8|   ap_memory|               p_ZL9ch_in_buf_4|         array|
|p_ZL9ch_in_buf_4_ce0         |  out|    1|   ap_memory|               p_ZL9ch_in_buf_4|         array|
|p_ZL9ch_in_buf_4_q0          |   in|    8|   ap_memory|               p_ZL9ch_in_buf_4|         array|
|p_ZL9ch_in_buf_5_address0    |  out|    8|   ap_memory|               p_ZL9ch_in_buf_5|         array|
|p_ZL9ch_in_buf_5_ce0         |  out|    1|   ap_memory|               p_ZL9ch_in_buf_5|         array|
|p_ZL9ch_in_buf_5_q0          |   in|    8|   ap_memory|               p_ZL9ch_in_buf_5|         array|
|p_ZL9ch_in_buf_6_address0    |  out|    8|   ap_memory|               p_ZL9ch_in_buf_6|         array|
|p_ZL9ch_in_buf_6_ce0         |  out|    1|   ap_memory|               p_ZL9ch_in_buf_6|         array|
|p_ZL9ch_in_buf_6_q0          |   in|    8|   ap_memory|               p_ZL9ch_in_buf_6|         array|
|p_ZL9ch_in_buf_7_address0    |  out|    8|   ap_memory|               p_ZL9ch_in_buf_7|         array|
|p_ZL9ch_in_buf_7_ce0         |  out|    1|   ap_memory|               p_ZL9ch_in_buf_7|         array|
|p_ZL9ch_in_buf_7_q0          |   in|    8|   ap_memory|               p_ZL9ch_in_buf_7|         array|
|p_ZL9ch_in_buf_8_address0    |  out|    8|   ap_memory|               p_ZL9ch_in_buf_8|         array|
|p_ZL9ch_in_buf_8_ce0         |  out|    1|   ap_memory|               p_ZL9ch_in_buf_8|         array|
|p_ZL9ch_in_buf_8_q0          |   in|    8|   ap_memory|               p_ZL9ch_in_buf_8|         array|
|p_ZL9ch_in_buf_9_address0    |  out|    8|   ap_memory|               p_ZL9ch_in_buf_9|         array|
|p_ZL9ch_in_buf_9_ce0         |  out|    1|   ap_memory|               p_ZL9ch_in_buf_9|         array|
|p_ZL9ch_in_buf_9_q0          |   in|    8|   ap_memory|               p_ZL9ch_in_buf_9|         array|
|p_ZL9ch_in_buf_10_address0   |  out|    8|   ap_memory|              p_ZL9ch_in_buf_10|         array|
|p_ZL9ch_in_buf_10_ce0        |  out|    1|   ap_memory|              p_ZL9ch_in_buf_10|         array|
|p_ZL9ch_in_buf_10_q0         |   in|    8|   ap_memory|              p_ZL9ch_in_buf_10|         array|
|p_ZL9ch_in_buf_11_address0   |  out|    8|   ap_memory|              p_ZL9ch_in_buf_11|         array|
|p_ZL9ch_in_buf_11_ce0        |  out|    1|   ap_memory|              p_ZL9ch_in_buf_11|         array|
|p_ZL9ch_in_buf_11_q0         |   in|    8|   ap_memory|              p_ZL9ch_in_buf_11|         array|
|p_ZL9ch_in_buf_12_address0   |  out|    8|   ap_memory|              p_ZL9ch_in_buf_12|         array|
|p_ZL9ch_in_buf_12_ce0        |  out|    1|   ap_memory|              p_ZL9ch_in_buf_12|         array|
|p_ZL9ch_in_buf_12_q0         |   in|    8|   ap_memory|              p_ZL9ch_in_buf_12|         array|
|p_ZL9ch_in_buf_13_address0   |  out|    8|   ap_memory|              p_ZL9ch_in_buf_13|         array|
|p_ZL9ch_in_buf_13_ce0        |  out|    1|   ap_memory|              p_ZL9ch_in_buf_13|         array|
|p_ZL9ch_in_buf_13_q0         |   in|    8|   ap_memory|              p_ZL9ch_in_buf_13|         array|
|p_ZL9ch_in_buf_14_address0   |  out|    8|   ap_memory|              p_ZL9ch_in_buf_14|         array|
|p_ZL9ch_in_buf_14_ce0        |  out|    1|   ap_memory|              p_ZL9ch_in_buf_14|         array|
|p_ZL9ch_in_buf_14_q0         |   in|    8|   ap_memory|              p_ZL9ch_in_buf_14|         array|
|p_ZL9ch_in_buf_15_address0   |  out|    8|   ap_memory|              p_ZL9ch_in_buf_15|         array|
|p_ZL9ch_in_buf_15_ce0        |  out|    1|   ap_memory|              p_ZL9ch_in_buf_15|         array|
|p_ZL9ch_in_buf_15_q0         |   in|    8|   ap_memory|              p_ZL9ch_in_buf_15|         array|
|p_ZL9dw_in_buf_0_11          |  out|    8|      ap_vld|            p_ZL9dw_in_buf_0_11|       pointer|
|p_ZL9dw_in_buf_0_11_ap_vld   |  out|    1|      ap_vld|            p_ZL9dw_in_buf_0_11|       pointer|
|p_ZL9dw_in_buf_0_10          |  out|    8|      ap_vld|            p_ZL9dw_in_buf_0_10|       pointer|
|p_ZL9dw_in_buf_0_10_ap_vld   |  out|    1|      ap_vld|            p_ZL9dw_in_buf_0_10|       pointer|
|p_ZL9dw_in_buf_0_9           |  out|    8|      ap_vld|             p_ZL9dw_in_buf_0_9|       pointer|
|p_ZL9dw_in_buf_0_9_ap_vld    |  out|    1|      ap_vld|             p_ZL9dw_in_buf_0_9|       pointer|
|p_ZL9dw_in_buf_0_8           |  out|    8|      ap_vld|             p_ZL9dw_in_buf_0_8|       pointer|
|p_ZL9dw_in_buf_0_8_ap_vld    |  out|    1|      ap_vld|             p_ZL9dw_in_buf_0_8|       pointer|
|p_ZL9dw_in_buf_0_7           |  out|    8|      ap_vld|             p_ZL9dw_in_buf_0_7|       pointer|
|p_ZL9dw_in_buf_0_7_ap_vld    |  out|    1|      ap_vld|             p_ZL9dw_in_buf_0_7|       pointer|
|p_ZL9dw_in_buf_0_6           |  out|    8|      ap_vld|             p_ZL9dw_in_buf_0_6|       pointer|
|p_ZL9dw_in_buf_0_6_ap_vld    |  out|    1|      ap_vld|             p_ZL9dw_in_buf_0_6|       pointer|
|p_ZL9dw_in_buf_0_5           |  out|    8|      ap_vld|             p_ZL9dw_in_buf_0_5|       pointer|
|p_ZL9dw_in_buf_0_5_ap_vld    |  out|    1|      ap_vld|             p_ZL9dw_in_buf_0_5|       pointer|
|p_ZL9dw_in_buf_0_4           |  out|    8|      ap_vld|             p_ZL9dw_in_buf_0_4|       pointer|
|p_ZL9dw_in_buf_0_4_ap_vld    |  out|    1|      ap_vld|             p_ZL9dw_in_buf_0_4|       pointer|
|p_ZL9dw_in_buf_0_3           |  out|    8|      ap_vld|             p_ZL9dw_in_buf_0_3|       pointer|
|p_ZL9dw_in_buf_0_3_ap_vld    |  out|    1|      ap_vld|             p_ZL9dw_in_buf_0_3|       pointer|
|p_ZL9dw_in_buf_0_2           |  out|    8|      ap_vld|             p_ZL9dw_in_buf_0_2|       pointer|
|p_ZL9dw_in_buf_0_2_ap_vld    |  out|    1|      ap_vld|             p_ZL9dw_in_buf_0_2|       pointer|
|p_ZL9dw_in_buf_0_1           |  out|    8|      ap_vld|             p_ZL9dw_in_buf_0_1|       pointer|
|p_ZL9dw_in_buf_0_1_ap_vld    |  out|    1|      ap_vld|             p_ZL9dw_in_buf_0_1|       pointer|
|p_ZL9dw_in_buf_0_0           |  out|    8|      ap_vld|             p_ZL9dw_in_buf_0_0|       pointer|
|p_ZL9dw_in_buf_0_0_ap_vld    |  out|    1|      ap_vld|             p_ZL9dw_in_buf_0_0|       pointer|
|p_ZL9dw_in_buf_1_0           |  out|    8|      ap_vld|             p_ZL9dw_in_buf_1_0|       pointer|
|p_ZL9dw_in_buf_1_0_ap_vld    |  out|    1|      ap_vld|             p_ZL9dw_in_buf_1_0|       pointer|
|p_ZL9dw_in_buf_2_0           |  out|    8|      ap_vld|             p_ZL9dw_in_buf_2_0|       pointer|
|p_ZL9dw_in_buf_2_0_ap_vld    |  out|    1|      ap_vld|             p_ZL9dw_in_buf_2_0|       pointer|
|p_ZL9dw_in_buf_3_0           |  out|    8|      ap_vld|             p_ZL9dw_in_buf_3_0|       pointer|
|p_ZL9dw_in_buf_3_0_ap_vld    |  out|    1|      ap_vld|             p_ZL9dw_in_buf_3_0|       pointer|
|p_ZL9dw_in_buf_4_0           |  out|    8|      ap_vld|             p_ZL9dw_in_buf_4_0|       pointer|
|p_ZL9dw_in_buf_4_0_ap_vld    |  out|    1|      ap_vld|             p_ZL9dw_in_buf_4_0|       pointer|
|p_ZL9dw_in_buf_5_0           |  out|    8|      ap_vld|             p_ZL9dw_in_buf_5_0|       pointer|
|p_ZL9dw_in_buf_5_0_ap_vld    |  out|    1|      ap_vld|             p_ZL9dw_in_buf_5_0|       pointer|
|p_ZL9dw_in_buf_6_0           |  out|    8|      ap_vld|             p_ZL9dw_in_buf_6_0|       pointer|
|p_ZL9dw_in_buf_6_0_ap_vld    |  out|    1|      ap_vld|             p_ZL9dw_in_buf_6_0|       pointer|
|p_ZL9dw_in_buf_7_0           |  out|    8|      ap_vld|             p_ZL9dw_in_buf_7_0|       pointer|
|p_ZL9dw_in_buf_7_0_ap_vld    |  out|    1|      ap_vld|             p_ZL9dw_in_buf_7_0|       pointer|
|p_ZL9dw_in_buf_8_0           |  out|    8|      ap_vld|             p_ZL9dw_in_buf_8_0|       pointer|
|p_ZL9dw_in_buf_8_0_ap_vld    |  out|    1|      ap_vld|             p_ZL9dw_in_buf_8_0|       pointer|
|p_ZL9dw_in_buf_9_0           |  out|    8|      ap_vld|             p_ZL9dw_in_buf_9_0|       pointer|
|p_ZL9dw_in_buf_9_0_ap_vld    |  out|    1|      ap_vld|             p_ZL9dw_in_buf_9_0|       pointer|
|p_ZL9dw_in_buf_10_0          |  out|    8|      ap_vld|            p_ZL9dw_in_buf_10_0|       pointer|
|p_ZL9dw_in_buf_10_0_ap_vld   |  out|    1|      ap_vld|            p_ZL9dw_in_buf_10_0|       pointer|
|p_ZL9dw_in_buf_11_0          |  out|    8|      ap_vld|            p_ZL9dw_in_buf_11_0|       pointer|
|p_ZL9dw_in_buf_11_0_ap_vld   |  out|    1|      ap_vld|            p_ZL9dw_in_buf_11_0|       pointer|
|p_ZL9dw_in_buf_12_0          |  out|    8|      ap_vld|            p_ZL9dw_in_buf_12_0|       pointer|
|p_ZL9dw_in_buf_12_0_ap_vld   |  out|    1|      ap_vld|            p_ZL9dw_in_buf_12_0|       pointer|
|p_ZL9dw_in_buf_1_1           |  out|    8|      ap_vld|             p_ZL9dw_in_buf_1_1|       pointer|
|p_ZL9dw_in_buf_1_1_ap_vld    |  out|    1|      ap_vld|             p_ZL9dw_in_buf_1_1|       pointer|
|p_ZL9dw_in_buf_2_1           |  out|    8|      ap_vld|             p_ZL9dw_in_buf_2_1|       pointer|
|p_ZL9dw_in_buf_2_1_ap_vld    |  out|    1|      ap_vld|             p_ZL9dw_in_buf_2_1|       pointer|
|p_ZL9dw_in_buf_3_1           |  out|    8|      ap_vld|             p_ZL9dw_in_buf_3_1|       pointer|
|p_ZL9dw_in_buf_3_1_ap_vld    |  out|    1|      ap_vld|             p_ZL9dw_in_buf_3_1|       pointer|
|p_ZL9dw_in_buf_4_1           |  out|    8|      ap_vld|             p_ZL9dw_in_buf_4_1|       pointer|
|p_ZL9dw_in_buf_4_1_ap_vld    |  out|    1|      ap_vld|             p_ZL9dw_in_buf_4_1|       pointer|
|p_ZL9dw_in_buf_5_1           |  out|    8|      ap_vld|             p_ZL9dw_in_buf_5_1|       pointer|
|p_ZL9dw_in_buf_5_1_ap_vld    |  out|    1|      ap_vld|             p_ZL9dw_in_buf_5_1|       pointer|
|p_ZL9dw_in_buf_6_1           |  out|    8|      ap_vld|             p_ZL9dw_in_buf_6_1|       pointer|
|p_ZL9dw_in_buf_6_1_ap_vld    |  out|    1|      ap_vld|             p_ZL9dw_in_buf_6_1|       pointer|
|p_ZL9dw_in_buf_7_1           |  out|    8|      ap_vld|             p_ZL9dw_in_buf_7_1|       pointer|
|p_ZL9dw_in_buf_7_1_ap_vld    |  out|    1|      ap_vld|             p_ZL9dw_in_buf_7_1|       pointer|
|p_ZL9dw_in_buf_8_1           |  out|    8|      ap_vld|             p_ZL9dw_in_buf_8_1|       pointer|
|p_ZL9dw_in_buf_8_1_ap_vld    |  out|    1|      ap_vld|             p_ZL9dw_in_buf_8_1|       pointer|
|p_ZL9dw_in_buf_9_1           |  out|    8|      ap_vld|             p_ZL9dw_in_buf_9_1|       pointer|
|p_ZL9dw_in_buf_9_1_ap_vld    |  out|    1|      ap_vld|             p_ZL9dw_in_buf_9_1|       pointer|
|p_ZL9dw_in_buf_10_1          |  out|    8|      ap_vld|            p_ZL9dw_in_buf_10_1|       pointer|
|p_ZL9dw_in_buf_10_1_ap_vld   |  out|    1|      ap_vld|            p_ZL9dw_in_buf_10_1|       pointer|
|p_ZL9dw_in_buf_11_1          |  out|    8|      ap_vld|            p_ZL9dw_in_buf_11_1|       pointer|
|p_ZL9dw_in_buf_11_1_ap_vld   |  out|    1|      ap_vld|            p_ZL9dw_in_buf_11_1|       pointer|
|p_ZL9dw_in_buf_12_1          |  out|    8|      ap_vld|            p_ZL9dw_in_buf_12_1|       pointer|
|p_ZL9dw_in_buf_12_1_ap_vld   |  out|    1|      ap_vld|            p_ZL9dw_in_buf_12_1|       pointer|
|p_ZL9dw_in_buf_1_2           |  out|    8|      ap_vld|             p_ZL9dw_in_buf_1_2|       pointer|
|p_ZL9dw_in_buf_1_2_ap_vld    |  out|    1|      ap_vld|             p_ZL9dw_in_buf_1_2|       pointer|
|p_ZL9dw_in_buf_2_2           |  out|    8|      ap_vld|             p_ZL9dw_in_buf_2_2|       pointer|
|p_ZL9dw_in_buf_2_2_ap_vld    |  out|    1|      ap_vld|             p_ZL9dw_in_buf_2_2|       pointer|
|p_ZL9dw_in_buf_3_2           |  out|    8|      ap_vld|             p_ZL9dw_in_buf_3_2|       pointer|
|p_ZL9dw_in_buf_3_2_ap_vld    |  out|    1|      ap_vld|             p_ZL9dw_in_buf_3_2|       pointer|
|p_ZL9dw_in_buf_4_2           |  out|    8|      ap_vld|             p_ZL9dw_in_buf_4_2|       pointer|
|p_ZL9dw_in_buf_4_2_ap_vld    |  out|    1|      ap_vld|             p_ZL9dw_in_buf_4_2|       pointer|
|p_ZL9dw_in_buf_5_2           |  out|    8|      ap_vld|             p_ZL9dw_in_buf_5_2|       pointer|
|p_ZL9dw_in_buf_5_2_ap_vld    |  out|    1|      ap_vld|             p_ZL9dw_in_buf_5_2|       pointer|
|p_ZL9dw_in_buf_6_2           |  out|    8|      ap_vld|             p_ZL9dw_in_buf_6_2|       pointer|
|p_ZL9dw_in_buf_6_2_ap_vld    |  out|    1|      ap_vld|             p_ZL9dw_in_buf_6_2|       pointer|
|p_ZL9dw_in_buf_7_2           |  out|    8|      ap_vld|             p_ZL9dw_in_buf_7_2|       pointer|
|p_ZL9dw_in_buf_7_2_ap_vld    |  out|    1|      ap_vld|             p_ZL9dw_in_buf_7_2|       pointer|
|p_ZL9dw_in_buf_8_2           |  out|    8|      ap_vld|             p_ZL9dw_in_buf_8_2|       pointer|
|p_ZL9dw_in_buf_8_2_ap_vld    |  out|    1|      ap_vld|             p_ZL9dw_in_buf_8_2|       pointer|
|p_ZL9dw_in_buf_9_2           |  out|    8|      ap_vld|             p_ZL9dw_in_buf_9_2|       pointer|
|p_ZL9dw_in_buf_9_2_ap_vld    |  out|    1|      ap_vld|             p_ZL9dw_in_buf_9_2|       pointer|
|p_ZL9dw_in_buf_10_2          |  out|    8|      ap_vld|            p_ZL9dw_in_buf_10_2|       pointer|
|p_ZL9dw_in_buf_10_2_ap_vld   |  out|    1|      ap_vld|            p_ZL9dw_in_buf_10_2|       pointer|
|p_ZL9dw_in_buf_11_2          |  out|    8|      ap_vld|            p_ZL9dw_in_buf_11_2|       pointer|
|p_ZL9dw_in_buf_11_2_ap_vld   |  out|    1|      ap_vld|            p_ZL9dw_in_buf_11_2|       pointer|
|p_ZL9dw_in_buf_12_2          |  out|    8|      ap_vld|            p_ZL9dw_in_buf_12_2|       pointer|
|p_ZL9dw_in_buf_12_2_ap_vld   |  out|    1|      ap_vld|            p_ZL9dw_in_buf_12_2|       pointer|
|p_ZL9dw_in_buf_1_3           |  out|    8|      ap_vld|             p_ZL9dw_in_buf_1_3|       pointer|
|p_ZL9dw_in_buf_1_3_ap_vld    |  out|    1|      ap_vld|             p_ZL9dw_in_buf_1_3|       pointer|
|p_ZL9dw_in_buf_2_3           |  out|    8|      ap_vld|             p_ZL9dw_in_buf_2_3|       pointer|
|p_ZL9dw_in_buf_2_3_ap_vld    |  out|    1|      ap_vld|             p_ZL9dw_in_buf_2_3|       pointer|
|p_ZL9dw_in_buf_3_3           |  out|    8|      ap_vld|             p_ZL9dw_in_buf_3_3|       pointer|
|p_ZL9dw_in_buf_3_3_ap_vld    |  out|    1|      ap_vld|             p_ZL9dw_in_buf_3_3|       pointer|
|p_ZL9dw_in_buf_4_3           |  out|    8|      ap_vld|             p_ZL9dw_in_buf_4_3|       pointer|
|p_ZL9dw_in_buf_4_3_ap_vld    |  out|    1|      ap_vld|             p_ZL9dw_in_buf_4_3|       pointer|
|p_ZL9dw_in_buf_5_3           |  out|    8|      ap_vld|             p_ZL9dw_in_buf_5_3|       pointer|
|p_ZL9dw_in_buf_5_3_ap_vld    |  out|    1|      ap_vld|             p_ZL9dw_in_buf_5_3|       pointer|
|p_ZL9dw_in_buf_6_3           |  out|    8|      ap_vld|             p_ZL9dw_in_buf_6_3|       pointer|
|p_ZL9dw_in_buf_6_3_ap_vld    |  out|    1|      ap_vld|             p_ZL9dw_in_buf_6_3|       pointer|
|p_ZL9dw_in_buf_7_3           |  out|    8|      ap_vld|             p_ZL9dw_in_buf_7_3|       pointer|
|p_ZL9dw_in_buf_7_3_ap_vld    |  out|    1|      ap_vld|             p_ZL9dw_in_buf_7_3|       pointer|
|p_ZL9dw_in_buf_8_3           |  out|    8|      ap_vld|             p_ZL9dw_in_buf_8_3|       pointer|
|p_ZL9dw_in_buf_8_3_ap_vld    |  out|    1|      ap_vld|             p_ZL9dw_in_buf_8_3|       pointer|
|p_ZL9dw_in_buf_9_3           |  out|    8|      ap_vld|             p_ZL9dw_in_buf_9_3|       pointer|
|p_ZL9dw_in_buf_9_3_ap_vld    |  out|    1|      ap_vld|             p_ZL9dw_in_buf_9_3|       pointer|
|p_ZL9dw_in_buf_10_3          |  out|    8|      ap_vld|            p_ZL9dw_in_buf_10_3|       pointer|
|p_ZL9dw_in_buf_10_3_ap_vld   |  out|    1|      ap_vld|            p_ZL9dw_in_buf_10_3|       pointer|
|p_ZL9dw_in_buf_11_3          |  out|    8|      ap_vld|            p_ZL9dw_in_buf_11_3|       pointer|
|p_ZL9dw_in_buf_11_3_ap_vld   |  out|    1|      ap_vld|            p_ZL9dw_in_buf_11_3|       pointer|
|p_ZL9dw_in_buf_12_3          |  out|    8|      ap_vld|            p_ZL9dw_in_buf_12_3|       pointer|
|p_ZL9dw_in_buf_12_3_ap_vld   |  out|    1|      ap_vld|            p_ZL9dw_in_buf_12_3|       pointer|
|p_ZL9dw_in_buf_1_4           |  out|    8|      ap_vld|             p_ZL9dw_in_buf_1_4|       pointer|
|p_ZL9dw_in_buf_1_4_ap_vld    |  out|    1|      ap_vld|             p_ZL9dw_in_buf_1_4|       pointer|
|p_ZL9dw_in_buf_2_4           |  out|    8|      ap_vld|             p_ZL9dw_in_buf_2_4|       pointer|
|p_ZL9dw_in_buf_2_4_ap_vld    |  out|    1|      ap_vld|             p_ZL9dw_in_buf_2_4|       pointer|
|p_ZL9dw_in_buf_3_4           |  out|    8|      ap_vld|             p_ZL9dw_in_buf_3_4|       pointer|
|p_ZL9dw_in_buf_3_4_ap_vld    |  out|    1|      ap_vld|             p_ZL9dw_in_buf_3_4|       pointer|
|p_ZL9dw_in_buf_4_4           |  out|    8|      ap_vld|             p_ZL9dw_in_buf_4_4|       pointer|
|p_ZL9dw_in_buf_4_4_ap_vld    |  out|    1|      ap_vld|             p_ZL9dw_in_buf_4_4|       pointer|
|p_ZL9dw_in_buf_5_4           |  out|    8|      ap_vld|             p_ZL9dw_in_buf_5_4|       pointer|
|p_ZL9dw_in_buf_5_4_ap_vld    |  out|    1|      ap_vld|             p_ZL9dw_in_buf_5_4|       pointer|
|p_ZL9dw_in_buf_6_4           |  out|    8|      ap_vld|             p_ZL9dw_in_buf_6_4|       pointer|
|p_ZL9dw_in_buf_6_4_ap_vld    |  out|    1|      ap_vld|             p_ZL9dw_in_buf_6_4|       pointer|
|p_ZL9dw_in_buf_7_4           |  out|    8|      ap_vld|             p_ZL9dw_in_buf_7_4|       pointer|
|p_ZL9dw_in_buf_7_4_ap_vld    |  out|    1|      ap_vld|             p_ZL9dw_in_buf_7_4|       pointer|
|p_ZL9dw_in_buf_8_4           |  out|    8|      ap_vld|             p_ZL9dw_in_buf_8_4|       pointer|
|p_ZL9dw_in_buf_8_4_ap_vld    |  out|    1|      ap_vld|             p_ZL9dw_in_buf_8_4|       pointer|
|p_ZL9dw_in_buf_9_4           |  out|    8|      ap_vld|             p_ZL9dw_in_buf_9_4|       pointer|
|p_ZL9dw_in_buf_9_4_ap_vld    |  out|    1|      ap_vld|             p_ZL9dw_in_buf_9_4|       pointer|
|p_ZL9dw_in_buf_10_4          |  out|    8|      ap_vld|            p_ZL9dw_in_buf_10_4|       pointer|
|p_ZL9dw_in_buf_10_4_ap_vld   |  out|    1|      ap_vld|            p_ZL9dw_in_buf_10_4|       pointer|
|p_ZL9dw_in_buf_11_4          |  out|    8|      ap_vld|            p_ZL9dw_in_buf_11_4|       pointer|
|p_ZL9dw_in_buf_11_4_ap_vld   |  out|    1|      ap_vld|            p_ZL9dw_in_buf_11_4|       pointer|
|p_ZL9dw_in_buf_12_4          |  out|    8|      ap_vld|            p_ZL9dw_in_buf_12_4|       pointer|
|p_ZL9dw_in_buf_12_4_ap_vld   |  out|    1|      ap_vld|            p_ZL9dw_in_buf_12_4|       pointer|
|p_ZL9dw_in_buf_1_5           |  out|    8|      ap_vld|             p_ZL9dw_in_buf_1_5|       pointer|
|p_ZL9dw_in_buf_1_5_ap_vld    |  out|    1|      ap_vld|             p_ZL9dw_in_buf_1_5|       pointer|
|p_ZL9dw_in_buf_2_5           |  out|    8|      ap_vld|             p_ZL9dw_in_buf_2_5|       pointer|
|p_ZL9dw_in_buf_2_5_ap_vld    |  out|    1|      ap_vld|             p_ZL9dw_in_buf_2_5|       pointer|
|p_ZL9dw_in_buf_3_5           |  out|    8|      ap_vld|             p_ZL9dw_in_buf_3_5|       pointer|
|p_ZL9dw_in_buf_3_5_ap_vld    |  out|    1|      ap_vld|             p_ZL9dw_in_buf_3_5|       pointer|
|p_ZL9dw_in_buf_4_5           |  out|    8|      ap_vld|             p_ZL9dw_in_buf_4_5|       pointer|
|p_ZL9dw_in_buf_4_5_ap_vld    |  out|    1|      ap_vld|             p_ZL9dw_in_buf_4_5|       pointer|
|p_ZL9dw_in_buf_5_5           |  out|    8|      ap_vld|             p_ZL9dw_in_buf_5_5|       pointer|
|p_ZL9dw_in_buf_5_5_ap_vld    |  out|    1|      ap_vld|             p_ZL9dw_in_buf_5_5|       pointer|
|p_ZL9dw_in_buf_6_5           |  out|    8|      ap_vld|             p_ZL9dw_in_buf_6_5|       pointer|
|p_ZL9dw_in_buf_6_5_ap_vld    |  out|    1|      ap_vld|             p_ZL9dw_in_buf_6_5|       pointer|
|p_ZL9dw_in_buf_7_5           |  out|    8|      ap_vld|             p_ZL9dw_in_buf_7_5|       pointer|
|p_ZL9dw_in_buf_7_5_ap_vld    |  out|    1|      ap_vld|             p_ZL9dw_in_buf_7_5|       pointer|
|p_ZL9dw_in_buf_8_5           |  out|    8|      ap_vld|             p_ZL9dw_in_buf_8_5|       pointer|
|p_ZL9dw_in_buf_8_5_ap_vld    |  out|    1|      ap_vld|             p_ZL9dw_in_buf_8_5|       pointer|
|p_ZL9dw_in_buf_9_5           |  out|    8|      ap_vld|             p_ZL9dw_in_buf_9_5|       pointer|
|p_ZL9dw_in_buf_9_5_ap_vld    |  out|    1|      ap_vld|             p_ZL9dw_in_buf_9_5|       pointer|
|p_ZL9dw_in_buf_10_5          |  out|    8|      ap_vld|            p_ZL9dw_in_buf_10_5|       pointer|
|p_ZL9dw_in_buf_10_5_ap_vld   |  out|    1|      ap_vld|            p_ZL9dw_in_buf_10_5|       pointer|
|p_ZL9dw_in_buf_11_5          |  out|    8|      ap_vld|            p_ZL9dw_in_buf_11_5|       pointer|
|p_ZL9dw_in_buf_11_5_ap_vld   |  out|    1|      ap_vld|            p_ZL9dw_in_buf_11_5|       pointer|
|p_ZL9dw_in_buf_12_5          |  out|    8|      ap_vld|            p_ZL9dw_in_buf_12_5|       pointer|
|p_ZL9dw_in_buf_12_5_ap_vld   |  out|    1|      ap_vld|            p_ZL9dw_in_buf_12_5|       pointer|
|p_ZL9dw_in_buf_1_6           |  out|    8|      ap_vld|             p_ZL9dw_in_buf_1_6|       pointer|
|p_ZL9dw_in_buf_1_6_ap_vld    |  out|    1|      ap_vld|             p_ZL9dw_in_buf_1_6|       pointer|
|p_ZL9dw_in_buf_2_6           |  out|    8|      ap_vld|             p_ZL9dw_in_buf_2_6|       pointer|
|p_ZL9dw_in_buf_2_6_ap_vld    |  out|    1|      ap_vld|             p_ZL9dw_in_buf_2_6|       pointer|
|p_ZL9dw_in_buf_3_6           |  out|    8|      ap_vld|             p_ZL9dw_in_buf_3_6|       pointer|
|p_ZL9dw_in_buf_3_6_ap_vld    |  out|    1|      ap_vld|             p_ZL9dw_in_buf_3_6|       pointer|
|p_ZL9dw_in_buf_4_6           |  out|    8|      ap_vld|             p_ZL9dw_in_buf_4_6|       pointer|
|p_ZL9dw_in_buf_4_6_ap_vld    |  out|    1|      ap_vld|             p_ZL9dw_in_buf_4_6|       pointer|
|p_ZL9dw_in_buf_5_6           |  out|    8|      ap_vld|             p_ZL9dw_in_buf_5_6|       pointer|
|p_ZL9dw_in_buf_5_6_ap_vld    |  out|    1|      ap_vld|             p_ZL9dw_in_buf_5_6|       pointer|
|p_ZL9dw_in_buf_6_6           |  out|    8|      ap_vld|             p_ZL9dw_in_buf_6_6|       pointer|
|p_ZL9dw_in_buf_6_6_ap_vld    |  out|    1|      ap_vld|             p_ZL9dw_in_buf_6_6|       pointer|
|p_ZL9dw_in_buf_7_6           |  out|    8|      ap_vld|             p_ZL9dw_in_buf_7_6|       pointer|
|p_ZL9dw_in_buf_7_6_ap_vld    |  out|    1|      ap_vld|             p_ZL9dw_in_buf_7_6|       pointer|
|p_ZL9dw_in_buf_8_6           |  out|    8|      ap_vld|             p_ZL9dw_in_buf_8_6|       pointer|
|p_ZL9dw_in_buf_8_6_ap_vld    |  out|    1|      ap_vld|             p_ZL9dw_in_buf_8_6|       pointer|
|p_ZL9dw_in_buf_9_6           |  out|    8|      ap_vld|             p_ZL9dw_in_buf_9_6|       pointer|
|p_ZL9dw_in_buf_9_6_ap_vld    |  out|    1|      ap_vld|             p_ZL9dw_in_buf_9_6|       pointer|
|p_ZL9dw_in_buf_10_6          |  out|    8|      ap_vld|            p_ZL9dw_in_buf_10_6|       pointer|
|p_ZL9dw_in_buf_10_6_ap_vld   |  out|    1|      ap_vld|            p_ZL9dw_in_buf_10_6|       pointer|
|p_ZL9dw_in_buf_11_6          |  out|    8|      ap_vld|            p_ZL9dw_in_buf_11_6|       pointer|
|p_ZL9dw_in_buf_11_6_ap_vld   |  out|    1|      ap_vld|            p_ZL9dw_in_buf_11_6|       pointer|
|p_ZL9dw_in_buf_12_6          |  out|    8|      ap_vld|            p_ZL9dw_in_buf_12_6|       pointer|
|p_ZL9dw_in_buf_12_6_ap_vld   |  out|    1|      ap_vld|            p_ZL9dw_in_buf_12_6|       pointer|
|p_ZL9dw_in_buf_1_7           |  out|    8|      ap_vld|             p_ZL9dw_in_buf_1_7|       pointer|
|p_ZL9dw_in_buf_1_7_ap_vld    |  out|    1|      ap_vld|             p_ZL9dw_in_buf_1_7|       pointer|
|p_ZL9dw_in_buf_2_7           |  out|    8|      ap_vld|             p_ZL9dw_in_buf_2_7|       pointer|
|p_ZL9dw_in_buf_2_7_ap_vld    |  out|    1|      ap_vld|             p_ZL9dw_in_buf_2_7|       pointer|
|p_ZL9dw_in_buf_3_7           |  out|    8|      ap_vld|             p_ZL9dw_in_buf_3_7|       pointer|
|p_ZL9dw_in_buf_3_7_ap_vld    |  out|    1|      ap_vld|             p_ZL9dw_in_buf_3_7|       pointer|
|p_ZL9dw_in_buf_4_7           |  out|    8|      ap_vld|             p_ZL9dw_in_buf_4_7|       pointer|
|p_ZL9dw_in_buf_4_7_ap_vld    |  out|    1|      ap_vld|             p_ZL9dw_in_buf_4_7|       pointer|
|p_ZL9dw_in_buf_5_7           |  out|    8|      ap_vld|             p_ZL9dw_in_buf_5_7|       pointer|
|p_ZL9dw_in_buf_5_7_ap_vld    |  out|    1|      ap_vld|             p_ZL9dw_in_buf_5_7|       pointer|
|p_ZL9dw_in_buf_6_7           |  out|    8|      ap_vld|             p_ZL9dw_in_buf_6_7|       pointer|
|p_ZL9dw_in_buf_6_7_ap_vld    |  out|    1|      ap_vld|             p_ZL9dw_in_buf_6_7|       pointer|
|p_ZL9dw_in_buf_7_7           |  out|    8|      ap_vld|             p_ZL9dw_in_buf_7_7|       pointer|
|p_ZL9dw_in_buf_7_7_ap_vld    |  out|    1|      ap_vld|             p_ZL9dw_in_buf_7_7|       pointer|
|p_ZL9dw_in_buf_8_7           |  out|    8|      ap_vld|             p_ZL9dw_in_buf_8_7|       pointer|
|p_ZL9dw_in_buf_8_7_ap_vld    |  out|    1|      ap_vld|             p_ZL9dw_in_buf_8_7|       pointer|
|p_ZL9dw_in_buf_9_7           |  out|    8|      ap_vld|             p_ZL9dw_in_buf_9_7|       pointer|
|p_ZL9dw_in_buf_9_7_ap_vld    |  out|    1|      ap_vld|             p_ZL9dw_in_buf_9_7|       pointer|
|p_ZL9dw_in_buf_10_7          |  out|    8|      ap_vld|            p_ZL9dw_in_buf_10_7|       pointer|
|p_ZL9dw_in_buf_10_7_ap_vld   |  out|    1|      ap_vld|            p_ZL9dw_in_buf_10_7|       pointer|
|p_ZL9dw_in_buf_11_7          |  out|    8|      ap_vld|            p_ZL9dw_in_buf_11_7|       pointer|
|p_ZL9dw_in_buf_11_7_ap_vld   |  out|    1|      ap_vld|            p_ZL9dw_in_buf_11_7|       pointer|
|p_ZL9dw_in_buf_12_7          |  out|    8|      ap_vld|            p_ZL9dw_in_buf_12_7|       pointer|
|p_ZL9dw_in_buf_12_7_ap_vld   |  out|    1|      ap_vld|            p_ZL9dw_in_buf_12_7|       pointer|
|p_ZL9dw_in_buf_1_8           |  out|    8|      ap_vld|             p_ZL9dw_in_buf_1_8|       pointer|
|p_ZL9dw_in_buf_1_8_ap_vld    |  out|    1|      ap_vld|             p_ZL9dw_in_buf_1_8|       pointer|
|p_ZL9dw_in_buf_2_8           |  out|    8|      ap_vld|             p_ZL9dw_in_buf_2_8|       pointer|
|p_ZL9dw_in_buf_2_8_ap_vld    |  out|    1|      ap_vld|             p_ZL9dw_in_buf_2_8|       pointer|
|p_ZL9dw_in_buf_3_8           |  out|    8|      ap_vld|             p_ZL9dw_in_buf_3_8|       pointer|
|p_ZL9dw_in_buf_3_8_ap_vld    |  out|    1|      ap_vld|             p_ZL9dw_in_buf_3_8|       pointer|
|p_ZL9dw_in_buf_4_8           |  out|    8|      ap_vld|             p_ZL9dw_in_buf_4_8|       pointer|
|p_ZL9dw_in_buf_4_8_ap_vld    |  out|    1|      ap_vld|             p_ZL9dw_in_buf_4_8|       pointer|
|p_ZL9dw_in_buf_5_8           |  out|    8|      ap_vld|             p_ZL9dw_in_buf_5_8|       pointer|
|p_ZL9dw_in_buf_5_8_ap_vld    |  out|    1|      ap_vld|             p_ZL9dw_in_buf_5_8|       pointer|
|p_ZL9dw_in_buf_6_8           |  out|    8|      ap_vld|             p_ZL9dw_in_buf_6_8|       pointer|
|p_ZL9dw_in_buf_6_8_ap_vld    |  out|    1|      ap_vld|             p_ZL9dw_in_buf_6_8|       pointer|
|p_ZL9dw_in_buf_7_8           |  out|    8|      ap_vld|             p_ZL9dw_in_buf_7_8|       pointer|
|p_ZL9dw_in_buf_7_8_ap_vld    |  out|    1|      ap_vld|             p_ZL9dw_in_buf_7_8|       pointer|
|p_ZL9dw_in_buf_8_8           |  out|    8|      ap_vld|             p_ZL9dw_in_buf_8_8|       pointer|
|p_ZL9dw_in_buf_8_8_ap_vld    |  out|    1|      ap_vld|             p_ZL9dw_in_buf_8_8|       pointer|
|p_ZL9dw_in_buf_9_8           |  out|    8|      ap_vld|             p_ZL9dw_in_buf_9_8|       pointer|
|p_ZL9dw_in_buf_9_8_ap_vld    |  out|    1|      ap_vld|             p_ZL9dw_in_buf_9_8|       pointer|
|p_ZL9dw_in_buf_10_8          |  out|    8|      ap_vld|            p_ZL9dw_in_buf_10_8|       pointer|
|p_ZL9dw_in_buf_10_8_ap_vld   |  out|    1|      ap_vld|            p_ZL9dw_in_buf_10_8|       pointer|
|p_ZL9dw_in_buf_11_8          |  out|    8|      ap_vld|            p_ZL9dw_in_buf_11_8|       pointer|
|p_ZL9dw_in_buf_11_8_ap_vld   |  out|    1|      ap_vld|            p_ZL9dw_in_buf_11_8|       pointer|
|p_ZL9dw_in_buf_12_8          |  out|    8|      ap_vld|            p_ZL9dw_in_buf_12_8|       pointer|
|p_ZL9dw_in_buf_12_8_ap_vld   |  out|    1|      ap_vld|            p_ZL9dw_in_buf_12_8|       pointer|
|p_ZL9dw_in_buf_1_9           |  out|    8|      ap_vld|             p_ZL9dw_in_buf_1_9|       pointer|
|p_ZL9dw_in_buf_1_9_ap_vld    |  out|    1|      ap_vld|             p_ZL9dw_in_buf_1_9|       pointer|
|p_ZL9dw_in_buf_2_9           |  out|    8|      ap_vld|             p_ZL9dw_in_buf_2_9|       pointer|
|p_ZL9dw_in_buf_2_9_ap_vld    |  out|    1|      ap_vld|             p_ZL9dw_in_buf_2_9|       pointer|
|p_ZL9dw_in_buf_3_9           |  out|    8|      ap_vld|             p_ZL9dw_in_buf_3_9|       pointer|
|p_ZL9dw_in_buf_3_9_ap_vld    |  out|    1|      ap_vld|             p_ZL9dw_in_buf_3_9|       pointer|
|p_ZL9dw_in_buf_4_9           |  out|    8|      ap_vld|             p_ZL9dw_in_buf_4_9|       pointer|
|p_ZL9dw_in_buf_4_9_ap_vld    |  out|    1|      ap_vld|             p_ZL9dw_in_buf_4_9|       pointer|
|p_ZL9dw_in_buf_5_9           |  out|    8|      ap_vld|             p_ZL9dw_in_buf_5_9|       pointer|
|p_ZL9dw_in_buf_5_9_ap_vld    |  out|    1|      ap_vld|             p_ZL9dw_in_buf_5_9|       pointer|
|p_ZL9dw_in_buf_6_9           |  out|    8|      ap_vld|             p_ZL9dw_in_buf_6_9|       pointer|
|p_ZL9dw_in_buf_6_9_ap_vld    |  out|    1|      ap_vld|             p_ZL9dw_in_buf_6_9|       pointer|
|p_ZL9dw_in_buf_7_9           |  out|    8|      ap_vld|             p_ZL9dw_in_buf_7_9|       pointer|
|p_ZL9dw_in_buf_7_9_ap_vld    |  out|    1|      ap_vld|             p_ZL9dw_in_buf_7_9|       pointer|
|p_ZL9dw_in_buf_8_9           |  out|    8|      ap_vld|             p_ZL9dw_in_buf_8_9|       pointer|
|p_ZL9dw_in_buf_8_9_ap_vld    |  out|    1|      ap_vld|             p_ZL9dw_in_buf_8_9|       pointer|
|p_ZL9dw_in_buf_9_9           |  out|    8|      ap_vld|             p_ZL9dw_in_buf_9_9|       pointer|
|p_ZL9dw_in_buf_9_9_ap_vld    |  out|    1|      ap_vld|             p_ZL9dw_in_buf_9_9|       pointer|
|p_ZL9dw_in_buf_10_9          |  out|    8|      ap_vld|            p_ZL9dw_in_buf_10_9|       pointer|
|p_ZL9dw_in_buf_10_9_ap_vld   |  out|    1|      ap_vld|            p_ZL9dw_in_buf_10_9|       pointer|
|p_ZL9dw_in_buf_11_9          |  out|    8|      ap_vld|            p_ZL9dw_in_buf_11_9|       pointer|
|p_ZL9dw_in_buf_11_9_ap_vld   |  out|    1|      ap_vld|            p_ZL9dw_in_buf_11_9|       pointer|
|p_ZL9dw_in_buf_12_9          |  out|    8|      ap_vld|            p_ZL9dw_in_buf_12_9|       pointer|
|p_ZL9dw_in_buf_12_9_ap_vld   |  out|    1|      ap_vld|            p_ZL9dw_in_buf_12_9|       pointer|
|p_ZL9dw_in_buf_1_10          |  out|    8|      ap_vld|            p_ZL9dw_in_buf_1_10|       pointer|
|p_ZL9dw_in_buf_1_10_ap_vld   |  out|    1|      ap_vld|            p_ZL9dw_in_buf_1_10|       pointer|
|p_ZL9dw_in_buf_2_10          |  out|    8|      ap_vld|            p_ZL9dw_in_buf_2_10|       pointer|
|p_ZL9dw_in_buf_2_10_ap_vld   |  out|    1|      ap_vld|            p_ZL9dw_in_buf_2_10|       pointer|
|p_ZL9dw_in_buf_3_10          |  out|    8|      ap_vld|            p_ZL9dw_in_buf_3_10|       pointer|
|p_ZL9dw_in_buf_3_10_ap_vld   |  out|    1|      ap_vld|            p_ZL9dw_in_buf_3_10|       pointer|
|p_ZL9dw_in_buf_4_10          |  out|    8|      ap_vld|            p_ZL9dw_in_buf_4_10|       pointer|
|p_ZL9dw_in_buf_4_10_ap_vld   |  out|    1|      ap_vld|            p_ZL9dw_in_buf_4_10|       pointer|
|p_ZL9dw_in_buf_5_10          |  out|    8|      ap_vld|            p_ZL9dw_in_buf_5_10|       pointer|
|p_ZL9dw_in_buf_5_10_ap_vld   |  out|    1|      ap_vld|            p_ZL9dw_in_buf_5_10|       pointer|
|p_ZL9dw_in_buf_6_10          |  out|    8|      ap_vld|            p_ZL9dw_in_buf_6_10|       pointer|
|p_ZL9dw_in_buf_6_10_ap_vld   |  out|    1|      ap_vld|            p_ZL9dw_in_buf_6_10|       pointer|
|p_ZL9dw_in_buf_7_10          |  out|    8|      ap_vld|            p_ZL9dw_in_buf_7_10|       pointer|
|p_ZL9dw_in_buf_7_10_ap_vld   |  out|    1|      ap_vld|            p_ZL9dw_in_buf_7_10|       pointer|
|p_ZL9dw_in_buf_8_10          |  out|    8|      ap_vld|            p_ZL9dw_in_buf_8_10|       pointer|
|p_ZL9dw_in_buf_8_10_ap_vld   |  out|    1|      ap_vld|            p_ZL9dw_in_buf_8_10|       pointer|
|p_ZL9dw_in_buf_9_10          |  out|    8|      ap_vld|            p_ZL9dw_in_buf_9_10|       pointer|
|p_ZL9dw_in_buf_9_10_ap_vld   |  out|    1|      ap_vld|            p_ZL9dw_in_buf_9_10|       pointer|
|p_ZL9dw_in_buf_10_10         |  out|    8|      ap_vld|           p_ZL9dw_in_buf_10_10|       pointer|
|p_ZL9dw_in_buf_10_10_ap_vld  |  out|    1|      ap_vld|           p_ZL9dw_in_buf_10_10|       pointer|
|p_ZL9dw_in_buf_11_10         |  out|    8|      ap_vld|           p_ZL9dw_in_buf_11_10|       pointer|
|p_ZL9dw_in_buf_11_10_ap_vld  |  out|    1|      ap_vld|           p_ZL9dw_in_buf_11_10|       pointer|
|p_ZL9dw_in_buf_12_10         |  out|    8|      ap_vld|           p_ZL9dw_in_buf_12_10|       pointer|
|p_ZL9dw_in_buf_12_10_ap_vld  |  out|    1|      ap_vld|           p_ZL9dw_in_buf_12_10|       pointer|
|p_ZL9dw_in_buf_1_11          |  out|    8|      ap_vld|            p_ZL9dw_in_buf_1_11|       pointer|
|p_ZL9dw_in_buf_1_11_ap_vld   |  out|    1|      ap_vld|            p_ZL9dw_in_buf_1_11|       pointer|
|p_ZL9dw_in_buf_2_11          |  out|    8|      ap_vld|            p_ZL9dw_in_buf_2_11|       pointer|
|p_ZL9dw_in_buf_2_11_ap_vld   |  out|    1|      ap_vld|            p_ZL9dw_in_buf_2_11|       pointer|
|p_ZL9dw_in_buf_3_11          |  out|    8|      ap_vld|            p_ZL9dw_in_buf_3_11|       pointer|
|p_ZL9dw_in_buf_3_11_ap_vld   |  out|    1|      ap_vld|            p_ZL9dw_in_buf_3_11|       pointer|
|p_ZL9dw_in_buf_4_11          |  out|    8|      ap_vld|            p_ZL9dw_in_buf_4_11|       pointer|
|p_ZL9dw_in_buf_4_11_ap_vld   |  out|    1|      ap_vld|            p_ZL9dw_in_buf_4_11|       pointer|
|p_ZL9dw_in_buf_5_11          |  out|    8|      ap_vld|            p_ZL9dw_in_buf_5_11|       pointer|
|p_ZL9dw_in_buf_5_11_ap_vld   |  out|    1|      ap_vld|            p_ZL9dw_in_buf_5_11|       pointer|
|p_ZL9dw_in_buf_6_11          |  out|    8|      ap_vld|            p_ZL9dw_in_buf_6_11|       pointer|
|p_ZL9dw_in_buf_6_11_ap_vld   |  out|    1|      ap_vld|            p_ZL9dw_in_buf_6_11|       pointer|
|p_ZL9dw_in_buf_7_11          |  out|    8|      ap_vld|            p_ZL9dw_in_buf_7_11|       pointer|
|p_ZL9dw_in_buf_7_11_ap_vld   |  out|    1|      ap_vld|            p_ZL9dw_in_buf_7_11|       pointer|
|p_ZL9dw_in_buf_8_11          |  out|    8|      ap_vld|            p_ZL9dw_in_buf_8_11|       pointer|
|p_ZL9dw_in_buf_8_11_ap_vld   |  out|    1|      ap_vld|            p_ZL9dw_in_buf_8_11|       pointer|
|p_ZL9dw_in_buf_9_11          |  out|    8|      ap_vld|            p_ZL9dw_in_buf_9_11|       pointer|
|p_ZL9dw_in_buf_9_11_ap_vld   |  out|    1|      ap_vld|            p_ZL9dw_in_buf_9_11|       pointer|
|p_ZL9dw_in_buf_10_11         |  out|    8|      ap_vld|           p_ZL9dw_in_buf_10_11|       pointer|
|p_ZL9dw_in_buf_10_11_ap_vld  |  out|    1|      ap_vld|           p_ZL9dw_in_buf_10_11|       pointer|
|p_ZL9dw_in_buf_11_11         |  out|    8|      ap_vld|           p_ZL9dw_in_buf_11_11|       pointer|
|p_ZL9dw_in_buf_11_11_ap_vld  |  out|    1|      ap_vld|           p_ZL9dw_in_buf_11_11|       pointer|
|p_ZL9dw_in_buf_12_11         |  out|    8|      ap_vld|           p_ZL9dw_in_buf_12_11|       pointer|
|p_ZL9dw_in_buf_12_11_ap_vld  |  out|    1|      ap_vld|           p_ZL9dw_in_buf_12_11|       pointer|
|p_ZL9dw_in_buf_1_12          |  out|    8|      ap_vld|            p_ZL9dw_in_buf_1_12|       pointer|
|p_ZL9dw_in_buf_1_12_ap_vld   |  out|    1|      ap_vld|            p_ZL9dw_in_buf_1_12|       pointer|
|p_ZL9dw_in_buf_2_12          |  out|    8|      ap_vld|            p_ZL9dw_in_buf_2_12|       pointer|
|p_ZL9dw_in_buf_2_12_ap_vld   |  out|    1|      ap_vld|            p_ZL9dw_in_buf_2_12|       pointer|
|p_ZL9dw_in_buf_3_12          |  out|    8|      ap_vld|            p_ZL9dw_in_buf_3_12|       pointer|
|p_ZL9dw_in_buf_3_12_ap_vld   |  out|    1|      ap_vld|            p_ZL9dw_in_buf_3_12|       pointer|
|p_ZL9dw_in_buf_4_12          |  out|    8|      ap_vld|            p_ZL9dw_in_buf_4_12|       pointer|
|p_ZL9dw_in_buf_4_12_ap_vld   |  out|    1|      ap_vld|            p_ZL9dw_in_buf_4_12|       pointer|
|p_ZL9dw_in_buf_5_12          |  out|    8|      ap_vld|            p_ZL9dw_in_buf_5_12|       pointer|
|p_ZL9dw_in_buf_5_12_ap_vld   |  out|    1|      ap_vld|            p_ZL9dw_in_buf_5_12|       pointer|
|p_ZL9dw_in_buf_6_12          |  out|    8|      ap_vld|            p_ZL9dw_in_buf_6_12|       pointer|
|p_ZL9dw_in_buf_6_12_ap_vld   |  out|    1|      ap_vld|            p_ZL9dw_in_buf_6_12|       pointer|
|p_ZL9dw_in_buf_7_12          |  out|    8|      ap_vld|            p_ZL9dw_in_buf_7_12|       pointer|
|p_ZL9dw_in_buf_7_12_ap_vld   |  out|    1|      ap_vld|            p_ZL9dw_in_buf_7_12|       pointer|
|p_ZL9dw_in_buf_8_12          |  out|    8|      ap_vld|            p_ZL9dw_in_buf_8_12|       pointer|
|p_ZL9dw_in_buf_8_12_ap_vld   |  out|    1|      ap_vld|            p_ZL9dw_in_buf_8_12|       pointer|
|p_ZL9dw_in_buf_9_12          |  out|    8|      ap_vld|            p_ZL9dw_in_buf_9_12|       pointer|
|p_ZL9dw_in_buf_9_12_ap_vld   |  out|    1|      ap_vld|            p_ZL9dw_in_buf_9_12|       pointer|
|p_ZL9dw_in_buf_10_12         |  out|    8|      ap_vld|           p_ZL9dw_in_buf_10_12|       pointer|
|p_ZL9dw_in_buf_10_12_ap_vld  |  out|    1|      ap_vld|           p_ZL9dw_in_buf_10_12|       pointer|
|p_ZL9dw_in_buf_11_12         |  out|    8|      ap_vld|           p_ZL9dw_in_buf_11_12|       pointer|
|p_ZL9dw_in_buf_11_12_ap_vld  |  out|    1|      ap_vld|           p_ZL9dw_in_buf_11_12|       pointer|
|p_ZL9dw_in_buf_12_12         |  out|    8|      ap_vld|           p_ZL9dw_in_buf_12_12|       pointer|
|p_ZL9dw_in_buf_12_12_ap_vld  |  out|    1|      ap_vld|           p_ZL9dw_in_buf_12_12|       pointer|
+-----------------------------+-----+-----+------------+-------------------------------+--------------+

