

================================================================
== Vitis HLS Report for 'mac_array_top'
================================================================
* Date:           Sun Aug 16 06:22:16 2026

* Version:        2024.2 (Build 5238294 on Nov  8 2024)
* Project:        mac_array_poc_u1
* Solution:       solution1 (Vivado IP Flow Target)
* Product family: zynq
* Target device:  xc7z020-clg400-1


================================================================
== Performance Estimates
================================================================
+ Timing: 
    * Summary: 
    +--------+----------+----------+------------+
    |  Clock |  Target  | Estimated| Uncertainty|
    +--------+----------+----------+------------+
    |ap_clk  |  10.00 ns|  7.153 ns|     2.70 ns|
    +--------+----------+----------+------------+

+ Latency: 
    * Summary: 
    +---------+---------+----------+----------+-----+-----+---------+
    |  Latency (cycles) |  Latency (absolute) |  Interval | Pipeline|
    |   min   |   max   |    min   |    max   | min | max |   Type  |
    +---------+---------+----------+----------+-----+-----+---------+
    |        ?|        ?|         ?|         ?|    ?|    ?|       no|
    +---------+---------+----------+----------+-----+-----+---------+

    + Detail: 
        * Instance: 
        +-----------------------+------------+---------+---------+----------+----------+-----+-----+---------+
        |                       |            |  Latency (cycles) |  Latency (absolute) |  Interval | Pipeline|
        |        Instance       |   Module   |   min   |   max   |    min   |    max   | min | max |   Type  |
        +-----------------------+------------+---------+---------+----------+----------+-----+-----+---------+
        |grp_run_pwconv_fu_96   |run_pwconv  |        ?|        ?|         ?|         ?|    ?|    ?|       no|
        |grp_run_dwconv_fu_109  |run_dwconv  |        ?|        ?|         ?|         ?|    ?|    ?|       no|
        +-----------------------+------------+---------+---------+----------+----------+-----+-----+---------+

        * Loop: 
        +--------------------+---------+---------+----------+-----------+-----------+------+----------+
        |                    |  Latency (cycles) | Iteration|  Initiation Interval  | Trip |          |
        |      Loop Name     |   min   |   max   |  Latency |  achieved |   target  | Count| Pipelined|
        +--------------------+---------+---------+----------+-----------+-----------+------+----------+
        |- VITIS_LOOP_175_1  |        ?|        ?|         ?|          -|          -|     ?|        no|
        +--------------------+---------+---------+----------+-----------+-----------+------+----------+



================================================================
== Utilization Estimates
================================================================
* Summary: 
+-----------------+---------+-----+--------+-------+-----+
|       Name      | BRAM_18K| DSP |   FF   |  LUT  | URAM|
+-----------------+---------+-----+--------+-------+-----+
|DSP              |        -|    -|       -|      -|    -|
|Expression       |        -|    -|       0|    155|    -|
|FIFO             |        -|    -|       -|      -|    -|
|Instance         |        -|   25|   39273|  34627|    -|
|Memory           |        -|    -|       -|      -|    -|
|Multiplexer      |        -|    -|       0|     77|    -|
|Register         |        -|    -|     863|      -|    -|
+-----------------+---------+-----+--------+-------+-----+
|Total            |        0|   25|   40136|  34859|    0|
+-----------------+---------+-----+--------+-------+-----+
|Available        |      280|  220|  106400|  53200|    0|
+-----------------+---------+-----+--------+-------+-----+
|Utilization (%)  |        0|   11|      37|     65|    0|
+-----------------+---------+-----+--------+-------+-----+

+ Detail: 
    * Instance: 
    +-----------------------+------------+---------+----+-------+-------+-----+
    |        Instance       |   Module   | BRAM_18K| DSP|   FF  |  LUT  | URAM|
    +-----------------------+------------+---------+----+-------+-------+-----+
    |grp_run_dwconv_fu_109  |run_dwconv  |        0|  12|  17697|  17823|    0|
    |grp_run_pwconv_fu_96   |run_pwconv  |        0|  13|  21576|  16804|    0|
    +-----------------------+------------+---------+----+-------+-------+-----+
    |Total                  |            |        0|  25|  39273|  34627|    0|
    +-----------------------+------------+---------+----+-------+-------+-----+

    * DSP: 
    N/A

    * Memory: 
    N/A

    * FIFO: 
    N/A

    * Expression: 
    +------------------------+----------+----+---+----+------------+------------+
    |      Variable Name     | Operation| DSP| FF| LUT| Bitwidth P0| Bitwidth P1|
    +------------------------+----------+----+---+----+------------+------------+
    |add_ln175_fu_155_p2     |         +|   0|  0|  38|          31|           1|
    |cmp1_fu_132_p2          |      icmp|   0|  0|  39|          32|           1|
    |icmp_ln175_1_fu_150_p2  |      icmp|   0|  0|  39|          32|          32|
    |icmp_ln175_fu_122_p2    |      icmp|   0|  0|  39|          32|           1|
    +------------------------+----------+----+---+----+------------+------------+
    |Total                   |          |   0|  0| 155|         127|          35|
    +------------------------+----------+----+---+----+------------+------------+

    * Multiplexer: 
    +-----------------+----+-----------+-----+-----------+
    |       Name      | LUT| Input Size| Bits| Total Bits|
    +-----------------+----+-----------+-----+-----------+
    |ap_NS_fsm        |  31|          6|    1|          6|
    |i_fu_54          |   9|          2|   31|         62|
    |out_base         |  14|          3|    8|         24|
    |out_base_ap_vld  |  14|          3|    1|          3|
    |out_base_reg     |   9|          2|    8|         16|
    +-----------------+----+-----------+-----+-----------+
    |Total            |  77|         16|   49|        111|
    +-----------------+----+-----------+-----+-----------+

    * Register: 
    +------------------------------------+-----+----+-----+-----------+
    |                Name                |  FF | LUT| Bits| Const Bits|
    +------------------------------------+-----+----+-----+-----------+
    |add_ln175_reg_194                   |   31|   0|   31|          0|
    |ap_CS_fsm                           |    5|   0|    5|          0|
    |b_base_read_reg_211                 |   32|   0|   32|          0|
    |cmp1_reg_187                        |    1|   0|    1|          0|
    |desc_read_reg_181                   |  704|   0|  704|          0|
    |grp_run_dwconv_fu_109_ap_start_reg  |    1|   0|    1|          0|
    |grp_run_pwconv_fu_96_ap_start_reg   |    1|   0|    1|          0|
    |i_fu_54                             |   31|   0|   31|          0|
    |icmp_ln175_reg_177                  |    1|   0|    1|          0|
    |in_base_read_reg_199                |    8|   0|    8|          0|
    |n_layers_read_reg_172               |   32|   0|   32|          0|
    |out_base_reg                        |    8|   0|    8|          0|
    |w_base_read_reg_205                 |    8|   0|    8|          0|
    +------------------------------------+-----+----+-----+-----------+
    |Total                               |  863|   0|  863|          0|
    +------------------------------------+-----+----+-----+-----------+



================================================================
== Interface
================================================================
* Summary: 
+--------------------+-----+-----+------------+---------------+--------------+
|      RTL Ports     | Dir | Bits|  Protocol  | Source Object |    C Type    |
+--------------------+-----+-----+------------+---------------+--------------+
|ap_clk              |   in|    1|  ap_ctrl_hs|  mac_array_top|  return value|
|ap_rst              |   in|    1|  ap_ctrl_hs|  mac_array_top|  return value|
|ap_start            |   in|    1|  ap_ctrl_hs|  mac_array_top|  return value|
|ap_done             |  out|    1|  ap_ctrl_hs|  mac_array_top|  return value|
|ap_idle             |  out|    1|  ap_ctrl_hs|  mac_array_top|  return value|
|ap_ready            |  out|    1|  ap_ctrl_hs|  mac_array_top|  return value|
|desc                |   in|  704|     ap_none|           desc|       pointer|
|n_layers            |   in|   32|     ap_none|       n_layers|        scalar|
|in_base             |   in|    8|     ap_none|        in_base|       pointer|
|w_base              |   in|    8|     ap_none|         w_base|       pointer|
|b_base              |   in|   32|     ap_none|         b_base|       pointer|
|out_base            |  out|    8|      ap_vld|       out_base|       pointer|
|out_base_ap_vld     |  out|    1|      ap_vld|       out_base|       pointer|
|out_written         |  out|   32|      ap_vld|    out_written|       pointer|
|out_written_ap_vld  |  out|    1|      ap_vld|    out_written|       pointer|
+--------------------+-----+-----+------------+---------------+--------------+

