Copyright 1986-2022 Xilinx, Inc. All Rights Reserved. Copyright 2022-2024 Advanced Micro Devices, Inc. All Rights Reserved.
--------------------------------------------------------------------------------------------------------------------------------------------------------------------------------------
| Tool Version : Vivado v.2024.2 (win64) Build 5239630 Fri Nov 08 22:35:27 MST 2024
| Date         : Tue Aug 11 02:03:36 2026
| Host         : DESKTOP-GBLH5MP running 64-bit major release  (build 9200)
| Command      : report_timing -delay_type max -max_paths 10 -sort_by group -file V:/vivado_impl/fastvit_dwconv_linebuf_only_200mhz_proj/timing_detail_dwconv_linebuf_only_200mhz.rpt
| Design       : fastvit_bd_wrapper
| Device       : 7z020-clg400
| Speed File   : -1  PRODUCTION 1.12 2019-11-22
| Design State : Physopt postRoute
--------------------------------------------------------------------------------------------------------------------------------------------------------------------------------------

Timing Report

Slack (VIOLATED) :        -0.236ns  (required time - arrival time)
  Source:                 fastvit_bd_i/worker_0/inst/ap_CS_fsm_reg[24]/C
                            (rising edge-triggered cell FDRE clocked by clk_fpga_0  {rise@0.000ns fall@2.500ns period=5.000ns})
  Destination:            fastvit_bd_i/worker_0/inst/sdiv_32ns_32ns_32_36_1_U280/dwconv_worker_sdiv_32ns_32ns_32_36_1_divider_u/loop[0].remd_tmp_reg[1][20]/R
                            (rising edge-triggered cell FDRE clocked by clk_fpga_0  {rise@0.000ns fall@2.500ns period=5.000ns})
  Path Group:             clk_fpga_0
  Path Type:              Setup (Max at Slow Process Corner)
  Requirement:            5.000ns  (clk_fpga_0 rise@5.000ns - clk_fpga_0 rise@0.000ns)
  Data Path Delay:        4.724ns  (logic 0.952ns (20.154%)  route 3.772ns (79.846%))
  Logic Levels:           4  (LUT2=1 LUT6=3)
  Clock Path Skew:        -0.001ns (DCD - SCD + CPR)
    Destination Clock Delay (DCD):    2.879ns = ( 7.879 - 5.000 ) 
    Source Clock Delay      (SCD):    3.009ns
    Clock Pessimism Removal (CPR):    0.129ns
  Clock Uncertainty:      0.083ns  ((TSJ^2 + TIJ^2)^1/2 + DJ) / 2 + PE
    Total System Jitter     (TSJ):    0.071ns
    Total Input Jitter      (TIJ):    0.150ns
    Discrete Jitter          (DJ):    0.000ns
    Phase Error              (PE):    0.000ns

    Location             Delay type                Incr(ns)  Path(ns)    Netlist Resource(s)
  -------------------------------------------------------------------    -------------------
                         (clock clk_fpga_0 rise edge)
                                                      0.000     0.000 r  
    PS7_X0Y0             PS7                          0.000     0.000 r  fastvit_bd_i/ps7_0/inst/PS7_i/FCLKCLK[0]
                         net (fo=1, routed)           1.193     1.193    fastvit_bd_i/ps7_0/inst/FCLK_CLK_unbuffered[0]
    BUFGCTRL_X0Y16       BUFG (Prop_bufg_I_O)         0.101     1.294 r  fastvit_bd_i/ps7_0/inst/buffer_fclk_clk_0.FCLK_CLK_0_BUFG/O
                         net (fo=28248, routed)       1.715     3.009    fastvit_bd_i/worker_0/inst/ap_clk
    SLICE_X65Y95         FDRE                                         r  fastvit_bd_i/worker_0/inst/ap_CS_fsm_reg[24]/C
  -------------------------------------------------------------------    -------------------
    SLICE_X65Y95         FDRE (Prop_fdre_C_Q)         0.456     3.465 r  fastvit_bd_i/worker_0/inst/ap_CS_fsm_reg[24]/Q
                         net (fo=3, routed)           0.961     4.426    fastvit_bd_i/worker_0/inst/sdiv_32ns_32ns_32_36_1_U280/dwconv_worker_sdiv_32ns_32ns_32_36_1_divider_u/loop[31].dividend_tmp_reg[32][2]__0_0[20]
    SLICE_X65Y97         LUT6 (Prop_lut6_I2_O)        0.124     4.550 r  fastvit_bd_i/worker_0/inst/sdiv_32ns_32ns_32_36_1_U280/dwconv_worker_sdiv_32ns_32ns_32_36_1_divider_u/dividend_tmp[0][31]_i_9/O
                         net (fo=1, routed)           0.416     4.967    fastvit_bd_i/worker_0/inst/gmem1_m_axi_U/load_unit_0/fifo_rreq/loop[31].dividend_tmp_reg[32][2]__0_4
    SLICE_X64Y98         LUT6 (Prop_lut6_I0_O)        0.124     5.091 r  fastvit_bd_i/worker_0/inst/gmem1_m_axi_U/load_unit_0/fifo_rreq/dividend_tmp[0][31]_i_3__0/O
                         net (fo=1, routed)           0.497     5.588    fastvit_bd_i/worker_0/inst/gmem1_m_axi_U/load_unit_0/fifo_rreq/dividend_tmp[0][31]_i_3__0_n_0
    SLICE_X66Y104        LUT6 (Prop_lut6_I0_O)        0.124     5.712 r  fastvit_bd_i/worker_0/inst/gmem1_m_axi_U/load_unit_0/fifo_rreq/dividend_tmp[0][31]_i_1__0/O
                         net (fo=4495, routed)        1.140     6.852    fastvit_bd_i/worker_0/inst/gmem1_m_axi_U/load_unit_0/fifo_rreq/grp_fu_1420_ce
    SLICE_X65Y117        LUT2 (Prop_lut2_I0_O)        0.124     6.976 r  fastvit_bd_i/worker_0/inst/gmem1_m_axi_U/load_unit_0/fifo_rreq/loop[0].remd_tmp[1][30]_i_1__0/O
                         net (fo=30, routed)          0.757     7.733    fastvit_bd_i/worker_0/inst/sdiv_32ns_32ns_32_36_1_U280/dwconv_worker_sdiv_32ns_32ns_32_36_1_divider_u/loop[0].remd_tmp_reg[1][30]_0
    SLICE_X56Y120        FDRE                                         r  fastvit_bd_i/worker_0/inst/sdiv_32ns_32ns_32_36_1_U280/dwconv_worker_sdiv_32ns_32ns_32_36_1_divider_u/loop[0].remd_tmp_reg[1][20]/R
  -------------------------------------------------------------------    -------------------

                         (clock clk_fpga_0 rise edge)
                                                      5.000     5.000 r  
    PS7_X0Y0             PS7                          0.000     5.000 r  fastvit_bd_i/ps7_0/inst/PS7_i/FCLKCLK[0]
                         net (fo=1, routed)           1.088     6.088    fastvit_bd_i/ps7_0/inst/FCLK_CLK_unbuffered[0]
    BUFGCTRL_X0Y16       BUFG (Prop_bufg_I_O)         0.091     6.179 r  fastvit_bd_i/ps7_0/inst/buffer_fclk_clk_0.FCLK_CLK_0_BUFG/O
                         net (fo=28248, routed)       1.700     7.879    fastvit_bd_i/worker_0/inst/sdiv_32ns_32ns_32_36_1_U280/dwconv_worker_sdiv_32ns_32ns_32_36_1_divider_u/ap_clk
    SLICE_X56Y120        FDRE                                         r  fastvit_bd_i/worker_0/inst/sdiv_32ns_32ns_32_36_1_U280/dwconv_worker_sdiv_32ns_32ns_32_36_1_divider_u/loop[0].remd_tmp_reg[1][20]/C
                         clock pessimism              0.129     8.008    
                         clock uncertainty           -0.083     7.925    
    SLICE_X56Y120        FDRE (Setup_fdre_C_R)       -0.429     7.496    fastvit_bd_i/worker_0/inst/sdiv_32ns_32ns_32_36_1_U280/dwconv_worker_sdiv_32ns_32ns_32_36_1_divider_u/loop[0].remd_tmp_reg[1][20]
  -------------------------------------------------------------------
                         required time                          7.496    
                         arrival time                          -7.733    
  -------------------------------------------------------------------
                         slack                                 -0.236    

Slack (VIOLATED) :        -0.236ns  (required time - arrival time)
  Source:                 fastvit_bd_i/worker_0/inst/ap_CS_fsm_reg[24]/C
                            (rising edge-triggered cell FDRE clocked by clk_fpga_0  {rise@0.000ns fall@2.500ns period=5.000ns})
  Destination:            fastvit_bd_i/worker_0/inst/sdiv_32ns_32ns_32_36_1_U280/dwconv_worker_sdiv_32ns_32ns_32_36_1_divider_u/loop[0].remd_tmp_reg[1][21]/R
                            (rising edge-triggered cell FDRE clocked by clk_fpga_0  {rise@0.000ns fall@2.500ns period=5.000ns})
  Path Group:             clk_fpga_0
  Path Type:              Setup (Max at Slow Process Corner)
  Requirement:            5.000ns  (clk_fpga_0 rise@5.000ns - clk_fpga_0 rise@0.000ns)
  Data Path Delay:        4.724ns  (logic 0.952ns (20.154%)  route 3.772ns (79.846%))
  Logic Levels:           4  (LUT2=1 LUT6=3)
  Clock Path Skew:        -0.001ns (DCD - SCD + CPR)
    Destination Clock Delay (DCD):    2.879ns = ( 7.879 - 5.000 ) 
    Source Clock Delay      (SCD):    3.009ns
    Clock Pessimism Removal (CPR):    0.129ns
  Clock Uncertainty:      0.083ns  ((TSJ^2 + TIJ^2)^1/2 + DJ) / 2 + PE
    Total System Jitter     (TSJ):    0.071ns
    Total Input Jitter      (TIJ):    0.150ns
    Discrete Jitter          (DJ):    0.000ns
    Phase Error              (PE):    0.000ns

    Location             Delay type                Incr(ns)  Path(ns)    Netlist Resource(s)
  -------------------------------------------------------------------    -------------------
                         (clock clk_fpga_0 rise edge)
                                                      0.000     0.000 r  
    PS7_X0Y0             PS7                          0.000     0.000 r  fastvit_bd_i/ps7_0/inst/PS7_i/FCLKCLK[0]
                         net (fo=1, routed)           1.193     1.193    fastvit_bd_i/ps7_0/inst/FCLK_CLK_unbuffered[0]
    BUFGCTRL_X0Y16       BUFG (Prop_bufg_I_O)         0.101     1.294 r  fastvit_bd_i/ps7_0/inst/buffer_fclk_clk_0.FCLK_CLK_0_BUFG/O
                         net (fo=28248, routed)       1.715     3.009    fastvit_bd_i/worker_0/inst/ap_clk
    SLICE_X65Y95         FDRE                                         r  fastvit_bd_i/worker_0/inst/ap_CS_fsm_reg[24]/C
  -------------------------------------------------------------------    -------------------
    SLICE_X65Y95         FDRE (Prop_fdre_C_Q)         0.456     3.465 r  fastvit_bd_i/worker_0/inst/ap_CS_fsm_reg[24]/Q
                         net (fo=3, routed)           0.961     4.426    fastvit_bd_i/worker_0/inst/sdiv_32ns_32ns_32_36_1_U280/dwconv_worker_sdiv_32ns_32ns_32_36_1_divider_u/loop[31].dividend_tmp_reg[32][2]__0_0[20]
    SLICE_X65Y97         LUT6 (Prop_lut6_I2_O)        0.124     4.550 r  fastvit_bd_i/worker_0/inst/sdiv_32ns_32ns_32_36_1_U280/dwconv_worker_sdiv_32ns_32ns_32_36_1_divider_u/dividend_tmp[0][31]_i_9/O
                         net (fo=1, routed)           0.416     4.967    fastvit_bd_i/worker_0/inst/gmem1_m_axi_U/load_unit_0/fifo_rreq/loop[31].dividend_tmp_reg[32][2]__0_4
    SLICE_X64Y98         LUT6 (Prop_lut6_I0_O)        0.124     5.091 r  fastvit_bd_i/worker_0/inst/gmem1_m_axi_U/load_unit_0/fifo_rreq/dividend_tmp[0][31]_i_3__0/O
                         net (fo=1, routed)           0.497     5.588    fastvit_bd_i/worker_0/inst/gmem1_m_axi_U/load_unit_0/fifo_rreq/dividend_tmp[0][31]_i_3__0_n_0
    SLICE_X66Y104        LUT6 (Prop_lut6_I0_O)        0.124     5.712 r  fastvit_bd_i/worker_0/inst/gmem1_m_axi_U/load_unit_0/fifo_rreq/dividend_tmp[0][31]_i_1__0/O
                         net (fo=4495, routed)        1.140     6.852    fastvit_bd_i/worker_0/inst/gmem1_m_axi_U/load_unit_0/fifo_rreq/grp_fu_1420_ce
    SLICE_X65Y117        LUT2 (Prop_lut2_I0_O)        0.124     6.976 r  fastvit_bd_i/worker_0/inst/gmem1_m_axi_U/load_unit_0/fifo_rreq/loop[0].remd_tmp[1][30]_i_1__0/O
                         net (fo=30, routed)          0.757     7.733    fastvit_bd_i/worker_0/inst/sdiv_32ns_32ns_32_36_1_U280/dwconv_worker_sdiv_32ns_32ns_32_36_1_divider_u/loop[0].remd_tmp_reg[1][30]_0
    SLICE_X56Y120        FDRE                                         r  fastvit_bd_i/worker_0/inst/sdiv_32ns_32ns_32_36_1_U280/dwconv_worker_sdiv_32ns_32ns_32_36_1_divider_u/loop[0].remd_tmp_reg[1][21]/R
  -------------------------------------------------------------------    -------------------

                         (clock clk_fpga_0 rise edge)
                                                      5.000     5.000 r  
    PS7_X0Y0             PS7                          0.000     5.000 r  fastvit_bd_i/ps7_0/inst/PS7_i/FCLKCLK[0]
                         net (fo=1, routed)           1.088     6.088    fastvit_bd_i/ps7_0/inst/FCLK_CLK_unbuffered[0]
    BUFGCTRL_X0Y16       BUFG (Prop_bufg_I_O)         0.091     6.179 r  fastvit_bd_i/ps7_0/inst/buffer_fclk_clk_0.FCLK_CLK_0_BUFG/O
                         net (fo=28248, routed)       1.700     7.879    fastvit_bd_i/worker_0/inst/sdiv_32ns_32ns_32_36_1_U280/dwconv_worker_sdiv_32ns_32ns_32_36_1_divider_u/ap_clk
    SLICE_X56Y120        FDRE                                         r  fastvit_bd_i/worker_0/inst/sdiv_32ns_32ns_32_36_1_U280/dwconv_worker_sdiv_32ns_32ns_32_36_1_divider_u/loop[0].remd_tmp_reg[1][21]/C
                         clock pessimism              0.129     8.008    
                         clock uncertainty           -0.083     7.925    
    SLICE_X56Y120        FDRE (Setup_fdre_C_R)       -0.429     7.496    fastvit_bd_i/worker_0/inst/sdiv_32ns_32ns_32_36_1_U280/dwconv_worker_sdiv_32ns_32ns_32_36_1_divider_u/loop[0].remd_tmp_reg[1][21]
  -------------------------------------------------------------------
                         required time                          7.496    
                         arrival time                          -7.733    
  -------------------------------------------------------------------
                         slack                                 -0.236    

Slack (VIOLATED) :        -0.236ns  (required time - arrival time)
  Source:                 fastvit_bd_i/worker_0/inst/ap_CS_fsm_reg[24]/C
                            (rising edge-triggered cell FDRE clocked by clk_fpga_0  {rise@0.000ns fall@2.500ns period=5.000ns})
  Destination:            fastvit_bd_i/worker_0/inst/sdiv_32ns_32ns_32_36_1_U280/dwconv_worker_sdiv_32ns_32ns_32_36_1_divider_u/loop[0].remd_tmp_reg[1][22]/R
                            (rising edge-triggered cell FDRE clocked by clk_fpga_0  {rise@0.000ns fall@2.500ns period=5.000ns})
  Path Group:             clk_fpga_0
  Path Type:              Setup (Max at Slow Process Corner)
  Requirement:            5.000ns  (clk_fpga_0 rise@5.000ns - clk_fpga_0 rise@0.000ns)
  Data Path Delay:        4.724ns  (logic 0.952ns (20.154%)  route 3.772ns (79.846%))
  Logic Levels:           4  (LUT2=1 LUT6=3)
  Clock Path Skew:        -0.001ns (DCD - SCD + CPR)
    Destination Clock Delay (DCD):    2.879ns = ( 7.879 - 5.000 ) 
    Source Clock Delay      (SCD):    3.009ns
    Clock Pessimism Removal (CPR):    0.129ns
  Clock Uncertainty:      0.083ns  ((TSJ^2 + TIJ^2)^1/2 + DJ) / 2 + PE
    Total System Jitter     (TSJ):    0.071ns
    Total Input Jitter      (TIJ):    0.150ns
    Discrete Jitter          (DJ):    0.000ns
    Phase Error              (PE):    0.000ns

    Location             Delay type                Incr(ns)  Path(ns)    Netlist Resource(s)
  -------------------------------------------------------------------    -------------------
                         (clock clk_fpga_0 rise edge)
                                                      0.000     0.000 r  
    PS7_X0Y0             PS7                          0.000     0.000 r  fastvit_bd_i/ps7_0/inst/PS7_i/FCLKCLK[0]
                         net (fo=1, routed)           1.193     1.193    fastvit_bd_i/ps7_0/inst/FCLK_CLK_unbuffered[0]
    BUFGCTRL_X0Y16       BUFG (Prop_bufg_I_O)         0.101     1.294 r  fastvit_bd_i/ps7_0/inst/buffer_fclk_clk_0.FCLK_CLK_0_BUFG/O
                         net (fo=28248, routed)       1.715     3.009    fastvit_bd_i/worker_0/inst/ap_clk
    SLICE_X65Y95         FDRE                                         r  fastvit_bd_i/worker_0/inst/ap_CS_fsm_reg[24]/C
  -------------------------------------------------------------------    -------------------
    SLICE_X65Y95         FDRE (Prop_fdre_C_Q)         0.456     3.465 r  fastvit_bd_i/worker_0/inst/ap_CS_fsm_reg[24]/Q
                         net (fo=3, routed)           0.961     4.426    fastvit_bd_i/worker_0/inst/sdiv_32ns_32ns_32_36_1_U280/dwconv_worker_sdiv_32ns_32ns_32_36_1_divider_u/loop[31].dividend_tmp_reg[32][2]__0_0[20]
    SLICE_X65Y97         LUT6 (Prop_lut6_I2_O)        0.124     4.550 r  fastvit_bd_i/worker_0/inst/sdiv_32ns_32ns_32_36_1_U280/dwconv_worker_sdiv_32ns_32ns_32_36_1_divider_u/dividend_tmp[0][31]_i_9/O
                         net (fo=1, routed)           0.416     4.967    fastvit_bd_i/worker_0/inst/gmem1_m_axi_U/load_unit_0/fifo_rreq/loop[31].dividend_tmp_reg[32][2]__0_4
    SLICE_X64Y98         LUT6 (Prop_lut6_I0_O)        0.124     5.091 r  fastvit_bd_i/worker_0/inst/gmem1_m_axi_U/load_unit_0/fifo_rreq/dividend_tmp[0][31]_i_3__0/O
                         net (fo=1, routed)           0.497     5.588    fastvit_bd_i/worker_0/inst/gmem1_m_axi_U/load_unit_0/fifo_rreq/dividend_tmp[0][31]_i_3__0_n_0
    SLICE_X66Y104        LUT6 (Prop_lut6_I0_O)        0.124     5.712 r  fastvit_bd_i/worker_0/inst/gmem1_m_axi_U/load_unit_0/fifo_rreq/dividend_tmp[0][31]_i_1__0/O
                         net (fo=4495, routed)        1.140     6.852    fastvit_bd_i/worker_0/inst/gmem1_m_axi_U/load_unit_0/fifo_rreq/grp_fu_1420_ce
    SLICE_X65Y117        LUT2 (Prop_lut2_I0_O)        0.124     6.976 r  fastvit_bd_i/worker_0/inst/gmem1_m_axi_U/load_unit_0/fifo_rreq/loop[0].remd_tmp[1][30]_i_1__0/O
                         net (fo=30, routed)          0.757     7.733    fastvit_bd_i/worker_0/inst/sdiv_32ns_32ns_32_36_1_U280/dwconv_worker_sdiv_32ns_32ns_32_36_1_divider_u/loop[0].remd_tmp_reg[1][30]_0
    SLICE_X56Y120        FDRE                                         r  fastvit_bd_i/worker_0/inst/sdiv_32ns_32ns_32_36_1_U280/dwconv_worker_sdiv_32ns_32ns_32_36_1_divider_u/loop[0].remd_tmp_reg[1][22]/R
  -------------------------------------------------------------------    -------------------

                         (clock clk_fpga_0 rise edge)
                                                      5.000     5.000 r  
    PS7_X0Y0             PS7                          0.000     5.000 r  fastvit_bd_i/ps7_0/inst/PS7_i/FCLKCLK[0]
                         net (fo=1, routed)           1.088     6.088    fastvit_bd_i/ps7_0/inst/FCLK_CLK_unbuffered[0]
    BUFGCTRL_X0Y16       BUFG (Prop_bufg_I_O)         0.091     6.179 r  fastvit_bd_i/ps7_0/inst/buffer_fclk_clk_0.FCLK_CLK_0_BUFG/O
                         net (fo=28248, routed)       1.700     7.879    fastvit_bd_i/worker_0/inst/sdiv_32ns_32ns_32_36_1_U280/dwconv_worker_sdiv_32ns_32ns_32_36_1_divider_u/ap_clk
    SLICE_X56Y120        FDRE                                         r  fastvit_bd_i/worker_0/inst/sdiv_32ns_32ns_32_36_1_U280/dwconv_worker_sdiv_32ns_32ns_32_36_1_divider_u/loop[0].remd_tmp_reg[1][22]/C
                         clock pessimism              0.129     8.008    
                         clock uncertainty           -0.083     7.925    
    SLICE_X56Y120        FDRE (Setup_fdre_C_R)       -0.429     7.496    fastvit_bd_i/worker_0/inst/sdiv_32ns_32ns_32_36_1_U280/dwconv_worker_sdiv_32ns_32ns_32_36_1_divider_u/loop[0].remd_tmp_reg[1][22]
  -------------------------------------------------------------------
                         required time                          7.496    
                         arrival time                          -7.733    
  -------------------------------------------------------------------
                         slack                                 -0.236    

Slack (VIOLATED) :        -0.236ns  (required time - arrival time)
  Source:                 fastvit_bd_i/worker_0/inst/ap_CS_fsm_reg[24]/C
                            (rising edge-triggered cell FDRE clocked by clk_fpga_0  {rise@0.000ns fall@2.500ns period=5.000ns})
  Destination:            fastvit_bd_i/worker_0/inst/sdiv_32ns_32ns_32_36_1_U280/dwconv_worker_sdiv_32ns_32ns_32_36_1_divider_u/loop[0].remd_tmp_reg[1][23]/R
                            (rising edge-triggered cell FDRE clocked by clk_fpga_0  {rise@0.000ns fall@2.500ns period=5.000ns})
  Path Group:             clk_fpga_0
  Path Type:              Setup (Max at Slow Process Corner)
  Requirement:            5.000ns  (clk_fpga_0 rise@5.000ns - clk_fpga_0 rise@0.000ns)
  Data Path Delay:        4.724ns  (logic 0.952ns (20.154%)  route 3.772ns (79.846%))
  Logic Levels:           4  (LUT2=1 LUT6=3)
  Clock Path Skew:        -0.001ns (DCD - SCD + CPR)
    Destination Clock Delay (DCD):    2.879ns = ( 7.879 - 5.000 ) 
    Source Clock Delay      (SCD):    3.009ns
    Clock Pessimism Removal (CPR):    0.129ns
  Clock Uncertainty:      0.083ns  ((TSJ^2 + TIJ^2)^1/2 + DJ) / 2 + PE
    Total System Jitter     (TSJ):    0.071ns
    Total Input Jitter      (TIJ):    0.150ns
    Discrete Jitter          (DJ):    0.000ns
    Phase Error              (PE):    0.000ns

    Location             Delay type                Incr(ns)  Path(ns)    Netlist Resource(s)
  -------------------------------------------------------------------    -------------------
                         (clock clk_fpga_0 rise edge)
                                                      0.000     0.000 r  
    PS7_X0Y0             PS7                          0.000     0.000 r  fastvit_bd_i/ps7_0/inst/PS7_i/FCLKCLK[0]
                         net (fo=1, routed)           1.193     1.193    fastvit_bd_i/ps7_0/inst/FCLK_CLK_unbuffered[0]
    BUFGCTRL_X0Y16       BUFG (Prop_bufg_I_O)         0.101     1.294 r  fastvit_bd_i/ps7_0/inst/buffer_fclk_clk_0.FCLK_CLK_0_BUFG/O
                         net (fo=28248, routed)       1.715     3.009    fastvit_bd_i/worker_0/inst/ap_clk
    SLICE_X65Y95         FDRE                                         r  fastvit_bd_i/worker_0/inst/ap_CS_fsm_reg[24]/C
  -------------------------------------------------------------------    -------------------
    SLICE_X65Y95         FDRE (Prop_fdre_C_Q)         0.456     3.465 r  fastvit_bd_i/worker_0/inst/ap_CS_fsm_reg[24]/Q
                         net (fo=3, routed)           0.961     4.426    fastvit_bd_i/worker_0/inst/sdiv_32ns_32ns_32_36_1_U280/dwconv_worker_sdiv_32ns_32ns_32_36_1_divider_u/loop[31].dividend_tmp_reg[32][2]__0_0[20]
    SLICE_X65Y97         LUT6 (Prop_lut6_I2_O)        0.124     4.550 r  fastvit_bd_i/worker_0/inst/sdiv_32ns_32ns_32_36_1_U280/dwconv_worker_sdiv_32ns_32ns_32_36_1_divider_u/dividend_tmp[0][31]_i_9/O
                         net (fo=1, routed)           0.416     4.967    fastvit_bd_i/worker_0/inst/gmem1_m_axi_U/load_unit_0/fifo_rreq/loop[31].dividend_tmp_reg[32][2]__0_4
    SLICE_X64Y98         LUT6 (Prop_lut6_I0_O)        0.124     5.091 r  fastvit_bd_i/worker_0/inst/gmem1_m_axi_U/load_unit_0/fifo_rreq/dividend_tmp[0][31]_i_3__0/O
                         net (fo=1, routed)           0.497     5.588    fastvit_bd_i/worker_0/inst/gmem1_m_axi_U/load_unit_0/fifo_rreq/dividend_tmp[0][31]_i_3__0_n_0
    SLICE_X66Y104        LUT6 (Prop_lut6_I0_O)        0.124     5.712 r  fastvit_bd_i/worker_0/inst/gmem1_m_axi_U/load_unit_0/fifo_rreq/dividend_tmp[0][31]_i_1__0/O
                         net (fo=4495, routed)        1.140     6.852    fastvit_bd_i/worker_0/inst/gmem1_m_axi_U/load_unit_0/fifo_rreq/grp_fu_1420_ce
    SLICE_X65Y117        LUT2 (Prop_lut2_I0_O)        0.124     6.976 r  fastvit_bd_i/worker_0/inst/gmem1_m_axi_U/load_unit_0/fifo_rreq/loop[0].remd_tmp[1][30]_i_1__0/O
                         net (fo=30, routed)          0.757     7.733    fastvit_bd_i/worker_0/inst/sdiv_32ns_32ns_32_36_1_U280/dwconv_worker_sdiv_32ns_32ns_32_36_1_divider_u/loop[0].remd_tmp_reg[1][30]_0
    SLICE_X56Y120        FDRE                                         r  fastvit_bd_i/worker_0/inst/sdiv_32ns_32ns_32_36_1_U280/dwconv_worker_sdiv_32ns_32ns_32_36_1_divider_u/loop[0].remd_tmp_reg[1][23]/R
  -------------------------------------------------------------------    -------------------

                         (clock clk_fpga_0 rise edge)
                                                      5.000     5.000 r  
    PS7_X0Y0             PS7                          0.000     5.000 r  fastvit_bd_i/ps7_0/inst/PS7_i/FCLKCLK[0]
                         net (fo=1, routed)           1.088     6.088    fastvit_bd_i/ps7_0/inst/FCLK_CLK_unbuffered[0]
    BUFGCTRL_X0Y16       BUFG (Prop_bufg_I_O)         0.091     6.179 r  fastvit_bd_i/ps7_0/inst/buffer_fclk_clk_0.FCLK_CLK_0_BUFG/O
                         net (fo=28248, routed)       1.700     7.879    fastvit_bd_i/worker_0/inst/sdiv_32ns_32ns_32_36_1_U280/dwconv_worker_sdiv_32ns_32ns_32_36_1_divider_u/ap_clk
    SLICE_X56Y120        FDRE                                         r  fastvit_bd_i/worker_0/inst/sdiv_32ns_32ns_32_36_1_U280/dwconv_worker_sdiv_32ns_32ns_32_36_1_divider_u/loop[0].remd_tmp_reg[1][23]/C
                         clock pessimism              0.129     8.008    
                         clock uncertainty           -0.083     7.925    
    SLICE_X56Y120        FDRE (Setup_fdre_C_R)       -0.429     7.496    fastvit_bd_i/worker_0/inst/sdiv_32ns_32ns_32_36_1_U280/dwconv_worker_sdiv_32ns_32ns_32_36_1_divider_u/loop[0].remd_tmp_reg[1][23]
  -------------------------------------------------------------------
                         required time                          7.496    
                         arrival time                          -7.733    
  -------------------------------------------------------------------
                         slack                                 -0.236    

Slack (VIOLATED) :        -0.220ns  (required time - arrival time)
  Source:                 fastvit_bd_i/worker_0/inst/ap_CS_fsm_reg[24]/C
                            (rising edge-triggered cell FDRE clocked by clk_fpga_0  {rise@0.000ns fall@2.500ns period=5.000ns})
  Destination:            fastvit_bd_i/worker_0/inst/sdiv_32ns_32ns_32_36_1_U280/dwconv_worker_sdiv_32ns_32ns_32_36_1_divider_u/loop[0].remd_tmp_reg[1][28]/R
                            (rising edge-triggered cell FDRE clocked by clk_fpga_0  {rise@0.000ns fall@2.500ns period=5.000ns})
  Path Group:             clk_fpga_0
  Path Type:              Setup (Max at Slow Process Corner)
  Requirement:            5.000ns  (clk_fpga_0 rise@5.000ns - clk_fpga_0 rise@0.000ns)
  Data Path Delay:        4.705ns  (logic 0.952ns (20.235%)  route 3.753ns (79.765%))
  Logic Levels:           4  (LUT2=1 LUT6=3)
  Clock Path Skew:        -0.004ns (DCD - SCD + CPR)
    Destination Clock Delay (DCD):    2.876ns = ( 7.876 - 5.000 ) 
    Source Clock Delay      (SCD):    3.009ns
    Clock Pessimism Removal (CPR):    0.129ns
  Clock Uncertainty:      0.083ns  ((TSJ^2 + TIJ^2)^1/2 + DJ) / 2 + PE
    Total System Jitter     (TSJ):    0.071ns
    Total Input Jitter      (TIJ):    0.150ns
    Discrete Jitter          (DJ):    0.000ns
    Phase Error              (PE):    0.000ns

    Location             Delay type                Incr(ns)  Path(ns)    Netlist Resource(s)
  -------------------------------------------------------------------    -------------------
                         (clock clk_fpga_0 rise edge)
                                                      0.000     0.000 r  
    PS7_X0Y0             PS7                          0.000     0.000 r  fastvit_bd_i/ps7_0/inst/PS7_i/FCLKCLK[0]
                         net (fo=1, routed)           1.193     1.193    fastvit_bd_i/ps7_0/inst/FCLK_CLK_unbuffered[0]
    BUFGCTRL_X0Y16       BUFG (Prop_bufg_I_O)         0.101     1.294 r  fastvit_bd_i/ps7_0/inst/buffer_fclk_clk_0.FCLK_CLK_0_BUFG/O
                         net (fo=28248, routed)       1.715     3.009    fastvit_bd_i/worker_0/inst/ap_clk
    SLICE_X65Y95         FDRE                                         r  fastvit_bd_i/worker_0/inst/ap_CS_fsm_reg[24]/C
  -------------------------------------------------------------------    -------------------
    SLICE_X65Y95         FDRE (Prop_fdre_C_Q)         0.456     3.465 r  fastvit_bd_i/worker_0/inst/ap_CS_fsm_reg[24]/Q
                         net (fo=3, routed)           0.961     4.426    fastvit_bd_i/worker_0/inst/sdiv_32ns_32ns_32_36_1_U280/dwconv_worker_sdiv_32ns_32ns_32_36_1_divider_u/loop[31].dividend_tmp_reg[32][2]__0_0[20]
    SLICE_X65Y97         LUT6 (Prop_lut6_I2_O)        0.124     4.550 r  fastvit_bd_i/worker_0/inst/sdiv_32ns_32ns_32_36_1_U280/dwconv_worker_sdiv_32ns_32ns_32_36_1_divider_u/dividend_tmp[0][31]_i_9/O
                         net (fo=1, routed)           0.416     4.967    fastvit_bd_i/worker_0/inst/gmem1_m_axi_U/load_unit_0/fifo_rreq/loop[31].dividend_tmp_reg[32][2]__0_4
    SLICE_X64Y98         LUT6 (Prop_lut6_I0_O)        0.124     5.091 r  fastvit_bd_i/worker_0/inst/gmem1_m_axi_U/load_unit_0/fifo_rreq/dividend_tmp[0][31]_i_3__0/O
                         net (fo=1, routed)           0.497     5.588    fastvit_bd_i/worker_0/inst/gmem1_m_axi_U/load_unit_0/fifo_rreq/dividend_tmp[0][31]_i_3__0_n_0
    SLICE_X66Y104        LUT6 (Prop_lut6_I0_O)        0.124     5.712 r  fastvit_bd_i/worker_0/inst/gmem1_m_axi_U/load_unit_0/fifo_rreq/dividend_tmp[0][31]_i_1__0/O
                         net (fo=4495, routed)        1.140     6.852    fastvit_bd_i/worker_0/inst/gmem1_m_axi_U/load_unit_0/fifo_rreq/grp_fu_1420_ce
    SLICE_X65Y117        LUT2 (Prop_lut2_I0_O)        0.124     6.976 r  fastvit_bd_i/worker_0/inst/gmem1_m_axi_U/load_unit_0/fifo_rreq/loop[0].remd_tmp[1][30]_i_1__0/O
                         net (fo=30, routed)          0.738     7.714    fastvit_bd_i/worker_0/inst/sdiv_32ns_32ns_32_36_1_U280/dwconv_worker_sdiv_32ns_32ns_32_36_1_divider_u/loop[0].remd_tmp_reg[1][30]_0
    SLICE_X56Y122        FDRE                                         r  fastvit_bd_i/worker_0/inst/sdiv_32ns_32ns_32_36_1_U280/dwconv_worker_sdiv_32ns_32ns_32_36_1_divider_u/loop[0].remd_tmp_reg[1][28]/R
  -------------------------------------------------------------------    -------------------

                         (clock clk_fpga_0 rise edge)
                                                      5.000     5.000 r  
    PS7_X0Y0             PS7                          0.000     5.000 r  fastvit_bd_i/ps7_0/inst/PS7_i/FCLKCLK[0]
                         net (fo=1, routed)           1.088     6.088    fastvit_bd_i/ps7_0/inst/FCLK_CLK_unbuffered[0]
    BUFGCTRL_X0Y16       BUFG (Prop_bufg_I_O)         0.091     6.179 r  fastvit_bd_i/ps7_0/inst/buffer_fclk_clk_0.FCLK_CLK_0_BUFG/O
                         net (fo=28248, routed)       1.697     7.876    fastvit_bd_i/worker_0/inst/sdiv_32ns_32ns_32_36_1_U280/dwconv_worker_sdiv_32ns_32ns_32_36_1_divider_u/ap_clk
    SLICE_X56Y122        FDRE                                         r  fastvit_bd_i/worker_0/inst/sdiv_32ns_32ns_32_36_1_U280/dwconv_worker_sdiv_32ns_32ns_32_36_1_divider_u/loop[0].remd_tmp_reg[1][28]/C
                         clock pessimism              0.129     8.005    
                         clock uncertainty           -0.083     7.922    
    SLICE_X56Y122        FDRE (Setup_fdre_C_R)       -0.429     7.493    fastvit_bd_i/worker_0/inst/sdiv_32ns_32ns_32_36_1_U280/dwconv_worker_sdiv_32ns_32ns_32_36_1_divider_u/loop[0].remd_tmp_reg[1][28]
  -------------------------------------------------------------------
                         required time                          7.493    
                         arrival time                          -7.714    
  -------------------------------------------------------------------
                         slack                                 -0.220    

Slack (VIOLATED) :        -0.220ns  (required time - arrival time)
  Source:                 fastvit_bd_i/worker_0/inst/ap_CS_fsm_reg[24]/C
                            (rising edge-triggered cell FDRE clocked by clk_fpga_0  {rise@0.000ns fall@2.500ns period=5.000ns})
  Destination:            fastvit_bd_i/worker_0/inst/sdiv_32ns_32ns_32_36_1_U280/dwconv_worker_sdiv_32ns_32ns_32_36_1_divider_u/loop[0].remd_tmp_reg[1][29]/R
                            (rising edge-triggered cell FDRE clocked by clk_fpga_0  {rise@0.000ns fall@2.500ns period=5.000ns})
  Path Group:             clk_fpga_0
  Path Type:              Setup (Max at Slow Process Corner)
  Requirement:            5.000ns  (clk_fpga_0 rise@5.000ns - clk_fpga_0 rise@0.000ns)
  Data Path Delay:        4.705ns  (logic 0.952ns (20.235%)  route 3.753ns (79.765%))
  Logic Levels:           4  (LUT2=1 LUT6=3)
  Clock Path Skew:        -0.004ns (DCD - SCD + CPR)
    Destination Clock Delay (DCD):    2.876ns = ( 7.876 - 5.000 ) 
    Source Clock Delay      (SCD):    3.009ns
    Clock Pessimism Removal (CPR):    0.129ns
  Clock Uncertainty:      0.083ns  ((TSJ^2 + TIJ^2)^1/2 + DJ) / 2 + PE
    Total System Jitter     (TSJ):    0.071ns
    Total Input Jitter      (TIJ):    0.150ns
    Discrete Jitter          (DJ):    0.000ns
    Phase Error              (PE):    0.000ns

    Location             Delay type                Incr(ns)  Path(ns)    Netlist Resource(s)
  -------------------------------------------------------------------    -------------------
                         (clock clk_fpga_0 rise edge)
                                                      0.000     0.000 r  
    PS7_X0Y0             PS7                          0.000     0.000 r  fastvit_bd_i/ps7_0/inst/PS7_i/FCLKCLK[0]
                         net (fo=1, routed)           1.193     1.193    fastvit_bd_i/ps7_0/inst/FCLK_CLK_unbuffered[0]
    BUFGCTRL_X0Y16       BUFG (Prop_bufg_I_O)         0.101     1.294 r  fastvit_bd_i/ps7_0/inst/buffer_fclk_clk_0.FCLK_CLK_0_BUFG/O
                         net (fo=28248, routed)       1.715     3.009    fastvit_bd_i/worker_0/inst/ap_clk
    SLICE_X65Y95         FDRE                                         r  fastvit_bd_i/worker_0/inst/ap_CS_fsm_reg[24]/C
  -------------------------------------------------------------------    -------------------
    SLICE_X65Y95         FDRE (Prop_fdre_C_Q)         0.456     3.465 r  fastvit_bd_i/worker_0/inst/ap_CS_fsm_reg[24]/Q
                         net (fo=3, routed)           0.961     4.426    fastvit_bd_i/worker_0/inst/sdiv_32ns_32ns_32_36_1_U280/dwconv_worker_sdiv_32ns_32ns_32_36_1_divider_u/loop[31].dividend_tmp_reg[32][2]__0_0[20]
    SLICE_X65Y97         LUT6 (Prop_lut6_I2_O)        0.124     4.550 r  fastvit_bd_i/worker_0/inst/sdiv_32ns_32ns_32_36_1_U280/dwconv_worker_sdiv_32ns_32ns_32_36_1_divider_u/dividend_tmp[0][31]_i_9/O
                         net (fo=1, routed)           0.416     4.967    fastvit_bd_i/worker_0/inst/gmem1_m_axi_U/load_unit_0/fifo_rreq/loop[31].dividend_tmp_reg[32][2]__0_4
    SLICE_X64Y98         LUT6 (Prop_lut6_I0_O)        0.124     5.091 r  fastvit_bd_i/worker_0/inst/gmem1_m_axi_U/load_unit_0/fifo_rreq/dividend_tmp[0][31]_i_3__0/O
                         net (fo=1, routed)           0.497     5.588    fastvit_bd_i/worker_0/inst/gmem1_m_axi_U/load_unit_0/fifo_rreq/dividend_tmp[0][31]_i_3__0_n_0
    SLICE_X66Y104        LUT6 (Prop_lut6_I0_O)        0.124     5.712 r  fastvit_bd_i/worker_0/inst/gmem1_m_axi_U/load_unit_0/fifo_rreq/dividend_tmp[0][31]_i_1__0/O
                         net (fo=4495, routed)        1.140     6.852    fastvit_bd_i/worker_0/inst/gmem1_m_axi_U/load_unit_0/fifo_rreq/grp_fu_1420_ce
    SLICE_X65Y117        LUT2 (Prop_lut2_I0_O)        0.124     6.976 r  fastvit_bd_i/worker_0/inst/gmem1_m_axi_U/load_unit_0/fifo_rreq/loop[0].remd_tmp[1][30]_i_1__0/O
                         net (fo=30, routed)          0.738     7.714    fastvit_bd_i/worker_0/inst/sdiv_32ns_32ns_32_36_1_U280/dwconv_worker_sdiv_32ns_32ns_32_36_1_divider_u/loop[0].remd_tmp_reg[1][30]_0
    SLICE_X56Y122        FDRE                                         r  fastvit_bd_i/worker_0/inst/sdiv_32ns_32ns_32_36_1_U280/dwconv_worker_sdiv_32ns_32ns_32_36_1_divider_u/loop[0].remd_tmp_reg[1][29]/R
  -------------------------------------------------------------------    -------------------

                         (clock clk_fpga_0 rise edge)
                                                      5.000     5.000 r  
    PS7_X0Y0             PS7                          0.000     5.000 r  fastvit_bd_i/ps7_0/inst/PS7_i/FCLKCLK[0]
                         net (fo=1, routed)           1.088     6.088    fastvit_bd_i/ps7_0/inst/FCLK_CLK_unbuffered[0]
    BUFGCTRL_X0Y16       BUFG (Prop_bufg_I_O)         0.091     6.179 r  fastvit_bd_i/ps7_0/inst/buffer_fclk_clk_0.FCLK_CLK_0_BUFG/O
                         net (fo=28248, routed)       1.697     7.876    fastvit_bd_i/worker_0/inst/sdiv_32ns_32ns_32_36_1_U280/dwconv_worker_sdiv_32ns_32ns_32_36_1_divider_u/ap_clk
    SLICE_X56Y122        FDRE                                         r  fastvit_bd_i/worker_0/inst/sdiv_32ns_32ns_32_36_1_U280/dwconv_worker_sdiv_32ns_32ns_32_36_1_divider_u/loop[0].remd_tmp_reg[1][29]/C
                         clock pessimism              0.129     8.005    
                         clock uncertainty           -0.083     7.922    
    SLICE_X56Y122        FDRE (Setup_fdre_C_R)       -0.429     7.493    fastvit_bd_i/worker_0/inst/sdiv_32ns_32ns_32_36_1_U280/dwconv_worker_sdiv_32ns_32ns_32_36_1_divider_u/loop[0].remd_tmp_reg[1][29]
  -------------------------------------------------------------------
                         required time                          7.493    
                         arrival time                          -7.714    
  -------------------------------------------------------------------
                         slack                                 -0.220    

Slack (VIOLATED) :        -0.220ns  (required time - arrival time)
  Source:                 fastvit_bd_i/worker_0/inst/ap_CS_fsm_reg[24]/C
                            (rising edge-triggered cell FDRE clocked by clk_fpga_0  {rise@0.000ns fall@2.500ns period=5.000ns})
  Destination:            fastvit_bd_i/worker_0/inst/sdiv_32ns_32ns_32_36_1_U280/dwconv_worker_sdiv_32ns_32ns_32_36_1_divider_u/loop[0].remd_tmp_reg[1][30]/R
                            (rising edge-triggered cell FDRE clocked by clk_fpga_0  {rise@0.000ns fall@2.500ns period=5.000ns})
  Path Group:             clk_fpga_0
  Path Type:              Setup (Max at Slow Process Corner)
  Requirement:            5.000ns  (clk_fpga_0 rise@5.000ns - clk_fpga_0 rise@0.000ns)
  Data Path Delay:        4.705ns  (logic 0.952ns (20.235%)  route 3.753ns (79.765%))
  Logic Levels:           4  (LUT2=1 LUT6=3)
  Clock Path Skew:        -0.004ns (DCD - SCD + CPR)
    Destination Clock Delay (DCD):    2.876ns = ( 7.876 - 5.000 ) 
    Source Clock Delay      (SCD):    3.009ns
    Clock Pessimism Removal (CPR):    0.129ns
  Clock Uncertainty:      0.083ns  ((TSJ^2 + TIJ^2)^1/2 + DJ) / 2 + PE
    Total System Jitter     (TSJ):    0.071ns
    Total Input Jitter      (TIJ):    0.150ns
    Discrete Jitter          (DJ):    0.000ns
    Phase Error              (PE):    0.000ns

    Location             Delay type                Incr(ns)  Path(ns)    Netlist Resource(s)
  -------------------------------------------------------------------    -------------------
                         (clock clk_fpga_0 rise edge)
                                                      0.000     0.000 r  
    PS7_X0Y0             PS7                          0.000     0.000 r  fastvit_bd_i/ps7_0/inst/PS7_i/FCLKCLK[0]
                         net (fo=1, routed)           1.193     1.193    fastvit_bd_i/ps7_0/inst/FCLK_CLK_unbuffered[0]
    BUFGCTRL_X0Y16       BUFG (Prop_bufg_I_O)         0.101     1.294 r  fastvit_bd_i/ps7_0/inst/buffer_fclk_clk_0.FCLK_CLK_0_BUFG/O
                         net (fo=28248, routed)       1.715     3.009    fastvit_bd_i/worker_0/inst/ap_clk
    SLICE_X65Y95         FDRE                                         r  fastvit_bd_i/worker_0/inst/ap_CS_fsm_reg[24]/C
  -------------------------------------------------------------------    -------------------
    SLICE_X65Y95         FDRE (Prop_fdre_C_Q)         0.456     3.465 r  fastvit_bd_i/worker_0/inst/ap_CS_fsm_reg[24]/Q
                         net (fo=3, routed)           0.961     4.426    fastvit_bd_i/worker_0/inst/sdiv_32ns_32ns_32_36_1_U280/dwconv_worker_sdiv_32ns_32ns_32_36_1_divider_u/loop[31].dividend_tmp_reg[32][2]__0_0[20]
    SLICE_X65Y97         LUT6 (Prop_lut6_I2_O)        0.124     4.550 r  fastvit_bd_i/worker_0/inst/sdiv_32ns_32ns_32_36_1_U280/dwconv_worker_sdiv_32ns_32ns_32_36_1_divider_u/dividend_tmp[0][31]_i_9/O
                         net (fo=1, routed)           0.416     4.967    fastvit_bd_i/worker_0/inst/gmem1_m_axi_U/load_unit_0/fifo_rreq/loop[31].dividend_tmp_reg[32][2]__0_4
    SLICE_X64Y98         LUT6 (Prop_lut6_I0_O)        0.124     5.091 r  fastvit_bd_i/worker_0/inst/gmem1_m_axi_U/load_unit_0/fifo_rreq/dividend_tmp[0][31]_i_3__0/O
                         net (fo=1, routed)           0.497     5.588    fastvit_bd_i/worker_0/inst/gmem1_m_axi_U/load_unit_0/fifo_rreq/dividend_tmp[0][31]_i_3__0_n_0
    SLICE_X66Y104        LUT6 (Prop_lut6_I0_O)        0.124     5.712 r  fastvit_bd_i/worker_0/inst/gmem1_m_axi_U/load_unit_0/fifo_rreq/dividend_tmp[0][31]_i_1__0/O
                         net (fo=4495, routed)        1.140     6.852    fastvit_bd_i/worker_0/inst/gmem1_m_axi_U/load_unit_0/fifo_rreq/grp_fu_1420_ce
    SLICE_X65Y117        LUT2 (Prop_lut2_I0_O)        0.124     6.976 r  fastvit_bd_i/worker_0/inst/gmem1_m_axi_U/load_unit_0/fifo_rreq/loop[0].remd_tmp[1][30]_i_1__0/O
                         net (fo=30, routed)          0.738     7.714    fastvit_bd_i/worker_0/inst/sdiv_32ns_32ns_32_36_1_U280/dwconv_worker_sdiv_32ns_32ns_32_36_1_divider_u/loop[0].remd_tmp_reg[1][30]_0
    SLICE_X56Y122        FDRE                                         r  fastvit_bd_i/worker_0/inst/sdiv_32ns_32ns_32_36_1_U280/dwconv_worker_sdiv_32ns_32ns_32_36_1_divider_u/loop[0].remd_tmp_reg[1][30]/R
  -------------------------------------------------------------------    -------------------

                         (clock clk_fpga_0 rise edge)
                                                      5.000     5.000 r  
    PS7_X0Y0             PS7                          0.000     5.000 r  fastvit_bd_i/ps7_0/inst/PS7_i/FCLKCLK[0]
                         net (fo=1, routed)           1.088     6.088    fastvit_bd_i/ps7_0/inst/FCLK_CLK_unbuffered[0]
    BUFGCTRL_X0Y16       BUFG (Prop_bufg_I_O)         0.091     6.179 r  fastvit_bd_i/ps7_0/inst/buffer_fclk_clk_0.FCLK_CLK_0_BUFG/O
                         net (fo=28248, routed)       1.697     7.876    fastvit_bd_i/worker_0/inst/sdiv_32ns_32ns_32_36_1_U280/dwconv_worker_sdiv_32ns_32ns_32_36_1_divider_u/ap_clk
    SLICE_X56Y122        FDRE                                         r  fastvit_bd_i/worker_0/inst/sdiv_32ns_32ns_32_36_1_U280/dwconv_worker_sdiv_32ns_32ns_32_36_1_divider_u/loop[0].remd_tmp_reg[1][30]/C
                         clock pessimism              0.129     8.005    
                         clock uncertainty           -0.083     7.922    
    SLICE_X56Y122        FDRE (Setup_fdre_C_R)       -0.429     7.493    fastvit_bd_i/worker_0/inst/sdiv_32ns_32ns_32_36_1_U280/dwconv_worker_sdiv_32ns_32ns_32_36_1_divider_u/loop[0].remd_tmp_reg[1][30]
  -------------------------------------------------------------------
                         required time                          7.493    
                         arrival time                          -7.714    
  -------------------------------------------------------------------
                         slack                                 -0.220    

Slack (VIOLATED) :        -0.184ns  (required time - arrival time)
  Source:                 fastvit_bd_i/worker_0/inst/ap_CS_fsm_reg[24]/C
                            (rising edge-triggered cell FDRE clocked by clk_fpga_0  {rise@0.000ns fall@2.500ns period=5.000ns})
  Destination:            fastvit_bd_i/worker_0/inst/sdiv_32ns_32ns_32_36_1_U280/dwconv_worker_sdiv_32ns_32ns_32_36_1_divider_u/loop[0].remd_tmp_reg[1][4]/R
                            (rising edge-triggered cell FDRE clocked by clk_fpga_0  {rise@0.000ns fall@2.500ns period=5.000ns})
  Path Group:             clk_fpga_0
  Path Type:              Setup (Max at Slow Process Corner)
  Requirement:            5.000ns  (clk_fpga_0 rise@5.000ns - clk_fpga_0 rise@0.000ns)
  Data Path Delay:        4.675ns  (logic 0.952ns (20.363%)  route 3.723ns (79.637%))
  Logic Levels:           4  (LUT2=1 LUT6=3)
  Clock Path Skew:        0.003ns (DCD - SCD + CPR)
    Destination Clock Delay (DCD):    2.883ns = ( 7.883 - 5.000 ) 
    Source Clock Delay      (SCD):    3.009ns
    Clock Pessimism Removal (CPR):    0.129ns
  Clock Uncertainty:      0.083ns  ((TSJ^2 + TIJ^2)^1/2 + DJ) / 2 + PE
    Total System Jitter     (TSJ):    0.071ns
    Total Input Jitter      (TIJ):    0.150ns
    Discrete Jitter          (DJ):    0.000ns
    Phase Error              (PE):    0.000ns

    Location             Delay type                Incr(ns)  Path(ns)    Netlist Resource(s)
  -------------------------------------------------------------------    -------------------
                         (clock clk_fpga_0 rise edge)
                                                      0.000     0.000 r  
    PS7_X0Y0             PS7                          0.000     0.000 r  fastvit_bd_i/ps7_0/inst/PS7_i/FCLKCLK[0]
                         net (fo=1, routed)           1.193     1.193    fastvit_bd_i/ps7_0/inst/FCLK_CLK_unbuffered[0]
    BUFGCTRL_X0Y16       BUFG (Prop_bufg_I_O)         0.101     1.294 r  fastvit_bd_i/ps7_0/inst/buffer_fclk_clk_0.FCLK_CLK_0_BUFG/O
                         net (fo=28248, routed)       1.715     3.009    fastvit_bd_i/worker_0/inst/ap_clk
    SLICE_X65Y95         FDRE                                         r  fastvit_bd_i/worker_0/inst/ap_CS_fsm_reg[24]/C
  -------------------------------------------------------------------    -------------------
    SLICE_X65Y95         FDRE (Prop_fdre_C_Q)         0.456     3.465 r  fastvit_bd_i/worker_0/inst/ap_CS_fsm_reg[24]/Q
                         net (fo=3, routed)           0.961     4.426    fastvit_bd_i/worker_0/inst/sdiv_32ns_32ns_32_36_1_U280/dwconv_worker_sdiv_32ns_32ns_32_36_1_divider_u/loop[31].dividend_tmp_reg[32][2]__0_0[20]
    SLICE_X65Y97         LUT6 (Prop_lut6_I2_O)        0.124     4.550 r  fastvit_bd_i/worker_0/inst/sdiv_32ns_32ns_32_36_1_U280/dwconv_worker_sdiv_32ns_32ns_32_36_1_divider_u/dividend_tmp[0][31]_i_9/O
                         net (fo=1, routed)           0.416     4.967    fastvit_bd_i/worker_0/inst/gmem1_m_axi_U/load_unit_0/fifo_rreq/loop[31].dividend_tmp_reg[32][2]__0_4
    SLICE_X64Y98         LUT6 (Prop_lut6_I0_O)        0.124     5.091 r  fastvit_bd_i/worker_0/inst/gmem1_m_axi_U/load_unit_0/fifo_rreq/dividend_tmp[0][31]_i_3__0/O
                         net (fo=1, routed)           0.497     5.588    fastvit_bd_i/worker_0/inst/gmem1_m_axi_U/load_unit_0/fifo_rreq/dividend_tmp[0][31]_i_3__0_n_0
    SLICE_X66Y104        LUT6 (Prop_lut6_I0_O)        0.124     5.712 r  fastvit_bd_i/worker_0/inst/gmem1_m_axi_U/load_unit_0/fifo_rreq/dividend_tmp[0][31]_i_1__0/O
                         net (fo=4495, routed)        1.140     6.852    fastvit_bd_i/worker_0/inst/gmem1_m_axi_U/load_unit_0/fifo_rreq/grp_fu_1420_ce
    SLICE_X65Y117        LUT2 (Prop_lut2_I0_O)        0.124     6.976 r  fastvit_bd_i/worker_0/inst/gmem1_m_axi_U/load_unit_0/fifo_rreq/loop[0].remd_tmp[1][30]_i_1__0/O
                         net (fo=30, routed)          0.708     7.684    fastvit_bd_i/worker_0/inst/sdiv_32ns_32ns_32_36_1_U280/dwconv_worker_sdiv_32ns_32ns_32_36_1_divider_u/loop[0].remd_tmp_reg[1][30]_0
    SLICE_X56Y116        FDRE                                         r  fastvit_bd_i/worker_0/inst/sdiv_32ns_32ns_32_36_1_U280/dwconv_worker_sdiv_32ns_32ns_32_36_1_divider_u/loop[0].remd_tmp_reg[1][4]/R
  -------------------------------------------------------------------    -------------------

                         (clock clk_fpga_0 rise edge)
                                                      5.000     5.000 r  
    PS7_X0Y0             PS7                          0.000     5.000 r  fastvit_bd_i/ps7_0/inst/PS7_i/FCLKCLK[0]
                         net (fo=1, routed)           1.088     6.088    fastvit_bd_i/ps7_0/inst/FCLK_CLK_unbuffered[0]
    BUFGCTRL_X0Y16       BUFG (Prop_bufg_I_O)         0.091     6.179 r  fastvit_bd_i/ps7_0/inst/buffer_fclk_clk_0.FCLK_CLK_0_BUFG/O
                         net (fo=28248, routed)       1.704     7.883    fastvit_bd_i/worker_0/inst/sdiv_32ns_32ns_32_36_1_U280/dwconv_worker_sdiv_32ns_32ns_32_36_1_divider_u/ap_clk
    SLICE_X56Y116        FDRE                                         r  fastvit_bd_i/worker_0/inst/sdiv_32ns_32ns_32_36_1_U280/dwconv_worker_sdiv_32ns_32ns_32_36_1_divider_u/loop[0].remd_tmp_reg[1][4]/C
                         clock pessimism              0.129     8.012    
                         clock uncertainty           -0.083     7.929    
    SLICE_X56Y116        FDRE (Setup_fdre_C_R)       -0.429     7.500    fastvit_bd_i/worker_0/inst/sdiv_32ns_32ns_32_36_1_U280/dwconv_worker_sdiv_32ns_32ns_32_36_1_divider_u/loop[0].remd_tmp_reg[1][4]
  -------------------------------------------------------------------
                         required time                          7.500    
                         arrival time                          -7.684    
  -------------------------------------------------------------------
                         slack                                 -0.184    

Slack (VIOLATED) :        -0.184ns  (required time - arrival time)
  Source:                 fastvit_bd_i/worker_0/inst/ap_CS_fsm_reg[24]/C
                            (rising edge-triggered cell FDRE clocked by clk_fpga_0  {rise@0.000ns fall@2.500ns period=5.000ns})
  Destination:            fastvit_bd_i/worker_0/inst/sdiv_32ns_32ns_32_36_1_U280/dwconv_worker_sdiv_32ns_32ns_32_36_1_divider_u/loop[0].remd_tmp_reg[1][5]/R
                            (rising edge-triggered cell FDRE clocked by clk_fpga_0  {rise@0.000ns fall@2.500ns period=5.000ns})
  Path Group:             clk_fpga_0
  Path Type:              Setup (Max at Slow Process Corner)
  Requirement:            5.000ns  (clk_fpga_0 rise@5.000ns - clk_fpga_0 rise@0.000ns)
  Data Path Delay:        4.675ns  (logic 0.952ns (20.363%)  route 3.723ns (79.637%))
  Logic Levels:           4  (LUT2=1 LUT6=3)
  Clock Path Skew:        0.003ns (DCD - SCD + CPR)
    Destination Clock Delay (DCD):    2.883ns = ( 7.883 - 5.000 ) 
    Source Clock Delay      (SCD):    3.009ns
    Clock Pessimism Removal (CPR):    0.129ns
  Clock Uncertainty:      0.083ns  ((TSJ^2 + TIJ^2)^1/2 + DJ) / 2 + PE
    Total System Jitter     (TSJ):    0.071ns
    Total Input Jitter      (TIJ):    0.150ns
    Discrete Jitter          (DJ):    0.000ns
    Phase Error              (PE):    0.000ns

    Location             Delay type                Incr(ns)  Path(ns)    Netlist Resource(s)
  -------------------------------------------------------------------    -------------------
                         (clock clk_fpga_0 rise edge)
                                                      0.000     0.000 r  
    PS7_X0Y0             PS7                          0.000     0.000 r  fastvit_bd_i/ps7_0/inst/PS7_i/FCLKCLK[0]
                         net (fo=1, routed)           1.193     1.193    fastvit_bd_i/ps7_0/inst/FCLK_CLK_unbuffered[0]
    BUFGCTRL_X0Y16       BUFG (Prop_bufg_I_O)         0.101     1.294 r  fastvit_bd_i/ps7_0/inst/buffer_fclk_clk_0.FCLK_CLK_0_BUFG/O
                         net (fo=28248, routed)       1.715     3.009    fastvit_bd_i/worker_0/inst/ap_clk
    SLICE_X65Y95         FDRE                                         r  fastvit_bd_i/worker_0/inst/ap_CS_fsm_reg[24]/C
  -------------------------------------------------------------------    -------------------
    SLICE_X65Y95         FDRE (Prop_fdre_C_Q)         0.456     3.465 r  fastvit_bd_i/worker_0/inst/ap_CS_fsm_reg[24]/Q
                         net (fo=3, routed)           0.961     4.426    fastvit_bd_i/worker_0/inst/sdiv_32ns_32ns_32_36_1_U280/dwconv_worker_sdiv_32ns_32ns_32_36_1_divider_u/loop[31].dividend_tmp_reg[32][2]__0_0[20]
    SLICE_X65Y97         LUT6 (Prop_lut6_I2_O)        0.124     4.550 r  fastvit_bd_i/worker_0/inst/sdiv_32ns_32ns_32_36_1_U280/dwconv_worker_sdiv_32ns_32ns_32_36_1_divider_u/dividend_tmp[0][31]_i_9/O
                         net (fo=1, routed)           0.416     4.967    fastvit_bd_i/worker_0/inst/gmem1_m_axi_U/load_unit_0/fifo_rreq/loop[31].dividend_tmp_reg[32][2]__0_4
    SLICE_X64Y98         LUT6 (Prop_lut6_I0_O)        0.124     5.091 r  fastvit_bd_i/worker_0/inst/gmem1_m_axi_U/load_unit_0/fifo_rreq/dividend_tmp[0][31]_i_3__0/O
                         net (fo=1, routed)           0.497     5.588    fastvit_bd_i/worker_0/inst/gmem1_m_axi_U/load_unit_0/fifo_rreq/dividend_tmp[0][31]_i_3__0_n_0
    SLICE_X66Y104        LUT6 (Prop_lut6_I0_O)        0.124     5.712 r  fastvit_bd_i/worker_0/inst/gmem1_m_axi_U/load_unit_0/fifo_rreq/dividend_tmp[0][31]_i_1__0/O
                         net (fo=4495, routed)        1.140     6.852    fastvit_bd_i/worker_0/inst/gmem1_m_axi_U/load_unit_0/fifo_rreq/grp_fu_1420_ce
    SLICE_X65Y117        LUT2 (Prop_lut2_I0_O)        0.124     6.976 r  fastvit_bd_i/worker_0/inst/gmem1_m_axi_U/load_unit_0/fifo_rreq/loop[0].remd_tmp[1][30]_i_1__0/O
                         net (fo=30, routed)          0.708     7.684    fastvit_bd_i/worker_0/inst/sdiv_32ns_32ns_32_36_1_U280/dwconv_worker_sdiv_32ns_32ns_32_36_1_divider_u/loop[0].remd_tmp_reg[1][30]_0
    SLICE_X56Y116        FDRE                                         r  fastvit_bd_i/worker_0/inst/sdiv_32ns_32ns_32_36_1_U280/dwconv_worker_sdiv_32ns_32ns_32_36_1_divider_u/loop[0].remd_tmp_reg[1][5]/R
  -------------------------------------------------------------------    -------------------

                         (clock clk_fpga_0 rise edge)
                                                      5.000     5.000 r  
    PS7_X0Y0             PS7                          0.000     5.000 r  fastvit_bd_i/ps7_0/inst/PS7_i/FCLKCLK[0]
                         net (fo=1, routed)           1.088     6.088    fastvit_bd_i/ps7_0/inst/FCLK_CLK_unbuffered[0]
    BUFGCTRL_X0Y16       BUFG (Prop_bufg_I_O)         0.091     6.179 r  fastvit_bd_i/ps7_0/inst/buffer_fclk_clk_0.FCLK_CLK_0_BUFG/O
                         net (fo=28248, routed)       1.704     7.883    fastvit_bd_i/worker_0/inst/sdiv_32ns_32ns_32_36_1_U280/dwconv_worker_sdiv_32ns_32ns_32_36_1_divider_u/ap_clk
    SLICE_X56Y116        FDRE                                         r  fastvit_bd_i/worker_0/inst/sdiv_32ns_32ns_32_36_1_U280/dwconv_worker_sdiv_32ns_32ns_32_36_1_divider_u/loop[0].remd_tmp_reg[1][5]/C
                         clock pessimism              0.129     8.012    
                         clock uncertainty           -0.083     7.929    
    SLICE_X56Y116        FDRE (Setup_fdre_C_R)       -0.429     7.500    fastvit_bd_i/worker_0/inst/sdiv_32ns_32ns_32_36_1_U280/dwconv_worker_sdiv_32ns_32ns_32_36_1_divider_u/loop[0].remd_tmp_reg[1][5]
  -------------------------------------------------------------------
                         required time                          7.500    
                         arrival time                          -7.684    
  -------------------------------------------------------------------
                         slack                                 -0.184    

Slack (VIOLATED) :        -0.184ns  (required time - arrival time)
  Source:                 fastvit_bd_i/worker_0/inst/ap_CS_fsm_reg[24]/C
                            (rising edge-triggered cell FDRE clocked by clk_fpga_0  {rise@0.000ns fall@2.500ns period=5.000ns})
  Destination:            fastvit_bd_i/worker_0/inst/sdiv_32ns_32ns_32_36_1_U280/dwconv_worker_sdiv_32ns_32ns_32_36_1_divider_u/loop[0].remd_tmp_reg[1][6]/R
                            (rising edge-triggered cell FDRE clocked by clk_fpga_0  {rise@0.000ns fall@2.500ns period=5.000ns})
  Path Group:             clk_fpga_0
  Path Type:              Setup (Max at Slow Process Corner)
  Requirement:            5.000ns  (clk_fpga_0 rise@5.000ns - clk_fpga_0 rise@0.000ns)
  Data Path Delay:        4.675ns  (logic 0.952ns (20.363%)  route 3.723ns (79.637%))
  Logic Levels:           4  (LUT2=1 LUT6=3)
  Clock Path Skew:        0.003ns (DCD - SCD + CPR)
    Destination Clock Delay (DCD):    2.883ns = ( 7.883 - 5.000 ) 
    Source Clock Delay      (SCD):    3.009ns
    Clock Pessimism Removal (CPR):    0.129ns
  Clock Uncertainty:      0.083ns  ((TSJ^2 + TIJ^2)^1/2 + DJ) / 2 + PE
    Total System Jitter     (TSJ):    0.071ns
    Total Input Jitter      (TIJ):    0.150ns
    Discrete Jitter          (DJ):    0.000ns
    Phase Error              (PE):    0.000ns

    Location             Delay type                Incr(ns)  Path(ns)    Netlist Resource(s)
  -------------------------------------------------------------------    -------------------
                         (clock clk_fpga_0 rise edge)
                                                      0.000     0.000 r  
    PS7_X0Y0             PS7                          0.000     0.000 r  fastvit_bd_i/ps7_0/inst/PS7_i/FCLKCLK[0]
                         net (fo=1, routed)           1.193     1.193    fastvit_bd_i/ps7_0/inst/FCLK_CLK_unbuffered[0]
    BUFGCTRL_X0Y16       BUFG (Prop_bufg_I_O)         0.101     1.294 r  fastvit_bd_i/ps7_0/inst/buffer_fclk_clk_0.FCLK_CLK_0_BUFG/O
                         net (fo=28248, routed)       1.715     3.009    fastvit_bd_i/worker_0/inst/ap_clk
    SLICE_X65Y95         FDRE                                         r  fastvit_bd_i/worker_0/inst/ap_CS_fsm_reg[24]/C
  -------------------------------------------------------------------    -------------------
    SLICE_X65Y95         FDRE (Prop_fdre_C_Q)         0.456     3.465 r  fastvit_bd_i/worker_0/inst/ap_CS_fsm_reg[24]/Q
                         net (fo=3, routed)           0.961     4.426    fastvit_bd_i/worker_0/inst/sdiv_32ns_32ns_32_36_1_U280/dwconv_worker_sdiv_32ns_32ns_32_36_1_divider_u/loop[31].dividend_tmp_reg[32][2]__0_0[20]
    SLICE_X65Y97         LUT6 (Prop_lut6_I2_O)        0.124     4.550 r  fastvit_bd_i/worker_0/inst/sdiv_32ns_32ns_32_36_1_U280/dwconv_worker_sdiv_32ns_32ns_32_36_1_divider_u/dividend_tmp[0][31]_i_9/O
                         net (fo=1, routed)           0.416     4.967    fastvit_bd_i/worker_0/inst/gmem1_m_axi_U/load_unit_0/fifo_rreq/loop[31].dividend_tmp_reg[32][2]__0_4
    SLICE_X64Y98         LUT6 (Prop_lut6_I0_O)        0.124     5.091 r  fastvit_bd_i/worker_0/inst/gmem1_m_axi_U/load_unit_0/fifo_rreq/dividend_tmp[0][31]_i_3__0/O
                         net (fo=1, routed)           0.497     5.588    fastvit_bd_i/worker_0/inst/gmem1_m_axi_U/load_unit_0/fifo_rreq/dividend_tmp[0][31]_i_3__0_n_0
    SLICE_X66Y104        LUT6 (Prop_lut6_I0_O)        0.124     5.712 r  fastvit_bd_i/worker_0/inst/gmem1_m_axi_U/load_unit_0/fifo_rreq/dividend_tmp[0][31]_i_1__0/O
                         net (fo=4495, routed)        1.140     6.852    fastvit_bd_i/worker_0/inst/gmem1_m_axi_U/load_unit_0/fifo_rreq/grp_fu_1420_ce
    SLICE_X65Y117        LUT2 (Prop_lut2_I0_O)        0.124     6.976 r  fastvit_bd_i/worker_0/inst/gmem1_m_axi_U/load_unit_0/fifo_rreq/loop[0].remd_tmp[1][30]_i_1__0/O
                         net (fo=30, routed)          0.708     7.684    fastvit_bd_i/worker_0/inst/sdiv_32ns_32ns_32_36_1_U280/dwconv_worker_sdiv_32ns_32ns_32_36_1_divider_u/loop[0].remd_tmp_reg[1][30]_0
    SLICE_X56Y116        FDRE                                         r  fastvit_bd_i/worker_0/inst/sdiv_32ns_32ns_32_36_1_U280/dwconv_worker_sdiv_32ns_32ns_32_36_1_divider_u/loop[0].remd_tmp_reg[1][6]/R
  -------------------------------------------------------------------    -------------------

                         (clock clk_fpga_0 rise edge)
                                                      5.000     5.000 r  
    PS7_X0Y0             PS7                          0.000     5.000 r  fastvit_bd_i/ps7_0/inst/PS7_i/FCLKCLK[0]
                         net (fo=1, routed)           1.088     6.088    fastvit_bd_i/ps7_0/inst/FCLK_CLK_unbuffered[0]
    BUFGCTRL_X0Y16       BUFG (Prop_bufg_I_O)         0.091     6.179 r  fastvit_bd_i/ps7_0/inst/buffer_fclk_clk_0.FCLK_CLK_0_BUFG/O
                         net (fo=28248, routed)       1.704     7.883    fastvit_bd_i/worker_0/inst/sdiv_32ns_32ns_32_36_1_U280/dwconv_worker_sdiv_32ns_32ns_32_36_1_divider_u/ap_clk
    SLICE_X56Y116        FDRE                                         r  fastvit_bd_i/worker_0/inst/sdiv_32ns_32ns_32_36_1_U280/dwconv_worker_sdiv_32ns_32ns_32_36_1_divider_u/loop[0].remd_tmp_reg[1][6]/C
                         clock pessimism              0.129     8.012    
                         clock uncertainty           -0.083     7.929    
    SLICE_X56Y116        FDRE (Setup_fdre_C_R)       -0.429     7.500    fastvit_bd_i/worker_0/inst/sdiv_32ns_32ns_32_36_1_U280/dwconv_worker_sdiv_32ns_32ns_32_36_1_divider_u/loop[0].remd_tmp_reg[1][6]
  -------------------------------------------------------------------
                         required time                          7.500    
                         arrival time                          -7.684    
  -------------------------------------------------------------------
                         slack                                 -0.184    




