

================================================================
== Vitis HLS Report for 'dsconv_worker_Pipeline_LOAD_PW_WT_CACHE'
================================================================
* Date:           Wed Aug 12 21:30:49 2026

* Version:        2024.2 (Build 5238294 on Nov  8 2024)
* Project:        dsconv_fused_proj
* Solution:       solution1 (Vivado IP Flow Target)
* Product family: zynq
* Target device:  xc7z020-clg400-1


================================================================
== Performance Estimates
================================================================
+ Timing: 
    * Summary: 
    +--------+---------+----------+------------+
    |  Clock |  Target | Estimated| Uncertainty|
    +--------+---------+----------+------------+
    |ap_clk  |  5.00 ns|  5.728 ns|     1.35 ns|
    +--------+---------+----------+------------+

+ Latency: 
    * Summary: 
    +---------+---------+----------+----------+-----+-----+------------------------------------------------+
    |  Latency (cycles) |  Latency (absolute) |  Interval |                    Pipeline                    |
    |   min   |   max   |    min   |    max   | min | max |                      Type                      |
    +---------+---------+----------+----------+-----+-----+------------------------------------------------+
    |        ?|        ?|         ?|         ?|    0|    0|  loop auto-rewind stp (delay=0 clock cycles(s))|
    +---------+---------+----------+----------+-----+-----+------------------------------------------------+

    + Detail: 
        * Instance: 
        N/A

        * Loop: 
        +--------------------+---------+---------+----------+-----------+-----------+------+----------+
        |                    |  Latency (cycles) | Iteration|  Initiation Interval  | Trip |          |
        |      Loop Name     |   min   |   max   |  Latency |  achieved |   target  | Count| Pipelined|
        +--------------------+---------+---------+----------+-----------+-----------+------+----------+
        |- LOAD_PW_WT_CACHE  |        ?|        ?|         3|          1|          1|     ?|       yes|
        +--------------------+---------+---------+----------+-----------+-----------+------+----------+



================================================================
== Utilization Estimates
================================================================
* Summary: 
+-----------------+---------+-----+--------+-------+-----+
|       Name      | BRAM_18K| DSP |   FF   |  LUT  | URAM|
+-----------------+---------+-----+--------+-------+-----+
|DSP              |        -|    -|       -|      -|    -|
|Expression       |        -|    -|       0|     66|    -|
|FIFO             |        -|    -|       -|      -|    -|
|Instance         |        -|    -|       -|      -|    -|
|Memory           |        -|    -|       -|      -|    -|
|Multiplexer      |        -|    -|       0|     45|    -|
|Register         |        -|    -|      60|      -|    -|
+-----------------+---------+-----+--------+-------+-----+
|Total            |        0|    0|      60|    111|    0|
+-----------------+---------+-----+--------+-------+-----+
|Available        |      280|  220|  106400|  53200|    0|
+-----------------+---------+-----+--------+-------+-----+
|Utilization (%)  |        0|    0|      ~0|     ~0|    0|
+-----------------+---------+-----+--------+-------+-----+

+ Detail: 
    * Instance: 
    N/A

    * DSP: 
    N/A

    * Memory: 
    N/A

    * FIFO: 
    N/A

    * Expression: 
    +---------------------------+----------+----+---+----+------------+------------+
    |       Variable Name       | Operation| DSP| FF| LUT| Bitwidth P0| Bitwidth P1|
    +---------------------------+----------+----+---+----+------------+------------+
    |add_ln343_fu_239_p2        |         +|   0|  0|  23|          16|           1|
    |ap_block_pp0_stage0_11001  |       and|   0|  0|   2|           1|           1|
    |icmp_ln343_fu_233_p2       |      icmp|   0|  0|  39|          32|          32|
    |ap_enable_pp0              |       xor|   0|  0|   2|           1|           2|
    +---------------------------+----------+----+---+----+------------+------------+
    |Total                      |          |   0|  0|  66|          50|          36|
    +---------------------------+----------+----+---+----+------------+------------+

    * Multiplexer: 
    +-------------------------+----+-----------+-----+-----------+
    |           Name          | LUT| Input Size| Bits| Total Bits|
    +-------------------------+----+-----------+-----+-----------+
    |ap_done_int              |   9|          2|    1|          2|
    |ap_enable_reg_pp0_iter1  |   9|          2|    1|          2|
    |ap_sig_allocacmp_i_1     |   9|          2|   16|         32|
    |gmem4_blk_n_R            |   9|          2|    1|          2|
    |i_fu_96                  |   9|          2|   16|         32|
    +-------------------------+----+-----------+-----+-----------+
    |Total                    |  45|         10|   35|         70|
    +-------------------------+----+-----------+-----+-----------+

    * Register: 
    +-------------------------------------------+----+----+-----+-----------+
    |                    Name                   | FF | LUT| Bits| Const Bits|
    +-------------------------------------------+----+----+-----+-----------+
    |ap_CS_fsm                                  |   1|   0|    1|          0|
    |ap_block_pp0_stage0_subdone_grp0_done_reg  |   1|   0|    1|          0|
    |ap_done_reg                                |   1|   0|    1|          0|
    |ap_enable_reg_pp0_iter1                    |   1|   0|    1|          0|
    |ap_enable_reg_pp0_iter2                    |   1|   0|    1|          0|
    |ap_loop_exit_ready_pp0_iter1_reg           |   1|   0|    1|          0|
    |gmem4_addr_read_reg_306                    |   8|   0|    8|          0|
    |i_fu_96                                    |  16|   0|   16|          0|
    |lshr_ln_reg_301                            |  12|   0|   12|          0|
    |lshr_ln_reg_301_pp0_iter1_reg              |  12|   0|   12|          0|
    |trunc_ln343_reg_297                        |   3|   0|    3|          0|
    |trunc_ln343_reg_297_pp0_iter1_reg          |   3|   0|    3|          0|
    +-------------------------------------------+----+----+-----+-----------+
    |Total                                      |  60|   0|   60|          0|
    +-------------------------------------------+----+----+-----+-----------+



================================================================
== Interface
================================================================
* Summary: 
+--------------------------------------------------------------------------------------+-----+-----+------------+-----------------------------------------------------------------------------+--------------+
|                                       RTL Ports                                      | Dir | Bits|  Protocol  |                                Source Object                                |    C Type    |
+--------------------------------------------------------------------------------------+-----+-----+------------+-----------------------------------------------------------------------------+--------------+
|ap_clk                                                                                |   in|    1|  ap_ctrl_hs|                                      dsconv_worker_Pipeline_LOAD_PW_WT_CACHE|  return value|
|ap_rst                                                                                |   in|    1|  ap_ctrl_hs|                                      dsconv_worker_Pipeline_LOAD_PW_WT_CACHE|  return value|
|ap_start                                                                              |   in|    1|  ap_ctrl_hs|                                      dsconv_worker_Pipeline_LOAD_PW_WT_CACHE|  return value|
|ap_done                                                                               |  out|    1|  ap_ctrl_hs|                                      dsconv_worker_Pipeline_LOAD_PW_WT_CACHE|  return value|
|ap_idle                                                                               |  out|    1|  ap_ctrl_hs|                                      dsconv_worker_Pipeline_LOAD_PW_WT_CACHE|  return value|
|ap_ready                                                                              |  out|    1|  ap_ctrl_hs|                                      dsconv_worker_Pipeline_LOAD_PW_WT_CACHE|  return value|
|m_axi_gmem4_0_AWVALID                                                                 |  out|    1|       m_axi|                                                                        gmem4|       pointer|
|m_axi_gmem4_0_AWREADY                                                                 |   in|    1|       m_axi|                                                                        gmem4|       pointer|
|m_axi_gmem4_0_AWADDR                                                                  |  out|   64|       m_axi|                                                                        gmem4|       pointer|
|m_axi_gmem4_0_AWID                                                                    |  out|    1|       m_axi|                                                                        gmem4|       pointer|
|m_axi_gmem4_0_AWLEN                                                                   |  out|   32|       m_axi|                                                                        gmem4|       pointer|
|m_axi_gmem4_0_AWSIZE                                                                  |  out|    3|       m_axi|                                                                        gmem4|       pointer|
|m_axi_gmem4_0_AWBURST                                                                 |  out|    2|       m_axi|                                                                        gmem4|       pointer|
|m_axi_gmem4_0_AWLOCK                                                                  |  out|    2|       m_axi|                                                                        gmem4|       pointer|
|m_axi_gmem4_0_AWCACHE                                                                 |  out|    4|       m_axi|                                                                        gmem4|       pointer|
|m_axi_gmem4_0_AWPROT                                                                  |  out|    3|       m_axi|                                                                        gmem4|       pointer|
|m_axi_gmem4_0_AWQOS                                                                   |  out|    4|       m_axi|                                                                        gmem4|       pointer|
|m_axi_gmem4_0_AWREGION                                                                |  out|    4|       m_axi|                                                                        gmem4|       pointer|
|m_axi_gmem4_0_AWUSER                                                                  |  out|    1|       m_axi|                                                                        gmem4|       pointer|
|m_axi_gmem4_0_WVALID                                                                  |  out|    1|       m_axi|                                                                        gmem4|       pointer|
|m_axi_gmem4_0_WREADY                                                                  |   in|    1|       m_axi|                                                                        gmem4|       pointer|
|m_axi_gmem4_0_WDATA                                                                   |  out|    8|       m_axi|                                                                        gmem4|       pointer|
|m_axi_gmem4_0_WSTRB                                                                   |  out|    1|       m_axi|                                                                        gmem4|       pointer|
|m_axi_gmem4_0_WLAST                                                                   |  out|    1|       m_axi|                                                                        gmem4|       pointer|
|m_axi_gmem4_0_WID                                                                     |  out|    1|       m_axi|                                                                        gmem4|       pointer|
|m_axi_gmem4_0_WUSER                                                                   |  out|    1|       m_axi|                                                                        gmem4|       pointer|
|m_axi_gmem4_0_ARVALID                                                                 |  out|    1|       m_axi|                                                                        gmem4|       pointer|
|m_axi_gmem4_0_ARREADY                                                                 |   in|    1|       m_axi|                                                                        gmem4|       pointer|
|m_axi_gmem4_0_ARADDR                                                                  |  out|   64|       m_axi|                                                                        gmem4|       pointer|
|m_axi_gmem4_0_ARID                                                                    |  out|    1|       m_axi|                                                                        gmem4|       pointer|
|m_axi_gmem4_0_ARLEN                                                                   |  out|   32|       m_axi|                                                                        gmem4|       pointer|
|m_axi_gmem4_0_ARSIZE                                                                  |  out|    3|       m_axi|                                                                        gmem4|       pointer|
|m_axi_gmem4_0_ARBURST                                                                 |  out|    2|       m_axi|                                                                        gmem4|       pointer|
|m_axi_gmem4_0_ARLOCK                                                                  |  out|    2|       m_axi|                                                                        gmem4|       pointer|
|m_axi_gmem4_0_ARCACHE                                                                 |  out|    4|       m_axi|                                                                        gmem4|       pointer|
|m_axi_gmem4_0_ARPROT                                                                  |  out|    3|       m_axi|                                                                        gmem4|       pointer|
|m_axi_gmem4_0_ARQOS                                                                   |  out|    4|       m_axi|                                                                        gmem4|       pointer|
|m_axi_gmem4_0_ARREGION                                                                |  out|    4|       m_axi|                                                                        gmem4|       pointer|
|m_axi_gmem4_0_ARUSER                                                                  |  out|    1|       m_axi|                                                                        gmem4|       pointer|
|m_axi_gmem4_0_RVALID                                                                  |   in|    1|       m_axi|                                                                        gmem4|       pointer|
|m_axi_gmem4_0_RREADY                                                                  |  out|    1|       m_axi|                                                                        gmem4|       pointer|
|m_axi_gmem4_0_RDATA                                                                   |   in|    8|       m_axi|                                                                        gmem4|       pointer|
|m_axi_gmem4_0_RLAST                                                                   |   in|    1|       m_axi|                                                                        gmem4|       pointer|
|m_axi_gmem4_0_RID                                                                     |   in|    1|       m_axi|                                                                        gmem4|       pointer|
|m_axi_gmem4_0_RFIFONUM                                                                |   in|   13|       m_axi|                                                                        gmem4|       pointer|
|m_axi_gmem4_0_RUSER                                                                   |   in|    1|       m_axi|                                                                        gmem4|       pointer|
|m_axi_gmem4_0_RRESP                                                                   |   in|    2|       m_axi|                                                                        gmem4|       pointer|
|m_axi_gmem4_0_BVALID                                                                  |   in|    1|       m_axi|                                                                        gmem4|       pointer|
|m_axi_gmem4_0_BREADY                                                                  |  out|    1|       m_axi|                                                                        gmem4|       pointer|
|m_axi_gmem4_0_BRESP                                                                   |   in|    2|       m_axi|                                                                        gmem4|       pointer|
|m_axi_gmem4_0_BID                                                                     |   in|    1|       m_axi|                                                                        gmem4|       pointer|
|m_axi_gmem4_0_BUSER                                                                   |   in|    1|       m_axi|                                                                        gmem4|       pointer|
|mul_ln340                                                                             |   in|   32|     ap_none|                                                                    mul_ln340|        scalar|
|pw_weight                                                                             |   in|   64|     ap_none|                                                                    pw_weight|        scalar|
|dsconv_worker_ap_uint_ap_int_ap_int_ap_uint_ap_int_ap_int_ap_uint_int_int_7_address0  |  out|   12|   ap_memory|  dsconv_worker_ap_uint_ap_int_ap_int_ap_uint_ap_int_ap_int_ap_uint_int_int_7|         array|
|dsconv_worker_ap_uint_ap_int_ap_int_ap_uint_ap_int_ap_int_ap_uint_int_int_7_ce0       |  out|    1|   ap_memory|  dsconv_worker_ap_uint_ap_int_ap_int_ap_uint_ap_int_ap_int_ap_uint_int_int_7|         array|
|dsconv_worker_ap_uint_ap_int_ap_int_ap_uint_ap_int_ap_int_ap_uint_int_int_7_we0       |  out|    1|   ap_memory|  dsconv_worker_ap_uint_ap_int_ap_int_ap_uint_ap_int_ap_int_ap_uint_int_int_7|         array|
|dsconv_worker_ap_uint_ap_int_ap_int_ap_uint_ap_int_ap_int_ap_uint_int_int_7_d0        |  out|    8|   ap_memory|  dsconv_worker_ap_uint_ap_int_ap_int_ap_uint_ap_int_ap_int_ap_uint_int_int_7|         array|
|dsconv_worker_ap_uint_ap_int_ap_int_ap_uint_ap_int_ap_int_ap_uint_int_int_3_address0  |  out|   12|   ap_memory|  dsconv_worker_ap_uint_ap_int_ap_int_ap_uint_ap_int_ap_int_ap_uint_int_int_3|         array|
|dsconv_worker_ap_uint_ap_int_ap_int_ap_uint_ap_int_ap_int_ap_uint_int_int_3_ce0       |  out|    1|   ap_memory|  dsconv_worker_ap_uint_ap_int_ap_int_ap_uint_ap_int_ap_int_ap_uint_int_int_3|         array|
|dsconv_worker_ap_uint_ap_int_ap_int_ap_uint_ap_int_ap_int_ap_uint_int_int_3_we0       |  out|    1|   ap_memory|  dsconv_worker_ap_uint_ap_int_ap_int_ap_uint_ap_int_ap_int_ap_uint_int_int_3|         array|
|dsconv_worker_ap_uint_ap_int_ap_int_ap_uint_ap_int_ap_int_ap_uint_int_int_3_d0        |  out|    8|   ap_memory|  dsconv_worker_ap_uint_ap_int_ap_int_ap_uint_ap_int_ap_int_ap_uint_int_int_3|         array|
|dsconv_worker_ap_uint_ap_int_ap_int_ap_uint_ap_int_ap_int_ap_uint_int_int_2_address0  |  out|   12|   ap_memory|  dsconv_worker_ap_uint_ap_int_ap_int_ap_uint_ap_int_ap_int_ap_uint_int_int_2|         array|
|dsconv_worker_ap_uint_ap_int_ap_int_ap_uint_ap_int_ap_int_ap_uint_int_int_2_ce0       |  out|    1|   ap_memory|  dsconv_worker_ap_uint_ap_int_ap_int_ap_uint_ap_int_ap_int_ap_uint_int_int_2|         array|
|dsconv_worker_ap_uint_ap_int_ap_int_ap_uint_ap_int_ap_int_ap_uint_int_int_2_we0       |  out|    1|   ap_memory|  dsconv_worker_ap_uint_ap_int_ap_int_ap_uint_ap_int_ap_int_ap_uint_int_int_2|         array|
|dsconv_worker_ap_uint_ap_int_ap_int_ap_uint_ap_int_ap_int_ap_uint_int_int_2_d0        |  out|    8|   ap_memory|  dsconv_worker_ap_uint_ap_int_ap_int_ap_uint_ap_int_ap_int_ap_uint_int_int_2|         array|
|dsconv_worker_ap_uint_ap_int_ap_int_ap_uint_ap_int_ap_int_ap_uint_int_int_1_address0  |  out|   12|   ap_memory|  dsconv_worker_ap_uint_ap_int_ap_int_ap_uint_ap_int_ap_int_ap_uint_int_int_1|         array|
|dsconv_worker_ap_uint_ap_int_ap_int_ap_uint_ap_int_ap_int_ap_uint_int_int_1_ce0       |  out|    1|   ap_memory|  dsconv_worker_ap_uint_ap_int_ap_int_ap_uint_ap_int_ap_int_ap_uint_int_int_1|         array|
|dsconv_worker_ap_uint_ap_int_ap_int_ap_uint_ap_int_ap_int_ap_uint_int_int_1_we0       |  out|    1|   ap_memory|  dsconv_worker_ap_uint_ap_int_ap_int_ap_uint_ap_int_ap_int_ap_uint_int_int_1|         array|
|dsconv_worker_ap_uint_ap_int_ap_int_ap_uint_ap_int_ap_int_ap_uint_int_int_1_d0        |  out|    8|   ap_memory|  dsconv_worker_ap_uint_ap_int_ap_int_ap_uint_ap_int_ap_int_ap_uint_int_int_1|         array|
|dsconv_worker_ap_uint_ap_int_ap_int_ap_uint_ap_int_ap_int_ap_uint_int_int_address0    |  out|   12|   ap_memory|    dsconv_worker_ap_uint_ap_int_ap_int_ap_uint_ap_int_ap_int_ap_uint_int_int|         array|
|dsconv_worker_ap_uint_ap_int_ap_int_ap_uint_ap_int_ap_int_ap_uint_int_int_ce0         |  out|    1|   ap_memory|    dsconv_worker_ap_uint_ap_int_ap_int_ap_uint_ap_int_ap_int_ap_uint_int_int|         array|
|dsconv_worker_ap_uint_ap_int_ap_int_ap_uint_ap_int_ap_int_ap_uint_int_int_we0         |  out|    1|   ap_memory|    dsconv_worker_ap_uint_ap_int_ap_int_ap_uint_ap_int_ap_int_ap_uint_int_int|         array|
|dsconv_worker_ap_uint_ap_int_ap_int_ap_uint_ap_int_ap_int_ap_uint_int_int_d0          |  out|    8|   ap_memory|    dsconv_worker_ap_uint_ap_int_ap_int_ap_uint_ap_int_ap_int_ap_uint_int_int|         array|
|dsconv_worker_ap_uint_ap_int_ap_int_ap_uint_ap_int_ap_int_ap_uint_int_int_6_address0  |  out|   12|   ap_memory|  dsconv_worker_ap_uint_ap_int_ap_int_ap_uint_ap_int_ap_int_ap_uint_int_int_6|         array|
|dsconv_worker_ap_uint_ap_int_ap_int_ap_uint_ap_int_ap_int_ap_uint_int_int_6_ce0       |  out|    1|   ap_memory|  dsconv_worker_ap_uint_ap_int_ap_int_ap_uint_ap_int_ap_int_ap_uint_int_int_6|         array|
|dsconv_worker_ap_uint_ap_int_ap_int_ap_uint_ap_int_ap_int_ap_uint_int_int_6_we0       |  out|    1|   ap_memory|  dsconv_worker_ap_uint_ap_int_ap_int_ap_uint_ap_int_ap_int_ap_uint_int_int_6|         array|
|dsconv_worker_ap_uint_ap_int_ap_int_ap_uint_ap_int_ap_int_ap_uint_int_int_6_d0        |  out|    8|   ap_memory|  dsconv_worker_ap_uint_ap_int_ap_int_ap_uint_ap_int_ap_int_ap_uint_int_int_6|         array|
|dsconv_worker_ap_uint_ap_int_ap_int_ap_uint_ap_int_ap_int_ap_uint_int_int_5_address0  |  out|   12|   ap_memory|  dsconv_worker_ap_uint_ap_int_ap_int_ap_uint_ap_int_ap_int_ap_uint_int_int_5|         array|
|dsconv_worker_ap_uint_ap_int_ap_int_ap_uint_ap_int_ap_int_ap_uint_int_int_5_ce0       |  out|    1|   ap_memory|  dsconv_worker_ap_uint_ap_int_ap_int_ap_uint_ap_int_ap_int_ap_uint_int_int_5|         array|
|dsconv_worker_ap_uint_ap_int_ap_int_ap_uint_ap_int_ap_int_ap_uint_int_int_5_we0       |  out|    1|   ap_memory|  dsconv_worker_ap_uint_ap_int_ap_int_ap_uint_ap_int_ap_int_ap_uint_int_int_5|         array|
|dsconv_worker_ap_uint_ap_int_ap_int_ap_uint_ap_int_ap_int_ap_uint_int_int_5_d0        |  out|    8|   ap_memory|  dsconv_worker_ap_uint_ap_int_ap_int_ap_uint_ap_int_ap_int_ap_uint_int_int_5|         array|
|dsconv_worker_ap_uint_ap_int_ap_int_ap_uint_ap_int_ap_int_ap_uint_int_int_4_address0  |  out|   12|   ap_memory|  dsconv_worker_ap_uint_ap_int_ap_int_ap_uint_ap_int_ap_int_ap_uint_int_int_4|         array|
|dsconv_worker_ap_uint_ap_int_ap_int_ap_uint_ap_int_ap_int_ap_uint_int_int_4_ce0       |  out|    1|   ap_memory|  dsconv_worker_ap_uint_ap_int_ap_int_ap_uint_ap_int_ap_int_ap_uint_int_int_4|         array|
|dsconv_worker_ap_uint_ap_int_ap_int_ap_uint_ap_int_ap_int_ap_uint_int_int_4_we0       |  out|    1|   ap_memory|  dsconv_worker_ap_uint_ap_int_ap_int_ap_uint_ap_int_ap_int_ap_uint_int_int_4|         array|
|dsconv_worker_ap_uint_ap_int_ap_int_ap_uint_ap_int_ap_int_ap_uint_int_int_4_d0        |  out|    8|   ap_memory|  dsconv_worker_ap_uint_ap_int_ap_int_ap_uint_ap_int_ap_int_ap_uint_int_int_4|         array|
+--------------------------------------------------------------------------------------+-----+-----+------------+-----------------------------------------------------------------------------+--------------+

