

================================================================
== Synthesis Summary Report of 'dwconv_ip'
================================================================
+ General Information: 
    * Date:           Mon Jul 27 22:07:16 2026
    * Version:        2024.2 (Build 5238294 on Nov  8 2024)
    * Project:        dwconv_ip_proj_v13
    * Solution:       solution1 (Vivado IP Flow Target)
    * Product family: zynq
    * Target device:  xc7z020-clg400-1
    

+ Performance & Resource Estimates: 
    
    PS: '+' for module; 'o' for loop; '*' for dataflow
    +-------------------------------------------------------+--------+-------+-----------+-----------+----------+-----------+-----------+----------+----------+----------+-------------+-------------+-----+
    |                        Modules                        |  Issue |       |  Latency  |  Latency  | Iteration|           |    Trip   |          |          |          |             |             |     |
    |                        & Loops                        |  Type  | Slack |  (cycles) |    (ns)   |  Latency |  Interval |   Count   | Pipelined|   BRAM   |    DSP   |      FF     |     LUT     | URAM|
    +-------------------------------------------------------+--------+-------+-----------+-----------+----------+-----------+-----------+----------+----------+----------+-------------+-------------+-----+
    |+ dwconv_ip                                            |  Timing|  -2.29|          -|          -|         -|          -|          -|        no|  40 (14%)|  53 (24%)|  16505 (15%)|  24808 (46%)|    -|
    | o LOOP_DW_CH                                          |       -|   5.11|          -|          -|         -|          -|          -|        no|         -|         -|            -|            -|    -|
    |  + dwconv_ip_Pipeline_PRELOAD_IN                      |  Timing|  -0.56|  536870914|  3.758e+09|         -|  536870914|          -|        no|         -|         -|     87 (~0%)|    122 (~0%)|    -|
    |   o PRELOAD_IN                                        |       -|   5.11|  536870912|  3.758e+09|         3|          1|  536870911|       yes|         -|         -|            -|            -|    -|
    |  o LOOP_DW_FPG                                        |       -|   5.11|          -|          -|         -|          -|          -|        no|         -|         -|            -|            -|    -|
    |   + dwconv_ip_Pipeline_WRITEBACK_OUT                  |  Timing|  -0.56|  536870914|  3.758e+09|         -|  536870914|          -|        no|         -|         -|     68 (~0%)|    202 (~0%)|    -|
    |    o WRITEBACK_OUT                                    |       -|   5.11|  536870912|  3.758e+09|         3|          1|  536870911|       yes|         -|         -|            -|            -|    -|
    |   o LOAD_DW_WT                                        |       -|   5.11|          -|          -|         -|          -|          -|        no|         -|         -|            -|            -|    -|
    |    o VITIS_LOOP_172_1                                 |       -|   5.11|          -|          -|         2|          -|          -|        no|         -|         -|            -|            -|    -|
    |   o LOOP_DW_TR                                        |       -|   5.11|          -|          -|         -|          -|          -|        no|         -|         -|            -|            -|    -|
    |    o LOOP_DW_TC                                       |       -|   5.11|          -|          -|         -|          -|          -|        no|         -|         -|            -|            -|    -|
    |     + dwconv_ip_Pipeline_LOAD_DW_IN                   |       -|   0.20|         19|    133.000|         -|         19|          -|        no|         -|   1 (~0%)|    587 (~0%)|    2626 (4%)|    -|
    |      o LOAD_DW_IN                                     |       -|   5.11|         17|    119.000|         6|          1|         13|       yes|         -|         -|            -|            -|    -|
    |     + dwconv_ip_Pipeline_COMPUTE_DW_KH_COMPUTE_DW_KW  |  Timing|  -2.29|          -|          -|         -|          -|          -|        no|         -|    8 (3%)|    1938 (1%)|   6713 (12%)|    -|
    |      o COMPUTE_DW_KH_COMPUTE_DW_KW                    |       -|   5.11|          -|          -|         8|          1|          -|       yes|         -|         -|            -|            -|    -|
    |     + dwconv_ip_Pipeline_STORE_DW_OUT                 |       -|   0.22|         21|    147.000|         -|         21|          -|        no|         -|   1 (~0%)|    537 (~0%)|    2679 (5%)|    -|
    |      o STORE_DW_OUT                                   |      II|   5.11|         19|    133.000|         8|          4|          4|       yes|         -|         -|            -|            -|    -|
    +-------------------------------------------------------+--------+-------+-----------+-----------+----------+-----------+-----------+----------+----------+----------+-------------+-------------+-----+


================================================================
== HW Interfaces
================================================================
* M_AXI
+-------------+------------+------------+---------------+---------+--------+----------+-----------+--------------+--------------+-------------+-------------+-------------------+
| Interface   | Read/Write | Data Width | Address Width | Latency | Offset | Register | Max Widen | Max Read     | Max Write    | Num Read    | Num Write   | Resource Estimate |
|             |            | (SW->HW)   |               |         |        |          | Bitwidth  | Burst Length | Burst Length | Outstanding | Outstanding |                   |
+-------------+------------+------------+---------------+---------+--------+----------+-----------+--------------+--------------+-------------+-------------+-------------------+
| m_axi_gmem0 | READ_ONLY  | 32 -> 32   | 64            | 64      | slave  | 0        | 0         | 256          | 16           | 4           | 16          | BRAM=2            |
| m_axi_gmem1 | READ_ONLY  | 8 -> 8     | 64            | 64      | slave  | 0        | 0         | 256          | 16           | 4           | 16          | BRAM=2            |
| m_axi_gmem2 | READ_ONLY  | 32 -> 32   | 64            | 0       | slave  | 0        | 0         | 16           | 16           | 16          | 16          | BRAM=2            |
| m_axi_gmem3 | WRITE_ONLY | 32 -> 32   | 64            | 64      | slave  | 0        | 0         | 16           | 256          | 16          | 4           | BRAM=2            |
+-------------+------------+------------+---------------+---------+--------+----------+-----------+--------------+--------------+-------------+-------------+-------------------+

* S_AXILITE Interfaces
+---------------+------------+---------------+--------+----------+
| Interface     | Data Width | Address Width | Offset | Register |
+---------------+------------+---------------+--------+----------+
| s_axi_control | 32         | 6             | 16     | 0        |
| s_axi_ctrl    | 32         | 7             | 16     | 0        |
+---------------+------------+---------------+--------+----------+

* S_AXILITE Registers
+---------------+------------+--------+-------+--------+----------------------------------+----------------------------------------------------------------------+
| Interface     | Register   | Offset | Width | Access | Description                      | Bit Fields                                                           |
+---------------+------------+--------+-------+--------+----------------------------------+----------------------------------------------------------------------+
| s_axi_control | feat_in_1  | 0x10   | 32    | W      | Data signal of feat_in           |                                                                      |
| s_axi_control | feat_in_2  | 0x14   | 32    | W      | Data signal of feat_in           |                                                                      |
| s_axi_control | weight_1   | 0x1c   | 32    | W      | Data signal of weight            |                                                                      |
| s_axi_control | weight_2   | 0x20   | 32    | W      | Data signal of weight            |                                                                      |
| s_axi_control | bias_1     | 0x28   | 32    | W      | Data signal of bias              |                                                                      |
| s_axi_control | bias_2     | 0x2c   | 32    | W      | Data signal of bias              |                                                                      |
| s_axi_control | feat_out_1 | 0x34   | 32    | W      | Data signal of feat_out          |                                                                      |
| s_axi_control | feat_out_2 | 0x38   | 32    | W      | Data signal of feat_out          |                                                                      |
| s_axi_ctrl    | CTRL       | 0x00   | 32    | RW     | Control signals                  | 0=AP_START 1=AP_DONE 2=AP_IDLE 3=AP_READY 7=AUTO_RESTART 9=INTERRUPT |
| s_axi_ctrl    | GIER       | 0x04   | 32    | RW     | Global Interrupt Enable Register | 0=Enable                                                             |
| s_axi_ctrl    | IP_IER     | 0x08   | 32    | RW     | IP Interrupt Enable Register     | 0=CHAN0_INT_EN 1=CHAN1_INT_EN                                        |
| s_axi_ctrl    | IP_ISR     | 0x0c   | 32    | RW     | IP Interrupt Status Register     | 0=CHAN0_INT_ST 1=CHAN1_INT_ST                                        |
| s_axi_ctrl    | CHin       | 0x10   | 32    | W      | Data signal of CHin              |                                                                      |
| s_axi_ctrl    | Hin        | 0x18   | 32    | W      | Data signal of Hin               |                                                                      |
| s_axi_ctrl    | Win        | 0x20   | 32    | W      | Data signal of Win               |                                                                      |
| s_axi_ctrl    | Kh         | 0x28   | 32    | W      | Data signal of Kh                |                                                                      |
| s_axi_ctrl    | Kw         | 0x30   | 32    | W      | Data signal of Kw                |                                                                      |
| s_axi_ctrl    | stride_h   | 0x38   | 32    | W      | Data signal of stride_h          |                                                                      |
| s_axi_ctrl    | stride_w   | 0x40   | 32    | W      | Data signal of stride_w          |                                                                      |
| s_axi_ctrl    | pad_h      | 0x48   | 32    | W      | Data signal of pad_h             |                                                                      |
| s_axi_ctrl    | pad_w      | 0x50   | 32    | W      | Data signal of pad_w             |                                                                      |
| s_axi_ctrl    | fpg        | 0x58   | 32    | W      | Data signal of fpg               |                                                                      |
| s_axi_ctrl    | act_mode   | 0x60   | 32    | W      | Data signal of act_mode          |                                                                      |
| s_axi_ctrl    | out_shift  | 0x68   | 32    | W      | Data signal of out_shift         |                                                                      |
+---------------+------------+--------+-------+--------+----------------------------------+----------------------------------------------------------------------+

* TOP LEVEL CONTROL
+-----------+------------+-----------+
| Interface | Type       | Ports     |
+-----------+------------+-----------+
| ap_clk    | clock      | ap_clk    |
| ap_rst_n  | reset      | ap_rst_n  |
| interrupt | interrupt  | interrupt |
| ap_ctrl   | ap_ctrl_hs |           |
+-----------+------------+-----------+


================================================================
== SW I/O Information
================================================================
* Top Function Arguments
+-----------+-----------+--------------+
| Argument  | Direction | Datatype     |
+-----------+-----------+--------------+
| feat_in   | in        | ap_uint<32>* |
| weight    | in        | ap_int<8>*   |
| bias      | in        | ap_int<32>*  |
| feat_out  | out       | ap_uint<32>* |
| CHin      | in        | int          |
| Hin       | in        | int          |
| Win       | in        | int          |
| Kh        | in        | int          |
| Kw        | in        | int          |
| stride_h  | in        | int          |
| stride_w  | in        | int          |
| pad_h     | in        | int          |
| pad_w     | in        | int          |
| fpg       | in        | int          |
| act_mode  | in        | int          |
| out_shift | in        | int          |
+-----------+-----------+--------------+

* SW-to-HW Mapping
+-----------+---------------+-----------+----------+--------------------------------------+
| Argument  | HW Interface  | HW Type   | HW Usage | HW Info                              |
+-----------+---------------+-----------+----------+--------------------------------------+
| feat_in   | m_axi_gmem0   | interface |          | channel=0                            |
| feat_in   | s_axi_control | register  | offset   | name=feat_in_1 offset=0x10 range=32  |
| feat_in   | s_axi_control | register  | offset   | name=feat_in_2 offset=0x14 range=32  |
| weight    | m_axi_gmem1   | interface |          | channel=0                            |
| weight    | s_axi_control | register  | offset   | name=weight_1 offset=0x1c range=32   |
| weight    | s_axi_control | register  | offset   | name=weight_2 offset=0x20 range=32   |
| bias      | m_axi_gmem2   | interface |          | channel=0                            |
| bias      | s_axi_control | register  | offset   | name=bias_1 offset=0x28 range=32     |
| bias      | s_axi_control | register  | offset   | name=bias_2 offset=0x2c range=32     |
| feat_out  | m_axi_gmem3   | interface |          | channel=0                            |
| feat_out  | s_axi_control | register  | offset   | name=feat_out_1 offset=0x34 range=32 |
| feat_out  | s_axi_control | register  | offset   | name=feat_out_2 offset=0x38 range=32 |
| CHin      | s_axi_ctrl    | register  |          | name=CHin offset=0x10 range=32       |
| Hin       | s_axi_ctrl    | register  |          | name=Hin offset=0x18 range=32        |
| Win       | s_axi_ctrl    | register  |          | name=Win offset=0x20 range=32        |
| Kh        | s_axi_ctrl    | register  |          | name=Kh offset=0x28 range=32         |
| Kw        | s_axi_ctrl    | register  |          | name=Kw offset=0x30 range=32         |
| stride_h  | s_axi_ctrl    | register  |          | name=stride_h offset=0x38 range=32   |
| stride_w  | s_axi_ctrl    | register  |          | name=stride_w offset=0x40 range=32   |
| pad_h     | s_axi_ctrl    | register  |          | name=pad_h offset=0x48 range=32      |
| pad_w     | s_axi_ctrl    | register  |          | name=pad_w offset=0x50 range=32      |
| fpg       | s_axi_ctrl    | register  |          | name=fpg offset=0x58 range=32        |
| act_mode  | s_axi_ctrl    | register  |          | name=act_mode offset=0x60 range=32   |
| out_shift | s_axi_ctrl    | register  |          | name=out_shift offset=0x68 range=32  |
+-----------+---------------+-----------+----------+--------------------------------------+


================================================================
== M_AXI Burst Information
================================================================
 Note: All burst requests might be further partitioned into multiple requests during RTL generation based on max_read_burst_length or max_write_burst_length settings.

* Inferred Burst Summary
+--------------+-----------+----------+-------+------------+---------------------+
| HW Interface | Direction | Length   | Width | Loop       | Loop Location       |
+--------------+-----------+----------+-------+------------+---------------------+
| m_axi_gmem0  | read      | variable | 32    |            |                     |
| m_axi_gmem1  | read      | variable | 8     | LOOP_DW_CH | dwconv_ip.cpp:151:5 |
| m_axi_gmem2  | read      | variable | 32    |            |                     |
| m_axi_gmem3  | write     | variable | 32    |            |                     |
+--------------+-----------+----------+-------+------------+---------------------+

* All M_AXI Variable Accesses
+--------------+----------+----------------------+-----------+--------------+----------+------------------+----------------------+------------+-------------------------------------------------------------------------------------------------------+
| HW Interface | Variable | Access Location      | Direction | Burst Status | Length   | Loop             | Loop Location        | Resolution | Problem                                                                                               |
+--------------+----------+----------------------+-----------+--------------+----------+------------------+----------------------+------------+-------------------------------------------------------------------------------------------------------+
| m_axi_gmem0  | feat_in  | dwconv_ip.cpp:158:21 | read      | Widen Fail   |          | PRELOAD_IN       | dwconv_ip.cpp:156:9  | 214-353    | Could not widen since type i32 size is greater than or equal to the max_widen_bitwidth threshold of 0 |
| m_axi_gmem0  | feat_in  | dwconv_ip.cpp:158:21 | read      | Inferred     | variable | LOOP_DW_CH       | dwconv_ip.cpp:151:5  |            |                                                                                                       |
| m_axi_gmem1  | weight   | dwconv_ip.cpp:173:42 | read      | Widen Fail   |          | VITIS_LOOP_172_1 | dwconv_ip.cpp:172:20 | 214-353    | Could not widen since type i8 size is greater than or equal to the max_widen_bitwidth threshold of 0  |
| m_axi_gmem1  | weight   | dwconv_ip.cpp:173:42 | read      | Inferred     | variable | LOOP_DW_CH       | dwconv_ip.cpp:151:5  |            |                                                                                                       |
| m_axi_gmem2  | bias     | dwconv_ip.cpp:223:22 | read      | Widen Fail   |          | LOOP_DW_FPG      | dwconv_ip.cpp:166:9  | 214-353    | Could not widen since type i32 size is greater than or equal to the max_widen_bitwidth threshold of 0 |
| m_axi_gmem2  | bias     | dwconv_ip.cpp:223:22 | read      | Inferred     | variable | LOOP_DW_CH       | dwconv_ip.cpp:151:5  |            |                                                                                                       |
| m_axi_gmem3  | feat_out | dwconv_ip.cpp:295:50 | write     | Widen Fail   |          | WRITEBACK_OUT    | dwconv_ip.cpp:288:13 | 214-353    | Could not widen since type i32 size is greater than or equal to the max_widen_bitwidth threshold of 0 |
| m_axi_gmem3  | feat_out | dwconv_ip.cpp:295:50 | write     | Inferred     | variable | LOOP_DW_CH       | dwconv_ip.cpp:151:5  |            |                                                                                                       |
+--------------+----------+----------------------+-----------+--------------+----------+------------------+----------------------+------------+-------------------------------------------------------------------------------------------------------+

    * Resolution URL: docs.xilinx.com/access/sources/dita/topic?Doc_Version=2024.2%20English&url=ug1448-hls-guidance&resourceid=XXX-YYY.html (replace XXX-YYY with column value)

================================================================
== Bind Op Report
================================================================
+---------------------------------------------------+-----+--------+-----------------+-----------+--------------------------+---------+
| Name                                              | DSP | Pragma | Variable        | Op        | Impl                     | Latency |
+---------------------------------------------------+-----+--------+-----------------+-----------+--------------------------+---------+
| + dwconv_ip                                       | 53  |        |                 |           |                          |         |
|   sdiv_32ns_32s_32_36_seq_1_U705                  |     |        | sdiv_ln143      | sdiv      | auto_seq                 | 35      |
|   Hout_fu_2207_p2                                 |     |        | Hout            | add       | fabric                   | 0       |
|   sdiv_32ns_32s_32_36_seq_1_U706                  |     |        | sdiv_ln144      | sdiv      | auto_seq                 | 35      |
|   Wout_fu_2212_p2                                 |     |        | Wout            | add       | fabric                   | 0       |
|   add_ln145_fu_2217_p2                            |     |        | add_ln145       | add       | fabric                   | 0       |
|   sub_ln145_fu_2230_p2                            |     |        | sub_ln145       | sub       | fabric                   | 0       |
|   sub_ln145_1_fu_2300_p2                          |     |        | sub_ln145_1     | sub       | fabric                   | 0       |
|   Tr_loops_fu_2309_p3                             |     |        | Tr_loops        | select    | auto_sel                 | 0       |
|   add_ln146_fu_2255_p2                            |     |        | add_ln146       | add       | fabric                   | 0       |
|   sub_ln146_fu_2268_p2                            |     |        | sub_ln146       | sub       | fabric                   | 0       |
|   sub_ln146_1_fu_2319_p2                          |     |        | sub_ln146_1     | sub       | fabric                   | 0       |
|   Tc_loops_fu_2328_p3                             |     |        | Tc_loops        | select    | auto_sel                 | 0       |
|   mul_32s_32s_32_5_1_U702                         | 3   |        | mul_ln147       | mul       | auto                     | 4       |
|   mul_32s_32s_32_5_1_U702                         | 3   |        | mul_ln148       | mul       | auto                     | 4       |
|   sub_i_i_fu_2375_p2                              |     |        | sub_i_i         | sub       | fabric                   | 0       |
|   cmp_i_fu_1943_p2                                |     |        | cmp_i           | seteq     | auto                     | 0       |
|   icmp_ln151_fu_1949_p2                           |     |        | icmp_ln151      | setgt     | auto                     | 0       |
|   cmp175_fu_2048_p2                               |     |        | cmp175          | setgt     | auto                     | 0       |
|   cmp4629_fu_2065_p2                              |     |        | cmp4629         | setgt     | auto                     | 0       |
|   cmp529_fu_2070_p2                               |     |        | cmp529          | setgt     | auto                     | 0       |
|   cmp567_fu_2075_p2                               |     |        | cmp567          | setgt     | auto                     | 0       |
|   cmp27227_fu_2351_p2                             |     |        | cmp27227        | setgt     | auto                     | 0       |
|   sub_ln151_fu_2394_p2                            |     |        | sub_ln151       | sub       | fabric                   | 0       |
|   sub_ln151_1_fu_2413_p2                          |     |        | sub_ln151_1     | sub       | fabric                   | 0       |
|   mul_32ns_32ns_61_5_1_U698                       | 4   |        | mul_ln151       | mul       | auto                     | 4       |
|   select_ln151_fu_2080_p3                         |     |        | select_ln151    | select    | auto_sel                 | 0       |
|   empty_104_fu_2086_p3                            |     |        | empty_104       | select    | auto_sel                 | 0       |
|   mul_32ns_32ns_64_5_1_U699                       | 4   |        | mul_ln151_1     | mul       | auto                     | 4       |
|   mul_32ns_32ns_64_5_1_U700                       | 4   |        | mul_ln151_2     | mul       | auto                     | 4       |
|   mul_64s_64s_64_5_1_U704                         | 10  |        | mul_ln151_3     | mul       | auto                     | 4       |
|   and_ln151_fu_2093_p2                            |     |        | and_ln151       | and       | auto                     | 0       |
|   and_ln151_1_fu_2099_p2                          |     |        | and_ln151_1     | and       | auto                     | 0       |
|   select_ln151_1_fu_2105_p3                       |     |        | select_ln151_1  | select    | auto_sel                 | 0       |
|   empty_106_fu_2112_p3                            |     |        | empty_106       | select    | auto_sel                 | 0       |
|   mul_32ns_32ns_64_5_1_U701                       | 4   |        | mul_ln151_4     | mul       | auto                     | 4       |
|   mul_64s_32ns_64_5_1_U703                        | 7   |        | mul_ln151_5     | mul       | auto                     | 4       |
|   and_ln151_2_fu_2356_p2                          |     |        | and_ln151_2     | and       | auto                     | 0       |
|   select_ln151_2_fu_2361_p3                       |     |        | select_ln151_2  | select    | auto_sel                 | 0       |
|   empty_108_fu_2368_p3                            |     |        | empty_108       | select    | auto_sel                 | 0       |
|   select_ln151_3_fu_2122_p3                       |     |        | select_ln151_3  | select    | auto_sel                 | 0       |
|   empty_110_fu_2130_p3                            |     |        | empty_110       | select    | auto_sel                 | 0       |
|   smax_fu_2137_p3                                 |     |        | smax            | select    | auto_sel                 | 0       |
|   smax17_fu_2144_p3                               |     |        | smax17          | select    | auto_sel                 | 0       |
|   mul_31ns_31ns_62_5_1_U697                       | 4   |        | mul_ln90        | mul       | auto                     | 4       |
|   icmp_ln151_1_fu_2450_p2                         |     |        | icmp_ln151_1    | setlt     | auto                     | 0       |
|   add_ln151_fu_2455_p2                            |     |        | add_ln151       | add       | fabric                   | 0       |
|   icmp_ln166_fu_2465_p2                           |     |        | icmp_ln166      | setlt     | auto                     | 0       |
|   add_ln166_fu_2470_p2                            |     |        | add_ln166       | add       | fabric                   | 0       |
|   icmp_ln170_fu_2484_p2                           |     |        | icmp_ln170      | setlt     | auto                     | 0       |
|   add_ln170_fu_2489_p2                            |     |        | add_ln170       | add       | fabric                   | 0       |
|   icmp_ln172_fu_2503_p2                           |     |        | icmp_ln172      | setlt     | auto                     | 0       |
|   add_ln172_fu_2508_p2                            |     |        | add_ln172       | add       | fabric                   | 0       |
|   icmp_ln180_fu_3013_p2                           |     |        | icmp_ln180      | setlt     | auto                     | 0       |
|   add_ln180_fu_3018_p2                            |     |        | add_ln180       | add       | fabric                   | 0       |
|   add_ln183_fu_3040_p2                            |     |        | add_ln183       | add       | fabric                   | 0       |
|   icmp_ln183_fu_3050_p2                           |     |        | icmp_ln183      | setlt     | auto                     | 0       |
|   row_out_end_fu_3055_p3                          |     |        | row_out_end     | select    | auto_sel                 | 0       |
|   tr_valid_fu_3060_p2                             |     |        | tr_valid        | sub       | fabric                   | 0       |
|   add_ln186_fu_3065_p2                            |     |        | add_ln186       | add       | fabric                   | 0       |
|   mul_32s_32s_32_5_1_U702                         | 3   |        | mul_ln186       | mul       | auto                     | 4       |
|   in_tile_h_fu_3090_p2                            |     |        | in_tile_h       | add       | fabric                   | 0       |
|   mul_29ns_30s_30_5_1_U696                        | 3   |        | empty_114       | mul       | auto                     | 4       |
|   empty_115_fu_3078_p2                            |     |        | empty_115       | sub       | fabric                   | 0       |
|   add_ln189_1_fu_3095_p2                          |     |        | add_ln189_1     | add       | fabric                   | 0       |
|   icmp_ln189_fu_3104_p2                           |     |        | icmp_ln189      | setlt     | auto                     | 0       |
|   add_ln189_fu_3109_p2                            |     |        | add_ln189       | add       | fabric                   | 0       |
|   add_ln192_fu_3135_p2                            |     |        | add_ln192       | add       | fabric                   | 0       |
|   icmp_ln192_fu_3145_p2                           |     |        | icmp_ln192      | setlt     | auto                     | 0       |
|   col_out_end_fu_3259_p3                          |     |        | col_out_end     | select    | auto_sel                 | 0       |
|   tc_valid_fu_3264_p2                             |     |        | tc_valid        | sub       | fabric                   | 0       |
|   sub_ln194_fu_3162_p2                            |     |        | sub_ln194       | sub       | fabric                   | 0       |
|   add_ln195_fu_3269_p2                            |     |        | add_ln195       | add       | fabric                   | 0       |
|   mul_32s_32s_32_5_1_U702                         | 3   |        | mul_ln195       | mul       | auto                     | 4       |
|   in_tile_w_fu_3503_p2                            |     |        | in_tile_w       | add       | fabric                   | 0       |
|   cmp122_fu_3508_p2                               |     |        | cmp122          | setlt     | auto                     | 0       |
|   cmp129_fu_3295_p2                               |     |        | cmp129          | setlt     | auto                     | 0       |
|   empty_116_fu_3299_p2                            |     |        | empty_116       | add       | fabric                   | 0       |
|   icmp_fu_3524_p2                                 |     |        | icmp            | setlt     | auto                     | 0       |
|   cmp129_1_fu_3530_p2                             |     |        | cmp129_1        | setlt     | auto                     | 0       |
|   empty_118_fu_3316_p2                            |     |        | empty_118       | add       | fabric                   | 0       |
|   cmp122_2_fu_3534_p2                             |     |        | cmp122_2        | setlt     | auto                     | 0       |
|   cmp129_2_fu_3540_p2                             |     |        | cmp129_2        | setlt     | auto                     | 0       |
|   empty_120_fu_3333_p2                            |     |        | empty_120       | add       | fabric                   | 0       |
|   icmp49_fu_3554_p2                               |     |        | icmp49          | setlt     | auto                     | 0       |
|   cmp129_3_fu_3560_p2                             |     |        | cmp129_3        | setlt     | auto                     | 0       |
|   empty_122_fu_3350_p2                            |     |        | empty_122       | add       | fabric                   | 0       |
|   cmp122_4_fu_3564_p2                             |     |        | cmp122_4        | setlt     | auto                     | 0       |
|   cmp129_4_fu_3570_p2                             |     |        | cmp129_4        | setlt     | auto                     | 0       |
|   empty_124_fu_3367_p2                            |     |        | empty_124       | add       | fabric                   | 0       |
|   cmp122_5_fu_3574_p2                             |     |        | cmp122_5        | setlt     | auto                     | 0       |
|   cmp129_5_fu_3580_p2                             |     |        | cmp129_5        | setlt     | auto                     | 0       |
|   empty_126_fu_3384_p2                            |     |        | empty_126       | add       | fabric                   | 0       |
|   cmp122_6_fu_3584_p2                             |     |        | cmp122_6        | setlt     | auto                     | 0       |
|   cmp129_6_fu_3590_p2                             |     |        | cmp129_6        | setlt     | auto                     | 0       |
|   empty_128_fu_3401_p2                            |     |        | empty_128       | add       | fabric                   | 0       |
|   icmp64_fu_3604_p2                               |     |        | icmp64          | setlt     | auto                     | 0       |
|   cmp129_7_fu_3610_p2                             |     |        | cmp129_7        | setlt     | auto                     | 0       |
|   empty_130_fu_3418_p2                            |     |        | empty_130       | add       | fabric                   | 0       |
|   cmp122_8_fu_3614_p2                             |     |        | cmp122_8        | setlt     | auto                     | 0       |
|   cmp129_8_fu_3620_p2                             |     |        | cmp129_8        | setlt     | auto                     | 0       |
|   empty_132_fu_3435_p2                            |     |        | empty_132       | add       | fabric                   | 0       |
|   cmp122_9_fu_3624_p2                             |     |        | cmp122_9        | setlt     | auto                     | 0       |
|   cmp129_9_fu_3630_p2                             |     |        | cmp129_9        | setlt     | auto                     | 0       |
|   empty_134_fu_3452_p2                            |     |        | empty_134       | add       | fabric                   | 0       |
|   cmp122_10_fu_3634_p2                            |     |        | cmp122_10       | setlt     | auto                     | 0       |
|   cmp129_10_fu_3640_p2                            |     |        | cmp129_10       | setlt     | auto                     | 0       |
|   empty_136_fu_3469_p2                            |     |        | empty_136       | add       | fabric                   | 0       |
|   cmp122_11_fu_3644_p2                            |     |        | cmp122_11       | setlt     | auto                     | 0       |
|   cmp129_11_fu_3650_p2                            |     |        | cmp129_11       | setlt     | auto                     | 0       |
|   empty_138_fu_3486_p2                            |     |        | empty_138       | add       | fabric                   | 0       |
|   cmp122_12_fu_3654_p2                            |     |        | cmp122_12       | setlt     | auto                     | 0       |
|   cmp129_12_fu_3660_p2                            |     |        | cmp129_12       | setlt     | auto                     | 0       |
|  + dwconv_ip_Pipeline_PRELOAD_IN                  | 0   |        |                 |           |                          |         |
|    icmp_ln156_fu_361_p2                           |     |        | icmp_ln156      | setlt     | auto                     | 0       |
|    add_ln156_fu_367_p2                            |     |        | add_ln156       | add       | fabric                   | 0       |
|  + dwconv_ip_Pipeline_LOAD_DW_IN                  | 1   |        |                 |           |                          |         |
|    icmp_ln200_fu_2728_p2                          |     |        | icmp_ln200      | seteq     | auto                     | 0       |
|    add_ln200_fu_2734_p2                           |     |        | add_ln200       | add       | fabric                   | 0       |
|    icmp_ln202_fu_2748_p2                          |     |        | icmp_ln202      | setlt     | auto                     | 0       |
|    empty_81_fu_2754_p2                            |     |        | empty_81        | add       | fabric                   | 0       |
|    slt_fu_2776_p2                                 |     |        | slt             | setlt     | auto                     | 0       |
|    rev34_fu_2780_p2                               |     |        | rev34           | xor       | auto                     | 0       |
|    mul_12s_12s_12_2_1_U20                         | 1   |        | empty_83        | mul       | auto                     | 1       |
|    or_ln208_fu_2790_p2                            |     |        | or_ln208        | or        | auto                     | 0       |
|    or_ln208_1_fu_3242_p2                          |     |        | or_ln208_1      | or        | auto                     | 0       |
|    or_ln208_14_fu_3246_p2                         |     |        | or_ln208_14     | or        | auto                     | 0       |
|    xor_ln208_fu_3251_p2                           |     |        | xor_ln208       | xor       | auto                     | 0       |
|    and_ln208_fu_3257_p2                           |     |        | and_ln208       | and       | auto                     | 0       |
|    add_ln211_fu_2796_p2                           |     |        | add_ln211       | add       | fabric                   | 0       |
|    sparsemux_33_4_8_1_1_U21                       |     |        | tmp_9           | sparsemux | compactencoding_dontcare | 0       |
|    ref_tmp121_0_fu_3333_p3                        |     |        | ref_tmp121_0    | select    | auto_sel                 | 0       |
|    or_ln208_2_fu_3419_p2                          |     |        | or_ln208_2      | or        | auto                     | 0       |
|    or_ln208_15_fu_3423_p2                         |     |        | or_ln208_15     | or        | auto                     | 0       |
|    xor_ln208_1_fu_3428_p2                         |     |        | xor_ln208_1     | xor       | auto                     | 0       |
|    and_ln208_1_fu_3434_p2                         |     |        | and_ln208_1     | and       | auto                     | 0       |
|    add_ln211_1_fu_2834_p2                         |     |        | add_ln211_1     | add       | fabric                   | 0       |
|    sparsemux_33_4_8_1_1_U22                       |     |        | tmp_s           | sparsemux | compactencoding_dontcare | 0       |
|    ref_tmp121_0_1_fu_3510_p3                      |     |        | ref_tmp121_0_1  | select    | auto_sel                 | 0       |
|    or_ln208_3_fu_3596_p2                          |     |        | or_ln208_3      | or        | auto                     | 0       |
|    or_ln208_16_fu_3600_p2                         |     |        | or_ln208_16     | or        | auto                     | 0       |
|    xor_ln208_2_fu_3605_p2                         |     |        | xor_ln208_2     | xor       | auto                     | 0       |
|    and_ln208_2_fu_3611_p2                         |     |        | and_ln208_2     | and       | auto                     | 0       |
|    add_ln211_2_fu_2868_p2                         |     |        | add_ln211_2     | add       | fabric                   | 0       |
|    sparsemux_33_4_8_1_1_U23                       |     |        | tmp_1           | sparsemux | compactencoding_dontcare | 0       |
|    ref_tmp121_0_2_fu_3687_p3                      |     |        | ref_tmp121_0_2  | select    | auto_sel                 | 0       |
|    or_ln208_4_fu_3773_p2                          |     |        | or_ln208_4      | or        | auto                     | 0       |
|    or_ln208_17_fu_3777_p2                         |     |        | or_ln208_17     | or        | auto                     | 0       |
|    xor_ln208_3_fu_3782_p2                         |     |        | xor_ln208_3     | xor       | auto                     | 0       |
|    and_ln208_3_fu_3788_p2                         |     |        | and_ln208_3     | and       | auto                     | 0       |
|    add_ln211_3_fu_2902_p2                         |     |        | add_ln211_3     | add       | fabric                   | 0       |
|    sparsemux_33_4_8_1_1_U24                       |     |        | tmp_2           | sparsemux | compactencoding_dontcare | 0       |
|    ref_tmp121_0_3_fu_3864_p3                      |     |        | ref_tmp121_0_3  | select    | auto_sel                 | 0       |
|    or_ln208_5_fu_3950_p2                          |     |        | or_ln208_5      | or        | auto                     | 0       |
|    or_ln208_18_fu_3954_p2                         |     |        | or_ln208_18     | or        | auto                     | 0       |
|    xor_ln208_4_fu_3959_p2                         |     |        | xor_ln208_4     | xor       | auto                     | 0       |
|    and_ln208_4_fu_3965_p2                         |     |        | and_ln208_4     | and       | auto                     | 0       |
|    add_ln211_4_fu_2936_p2                         |     |        | add_ln211_4     | add       | fabric                   | 0       |
|    sparsemux_33_4_8_1_1_U25                       |     |        | tmp_3           | sparsemux | compactencoding_dontcare | 0       |
|    ref_tmp121_0_4_fu_4041_p3                      |     |        | ref_tmp121_0_4  | select    | auto_sel                 | 0       |
|    or_ln208_6_fu_4127_p2                          |     |        | or_ln208_6      | or        | auto                     | 0       |
|    or_ln208_19_fu_4131_p2                         |     |        | or_ln208_19     | or        | auto                     | 0       |
|    xor_ln208_5_fu_4136_p2                         |     |        | xor_ln208_5     | xor       | auto                     | 0       |
|    and_ln208_5_fu_4142_p2                         |     |        | and_ln208_5     | and       | auto                     | 0       |
|    add_ln211_5_fu_2970_p2                         |     |        | add_ln211_5     | add       | fabric                   | 0       |
|    sparsemux_33_4_8_1_1_U26                       |     |        | tmp_4           | sparsemux | compactencoding_dontcare | 0       |
|    ref_tmp121_0_5_fu_4218_p3                      |     |        | ref_tmp121_0_5  | select    | auto_sel                 | 0       |
|    or_ln208_7_fu_4304_p2                          |     |        | or_ln208_7      | or        | auto                     | 0       |
|    or_ln208_20_fu_4308_p2                         |     |        | or_ln208_20     | or        | auto                     | 0       |
|    xor_ln208_6_fu_4313_p2                         |     |        | xor_ln208_6     | xor       | auto                     | 0       |
|    and_ln208_6_fu_4319_p2                         |     |        | and_ln208_6     | and       | auto                     | 0       |
|    add_ln211_6_fu_3004_p2                         |     |        | add_ln211_6     | add       | fabric                   | 0       |
|    sparsemux_33_4_8_1_1_U27                       |     |        | tmp_5           | sparsemux | compactencoding_dontcare | 0       |
|    ref_tmp121_0_6_fu_4395_p3                      |     |        | ref_tmp121_0_6  | select    | auto_sel                 | 0       |
|    or_ln208_8_fu_4481_p2                          |     |        | or_ln208_8      | or        | auto                     | 0       |
|    or_ln208_21_fu_4485_p2                         |     |        | or_ln208_21     | or        | auto                     | 0       |
|    xor_ln208_7_fu_4490_p2                         |     |        | xor_ln208_7     | xor       | auto                     | 0       |
|    and_ln208_7_fu_4496_p2                         |     |        | and_ln208_7     | and       | auto                     | 0       |
|    add_ln211_7_fu_3038_p2                         |     |        | add_ln211_7     | add       | fabric                   | 0       |
|    sparsemux_33_4_8_1_1_U28                       |     |        | tmp_6           | sparsemux | compactencoding_dontcare | 0       |
|    ref_tmp121_0_7_fu_4572_p3                      |     |        | ref_tmp121_0_7  | select    | auto_sel                 | 0       |
|    or_ln208_9_fu_4658_p2                          |     |        | or_ln208_9      | or        | auto                     | 0       |
|    or_ln208_22_fu_4662_p2                         |     |        | or_ln208_22     | or        | auto                     | 0       |
|    xor_ln208_8_fu_4667_p2                         |     |        | xor_ln208_8     | xor       | auto                     | 0       |
|    and_ln208_8_fu_4673_p2                         |     |        | and_ln208_8     | and       | auto                     | 0       |
|    add_ln211_8_fu_3072_p2                         |     |        | add_ln211_8     | add       | fabric                   | 0       |
|    sparsemux_33_4_8_1_1_U29                       |     |        | tmp_7           | sparsemux | compactencoding_dontcare | 0       |
|    ref_tmp121_0_8_fu_4749_p3                      |     |        | ref_tmp121_0_8  | select    | auto_sel                 | 0       |
|    or_ln208_10_fu_4835_p2                         |     |        | or_ln208_10     | or        | auto                     | 0       |
|    or_ln208_23_fu_4839_p2                         |     |        | or_ln208_23     | or        | auto                     | 0       |
|    xor_ln208_9_fu_4844_p2                         |     |        | xor_ln208_9     | xor       | auto                     | 0       |
|    and_ln208_9_fu_4850_p2                         |     |        | and_ln208_9     | and       | auto                     | 0       |
|    add_ln211_9_fu_3106_p2                         |     |        | add_ln211_9     | add       | fabric                   | 0       |
|    sparsemux_33_4_8_1_1_U30                       |     |        | tmp_8           | sparsemux | compactencoding_dontcare | 0       |
|    ref_tmp121_0_9_fu_4926_p3                      |     |        | ref_tmp121_0_9  | select    | auto_sel                 | 0       |
|    or_ln208_11_fu_5012_p2                         |     |        | or_ln208_11     | or        | auto                     | 0       |
|    or_ln208_24_fu_5016_p2                         |     |        | or_ln208_24     | or        | auto                     | 0       |
|    xor_ln208_10_fu_5021_p2                        |     |        | xor_ln208_10    | xor       | auto                     | 0       |
|    and_ln208_10_fu_5027_p2                        |     |        | and_ln208_10    | and       | auto                     | 0       |
|    add_ln211_10_fu_3140_p2                        |     |        | add_ln211_10    | add       | fabric                   | 0       |
|    sparsemux_33_4_8_1_1_U31                       |     |        | tmp_10          | sparsemux | compactencoding_dontcare | 0       |
|    ref_tmp121_0_10_fu_5103_p3                     |     |        | ref_tmp121_0_10 | select    | auto_sel                 | 0       |
|    or_ln208_12_fu_5189_p2                         |     |        | or_ln208_12     | or        | auto                     | 0       |
|    or_ln208_25_fu_5193_p2                         |     |        | or_ln208_25     | or        | auto                     | 0       |
|    xor_ln208_11_fu_5198_p2                        |     |        | xor_ln208_11    | xor       | auto                     | 0       |
|    and_ln208_11_fu_5204_p2                        |     |        | and_ln208_11    | and       | auto                     | 0       |
|    add_ln211_11_fu_3174_p2                        |     |        | add_ln211_11    | add       | fabric                   | 0       |
|    sparsemux_33_4_8_1_1_U32                       |     |        | tmp_11          | sparsemux | compactencoding_dontcare | 0       |
|    ref_tmp121_0_11_fu_5280_p3                     |     |        | ref_tmp121_0_11 | select    | auto_sel                 | 0       |
|    or_ln208_13_fu_5366_p2                         |     |        | or_ln208_13     | or        | auto                     | 0       |
|    or_ln208_26_fu_5370_p2                         |     |        | or_ln208_26     | or        | auto                     | 0       |
|    xor_ln208_12_fu_5375_p2                        |     |        | xor_ln208_12    | xor       | auto                     | 0       |
|    and_ln208_12_fu_5381_p2                        |     |        | and_ln208_12    | and       | auto                     | 0       |
|    add_ln211_12_fu_3208_p2                        |     |        | add_ln211_12    | add       | fabric                   | 0       |
|    sparsemux_33_4_8_1_1_U33                       |     |        | tmp_39          | sparsemux | compactencoding_dontcare | 0       |
|    ref_tmp121_0_12_fu_5457_p3                     |     |        | ref_tmp121_0_12 | select    | auto_sel                 | 0       |
|  + dwconv_ip_Pipeline_COMPUTE_DW_KH_COMPUTE_DW_KW | 8   |        |                 |           |                          |         |
|    cmp567129_fu_1992_p2                           |     |        | cmp567129       | setgt     | auto                     | 0       |
|    icmp_ln239_fu_2039_p2                          |     |        | icmp_ln239      | setlt     | auto                     | 0       |
|    icmp_ln237_fu_2016_p2                          |     |        | icmp_ln237      | seteq     | auto                     | 0       |
|    add_ln237_fu_2021_p2                           |     |        | add_ln237       | add       | fabric                   | 0       |
|    select_ln237_fu_2047_p3                        |     |        | select_ln237    | select    | auto_sel                 | 0       |
|    add_ln237_1_fu_2055_p2                         |     |        | add_ln237_1     | add       | fabric                   | 0       |
|    select_ln237_1_fu_2061_p3                      |     |        | select_ln237_1  | select    | auto_sel                 | 0       |
|    first_iter_0_fu_2089_p2                        |     |        | first_iter_0    | seteq     | auto                     | 0       |
|    empty_100_fu_2094_p2                           |     |        | empty_100       | add       | fabric                   | 0       |
|    empty_101_fu_2098_p2                           |     |        | empty_101       | add       | fabric                   | 0       |
|    empty_102_fu_2102_p2                           |     |        | empty_102       | add       | fabric                   | 0       |
|    sparsemux_15_4_8_1_1_U289                      |     |        | tmp_s           | sparsemux | compactencoding_dontcare | 0       |
|    sparsemux_15_4_8_1_1_U290                      |     |        | tmp_8           | sparsemux | compactencoding_dontcare | 0       |
|    sparsemux_15_4_8_1_1_U291                      |     |        | tmp_10          | sparsemux | compactencoding_dontcare | 0       |
|    sparsemux_15_4_8_1_1_U292                      |     |        | tmp_11          | sparsemux | compactencoding_dontcare | 0       |
|    sparsemux_15_4_8_1_1_U293                      |     |        | tmp_12          | sparsemux | compactencoding_dontcare | 0       |
|    sparsemux_15_4_8_1_1_U294                      |     |        | tmp_13          | sparsemux | compactencoding_dontcare | 0       |
|    sparsemux_15_4_8_1_1_U295                      |     |        | tmp_14          | sparsemux | compactencoding_dontcare | 0       |
|    sparsemux_15_4_8_1_1_U296                      |     |        | w               | sparsemux | compactencoding_dontcare | 0       |
|    add_ln254_fu_2347_p2                           |     |        | add_ln254       | add       | fabric                   | 0       |
|    sparsemux_27_4_8_1_1_U297                      |     |        | tmp_15          | sparsemux | compactencoding_dontcare | 0       |
|    sparsemux_27_4_8_1_1_U298                      |     |        | tmp_16          | sparsemux | compactencoding_dontcare | 0       |
|    sparsemux_27_4_8_1_1_U299                      |     |        | tmp_17          | sparsemux | compactencoding_dontcare | 0       |
|    sparsemux_27_4_8_1_1_U300                      |     |        | tmp_18          | sparsemux | compactencoding_dontcare | 0       |
|    sparsemux_27_4_8_1_1_U301                      |     |        | tmp_19          | sparsemux | compactencoding_dontcare | 0       |
|    sparsemux_27_4_8_1_1_U302                      |     |        | tmp_20          | sparsemux | compactencoding_dontcare | 0       |
|    sparsemux_27_4_8_1_1_U303                      |     |        | tmp_21          | sparsemux | compactencoding_dontcare | 0       |
|    sparsemux_27_4_8_1_1_U304                      |     |        | tmp_22          | sparsemux | compactencoding_dontcare | 0       |
|    sparsemux_27_4_8_1_1_U305                      |     |        | tmp_23          | sparsemux | compactencoding_dontcare | 0       |
|    sparsemux_27_4_8_1_1_U306                      |     |        | tmp_24          | sparsemux | compactencoding_dontcare | 0       |
|    sparsemux_27_4_8_1_1_U307                      |     |        | tmp_25          | sparsemux | compactencoding_dontcare | 0       |
|    sparsemux_27_4_8_1_1_U308                      |     |        | tmp_26          | sparsemux | compactencoding_dontcare | 0       |
|    sparsemux_27_4_8_1_1_U309                      |     |        | tmp_27          | sparsemux | compactencoding_dontcare | 0       |
|    sparsemux_27_4_8_1_1_U349                      |     |        | fi0             | sparsemux | compactencoding_dontcare | 0       |
|    sparsemux_27_4_8_1_1_U310                      |     |        | tmp_28          | sparsemux | compactencoding_dontcare | 0       |
|    sparsemux_27_4_8_1_1_U311                      |     |        | tmp_29          | sparsemux | compactencoding_dontcare | 0       |
|    sparsemux_27_4_8_1_1_U312                      |     |        | tmp_30          | sparsemux | compactencoding_dontcare | 0       |
|    sparsemux_27_4_8_1_1_U313                      |     |        | tmp_31          | sparsemux | compactencoding_dontcare | 0       |
|    sparsemux_27_4_8_1_1_U314                      |     |        | tmp_32          | sparsemux | compactencoding_dontcare | 0       |
|    sparsemux_27_4_8_1_1_U315                      |     |        | tmp_33          | sparsemux | compactencoding_dontcare | 0       |
|    sparsemux_27_4_8_1_1_U316                      |     |        | tmp_34          | sparsemux | compactencoding_dontcare | 0       |
|    sparsemux_27_4_8_1_1_U317                      |     |        | tmp_35          | sparsemux | compactencoding_dontcare | 0       |
|    sparsemux_27_4_8_1_1_U318                      |     |        | tmp_36          | sparsemux | compactencoding_dontcare | 0       |
|    sparsemux_27_4_8_1_1_U319                      |     |        | tmp_37          | sparsemux | compactencoding_dontcare | 0       |
|    sparsemux_27_4_8_1_1_U320                      |     |        | tmp_38          | sparsemux | compactencoding_dontcare | 0       |
|    sparsemux_27_4_8_1_1_U321                      |     |        | tmp_39          | sparsemux | compactencoding_dontcare | 0       |
|    sparsemux_27_4_8_1_1_U322                      |     |        | tmp_40          | sparsemux | compactencoding_dontcare | 0       |
|    sparsemux_27_4_8_1_1_U350                      |     |        | fi1             | sparsemux | compactencoding_dontcare | 0       |
|    am_addmul_24s_8s_8s_33_4_1_U365                | 1   |        | sum             | add       | dsp_slice                | 3       |
|    am_addmul_24s_8s_8s_33_4_1_U365                | 1   |        | sext_ln81       | sext      | dsp_slice                | 3       |
|    am_addmul_24s_8s_8s_33_4_1_U365                | 1   |        | p               | mul       | dsp_slice                | 3       |
|    slot1_fu_6317_p2                               |     |        | slot1           | add       | fabric                   | 0       |
|    slot1_16_fu_5013_p3                            |     |        | slot1_16        | select    | auto_sel                 | 0       |
|    add_ln259_fu_5026_p2                           |     |        | add_ln259       | add       | fabric                   | 0       |
|    add_ln260_fu_5032_p2                           |     |        | add_ln260       | add       | fabric                   | 0       |
|    add_ln253_fu_3574_p2                           |     |        | add_ln253       | add       | fabric                   | 0       |
|    add_ln254_1_fu_3579_p2                         |     |        | add_ln254_1     | add       | fabric                   | 0       |
|    sparsemux_27_4_8_1_1_U323                      |     |        | tmp_41          | sparsemux | compactencoding_dontcare | 0       |
|    sparsemux_27_4_8_1_1_U324                      |     |        | tmp_42          | sparsemux | compactencoding_dontcare | 0       |
|    sparsemux_27_4_8_1_1_U325                      |     |        | tmp_43          | sparsemux | compactencoding_dontcare | 0       |
|    sparsemux_27_4_8_1_1_U326                      |     |        | tmp_44          | sparsemux | compactencoding_dontcare | 0       |
|    sparsemux_27_4_8_1_1_U327                      |     |        | tmp_45          | sparsemux | compactencoding_dontcare | 0       |
|    sparsemux_27_4_8_1_1_U328                      |     |        | tmp_46          | sparsemux | compactencoding_dontcare | 0       |
|    sparsemux_27_4_8_1_1_U329                      |     |        | tmp_47          | sparsemux | compactencoding_dontcare | 0       |
|    sparsemux_27_4_8_1_1_U330                      |     |        | tmp_48          | sparsemux | compactencoding_dontcare | 0       |
|    sparsemux_27_4_8_1_1_U331                      |     |        | tmp_49          | sparsemux | compactencoding_dontcare | 0       |
|    sparsemux_27_4_8_1_1_U332                      |     |        | tmp_50          | sparsemux | compactencoding_dontcare | 0       |
|    sparsemux_27_4_8_1_1_U333                      |     |        | tmp_51          | sparsemux | compactencoding_dontcare | 0       |
|    sparsemux_27_4_8_1_1_U334                      |     |        | tmp_52          | sparsemux | compactencoding_dontcare | 0       |
|    sparsemux_27_4_8_1_1_U335                      |     |        | tmp_53          | sparsemux | compactencoding_dontcare | 0       |
|    sparsemux_27_4_8_1_1_U351                      |     |        | fi0_1           | sparsemux | compactencoding_dontcare | 0       |
|    sparsemux_27_4_8_1_1_U336                      |     |        | tmp_54          | sparsemux | compactencoding_dontcare | 0       |
|    sparsemux_27_4_8_1_1_U337                      |     |        | tmp_55          | sparsemux | compactencoding_dontcare | 0       |
|    sparsemux_27_4_8_1_1_U338                      |     |        | tmp_56          | sparsemux | compactencoding_dontcare | 0       |
|    sparsemux_27_4_8_1_1_U339                      |     |        | tmp_57          | sparsemux | compactencoding_dontcare | 0       |
|    sparsemux_27_4_8_1_1_U340                      |     |        | tmp_58          | sparsemux | compactencoding_dontcare | 0       |
|    sparsemux_27_4_8_1_1_U341                      |     |        | tmp_59          | sparsemux | compactencoding_dontcare | 0       |
|    sparsemux_27_4_8_1_1_U342                      |     |        | tmp_60          | sparsemux | compactencoding_dontcare | 0       |
|    sparsemux_27_4_8_1_1_U343                      |     |        | tmp_61          | sparsemux | compactencoding_dontcare | 0       |
|    sparsemux_27_4_8_1_1_U344                      |     |        | tmp_62          | sparsemux | compactencoding_dontcare | 0       |
|    sparsemux_27_4_8_1_1_U345                      |     |        | tmp_63          | sparsemux | compactencoding_dontcare | 0       |
|    sparsemux_27_4_8_1_1_U346                      |     |        | tmp_64          | sparsemux | compactencoding_dontcare | 0       |
|    sparsemux_27_4_8_1_1_U347                      |     |        | tmp_65          | sparsemux | compactencoding_dontcare | 0       |
|    sparsemux_27_4_8_1_1_U348                      |     |        | tmp_66          | sparsemux | compactencoding_dontcare | 0       |
|    sparsemux_27_4_8_1_1_U352                      |     |        | fi1_1           | sparsemux | compactencoding_dontcare | 0       |
|    am_addmul_24s_8s_8s_33_4_1_U366                | 1   |        | sum_1           | add       | dsp_slice                | 3       |
|    am_addmul_24s_8s_8s_33_4_1_U366                | 1   |        | sext_ln81_1     | sext      | dsp_slice                | 3       |
|    am_addmul_24s_8s_8s_33_4_1_U366                | 1   |        | p_1             | mul       | dsp_slice                | 3       |
|    slot1_2_fu_6335_p2                             |     |        | slot1_2         | add       | fabric                   | 0       |
|    slot1_17_fu_5045_p3                            |     |        | slot1_17        | select    | auto_sel                 | 0       |
|    add_ln259_1_fu_5058_p2                         |     |        | add_ln259_1     | add       | fabric                   | 0       |
|    add_ln260_1_fu_5064_p2                         |     |        | add_ln260_1     | add       | fabric                   | 0       |
|    sparsemux_27_4_8_1_1_U353                      |     |        | fi0_2           | sparsemux | compactencoding_dontcare | 0       |
|    sparsemux_27_4_8_1_1_U354                      |     |        | fi1_2           | sparsemux | compactencoding_dontcare | 0       |
|    am_addmul_24s_8s_8s_33_4_1_U367                | 1   |        | sum_2           | add       | dsp_slice                | 3       |
|    am_addmul_24s_8s_8s_33_4_1_U367                | 1   |        | sext_ln81_2     | sext      | dsp_slice                | 3       |
|    am_addmul_24s_8s_8s_33_4_1_U367                | 1   |        | p_2             | mul       | dsp_slice                | 3       |
|    slot1_4_fu_6353_p2                             |     |        | slot1_4         | add       | fabric                   | 0       |
|    slot1_18_fu_5077_p3                            |     |        | slot1_18        | select    | auto_sel                 | 0       |
|    add_ln259_2_fu_5090_p2                         |     |        | add_ln259_2     | add       | fabric                   | 0       |
|    add_ln260_2_fu_5096_p2                         |     |        | add_ln260_2     | add       | fabric                   | 0       |
|    sparsemux_27_4_8_1_1_U355                      |     |        | fi0_3           | sparsemux | compactencoding_dontcare | 0       |
|    sparsemux_27_4_8_1_1_U356                      |     |        | fi1_3           | sparsemux | compactencoding_dontcare | 0       |
|    am_addmul_24s_8s_8s_33_4_1_U368                | 1   |        | sum_3           | add       | dsp_slice                | 3       |
|    am_addmul_24s_8s_8s_33_4_1_U368                | 1   |        | sext_ln81_3     | sext      | dsp_slice                | 3       |
|    am_addmul_24s_8s_8s_33_4_1_U368                | 1   |        | p_3             | mul       | dsp_slice                | 3       |
|    slot1_6_fu_6371_p2                             |     |        | slot1_6         | add       | fabric                   | 0       |
|    slot1_19_fu_5109_p3                            |     |        | slot1_19        | select    | auto_sel                 | 0       |
|    add_ln259_3_fu_5122_p2                         |     |        | add_ln259_3     | add       | fabric                   | 0       |
|    add_ln260_3_fu_5128_p2                         |     |        | add_ln260_3     | add       | fabric                   | 0       |
|    sparsemux_27_4_8_1_1_U357                      |     |        | fi0_4           | sparsemux | compactencoding_dontcare | 0       |
|    sparsemux_27_4_8_1_1_U358                      |     |        | fi1_4           | sparsemux | compactencoding_dontcare | 0       |
|    am_addmul_24s_8s_8s_33_4_1_U369                | 1   |        | sum_4           | add       | dsp_slice                | 3       |
|    am_addmul_24s_8s_8s_33_4_1_U369                | 1   |        | sext_ln81_4     | sext      | dsp_slice                | 3       |
|    am_addmul_24s_8s_8s_33_4_1_U369                | 1   |        | p_4             | mul       | dsp_slice                | 3       |
|    slot1_8_fu_6389_p2                             |     |        | slot1_8         | add       | fabric                   | 0       |
|    slot1_20_fu_5141_p3                            |     |        | slot1_20        | select    | auto_sel                 | 0       |
|    add_ln259_4_fu_5154_p2                         |     |        | add_ln259_4     | add       | fabric                   | 0       |
|    add_ln260_4_fu_5160_p2                         |     |        | add_ln260_4     | add       | fabric                   | 0       |
|    sparsemux_27_4_8_1_1_U359                      |     |        | fi0_5           | sparsemux | compactencoding_dontcare | 0       |
|    sparsemux_27_4_8_1_1_U360                      |     |        | fi1_5           | sparsemux | compactencoding_dontcare | 0       |
|    am_addmul_24s_8s_8s_33_4_1_U370                | 1   |        | sum_5           | add       | dsp_slice                | 3       |
|    am_addmul_24s_8s_8s_33_4_1_U370                | 1   |        | sext_ln81_5     | sext      | dsp_slice                | 3       |
|    am_addmul_24s_8s_8s_33_4_1_U370                | 1   |        | p_5             | mul       | dsp_slice                | 3       |
|    slot1_10_fu_6407_p2                            |     |        | slot1_10        | add       | fabric                   | 0       |
|    slot1_21_fu_5173_p3                            |     |        | slot1_21        | select    | auto_sel                 | 0       |
|    add_ln259_5_fu_5186_p2                         |     |        | add_ln259_5     | add       | fabric                   | 0       |
|    add_ln260_5_fu_5192_p2                         |     |        | add_ln260_5     | add       | fabric                   | 0       |
|    sparsemux_27_4_8_1_1_U361                      |     |        | fi0_6           | sparsemux | compactencoding_dontcare | 0       |
|    sparsemux_27_4_8_1_1_U362                      |     |        | fi1_6           | sparsemux | compactencoding_dontcare | 0       |
|    am_addmul_24s_8s_8s_33_4_1_U371                | 1   |        | sum_6           | add       | dsp_slice                | 3       |
|    am_addmul_24s_8s_8s_33_4_1_U371                | 1   |        | sext_ln81_6     | sext      | dsp_slice                | 3       |
|    am_addmul_24s_8s_8s_33_4_1_U371                | 1   |        | p_6             | mul       | dsp_slice                | 3       |
|    slot1_12_fu_6425_p2                            |     |        | slot1_12        | add       | fabric                   | 0       |
|    slot1_22_fu_5205_p3                            |     |        | slot1_22        | select    | auto_sel                 | 0       |
|    add_ln259_6_fu_5218_p2                         |     |        | add_ln259_6     | add       | fabric                   | 0       |
|    add_ln260_6_fu_5224_p2                         |     |        | add_ln260_6     | add       | fabric                   | 0       |
|    sparsemux_27_4_8_1_1_U363                      |     |        | fi0_7           | sparsemux | compactencoding_dontcare | 0       |
|    sparsemux_27_4_8_1_1_U364                      |     |        | fi1_7           | sparsemux | compactencoding_dontcare | 0       |
|    am_addmul_24s_8s_8s_33_4_1_U372                | 1   |        | sum_7           | add       | dsp_slice                | 3       |
|    am_addmul_24s_8s_8s_33_4_1_U372                | 1   |        | sext_ln81_7     | sext      | dsp_slice                | 3       |
|    am_addmul_24s_8s_8s_33_4_1_U372                | 1   |        | p_7             | mul       | dsp_slice                | 3       |
|    slot1_14_fu_6443_p2                            |     |        | slot1_14        | add       | fabric                   | 0       |
|    slot1_23_fu_5237_p3                            |     |        | slot1_23        | select    | auto_sel                 | 0       |
|    add_ln259_7_fu_5250_p2                         |     |        | add_ln259_7     | add       | fabric                   | 0       |
|    add_ln260_7_fu_5256_p2                         |     |        | add_ln260_7     | add       | fabric                   | 0       |
|    add_ln239_fu_2073_p2                           |     |        | add_ln239       | add       | fabric                   | 0       |
|    icmp_ln239_1_fu_4809_p2                        |     |        | icmp_ln239_1    | setlt     | auto                     | 0       |
|  + dwconv_ip_Pipeline_STORE_DW_OUT                | 1   |        |                 |           |                          |         |
|    cmp243_fu_992_p2                               |     |        | cmp243          | setgt     | auto                     | 0       |
|    icmp104_fu_998_p2                              |     |        | icmp104         | setgt     | auto                     | 0       |
|    cmp243_2_fu_1004_p2                            |     |        | cmp243_2        | setgt     | auto                     | 0       |
|    icmp107_fu_1010_p2                             |     |        | icmp107         | setgt     | auto                     | 0       |
|    icmp_ln268_fu_1024_p2                          |     |        | icmp_ln268      | seteq     | auto                     | 0       |
|    add_ln268_fu_1030_p2                           |     |        | add_ln268       | add       | fabric                   | 0       |
|    icmp_ln270_fu_1048_p2                          |     |        | icmp_ln270      | setlt     | auto                     | 0       |
|    am_addmul_3ns_12ns_12s_12_4_1_U622             | 1   |        | add_ln271       | add       | dsp_slice                | 3       |
|    am_addmul_3ns_12ns_12s_12_4_1_U622             | 1   |        | empty_80        | mul       | dsp_slice                | 3       |
|    sparsemux_9_2_32_1_1_U618                      |     |        | val             | sparsemux | compactencoding_dontcare | 0       |
|    ashr_ln36_fu_1155_p2                           |     |        | ashr_ln36       | ashr      | auto_pipe                | 0       |
|    shl_ln36_fu_1159_p2                            |     |        | shl_ln36        | shl       | auto_pipe                | 0       |
|    s_fu_1163_p3                                   |     |        | s               | select    | auto_sel                 | 0       |
|    icmp_ln38_fu_1178_p2                           |     |        | icmp_ln38       | setgt     | auto                     | 0       |
|    icmp_ln39_fu_1184_p2                           |     |        | icmp_ln39       | setlt     | auto                     | 0       |
|    select_ln38_fu_1194_p3                         |     |        | select_ln38     | select    | auto_sel                 | 0       |
|    or_ln38_fu_1202_p2                             |     |        | or_ln38         | or        | auto                     | 0       |
|    r_3_fu_1208_p3                                 |     |        | r_3             | select    | auto_sel                 | 0       |
|    and_ln41_fu_1370_p2                            |     |        | and_ln41        | and       | auto                     | 0       |
|    r_4_fu_1375_p3                                 |     |        | r_4             | select    | auto_sel                 | 0       |
|    add_ln276_fu_1227_p2                           |     |        | add_ln276       | add       | fabric                   | 0       |
|    sparsemux_9_2_32_1_1_U619                      |     |        | val_1           | sparsemux | compactencoding_dontcare | 0       |
|    ashr_ln36_1_fu_1216_p2                         |     |        | ashr_ln36_1     | ashr      | auto_pipe                | 0       |
|    shl_ln36_1_fu_1220_p2                          |     |        | shl_ln36_1      | shl       | auto_pipe                | 0       |
|    s_1_fu_1245_p3                                 |     |        | s_1             | select    | auto_sel                 | 0       |
|    icmp_ln38_1_fu_1260_p2                         |     |        | icmp_ln38_1     | setgt     | auto                     | 0       |
|    icmp_ln39_1_fu_1266_p2                         |     |        | icmp_ln39_1     | setlt     | auto                     | 0       |
|    select_ln38_2_fu_1276_p3                       |     |        | select_ln38_2   | select    | auto_sel                 | 0       |
|    or_ln38_1_fu_1284_p2                           |     |        | or_ln38_1       | or        | auto                     | 0       |
|    r_6_fu_1290_p3                                 |     |        | r_6             | select    | auto_sel                 | 0       |
|    and_ln41_1_fu_1485_p2                          |     |        | and_ln41_1      | and       | auto                     | 0       |
|    r_7_fu_1490_p3                                 |     |        | r_7             | select    | auto_sel                 | 0       |
|    add_ln276_1_fu_1298_p2                         |     |        | add_ln276_1     | add       | fabric                   | 0       |
|    add_ln276_2_fu_1303_p2                         |     |        | add_ln276_2     | add       | fabric                   | 0       |
|    sparsemux_9_2_32_1_1_U620                      |     |        | val_2           | sparsemux | compactencoding_dontcare | 0       |
|    ashr_ln36_2_fu_1317_p2                         |     |        | ashr_ln36_2     | ashr      | auto_pipe                | 0       |
|    shl_ln36_2_fu_1321_p2                          |     |        | shl_ln36_2      | shl       | auto_pipe                | 0       |
|    s_2_fu_1417_p3                                 |     |        | s_2             | select    | auto_sel                 | 0       |
|    icmp_ln38_2_fu_1432_p2                         |     |        | icmp_ln38_2     | setgt     | auto                     | 0       |
|    icmp_ln39_2_fu_1438_p2                         |     |        | icmp_ln39_2     | setlt     | auto                     | 0       |
|    select_ln38_4_fu_1448_p3                       |     |        | select_ln38_4   | select    | auto_sel                 | 0       |
|    or_ln38_2_fu_1456_p2                           |     |        | or_ln38_2       | or        | auto                     | 0       |
|    r_9_fu_1462_p3                                 |     |        | r_9             | select    | auto_sel                 | 0       |
|    and_ln41_2_fu_1592_p2                          |     |        | and_ln41_2      | and       | auto                     | 0       |
|    r_10_fu_1597_p3                                |     |        | r_10            | select    | auto_sel                 | 0       |
|    add_ln276_3_fu_1325_p2                         |     |        | add_ln276_3     | add       | fabric                   | 0       |
|    add_ln276_4_fu_1330_p2                         |     |        | add_ln276_4     | add       | fabric                   | 0       |
|    sparsemux_9_2_32_1_1_U621                      |     |        | val_3           | sparsemux | compactencoding_dontcare | 0       |
|    ashr_ln36_3_fu_1470_p2                         |     |        | ashr_ln36_3     | ashr      | auto_pipe                | 0       |
|    shl_ln36_3_fu_1474_p2                          |     |        | shl_ln36_3      | shl       | auto_pipe                | 0       |
|    s_3_fu_1532_p3                                 |     |        | s_3             | select    | auto_sel                 | 0       |
|    icmp_ln38_3_fu_1547_p2                         |     |        | icmp_ln38_3     | setgt     | auto                     | 0       |
|    icmp_ln39_3_fu_1553_p2                         |     |        | icmp_ln39_3     | setlt     | auto                     | 0       |
|    select_ln38_6_fu_1563_p3                       |     |        | select_ln38_6   | select    | auto_sel                 | 0       |
|    or_ln38_3_fu_1571_p2                           |     |        | or_ln38_3       | or        | auto                     | 0       |
|    r_12_fu_1577_p3                                |     |        | r_12            | select    | auto_sel                 | 0       |
|    and_ln41_3_fu_1646_p2                          |     |        | and_ln41_3      | and       | auto                     | 0       |
|    r_13_fu_1651_p3                                |     |        | r_13            | select    | auto_sel                 | 0       |
|    add_ln276_5_fu_1344_p2                         |     |        | add_ln276_5     | add       | fabric                   | 0       |
|    add_ln276_6_fu_1349_p2                         |     |        | add_ln276_6     | add       | fabric                   | 0       |
|  + dwconv_ip_Pipeline_WRITEBACK_OUT               | 0   |        |                 |           |                          |         |
|    icmp_ln288_fu_368_p2                           |     |        | icmp_ln288      | setlt     | auto                     | 0       |
|    add_ln288_fu_374_p2                            |     |        | add_ln288       | add       | fabric                   | 0       |
|    sparsemux_9_2_8_1_1_U672                       |     |        | tmp_4           | sparsemux | compactencoding_dontcare | 0       |
|    sparsemux_9_2_8_1_1_U673                       |     |        | tmp_5           | sparsemux | compactencoding_dontcare | 0       |
|    sparsemux_9_2_8_1_1_U674                       |     |        | tmp_6           | sparsemux | compactencoding_dontcare | 0       |
|    sparsemux_9_2_8_1_1_U675                       |     |        | tmp_7           | sparsemux | compactencoding_dontcare | 0       |
+---------------------------------------------------+-----+--------+-----------------+-----------+--------------------------+---------+


================================================================
== Storage Report
================================================================
+-------------------------+-----------+-----------+------+------+--------+---------------------+------+---------+------------------+
| Name                    | Usage     | Type      | BRAM | URAM | Pragma | Variable            | Impl | Latency | Bitwidth, Depth, |
|                         |           |           |      |      |        |                     |      |         | Banks            |
+-------------------------+-----------+-----------+------+------+--------+---------------------+------+---------+------------------+
| + dwconv_ip             |           |           | 40   | 0    |        |                     |      |         |                  |
|   control_s_axi_U       | interface | s_axilite |      |      |        |                     |      |         |                  |
|   ctrl_s_axi_U          | interface | s_axilite |      |      |        |                     |      |         |                  |
|   gmem0_m_axi_U         | interface | m_axi     | 2    |      |        |                     |      |         |                  |
|   gmem1_m_axi_U         | interface | m_axi     | 2    |      |        |                     |      |         |                  |
|   gmem2_m_axi_U         | interface | m_axi     | 2    |      |        |                     |      |         |                  |
|   gmem3_m_axi_U         | interface | m_axi     | 2    |      |        |                     |      |         |                  |
|   p_ZL9ch_in_buf_0_U    | ram_1p    |           | 1    |      | pragma | p_ZL9ch_in_buf_0    | bram | 1       | 8, 256, 1        |
|   p_ZL9ch_in_buf_1_U    | ram_1p    |           | 1    |      | pragma | p_ZL9ch_in_buf_1    | bram | 1       | 8, 256, 1        |
|   p_ZL9ch_in_buf_2_U    | ram_1p    |           | 1    |      | pragma | p_ZL9ch_in_buf_2    | bram | 1       | 8, 256, 1        |
|   p_ZL9ch_in_buf_3_U    | ram_1p    |           | 1    |      | pragma | p_ZL9ch_in_buf_3    | bram | 1       | 8, 256, 1        |
|   p_ZL9ch_in_buf_4_U    | ram_1p    |           | 1    |      | pragma | p_ZL9ch_in_buf_4    | bram | 1       | 8, 256, 1        |
|   p_ZL9ch_in_buf_5_U    | ram_1p    |           | 1    |      | pragma | p_ZL9ch_in_buf_5    | bram | 1       | 8, 256, 1        |
|   p_ZL9ch_in_buf_6_U    | ram_1p    |           | 1    |      | pragma | p_ZL9ch_in_buf_6    | bram | 1       | 8, 256, 1        |
|   p_ZL9ch_in_buf_7_U    | ram_1p    |           | 1    |      | pragma | p_ZL9ch_in_buf_7    | bram | 1       | 8, 256, 1        |
|   p_ZL9ch_in_buf_8_U    | ram_1p    |           | 1    |      | pragma | p_ZL9ch_in_buf_8    | bram | 1       | 8, 256, 1        |
|   p_ZL9ch_in_buf_9_U    | ram_1p    |           | 1    |      | pragma | p_ZL9ch_in_buf_9    | bram | 1       | 8, 256, 1        |
|   p_ZL9ch_in_buf_10_U   | ram_1p    |           | 1    |      | pragma | p_ZL9ch_in_buf_10   | bram | 1       | 8, 256, 1        |
|   p_ZL9ch_in_buf_11_U   | ram_1p    |           | 1    |      | pragma | p_ZL9ch_in_buf_11   | bram | 1       | 8, 256, 1        |
|   p_ZL9ch_in_buf_12_U   | ram_1p    |           | 1    |      | pragma | p_ZL9ch_in_buf_12   | bram | 1       | 8, 256, 1        |
|   p_ZL9ch_in_buf_13_U   | ram_1p    |           | 1    |      | pragma | p_ZL9ch_in_buf_13   | bram | 1       | 8, 256, 1        |
|   p_ZL9ch_in_buf_14_U   | ram_1p    |           | 1    |      | pragma | p_ZL9ch_in_buf_14   | bram | 1       | 8, 256, 1        |
|   p_ZL9ch_in_buf_15_U   | ram_1p    |           | 1    |      | pragma | p_ZL9ch_in_buf_15   | bram | 1       | 8, 256, 1        |
|   p_ZL10ch_out_buf_0_U  | ram_1p    |           | 1    |      | pragma | p_ZL10ch_out_buf_0  | bram | 1       | 8, 256, 1        |
|   p_ZL10ch_out_buf_4_U  | ram_1p    |           | 1    |      | pragma | p_ZL10ch_out_buf_4  | bram | 1       | 8, 256, 1        |
|   p_ZL10ch_out_buf_8_U  | ram_1p    |           | 1    |      | pragma | p_ZL10ch_out_buf_8  | bram | 1       | 8, 256, 1        |
|   p_ZL10ch_out_buf_12_U | ram_1p    |           | 1    |      | pragma | p_ZL10ch_out_buf_12 | bram | 1       | 8, 256, 1        |
|   p_ZL10ch_out_buf_1_U  | ram_1p    |           | 1    |      | pragma | p_ZL10ch_out_buf_1  | bram | 1       | 8, 256, 1        |
|   p_ZL10ch_out_buf_5_U  | ram_1p    |           | 1    |      | pragma | p_ZL10ch_out_buf_5  | bram | 1       | 8, 256, 1        |
|   p_ZL10ch_out_buf_9_U  | ram_1p    |           | 1    |      | pragma | p_ZL10ch_out_buf_9  | bram | 1       | 8, 256, 1        |
|   p_ZL10ch_out_buf_13_U | ram_1p    |           | 1    |      | pragma | p_ZL10ch_out_buf_13 | bram | 1       | 8, 256, 1        |
|   p_ZL10ch_out_buf_2_U  | ram_1p    |           | 1    |      | pragma | p_ZL10ch_out_buf_2  | bram | 1       | 8, 256, 1        |
|   p_ZL10ch_out_buf_6_U  | ram_1p    |           | 1    |      | pragma | p_ZL10ch_out_buf_6  | bram | 1       | 8, 256, 1        |
|   p_ZL10ch_out_buf_10_U | ram_1p    |           | 1    |      | pragma | p_ZL10ch_out_buf_10 | bram | 1       | 8, 256, 1        |
|   p_ZL10ch_out_buf_14_U | ram_1p    |           | 1    |      | pragma | p_ZL10ch_out_buf_14 | bram | 1       | 8, 256, 1        |
|   p_ZL10ch_out_buf_3_U  | ram_1p    |           | 1    |      | pragma | p_ZL10ch_out_buf_3  | bram | 1       | 8, 256, 1        |
|   p_ZL10ch_out_buf_7_U  | ram_1p    |           | 1    |      | pragma | p_ZL10ch_out_buf_7  | bram | 1       | 8, 256, 1        |
|   p_ZL10ch_out_buf_11_U | ram_1p    |           | 1    |      | pragma | p_ZL10ch_out_buf_11 | bram | 1       | 8, 256, 1        |
|   p_ZL10ch_out_buf_15_U | ram_1p    |           | 1    |      | pragma | p_ZL10ch_out_buf_15 | bram | 1       | 8, 256, 1        |
+-------------------------+-----------+-----------+------+------+--------+---------------------+------+---------+------------------+


================================================================
== Pragma Report
================================================================
* Valid Pragma Syntax
+-----------------+-------------------------------------------------------------------------------------------------------------------------+--------------------------------------------+
| Type            | Options                                                                                                                 | Location                                   |
+-----------------+-------------------------------------------------------------------------------------------------------------------------+--------------------------------------------+
| inline          |                                                                                                                         | dwconv_ip.cpp:35 in apply_act              |
| inline          |                                                                                                                         | dwconv_ip.cpp:73 in dsp_packed_mac2        |
| interface       | m_axi port=feat_in offset=slave bundle=gmem0 depth=65536 latency=64 num_read_outstanding=4 max_read_burst_length=256    | dwconv_ip.cpp:108 in dwconv_ip, feat_in    |
| interface       | m_axi port=feat_out offset=slave bundle=gmem3 depth=65536 latency=64 num_write_outstanding=4 max_write_burst_length=256 | dwconv_ip.cpp:110 in dwconv_ip, feat_out   |
| interface       | m_axi port=weight offset=slave bundle=gmem1 depth=65536 latency=64 num_read_outstanding=4 max_read_burst_length=256     | dwconv_ip.cpp:112 in dwconv_ip, weight     |
| interface       | m_axi port=bias offset=slave bundle=gmem2 depth=1024                                                                    | dwconv_ip.cpp:114 in dwconv_ip, bias       |
| interface       | s_axilite port=CHin bundle=ctrl                                                                                         | dwconv_ip.cpp:116 in dwconv_ip, CHin       |
| interface       | s_axilite port=Hin bundle=ctrl                                                                                          | dwconv_ip.cpp:117 in dwconv_ip, Hin        |
| interface       | s_axilite port=Win bundle=ctrl                                                                                          | dwconv_ip.cpp:118 in dwconv_ip, Win        |
| interface       | s_axilite port=Kh bundle=ctrl                                                                                           | dwconv_ip.cpp:119 in dwconv_ip, Kh         |
| interface       | s_axilite port=Kw bundle=ctrl                                                                                           | dwconv_ip.cpp:120 in dwconv_ip, Kw         |
| interface       | s_axilite port=stride_h bundle=ctrl                                                                                     | dwconv_ip.cpp:121 in dwconv_ip, stride_h   |
| interface       | s_axilite port=stride_w bundle=ctrl                                                                                     | dwconv_ip.cpp:122 in dwconv_ip, stride_w   |
| interface       | s_axilite port=pad_h bundle=ctrl                                                                                        | dwconv_ip.cpp:123 in dwconv_ip, pad_h      |
| interface       | s_axilite port=pad_w bundle=ctrl                                                                                        | dwconv_ip.cpp:124 in dwconv_ip, pad_w      |
| interface       | s_axilite port=fpg bundle=ctrl                                                                                          | dwconv_ip.cpp:125 in dwconv_ip, fpg        |
| interface       | s_axilite port=act_mode bundle=ctrl                                                                                     | dwconv_ip.cpp:126 in dwconv_ip, act_mode   |
| interface       | s_axilite port=out_shift bundle=ctrl                                                                                    | dwconv_ip.cpp:127 in dwconv_ip, out_shift  |
| interface       | s_axilite port=return bundle=ctrl                                                                                       | dwconv_ip.cpp:128 in dwconv_ip, return     |
| array_partition | variable=ch_in_buf cyclic factor=16 dim=1                                                                               | dwconv_ip.cpp:132 in dwconv_ip, ch_in_buf  |
| array_partition | variable=ch_out_buf cyclic factor=16 dim=1                                                                              | dwconv_ip.cpp:133 in dwconv_ip, ch_out_buf |
| bind_storage    | variable=ch_in_buf type=RAM_1P impl=BRAM                                                                                | dwconv_ip.cpp:134 in dwconv_ip, ch_in_buf  |
| bind_storage    | variable=ch_out_buf type=RAM_1P impl=BRAM                                                                               | dwconv_ip.cpp:135 in dwconv_ip, ch_out_buf |
| array_partition | variable=dw_in_buf complete dim=0                                                                                       | dwconv_ip.cpp:139 in dwconv_ip, dw_in_buf  |
| array_partition | variable=dw_wt_buf complete dim=0                                                                                       | dwconv_ip.cpp:140 in dwconv_ip, dw_wt_buf  |
| array_partition | variable=dw_out_buf complete dim=0                                                                                      | dwconv_ip.cpp:141 in dwconv_ip, dw_out_buf |
| loop_tripcount  | min=48 max=512                                                                                                          | dwconv_ip.cpp:152 in dwconv_ip             |
| pipeline        | II=1                                                                                                                    | dwconv_ip.cpp:157 in dwconv_ip             |
| pipeline        | II=1                                                                                                                    | dwconv_ip.cpp:171 in dwconv_ip             |
| loop_tripcount  | min=1 max=16                                                                                                            | dwconv_ip.cpp:181 in dwconv_ip             |
| loop_tripcount  | min=1 max=16                                                                                                            | dwconv_ip.cpp:190 in dwconv_ip             |
| pipeline        | II=1                                                                                                                    | dwconv_ip.cpp:201 in dwconv_ip             |
| unroll          |                                                                                                                         | dwconv_ip.cpp:204 in dwconv_ip             |
| unroll          |                                                                                                                         | dwconv_ip.cpp:220 in dwconv_ip             |
| unroll          |                                                                                                                         | dwconv_ip.cpp:222 in dwconv_ip             |
| pipeline        | II=1                                                                                                                    | dwconv_ip.cpp:240 in dwconv_ip             |
| unroll          |                                                                                                                         | dwconv_ip.cpp:244 in dwconv_ip             |
| unroll          |                                                                                                                         | dwconv_ip.cpp:250 in dwconv_ip             |
| pipeline        | II=1                                                                                                                    | dwconv_ip.cpp:269 in dwconv_ip             |
| unroll          |                                                                                                                         | dwconv_ip.cpp:273 in dwconv_ip             |
| pipeline        | II=1                                                                                                                    | dwconv_ip.cpp:289 in dwconv_ip             |
+-----------------+-------------------------------------------------------------------------------------------------------------------------+--------------------------------------------+


