

================================================================
== Vitis HLS Report for 'dwconv_ip_Pipeline_COMPUTE_DW_KH_COMPUTE_DW_KW'
================================================================
* Date:           Mon Jul 27 22:07:12 2026

* Version:        2024.2 (Build 5238294 on Nov  8 2024)
* Project:        dwconv_ip_proj_v13
* Solution:       solution1 (Vivado IP Flow Target)
* Product family: zynq
* Target device:  xc7z020-clg400-1


================================================================
== Performance Estimates
================================================================
+ Timing: 
    * Summary: 
    +--------+---------+----------+------------+
    |  Clock |  Target | Estimated| Uncertainty|
    +--------+---------+----------+------------+
    |ap_clk  |  7.00 ns|  7.396 ns|     1.89 ns|
    +--------+---------+----------+------------+

+ Latency: 
    * Summary: 
    +---------+---------+----------+----------+-----+-----+------------------------------------------------+
    |  Latency (cycles) |  Latency (absolute) |  Interval |                    Pipeline                    |
    |   min   |   max   |    min   |    max   | min | max |                      Type                      |
    +---------+---------+----------+----------+-----+-----+------------------------------------------------+
    |        ?|        ?|         ?|         ?|    0|    0|  loop auto-rewind stp (delay=0 clock cycles(s))|
    +---------+---------+----------+----------+-----+-----+------------------------------------------------+

    + Detail: 
        * Instance: 
        N/A

        * Loop: 
        +-------------------------------+---------+---------+----------+-----------+-----------+------+----------+
        |                               |  Latency (cycles) | Iteration|  Initiation Interval  | Trip |          |
        |           Loop Name           |   min   |   max   |  Latency |  achieved |   target  | Count| Pipelined|
        +-------------------------------+---------+---------+----------+-----------+-----------+------+----------+
        |- COMPUTE_DW_KH_COMPUTE_DW_KW  |        ?|        ?|         8|          1|          1|     ?|       yes|
        +-------------------------------+---------+---------+----------+-----------+-----------+------+----------+



================================================================
== Utilization Estimates
================================================================
* Summary: 
+-----------------+---------+-----+--------+-------+-----+
|       Name      | BRAM_18K| DSP |   FF   |  LUT  | URAM|
+-----------------+---------+-----+--------+-------+-----+
|DSP              |        -|    8|       -|      -|    -|
|Expression       |        -|    -|       0|   1447|    -|
|FIFO             |        -|    -|       -|      -|    -|
|Instance         |        -|    -|       0|   4716|    -|
|Memory           |        -|    -|       -|      -|    -|
|Multiplexer      |        -|    -|       0|    486|    -|
|Register         |        -|    -|    1938|     64|    -|
+-----------------+---------+-----+--------+-------+-----+
|Total            |        0|    8|    1938|   6713|    0|
+-----------------+---------+-----+--------+-------+-----+
|Available        |      280|  220|  106400|  53200|    0|
+-----------------+---------+-----+--------+-------+-----+
|Utilization (%)  |        0|    3|       1|     12|    0|
+-----------------+---------+-----+--------+-------+-----+

+ Detail: 
    * Instance: 
    +---------------------------+----------------------+---------+----+---+----+-----+
    |          Instance         |        Module        | BRAM_18K| DSP| FF| LUT| URAM|
    +---------------------------+----------------------+---------+----+---+----+-----+
    |sparsemux_15_4_8_1_1_U289  |sparsemux_15_4_8_1_1  |        0|   0|  0|  37|    0|
    |sparsemux_15_4_8_1_1_U290  |sparsemux_15_4_8_1_1  |        0|   0|  0|  37|    0|
    |sparsemux_15_4_8_1_1_U291  |sparsemux_15_4_8_1_1  |        0|   0|  0|  37|    0|
    |sparsemux_15_4_8_1_1_U292  |sparsemux_15_4_8_1_1  |        0|   0|  0|  37|    0|
    |sparsemux_15_4_8_1_1_U293  |sparsemux_15_4_8_1_1  |        0|   0|  0|  37|    0|
    |sparsemux_15_4_8_1_1_U294  |sparsemux_15_4_8_1_1  |        0|   0|  0|  37|    0|
    |sparsemux_15_4_8_1_1_U295  |sparsemux_15_4_8_1_1  |        0|   0|  0|  37|    0|
    |sparsemux_15_4_8_1_1_U296  |sparsemux_15_4_8_1_1  |        0|   0|  0|  37|    0|
    |sparsemux_27_4_8_1_1_U297  |sparsemux_27_4_8_1_1  |        0|   0|  0|  65|    0|
    |sparsemux_27_4_8_1_1_U298  |sparsemux_27_4_8_1_1  |        0|   0|  0|  65|    0|
    |sparsemux_27_4_8_1_1_U299  |sparsemux_27_4_8_1_1  |        0|   0|  0|  65|    0|
    |sparsemux_27_4_8_1_1_U300  |sparsemux_27_4_8_1_1  |        0|   0|  0|  65|    0|
    |sparsemux_27_4_8_1_1_U301  |sparsemux_27_4_8_1_1  |        0|   0|  0|  65|    0|
    |sparsemux_27_4_8_1_1_U302  |sparsemux_27_4_8_1_1  |        0|   0|  0|  65|    0|
    |sparsemux_27_4_8_1_1_U303  |sparsemux_27_4_8_1_1  |        0|   0|  0|  65|    0|
    |sparsemux_27_4_8_1_1_U304  |sparsemux_27_4_8_1_1  |        0|   0|  0|  65|    0|
    |sparsemux_27_4_8_1_1_U305  |sparsemux_27_4_8_1_1  |        0|   0|  0|  65|    0|
    |sparsemux_27_4_8_1_1_U306  |sparsemux_27_4_8_1_1  |        0|   0|  0|  65|    0|
    |sparsemux_27_4_8_1_1_U307  |sparsemux_27_4_8_1_1  |        0|   0|  0|  65|    0|
    |sparsemux_27_4_8_1_1_U308  |sparsemux_27_4_8_1_1  |        0|   0|  0|  65|    0|
    |sparsemux_27_4_8_1_1_U309  |sparsemux_27_4_8_1_1  |        0|   0|  0|  65|    0|
    |sparsemux_27_4_8_1_1_U310  |sparsemux_27_4_8_1_1  |        0|   0|  0|  65|    0|
    |sparsemux_27_4_8_1_1_U311  |sparsemux_27_4_8_1_1  |        0|   0|  0|  65|    0|
    |sparsemux_27_4_8_1_1_U312  |sparsemux_27_4_8_1_1  |        0|   0|  0|  65|    0|
    |sparsemux_27_4_8_1_1_U313  |sparsemux_27_4_8_1_1  |        0|   0|  0|  65|    0|
    |sparsemux_27_4_8_1_1_U314  |sparsemux_27_4_8_1_1  |        0|   0|  0|  65|    0|
    |sparsemux_27_4_8_1_1_U315  |sparsemux_27_4_8_1_1  |        0|   0|  0|  65|    0|
    |sparsemux_27_4_8_1_1_U316  |sparsemux_27_4_8_1_1  |        0|   0|  0|  65|    0|
    |sparsemux_27_4_8_1_1_U317  |sparsemux_27_4_8_1_1  |        0|   0|  0|  65|    0|
    |sparsemux_27_4_8_1_1_U318  |sparsemux_27_4_8_1_1  |        0|   0|  0|  65|    0|
    |sparsemux_27_4_8_1_1_U319  |sparsemux_27_4_8_1_1  |        0|   0|  0|  65|    0|
    |sparsemux_27_4_8_1_1_U320  |sparsemux_27_4_8_1_1  |        0|   0|  0|  65|    0|
    |sparsemux_27_4_8_1_1_U321  |sparsemux_27_4_8_1_1  |        0|   0|  0|  65|    0|
    |sparsemux_27_4_8_1_1_U322  |sparsemux_27_4_8_1_1  |        0|   0|  0|  65|    0|
    |sparsemux_27_4_8_1_1_U323  |sparsemux_27_4_8_1_1  |        0|   0|  0|  65|    0|
    |sparsemux_27_4_8_1_1_U324  |sparsemux_27_4_8_1_1  |        0|   0|  0|  65|    0|
    |sparsemux_27_4_8_1_1_U325  |sparsemux_27_4_8_1_1  |        0|   0|  0|  65|    0|
    |sparsemux_27_4_8_1_1_U326  |sparsemux_27_4_8_1_1  |        0|   0|  0|  65|    0|
    |sparsemux_27_4_8_1_1_U327  |sparsemux_27_4_8_1_1  |        0|   0|  0|  65|    0|
    |sparsemux_27_4_8_1_1_U328  |sparsemux_27_4_8_1_1  |        0|   0|  0|  65|    0|
    |sparsemux_27_4_8_1_1_U329  |sparsemux_27_4_8_1_1  |        0|   0|  0|  65|    0|
    |sparsemux_27_4_8_1_1_U330  |sparsemux_27_4_8_1_1  |        0|   0|  0|  65|    0|
    |sparsemux_27_4_8_1_1_U331  |sparsemux_27_4_8_1_1  |        0|   0|  0|  65|    0|
    |sparsemux_27_4_8_1_1_U332  |sparsemux_27_4_8_1_1  |        0|   0|  0|  65|    0|
    |sparsemux_27_4_8_1_1_U333  |sparsemux_27_4_8_1_1  |        0|   0|  0|  65|    0|
    |sparsemux_27_4_8_1_1_U334  |sparsemux_27_4_8_1_1  |        0|   0|  0|  65|    0|
    |sparsemux_27_4_8_1_1_U335  |sparsemux_27_4_8_1_1  |        0|   0|  0|  65|    0|
    |sparsemux_27_4_8_1_1_U336  |sparsemux_27_4_8_1_1  |        0|   0|  0|  65|    0|
    |sparsemux_27_4_8_1_1_U337  |sparsemux_27_4_8_1_1  |        0|   0|  0|  65|    0|
    |sparsemux_27_4_8_1_1_U338  |sparsemux_27_4_8_1_1  |        0|   0|  0|  65|    0|
    |sparsemux_27_4_8_1_1_U339  |sparsemux_27_4_8_1_1  |        0|   0|  0|  65|    0|
    |sparsemux_27_4_8_1_1_U340  |sparsemux_27_4_8_1_1  |        0|   0|  0|  65|    0|
    |sparsemux_27_4_8_1_1_U341  |sparsemux_27_4_8_1_1  |        0|   0|  0|  65|    0|
    |sparsemux_27_4_8_1_1_U342  |sparsemux_27_4_8_1_1  |        0|   0|  0|  65|    0|
    |sparsemux_27_4_8_1_1_U343  |sparsemux_27_4_8_1_1  |        0|   0|  0|  65|    0|
    |sparsemux_27_4_8_1_1_U344  |sparsemux_27_4_8_1_1  |        0|   0|  0|  65|    0|
    |sparsemux_27_4_8_1_1_U345  |sparsemux_27_4_8_1_1  |        0|   0|  0|  65|    0|
    |sparsemux_27_4_8_1_1_U346  |sparsemux_27_4_8_1_1  |        0|   0|  0|  65|    0|
    |sparsemux_27_4_8_1_1_U347  |sparsemux_27_4_8_1_1  |        0|   0|  0|  65|    0|
    |sparsemux_27_4_8_1_1_U348  |sparsemux_27_4_8_1_1  |        0|   0|  0|  65|    0|
    |sparsemux_27_4_8_1_1_U349  |sparsemux_27_4_8_1_1  |        0|   0|  0|  65|    0|
    |sparsemux_27_4_8_1_1_U350  |sparsemux_27_4_8_1_1  |        0|   0|  0|  65|    0|
    |sparsemux_27_4_8_1_1_U351  |sparsemux_27_4_8_1_1  |        0|   0|  0|  65|    0|
    |sparsemux_27_4_8_1_1_U352  |sparsemux_27_4_8_1_1  |        0|   0|  0|  65|    0|
    |sparsemux_27_4_8_1_1_U353  |sparsemux_27_4_8_1_1  |        0|   0|  0|  65|    0|
    |sparsemux_27_4_8_1_1_U354  |sparsemux_27_4_8_1_1  |        0|   0|  0|  65|    0|
    |sparsemux_27_4_8_1_1_U355  |sparsemux_27_4_8_1_1  |        0|   0|  0|  65|    0|
    |sparsemux_27_4_8_1_1_U356  |sparsemux_27_4_8_1_1  |        0|   0|  0|  65|    0|
    |sparsemux_27_4_8_1_1_U357  |sparsemux_27_4_8_1_1  |        0|   0|  0|  65|    0|
    |sparsemux_27_4_8_1_1_U358  |sparsemux_27_4_8_1_1  |        0|   0|  0|  65|    0|
    |sparsemux_27_4_8_1_1_U359  |sparsemux_27_4_8_1_1  |        0|   0|  0|  65|    0|
    |sparsemux_27_4_8_1_1_U360  |sparsemux_27_4_8_1_1  |        0|   0|  0|  65|    0|
    |sparsemux_27_4_8_1_1_U361  |sparsemux_27_4_8_1_1  |        0|   0|  0|  65|    0|
    |sparsemux_27_4_8_1_1_U362  |sparsemux_27_4_8_1_1  |        0|   0|  0|  65|    0|
    |sparsemux_27_4_8_1_1_U363  |sparsemux_27_4_8_1_1  |        0|   0|  0|  65|    0|
    |sparsemux_27_4_8_1_1_U364  |sparsemux_27_4_8_1_1  |        0|   0|  0|  65|    0|
    +---------------------------+----------------------+---------+----+---+----+-----+
    |Total                      |                      |        0|   0|  0|4716|    0|
    +---------------------------+----------------------+---------+----+---+----+-----+

    * DSP: 
    +---------------------------------+----------------------------+----------------+
    |             Instance            |           Module           |   Expression   |
    +---------------------------------+----------------------------+----------------+
    |am_addmul_24s_8s_8s_33_4_1_U365  |am_addmul_24s_8s_8s_33_4_1  |  (i0 + i1) * i2|
    |am_addmul_24s_8s_8s_33_4_1_U366  |am_addmul_24s_8s_8s_33_4_1  |  (i0 + i1) * i2|
    |am_addmul_24s_8s_8s_33_4_1_U367  |am_addmul_24s_8s_8s_33_4_1  |  (i0 + i1) * i2|
    |am_addmul_24s_8s_8s_33_4_1_U368  |am_addmul_24s_8s_8s_33_4_1  |  (i0 + i1) * i2|
    |am_addmul_24s_8s_8s_33_4_1_U369  |am_addmul_24s_8s_8s_33_4_1  |  (i0 + i1) * i2|
    |am_addmul_24s_8s_8s_33_4_1_U370  |am_addmul_24s_8s_8s_33_4_1  |  (i0 + i1) * i2|
    |am_addmul_24s_8s_8s_33_4_1_U371  |am_addmul_24s_8s_8s_33_4_1  |  (i0 + i1) * i2|
    |am_addmul_24s_8s_8s_33_4_1_U372  |am_addmul_24s_8s_8s_33_4_1  |  (i0 + i1) * i2|
    +---------------------------------+----------------------------+----------------+

    * Memory: 
    N/A

    * FIFO: 
    N/A

    * Expression: 
    +---------------------------+----------+----+---+----+------------+------------+
    |       Variable Name       | Operation| DSP| FF| LUT| Bitwidth P0| Bitwidth P1|
    +---------------------------+----------+----+---+----+------------+------------+
    |add_ln237_1_fu_2055_p2     |         +|   0|  0|  38|          31|           1|
    |add_ln237_fu_2021_p2       |         +|   0|  0|  69|          62|           1|
    |add_ln239_fu_2073_p2       |         +|   0|  0|  38|          31|           1|
    |add_ln253_fu_3574_p2       |         +|   0|  0|  13|           4|           4|
    |add_ln254_1_fu_3579_p2     |         +|   0|  0|  13|           4|           4|
    |add_ln254_fu_2347_p2       |         +|   0|  0|  13|           4|           4|
    |add_ln259_1_fu_5058_p2     |         +|   0|  0|  39|          32|          32|
    |add_ln259_2_fu_5090_p2     |         +|   0|  0|  39|          32|          32|
    |add_ln259_3_fu_5122_p2     |         +|   0|  0|  39|          32|          32|
    |add_ln259_4_fu_5154_p2     |         +|   0|  0|  39|          32|          32|
    |add_ln259_5_fu_5186_p2     |         +|   0|  0|  39|          32|          32|
    |add_ln259_6_fu_5218_p2     |         +|   0|  0|  39|          32|          32|
    |add_ln259_7_fu_5250_p2     |         +|   0|  0|  39|          32|          32|
    |add_ln259_fu_5026_p2       |         +|   0|  0|  39|          32|          32|
    |add_ln260_1_fu_5064_p2     |         +|   0|  0|  39|          32|          32|
    |add_ln260_2_fu_5096_p2     |         +|   0|  0|  39|          32|          32|
    |add_ln260_3_fu_5128_p2     |         +|   0|  0|  39|          32|          32|
    |add_ln260_4_fu_5160_p2     |         +|   0|  0|  39|          32|          32|
    |add_ln260_5_fu_5192_p2     |         +|   0|  0|  39|          32|          32|
    |add_ln260_6_fu_5224_p2     |         +|   0|  0|  39|          32|          32|
    |add_ln260_7_fu_5256_p2     |         +|   0|  0|  39|          32|          32|
    |add_ln260_fu_5032_p2       |         +|   0|  0|  39|          32|          32|
    |empty_100_fu_2094_p2       |         +|   0|  0|  13|           4|           4|
    |empty_101_fu_2098_p2       |         +|   0|  0|  13|           4|           4|
    |empty_102_fu_2102_p2       |         +|   0|  0|  13|           4|           4|
    |slot1_10_fu_6407_p2        |         +|   0|  0|  23|          16|           1|
    |slot1_12_fu_6425_p2        |         +|   0|  0|  23|          16|           1|
    |slot1_14_fu_6443_p2        |         +|   0|  0|  23|          16|           1|
    |slot1_2_fu_6335_p2         |         +|   0|  0|  23|          16|           1|
    |slot1_4_fu_6353_p2         |         +|   0|  0|  23|          16|           1|
    |slot1_6_fu_6371_p2         |         +|   0|  0|  23|          16|           1|
    |slot1_8_fu_6389_p2         |         +|   0|  0|  23|          16|           1|
    |slot1_fu_6317_p2           |         +|   0|  0|  23|          16|           1|
    |cmp567129_fu_1992_p2       |      icmp|   0|  0|  39|          32|           1|
    |first_iter_0_fu_2089_p2    |      icmp|   0|  0|  38|          31|           1|
    |icmp_ln237_fu_2016_p2      |      icmp|   0|  0|  69|          62|          62|
    |icmp_ln239_1_fu_4809_p2    |      icmp|   0|  0|  39|          32|          32|
    |icmp_ln239_fu_2039_p2      |      icmp|   0|  0|  39|          32|          32|
    |select_ln237_1_fu_2061_p3  |    select|   0|  0|  31|           1|          31|
    |select_ln237_fu_2047_p3    |    select|   0|  0|  31|           1|          31|
    |slot1_16_fu_5013_p3        |    select|   0|  0|  16|           1|          16|
    |slot1_17_fu_5045_p3        |    select|   0|  0|  16|           1|          16|
    |slot1_18_fu_5077_p3        |    select|   0|  0|  16|           1|          16|
    |slot1_19_fu_5109_p3        |    select|   0|  0|  16|           1|          16|
    |slot1_20_fu_5141_p3        |    select|   0|  0|  16|           1|          16|
    |slot1_21_fu_5173_p3        |    select|   0|  0|  16|           1|          16|
    |slot1_22_fu_5205_p3        |    select|   0|  0|  16|           1|          16|
    |slot1_23_fu_5237_p3        |    select|   0|  0|  16|           1|          16|
    |ap_enable_pp0              |       xor|   0|  0|   2|           1|           2|
    +---------------------------+----------+----+---+----+------------+------------+
    |Total                      |          |   0|  0|1447|         988|         867|
    +---------------------------+----------+----+---+----+------------+------------+

    * Multiplexer: 
    +----------------------------+----+-----------+-----+-----------+
    |            Name            | LUT| Input Size| Bits| Total Bits|
    +----------------------------+----+-----------+-----+-----------+
    |ap_done_int                 |   9|          2|    1|          2|
    |ap_enable_reg_pp0_iter1     |   9|          2|    1|          2|
    |ap_enable_reg_pp0_iter3     |   9|          2|    1|          2|
    |ap_sig_allocacmp_p_load     |   9|          2|   32|         64|
    |ap_sig_allocacmp_p_load235  |   9|          2|   32|         64|
    |ap_sig_allocacmp_p_load236  |   9|          2|   32|         64|
    |ap_sig_allocacmp_p_load237  |   9|          2|   32|         64|
    |ap_sig_allocacmp_p_load238  |   9|          2|   32|         64|
    |ap_sig_allocacmp_p_load239  |   9|          2|   32|         64|
    |ap_sig_allocacmp_p_load240  |   9|          2|   32|         64|
    |ap_sig_allocacmp_p_load241  |   9|          2|   32|         64|
    |ap_sig_allocacmp_p_load242  |   9|          2|   32|         64|
    |ap_sig_allocacmp_p_load243  |   9|          2|   32|         64|
    |ap_sig_allocacmp_p_load244  |   9|          2|   32|         64|
    |ap_sig_allocacmp_p_load245  |   9|          2|   32|         64|
    |ap_sig_allocacmp_p_load246  |   9|          2|   32|         64|
    |ap_sig_allocacmp_p_load247  |   9|          2|   32|         64|
    |ap_sig_allocacmp_p_load248  |   9|          2|   32|         64|
    |ap_sig_allocacmp_p_load249  |   9|          2|   32|         64|
    |empty_84_fu_572             |   9|          2|   32|         64|
    |empty_85_fu_576             |   9|          2|   32|         64|
    |empty_86_fu_580             |   9|          2|   32|         64|
    |empty_87_fu_584             |   9|          2|   32|         64|
    |empty_88_fu_588             |   9|          2|   32|         64|
    |empty_89_fu_592             |   9|          2|   32|         64|
    |empty_90_fu_596             |   9|          2|   32|         64|
    |empty_91_fu_600             |   9|          2|   32|         64|
    |empty_92_fu_604             |   9|          2|   32|         64|
    |empty_93_fu_608             |   9|          2|   32|         64|
    |empty_94_fu_612             |   9|          2|   32|         64|
    |empty_95_fu_616             |   9|          2|   32|         64|
    |empty_96_fu_620             |   9|          2|   32|         64|
    |empty_97_fu_624             |   9|          2|   32|         64|
    |empty_98_fu_628             |   9|          2|   32|         64|
    |empty_99_fu_632             |   9|          2|   32|         64|
    |ic0_fu_560                  |   9|          2|   31|         62|
    |indvar_flatten_fu_568       |   9|          2|   62|        124|
    |kh_fu_564                   |   9|          2|   31|         62|
    |p_ZL10dw_out_buf_0_0_o      |   9|          2|   32|         64|
    |p_ZL10dw_out_buf_0_1_o      |   9|          2|   32|         64|
    |p_ZL10dw_out_buf_0_2_o      |   9|          2|   32|         64|
    |p_ZL10dw_out_buf_0_3_o      |   9|          2|   32|         64|
    |p_ZL10dw_out_buf_1_0_o      |   9|          2|   32|         64|
    |p_ZL10dw_out_buf_1_1_o      |   9|          2|   32|         64|
    |p_ZL10dw_out_buf_1_2_o      |   9|          2|   32|         64|
    |p_ZL10dw_out_buf_1_3_o      |   9|          2|   32|         64|
    |p_ZL10dw_out_buf_2_0_o      |   9|          2|   32|         64|
    |p_ZL10dw_out_buf_2_1_o      |   9|          2|   32|         64|
    |p_ZL10dw_out_buf_2_2_o      |   9|          2|   32|         64|
    |p_ZL10dw_out_buf_2_3_o      |   9|          2|   32|         64|
    |p_ZL10dw_out_buf_3_0_o      |   9|          2|   32|         64|
    |p_ZL10dw_out_buf_3_1_o      |   9|          2|   32|         64|
    |p_ZL10dw_out_buf_3_2_o      |   9|          2|   32|         64|
    |p_ZL10dw_out_buf_3_3_o      |   9|          2|   32|         64|
    +----------------------------+----+-----------+-----+-----------+
    |Total                       | 486|        108| 1663|       3326|
    +----------------------------+----+-----------+-----+-----------+

    * Register: 
    +------------------------------------+----+----+-----+-----------+
    |                Name                | FF | LUT| Bits| Const Bits|
    +------------------------------------+----+----+-----+-----------+
    |add_ln239_reg_8326                  |  31|   0|   31|          0|
    |ap_CS_fsm                           |   1|   0|    1|          0|
    |ap_done_reg                         |   1|   0|    1|          0|
    |ap_enable_reg_pp0_iter1             |   1|   0|    1|          0|
    |ap_enable_reg_pp0_iter2             |   1|   0|    1|          0|
    |ap_enable_reg_pp0_iter3             |   1|   0|    1|          0|
    |ap_enable_reg_pp0_iter4             |   1|   0|    1|          0|
    |ap_enable_reg_pp0_iter5             |   1|   0|    1|          0|
    |ap_enable_reg_pp0_iter6             |   1|   0|    1|          0|
    |ap_enable_reg_pp0_iter7             |   1|   0|    1|          0|
    |ap_enable_reg_pp0_iter8             |   1|   0|    1|          0|
    |ap_loop_exit_ready_pp0_iter2_reg    |   1|   0|    1|          0|
    |ap_loop_exit_ready_pp0_iter3_reg    |   1|   0|    1|          0|
    |ap_loop_exit_ready_pp0_iter4_reg    |   1|   0|    1|          0|
    |ap_loop_exit_ready_pp0_iter5_reg    |   1|   0|    1|          0|
    |ap_loop_exit_ready_pp0_iter6_reg    |   1|   0|    1|          0|
    |ap_loop_exit_ready_pp0_iter7_reg    |   1|   0|    1|          0|
    |cmp567129_reg_8300                  |   1|   0|    1|          0|
    |empty_100_reg_8335                  |   4|   0|    4|          0|
    |empty_101_reg_8343                  |   4|   0|    4|          0|
    |empty_102_reg_8351                  |   4|   0|    4|          0|
    |empty_84_fu_572                     |  32|   0|   32|          0|
    |empty_85_fu_576                     |  32|   0|   32|          0|
    |empty_86_fu_580                     |  32|   0|   32|          0|
    |empty_87_fu_584                     |  32|   0|   32|          0|
    |empty_88_fu_588                     |  32|   0|   32|          0|
    |empty_89_fu_592                     |  32|   0|   32|          0|
    |empty_90_fu_596                     |  32|   0|   32|          0|
    |empty_91_fu_600                     |  32|   0|   32|          0|
    |empty_92_fu_604                     |  32|   0|   32|          0|
    |empty_93_fu_608                     |  32|   0|   32|          0|
    |empty_94_fu_612                     |  32|   0|   32|          0|
    |empty_95_fu_616                     |  32|   0|   32|          0|
    |empty_96_fu_620                     |  32|   0|   32|          0|
    |empty_97_fu_624                     |  32|   0|   32|          0|
    |empty_98_fu_628                     |  32|   0|   32|          0|
    |empty_99_fu_632                     |  32|   0|   32|          0|
    |first_iter_0_reg_8331               |   1|   0|    1|          0|
    |ic0_fu_560                          |  31|   0|   31|          0|
    |icmp_ln237_reg_8304                 |   1|   0|    1|          0|
    |icmp_ln239_1_reg_8780               |   1|   0|    1|          0|
    |indvar_flatten_fu_568               |  62|   0|   62|          0|
    |kh_fu_564                           |  31|   0|   31|          0|
    |p_1_reg_8816                        |  33|   0|   33|          0|
    |p_2_reg_8836                        |  33|   0|   33|          0|
    |p_3_reg_8856                        |  33|   0|   33|          0|
    |p_4_reg_8876                        |  33|   0|   33|          0|
    |p_5_reg_8896                        |  33|   0|   33|          0|
    |p_6_reg_8916                        |  33|   0|   33|          0|
    |p_7_reg_8936                        |  33|   0|   33|          0|
    |p_reg_8796                          |  33|   0|   33|          0|
    |select_ln237_reg_8308               |  31|   0|   31|          0|
    |slot0_1_reg_8821                    |  16|   0|   16|          0|
    |slot0_2_reg_8841                    |  16|   0|   16|          0|
    |slot0_3_reg_8861                    |  16|   0|   16|          0|
    |slot0_4_reg_8881                    |  16|   0|   16|          0|
    |slot0_5_reg_8901                    |  16|   0|   16|          0|
    |slot0_6_reg_8921                    |  16|   0|   16|          0|
    |slot0_7_reg_8941                    |  16|   0|   16|          0|
    |slot0_reg_8801                      |  16|   0|   16|          0|
    |slot1_10_reg_8911                   |  16|   0|   16|          0|
    |slot1_12_reg_8931                   |  16|   0|   16|          0|
    |slot1_14_reg_8951                   |  16|   0|   16|          0|
    |slot1_2_reg_8831                    |  16|   0|   16|          0|
    |slot1_4_reg_8851                    |  16|   0|   16|          0|
    |slot1_6_reg_8871                    |  16|   0|   16|          0|
    |slot1_8_reg_8891                    |  16|   0|   16|          0|
    |slot1_raw_1_reg_8826                |  16|   0|   16|          0|
    |slot1_raw_2_reg_8846                |  16|   0|   16|          0|
    |slot1_raw_3_reg_8866                |  16|   0|   16|          0|
    |slot1_raw_4_reg_8886                |  16|   0|   16|          0|
    |slot1_raw_5_reg_8906                |  16|   0|   16|          0|
    |slot1_raw_6_reg_8926                |  16|   0|   16|          0|
    |slot1_raw_7_reg_8946                |  16|   0|   16|          0|
    |slot1_raw_reg_8806                  |  16|   0|   16|          0|
    |slot1_reg_8811                      |  16|   0|   16|          0|
    |tmp_15_reg_8364                     |   8|   0|    8|          0|
    |tmp_16_reg_8372                     |   8|   0|    8|          0|
    |tmp_17_reg_8380                     |   8|   0|    8|          0|
    |tmp_18_reg_8388                     |   8|   0|    8|          0|
    |tmp_19_reg_8396                     |   8|   0|    8|          0|
    |tmp_20_reg_8404                     |   8|   0|    8|          0|
    |tmp_21_reg_8412                     |   8|   0|    8|          0|
    |tmp_22_reg_8420                     |   8|   0|    8|          0|
    |tmp_23_reg_8428                     |   8|   0|    8|          0|
    |tmp_24_reg_8436                     |   8|   0|    8|          0|
    |tmp_25_reg_8444                     |   8|   0|    8|          0|
    |tmp_26_reg_8452                     |   8|   0|    8|          0|
    |tmp_27_reg_8460                     |   8|   0|    8|          0|
    |tmp_28_reg_8468                     |   8|   0|    8|          0|
    |tmp_29_reg_8476                     |   8|   0|    8|          0|
    |tmp_30_reg_8484                     |   8|   0|    8|          0|
    |tmp_31_reg_8492                     |   8|   0|    8|          0|
    |tmp_32_reg_8500                     |   8|   0|    8|          0|
    |tmp_33_reg_8508                     |   8|   0|    8|          0|
    |tmp_34_reg_8516                     |   8|   0|    8|          0|
    |tmp_35_reg_8524                     |   8|   0|    8|          0|
    |tmp_36_reg_8532                     |   8|   0|    8|          0|
    |tmp_37_reg_8540                     |   8|   0|    8|          0|
    |tmp_38_reg_8548                     |   8|   0|    8|          0|
    |tmp_39_reg_8556                     |   8|   0|    8|          0|
    |tmp_40_reg_8564                     |   8|   0|    8|          0|
    |tmp_41_reg_8572                     |   8|   0|    8|          0|
    |tmp_42_reg_8580                     |   8|   0|    8|          0|
    |tmp_43_reg_8588                     |   8|   0|    8|          0|
    |tmp_44_reg_8596                     |   8|   0|    8|          0|
    |tmp_45_reg_8604                     |   8|   0|    8|          0|
    |tmp_46_reg_8612                     |   8|   0|    8|          0|
    |tmp_47_reg_8620                     |   8|   0|    8|          0|
    |tmp_48_reg_8628                     |   8|   0|    8|          0|
    |tmp_49_reg_8636                     |   8|   0|    8|          0|
    |tmp_50_reg_8644                     |   8|   0|    8|          0|
    |tmp_51_reg_8652                     |   8|   0|    8|          0|
    |tmp_52_reg_8660                     |   8|   0|    8|          0|
    |tmp_53_reg_8668                     |   8|   0|    8|          0|
    |tmp_54_reg_8676                     |   8|   0|    8|          0|
    |tmp_55_reg_8684                     |   8|   0|    8|          0|
    |tmp_56_reg_8692                     |   8|   0|    8|          0|
    |tmp_57_reg_8700                     |   8|   0|    8|          0|
    |tmp_58_reg_8708                     |   8|   0|    8|          0|
    |tmp_59_reg_8716                     |   8|   0|    8|          0|
    |tmp_60_reg_8724                     |   8|   0|    8|          0|
    |tmp_61_reg_8732                     |   8|   0|    8|          0|
    |tmp_62_reg_8740                     |   8|   0|    8|          0|
    |tmp_63_reg_8748                     |   8|   0|    8|          0|
    |tmp_64_reg_8756                     |   8|   0|    8|          0|
    |tmp_65_reg_8764                     |   8|   0|    8|          0|
    |tmp_66_reg_8772                     |   8|   0|    8|          0|
    |trunc_ln237_reg_8314                |   4|   0|    4|          0|
    |trunc_ln237_reg_8314_pp0_iter3_reg  |   4|   0|    4|          0|
    |w_reg_8359                          |   8|   0|    8|          0|
    |first_iter_0_reg_8331               |  64|  32|    1|          0|
    |icmp_ln239_1_reg_8780               |  64|  32|    1|          0|
    +------------------------------------+----+----+-----+-----------+
    |Total                               |1938|  64| 1812|          0|
    +------------------------------------+----+----+-----+-----------+



================================================================
== Interface
================================================================
* Summary: 
+-------------------------------+-----+-----+------------+------------------------------------------------+--------------+
|           RTL Ports           | Dir | Bits|  Protocol  |                  Source Object                 |    C Type    |
+-------------------------------+-----+-----+------------+------------------------------------------------+--------------+
|ap_clk                         |   in|    1|  ap_ctrl_hs|  dwconv_ip_Pipeline_COMPUTE_DW_KH_COMPUTE_DW_KW|  return value|
|ap_rst                         |   in|    1|  ap_ctrl_hs|  dwconv_ip_Pipeline_COMPUTE_DW_KH_COMPUTE_DW_KW|  return value|
|ap_start                       |   in|    1|  ap_ctrl_hs|  dwconv_ip_Pipeline_COMPUTE_DW_KH_COMPUTE_DW_KW|  return value|
|ap_done                        |  out|    1|  ap_ctrl_hs|  dwconv_ip_Pipeline_COMPUTE_DW_KH_COMPUTE_DW_KW|  return value|
|ap_idle                        |  out|    1|  ap_ctrl_hs|  dwconv_ip_Pipeline_COMPUTE_DW_KH_COMPUTE_DW_KW|  return value|
|ap_ready                       |  out|    1|  ap_ctrl_hs|  dwconv_ip_Pipeline_COMPUTE_DW_KH_COMPUTE_DW_KW|  return value|
|Kw                             |   in|   32|     ap_none|                                              Kw|        scalar|
|mul_ln90                       |   in|   62|     ap_none|                                        mul_ln90|        scalar|
|empty_79                       |   in|    4|     ap_none|                                        empty_79|        scalar|
|mul186_2                       |   in|    4|     ap_none|                                        mul186_2|        scalar|
|mul_ln151_2                    |   in|    4|     ap_none|                                     mul_ln151_2|        scalar|
|p_ZL9dw_wt_buf_0_0_load        |   in|    8|     ap_none|                         p_ZL9dw_wt_buf_0_0_load|        scalar|
|p_ZL9dw_wt_buf_0_1_load        |   in|    8|     ap_none|                         p_ZL9dw_wt_buf_0_1_load|        scalar|
|p_ZL9dw_wt_buf_0_2_load        |   in|    8|     ap_none|                         p_ZL9dw_wt_buf_0_2_load|        scalar|
|p_ZL9dw_wt_buf_0_3_load        |   in|    8|     ap_none|                         p_ZL9dw_wt_buf_0_3_load|        scalar|
|p_ZL9dw_wt_buf_0_4_load        |   in|    8|     ap_none|                         p_ZL9dw_wt_buf_0_4_load|        scalar|
|p_ZL9dw_wt_buf_0_5_load        |   in|    8|     ap_none|                         p_ZL9dw_wt_buf_0_5_load|        scalar|
|p_ZL9dw_wt_buf_0_6_load        |   in|    8|     ap_none|                         p_ZL9dw_wt_buf_0_6_load|        scalar|
|p_ZL9dw_wt_buf_1_0_load        |   in|    8|     ap_none|                         p_ZL9dw_wt_buf_1_0_load|        scalar|
|p_ZL9dw_wt_buf_1_1_load        |   in|    8|     ap_none|                         p_ZL9dw_wt_buf_1_1_load|        scalar|
|p_ZL9dw_wt_buf_1_2_load        |   in|    8|     ap_none|                         p_ZL9dw_wt_buf_1_2_load|        scalar|
|p_ZL9dw_wt_buf_1_3_load        |   in|    8|     ap_none|                         p_ZL9dw_wt_buf_1_3_load|        scalar|
|p_ZL9dw_wt_buf_1_4_load        |   in|    8|     ap_none|                         p_ZL9dw_wt_buf_1_4_load|        scalar|
|p_ZL9dw_wt_buf_1_5_load        |   in|    8|     ap_none|                         p_ZL9dw_wt_buf_1_5_load|        scalar|
|p_ZL9dw_wt_buf_1_6_load        |   in|    8|     ap_none|                         p_ZL9dw_wt_buf_1_6_load|        scalar|
|p_ZL9dw_wt_buf_2_0_load        |   in|    8|     ap_none|                         p_ZL9dw_wt_buf_2_0_load|        scalar|
|p_ZL9dw_wt_buf_2_1_load        |   in|    8|     ap_none|                         p_ZL9dw_wt_buf_2_1_load|        scalar|
|p_ZL9dw_wt_buf_2_2_load        |   in|    8|     ap_none|                         p_ZL9dw_wt_buf_2_2_load|        scalar|
|p_ZL9dw_wt_buf_2_3_load        |   in|    8|     ap_none|                         p_ZL9dw_wt_buf_2_3_load|        scalar|
|p_ZL9dw_wt_buf_2_4_load        |   in|    8|     ap_none|                         p_ZL9dw_wt_buf_2_4_load|        scalar|
|p_ZL9dw_wt_buf_2_5_load        |   in|    8|     ap_none|                         p_ZL9dw_wt_buf_2_5_load|        scalar|
|p_ZL9dw_wt_buf_2_6_load        |   in|    8|     ap_none|                         p_ZL9dw_wt_buf_2_6_load|        scalar|
|p_ZL9dw_wt_buf_3_0_load        |   in|    8|     ap_none|                         p_ZL9dw_wt_buf_3_0_load|        scalar|
|p_ZL9dw_wt_buf_3_1_load        |   in|    8|     ap_none|                         p_ZL9dw_wt_buf_3_1_load|        scalar|
|p_ZL9dw_wt_buf_3_2_load        |   in|    8|     ap_none|                         p_ZL9dw_wt_buf_3_2_load|        scalar|
|p_ZL9dw_wt_buf_3_3_load        |   in|    8|     ap_none|                         p_ZL9dw_wt_buf_3_3_load|        scalar|
|p_ZL9dw_wt_buf_3_4_load        |   in|    8|     ap_none|                         p_ZL9dw_wt_buf_3_4_load|        scalar|
|p_ZL9dw_wt_buf_3_5_load        |   in|    8|     ap_none|                         p_ZL9dw_wt_buf_3_5_load|        scalar|
|p_ZL9dw_wt_buf_3_6_load        |   in|    8|     ap_none|                         p_ZL9dw_wt_buf_3_6_load|        scalar|
|p_ZL9dw_wt_buf_4_0_load        |   in|    8|     ap_none|                         p_ZL9dw_wt_buf_4_0_load|        scalar|
|p_ZL9dw_wt_buf_4_1_load        |   in|    8|     ap_none|                         p_ZL9dw_wt_buf_4_1_load|        scalar|
|p_ZL9dw_wt_buf_4_2_load        |   in|    8|     ap_none|                         p_ZL9dw_wt_buf_4_2_load|        scalar|
|p_ZL9dw_wt_buf_4_3_load        |   in|    8|     ap_none|                         p_ZL9dw_wt_buf_4_3_load|        scalar|
|p_ZL9dw_wt_buf_4_4_load        |   in|    8|     ap_none|                         p_ZL9dw_wt_buf_4_4_load|        scalar|
|p_ZL9dw_wt_buf_4_5_load        |   in|    8|     ap_none|                         p_ZL9dw_wt_buf_4_5_load|        scalar|
|p_ZL9dw_wt_buf_4_6_load        |   in|    8|     ap_none|                         p_ZL9dw_wt_buf_4_6_load|        scalar|
|p_ZL9dw_wt_buf_5_0_load        |   in|    8|     ap_none|                         p_ZL9dw_wt_buf_5_0_load|        scalar|
|p_ZL9dw_wt_buf_5_1_load        |   in|    8|     ap_none|                         p_ZL9dw_wt_buf_5_1_load|        scalar|
|p_ZL9dw_wt_buf_5_2_load        |   in|    8|     ap_none|                         p_ZL9dw_wt_buf_5_2_load|        scalar|
|p_ZL9dw_wt_buf_5_3_load        |   in|    8|     ap_none|                         p_ZL9dw_wt_buf_5_3_load|        scalar|
|p_ZL9dw_wt_buf_5_4_load        |   in|    8|     ap_none|                         p_ZL9dw_wt_buf_5_4_load|        scalar|
|p_ZL9dw_wt_buf_5_5_load        |   in|    8|     ap_none|                         p_ZL9dw_wt_buf_5_5_load|        scalar|
|p_ZL9dw_wt_buf_5_6_load        |   in|    8|     ap_none|                         p_ZL9dw_wt_buf_5_6_load|        scalar|
|p_ZL9dw_wt_buf_6_0_load        |   in|    8|     ap_none|                         p_ZL9dw_wt_buf_6_0_load|        scalar|
|p_ZL9dw_wt_buf_6_1_load        |   in|    8|     ap_none|                         p_ZL9dw_wt_buf_6_1_load|        scalar|
|p_ZL9dw_wt_buf_6_2_load        |   in|    8|     ap_none|                         p_ZL9dw_wt_buf_6_2_load|        scalar|
|p_ZL9dw_wt_buf_6_3_load        |   in|    8|     ap_none|                         p_ZL9dw_wt_buf_6_3_load|        scalar|
|p_ZL9dw_wt_buf_6_4_load        |   in|    8|     ap_none|                         p_ZL9dw_wt_buf_6_4_load|        scalar|
|p_ZL9dw_wt_buf_6_5_load        |   in|    8|     ap_none|                         p_ZL9dw_wt_buf_6_5_load|        scalar|
|p_ZL9dw_wt_buf_6_6_load        |   in|    8|     ap_none|                         p_ZL9dw_wt_buf_6_6_load|        scalar|
|empty                          |   in|    4|     ap_none|                                           empty|        scalar|
|p_ZL9dw_in_buf_0_0_load        |   in|    8|     ap_none|                         p_ZL9dw_in_buf_0_0_load|        scalar|
|p_ZL9dw_in_buf_0_1_load        |   in|    8|     ap_none|                         p_ZL9dw_in_buf_0_1_load|        scalar|
|p_ZL9dw_in_buf_0_2_load        |   in|    8|     ap_none|                         p_ZL9dw_in_buf_0_2_load|        scalar|
|p_ZL9dw_in_buf_0_3_load        |   in|    8|     ap_none|                         p_ZL9dw_in_buf_0_3_load|        scalar|
|p_ZL9dw_in_buf_0_4_load        |   in|    8|     ap_none|                         p_ZL9dw_in_buf_0_4_load|        scalar|
|p_ZL9dw_in_buf_0_5_load        |   in|    8|     ap_none|                         p_ZL9dw_in_buf_0_5_load|        scalar|
|p_ZL9dw_in_buf_0_6_load        |   in|    8|     ap_none|                         p_ZL9dw_in_buf_0_6_load|        scalar|
|p_ZL9dw_in_buf_0_7_load        |   in|    8|     ap_none|                         p_ZL9dw_in_buf_0_7_load|        scalar|
|p_ZL9dw_in_buf_0_8_load        |   in|    8|     ap_none|                         p_ZL9dw_in_buf_0_8_load|        scalar|
|p_ZL9dw_in_buf_0_9_load        |   in|    8|     ap_none|                         p_ZL9dw_in_buf_0_9_load|        scalar|
|p_ZL9dw_in_buf_0_10_load       |   in|    8|     ap_none|                        p_ZL9dw_in_buf_0_10_load|        scalar|
|p_ZL9dw_in_buf_0_11_load       |   in|    8|     ap_none|                        p_ZL9dw_in_buf_0_11_load|        scalar|
|p_ZL9dw_in_buf_0_12_load       |   in|    8|     ap_none|                        p_ZL9dw_in_buf_0_12_load|        scalar|
|p_ZL9dw_in_buf_1_0_load        |   in|    8|     ap_none|                         p_ZL9dw_in_buf_1_0_load|        scalar|
|p_ZL9dw_in_buf_1_1_load        |   in|    8|     ap_none|                         p_ZL9dw_in_buf_1_1_load|        scalar|
|p_ZL9dw_in_buf_1_2_load        |   in|    8|     ap_none|                         p_ZL9dw_in_buf_1_2_load|        scalar|
|p_ZL9dw_in_buf_1_3_load        |   in|    8|     ap_none|                         p_ZL9dw_in_buf_1_3_load|        scalar|
|p_ZL9dw_in_buf_1_4_load        |   in|    8|     ap_none|                         p_ZL9dw_in_buf_1_4_load|        scalar|
|p_ZL9dw_in_buf_1_5_load        |   in|    8|     ap_none|                         p_ZL9dw_in_buf_1_5_load|        scalar|
|p_ZL9dw_in_buf_1_6_load        |   in|    8|     ap_none|                         p_ZL9dw_in_buf_1_6_load|        scalar|
|p_ZL9dw_in_buf_1_7_load        |   in|    8|     ap_none|                         p_ZL9dw_in_buf_1_7_load|        scalar|
|p_ZL9dw_in_buf_1_8_load        |   in|    8|     ap_none|                         p_ZL9dw_in_buf_1_8_load|        scalar|
|p_ZL9dw_in_buf_1_9_load        |   in|    8|     ap_none|                         p_ZL9dw_in_buf_1_9_load|        scalar|
|p_ZL9dw_in_buf_1_10_load       |   in|    8|     ap_none|                        p_ZL9dw_in_buf_1_10_load|        scalar|
|p_ZL9dw_in_buf_1_11_load       |   in|    8|     ap_none|                        p_ZL9dw_in_buf_1_11_load|        scalar|
|p_ZL9dw_in_buf_1_12_load       |   in|    8|     ap_none|                        p_ZL9dw_in_buf_1_12_load|        scalar|
|p_ZL9dw_in_buf_2_0_load        |   in|    8|     ap_none|                         p_ZL9dw_in_buf_2_0_load|        scalar|
|p_ZL9dw_in_buf_2_1_load        |   in|    8|     ap_none|                         p_ZL9dw_in_buf_2_1_load|        scalar|
|p_ZL9dw_in_buf_2_2_load        |   in|    8|     ap_none|                         p_ZL9dw_in_buf_2_2_load|        scalar|
|p_ZL9dw_in_buf_2_3_load        |   in|    8|     ap_none|                         p_ZL9dw_in_buf_2_3_load|        scalar|
|p_ZL9dw_in_buf_2_4_load        |   in|    8|     ap_none|                         p_ZL9dw_in_buf_2_4_load|        scalar|
|p_ZL9dw_in_buf_2_5_load        |   in|    8|     ap_none|                         p_ZL9dw_in_buf_2_5_load|        scalar|
|p_ZL9dw_in_buf_2_6_load        |   in|    8|     ap_none|                         p_ZL9dw_in_buf_2_6_load|        scalar|
|p_ZL9dw_in_buf_2_7_load        |   in|    8|     ap_none|                         p_ZL9dw_in_buf_2_7_load|        scalar|
|p_ZL9dw_in_buf_2_8_load        |   in|    8|     ap_none|                         p_ZL9dw_in_buf_2_8_load|        scalar|
|p_ZL9dw_in_buf_2_9_load        |   in|    8|     ap_none|                         p_ZL9dw_in_buf_2_9_load|        scalar|
|p_ZL9dw_in_buf_2_10_load       |   in|    8|     ap_none|                        p_ZL9dw_in_buf_2_10_load|        scalar|
|p_ZL9dw_in_buf_2_11_load       |   in|    8|     ap_none|                        p_ZL9dw_in_buf_2_11_load|        scalar|
|p_ZL9dw_in_buf_2_12_load       |   in|    8|     ap_none|                        p_ZL9dw_in_buf_2_12_load|        scalar|
|p_ZL9dw_in_buf_3_0_load        |   in|    8|     ap_none|                         p_ZL9dw_in_buf_3_0_load|        scalar|
|p_ZL9dw_in_buf_3_1_load        |   in|    8|     ap_none|                         p_ZL9dw_in_buf_3_1_load|        scalar|
|p_ZL9dw_in_buf_3_2_load        |   in|    8|     ap_none|                         p_ZL9dw_in_buf_3_2_load|        scalar|
|p_ZL9dw_in_buf_3_3_load        |   in|    8|     ap_none|                         p_ZL9dw_in_buf_3_3_load|        scalar|
|p_ZL9dw_in_buf_3_4_load        |   in|    8|     ap_none|                         p_ZL9dw_in_buf_3_4_load|        scalar|
|p_ZL9dw_in_buf_3_5_load        |   in|    8|     ap_none|                         p_ZL9dw_in_buf_3_5_load|        scalar|
|p_ZL9dw_in_buf_3_6_load        |   in|    8|     ap_none|                         p_ZL9dw_in_buf_3_6_load|        scalar|
|p_ZL9dw_in_buf_3_7_load        |   in|    8|     ap_none|                         p_ZL9dw_in_buf_3_7_load|        scalar|
|p_ZL9dw_in_buf_3_8_load        |   in|    8|     ap_none|                         p_ZL9dw_in_buf_3_8_load|        scalar|
|p_ZL9dw_in_buf_3_9_load        |   in|    8|     ap_none|                         p_ZL9dw_in_buf_3_9_load|        scalar|
|p_ZL9dw_in_buf_3_10_load       |   in|    8|     ap_none|                        p_ZL9dw_in_buf_3_10_load|        scalar|
|p_ZL9dw_in_buf_3_11_load       |   in|    8|     ap_none|                        p_ZL9dw_in_buf_3_11_load|        scalar|
|p_ZL9dw_in_buf_3_12_load       |   in|    8|     ap_none|                        p_ZL9dw_in_buf_3_12_load|        scalar|
|p_ZL9dw_in_buf_4_0_load        |   in|    8|     ap_none|                         p_ZL9dw_in_buf_4_0_load|        scalar|
|p_ZL9dw_in_buf_4_1_load        |   in|    8|     ap_none|                         p_ZL9dw_in_buf_4_1_load|        scalar|
|p_ZL9dw_in_buf_4_2_load        |   in|    8|     ap_none|                         p_ZL9dw_in_buf_4_2_load|        scalar|
|p_ZL9dw_in_buf_4_3_load        |   in|    8|     ap_none|                         p_ZL9dw_in_buf_4_3_load|        scalar|
|p_ZL9dw_in_buf_4_4_load        |   in|    8|     ap_none|                         p_ZL9dw_in_buf_4_4_load|        scalar|
|p_ZL9dw_in_buf_4_5_load        |   in|    8|     ap_none|                         p_ZL9dw_in_buf_4_5_load|        scalar|
|p_ZL9dw_in_buf_4_6_load        |   in|    8|     ap_none|                         p_ZL9dw_in_buf_4_6_load|        scalar|
|p_ZL9dw_in_buf_4_7_load        |   in|    8|     ap_none|                         p_ZL9dw_in_buf_4_7_load|        scalar|
|p_ZL9dw_in_buf_4_8_load        |   in|    8|     ap_none|                         p_ZL9dw_in_buf_4_8_load|        scalar|
|p_ZL9dw_in_buf_4_9_load        |   in|    8|     ap_none|                         p_ZL9dw_in_buf_4_9_load|        scalar|
|p_ZL9dw_in_buf_4_10_load       |   in|    8|     ap_none|                        p_ZL9dw_in_buf_4_10_load|        scalar|
|p_ZL9dw_in_buf_4_11_load       |   in|    8|     ap_none|                        p_ZL9dw_in_buf_4_11_load|        scalar|
|p_ZL9dw_in_buf_4_12_load       |   in|    8|     ap_none|                        p_ZL9dw_in_buf_4_12_load|        scalar|
|p_ZL9dw_in_buf_5_0_load        |   in|    8|     ap_none|                         p_ZL9dw_in_buf_5_0_load|        scalar|
|p_ZL9dw_in_buf_5_1_load        |   in|    8|     ap_none|                         p_ZL9dw_in_buf_5_1_load|        scalar|
|p_ZL9dw_in_buf_5_2_load        |   in|    8|     ap_none|                         p_ZL9dw_in_buf_5_2_load|        scalar|
|p_ZL9dw_in_buf_5_3_load        |   in|    8|     ap_none|                         p_ZL9dw_in_buf_5_3_load|        scalar|
|p_ZL9dw_in_buf_5_4_load        |   in|    8|     ap_none|                         p_ZL9dw_in_buf_5_4_load|        scalar|
|p_ZL9dw_in_buf_5_5_load        |   in|    8|     ap_none|                         p_ZL9dw_in_buf_5_5_load|        scalar|
|p_ZL9dw_in_buf_5_6_load        |   in|    8|     ap_none|                         p_ZL9dw_in_buf_5_6_load|        scalar|
|p_ZL9dw_in_buf_5_7_load        |   in|    8|     ap_none|                         p_ZL9dw_in_buf_5_7_load|        scalar|
|p_ZL9dw_in_buf_5_8_load        |   in|    8|     ap_none|                         p_ZL9dw_in_buf_5_8_load|        scalar|
|p_ZL9dw_in_buf_5_9_load        |   in|    8|     ap_none|                         p_ZL9dw_in_buf_5_9_load|        scalar|
|p_ZL9dw_in_buf_5_10_load       |   in|    8|     ap_none|                        p_ZL9dw_in_buf_5_10_load|        scalar|
|p_ZL9dw_in_buf_5_11_load       |   in|    8|     ap_none|                        p_ZL9dw_in_buf_5_11_load|        scalar|
|p_ZL9dw_in_buf_5_12_load       |   in|    8|     ap_none|                        p_ZL9dw_in_buf_5_12_load|        scalar|
|p_ZL9dw_in_buf_6_0_load        |   in|    8|     ap_none|                         p_ZL9dw_in_buf_6_0_load|        scalar|
|p_ZL9dw_in_buf_6_1_load        |   in|    8|     ap_none|                         p_ZL9dw_in_buf_6_1_load|        scalar|
|p_ZL9dw_in_buf_6_2_load        |   in|    8|     ap_none|                         p_ZL9dw_in_buf_6_2_load|        scalar|
|p_ZL9dw_in_buf_6_3_load        |   in|    8|     ap_none|                         p_ZL9dw_in_buf_6_3_load|        scalar|
|p_ZL9dw_in_buf_6_4_load        |   in|    8|     ap_none|                         p_ZL9dw_in_buf_6_4_load|        scalar|
|p_ZL9dw_in_buf_6_5_load        |   in|    8|     ap_none|                         p_ZL9dw_in_buf_6_5_load|        scalar|
|p_ZL9dw_in_buf_6_6_load        |   in|    8|     ap_none|                         p_ZL9dw_in_buf_6_6_load|        scalar|
|p_ZL9dw_in_buf_6_7_load        |   in|    8|     ap_none|                         p_ZL9dw_in_buf_6_7_load|        scalar|
|p_ZL9dw_in_buf_6_8_load        |   in|    8|     ap_none|                         p_ZL9dw_in_buf_6_8_load|        scalar|
|p_ZL9dw_in_buf_6_9_load        |   in|    8|     ap_none|                         p_ZL9dw_in_buf_6_9_load|        scalar|
|p_ZL9dw_in_buf_6_10_load       |   in|    8|     ap_none|                        p_ZL9dw_in_buf_6_10_load|        scalar|
|p_ZL9dw_in_buf_6_11_load       |   in|    8|     ap_none|                        p_ZL9dw_in_buf_6_11_load|        scalar|
|p_ZL9dw_in_buf_6_12_load       |   in|    8|     ap_none|                        p_ZL9dw_in_buf_6_12_load|        scalar|
|p_ZL9dw_in_buf_7_0_load        |   in|    8|     ap_none|                         p_ZL9dw_in_buf_7_0_load|        scalar|
|p_ZL9dw_in_buf_7_1_load        |   in|    8|     ap_none|                         p_ZL9dw_in_buf_7_1_load|        scalar|
|p_ZL9dw_in_buf_7_2_load        |   in|    8|     ap_none|                         p_ZL9dw_in_buf_7_2_load|        scalar|
|p_ZL9dw_in_buf_7_3_load        |   in|    8|     ap_none|                         p_ZL9dw_in_buf_7_3_load|        scalar|
|p_ZL9dw_in_buf_7_4_load        |   in|    8|     ap_none|                         p_ZL9dw_in_buf_7_4_load|        scalar|
|p_ZL9dw_in_buf_7_5_load        |   in|    8|     ap_none|                         p_ZL9dw_in_buf_7_5_load|        scalar|
|p_ZL9dw_in_buf_7_6_load        |   in|    8|     ap_none|                         p_ZL9dw_in_buf_7_6_load|        scalar|
|p_ZL9dw_in_buf_7_7_load        |   in|    8|     ap_none|                         p_ZL9dw_in_buf_7_7_load|        scalar|
|p_ZL9dw_in_buf_7_8_load        |   in|    8|     ap_none|                         p_ZL9dw_in_buf_7_8_load|        scalar|
|p_ZL9dw_in_buf_7_9_load        |   in|    8|     ap_none|                         p_ZL9dw_in_buf_7_9_load|        scalar|
|p_ZL9dw_in_buf_7_10_load       |   in|    8|     ap_none|                        p_ZL9dw_in_buf_7_10_load|        scalar|
|p_ZL9dw_in_buf_7_11_load       |   in|    8|     ap_none|                        p_ZL9dw_in_buf_7_11_load|        scalar|
|p_ZL9dw_in_buf_7_12_load       |   in|    8|     ap_none|                        p_ZL9dw_in_buf_7_12_load|        scalar|
|p_ZL9dw_in_buf_8_0_load        |   in|    8|     ap_none|                         p_ZL9dw_in_buf_8_0_load|        scalar|
|p_ZL9dw_in_buf_8_1_load        |   in|    8|     ap_none|                         p_ZL9dw_in_buf_8_1_load|        scalar|
|p_ZL9dw_in_buf_8_2_load        |   in|    8|     ap_none|                         p_ZL9dw_in_buf_8_2_load|        scalar|
|p_ZL9dw_in_buf_8_3_load        |   in|    8|     ap_none|                         p_ZL9dw_in_buf_8_3_load|        scalar|
|p_ZL9dw_in_buf_8_4_load        |   in|    8|     ap_none|                         p_ZL9dw_in_buf_8_4_load|        scalar|
|p_ZL9dw_in_buf_8_5_load        |   in|    8|     ap_none|                         p_ZL9dw_in_buf_8_5_load|        scalar|
|p_ZL9dw_in_buf_8_6_load        |   in|    8|     ap_none|                         p_ZL9dw_in_buf_8_6_load|        scalar|
|p_ZL9dw_in_buf_8_7_load        |   in|    8|     ap_none|                         p_ZL9dw_in_buf_8_7_load|        scalar|
|p_ZL9dw_in_buf_8_8_load        |   in|    8|     ap_none|                         p_ZL9dw_in_buf_8_8_load|        scalar|
|p_ZL9dw_in_buf_8_9_load        |   in|    8|     ap_none|                         p_ZL9dw_in_buf_8_9_load|        scalar|
|p_ZL9dw_in_buf_8_10_load       |   in|    8|     ap_none|                        p_ZL9dw_in_buf_8_10_load|        scalar|
|p_ZL9dw_in_buf_8_11_load       |   in|    8|     ap_none|                        p_ZL9dw_in_buf_8_11_load|        scalar|
|p_ZL9dw_in_buf_8_12_load       |   in|    8|     ap_none|                        p_ZL9dw_in_buf_8_12_load|        scalar|
|p_ZL9dw_in_buf_9_0_load        |   in|    8|     ap_none|                         p_ZL9dw_in_buf_9_0_load|        scalar|
|p_ZL9dw_in_buf_9_1_load        |   in|    8|     ap_none|                         p_ZL9dw_in_buf_9_1_load|        scalar|
|p_ZL9dw_in_buf_9_2_load        |   in|    8|     ap_none|                         p_ZL9dw_in_buf_9_2_load|        scalar|
|p_ZL9dw_in_buf_9_3_load        |   in|    8|     ap_none|                         p_ZL9dw_in_buf_9_3_load|        scalar|
|p_ZL9dw_in_buf_9_4_load        |   in|    8|     ap_none|                         p_ZL9dw_in_buf_9_4_load|        scalar|
|p_ZL9dw_in_buf_9_5_load        |   in|    8|     ap_none|                         p_ZL9dw_in_buf_9_5_load|        scalar|
|p_ZL9dw_in_buf_9_6_load        |   in|    8|     ap_none|                         p_ZL9dw_in_buf_9_6_load|        scalar|
|p_ZL9dw_in_buf_9_7_load        |   in|    8|     ap_none|                         p_ZL9dw_in_buf_9_7_load|        scalar|
|p_ZL9dw_in_buf_9_8_load        |   in|    8|     ap_none|                         p_ZL9dw_in_buf_9_8_load|        scalar|
|p_ZL9dw_in_buf_9_9_load        |   in|    8|     ap_none|                         p_ZL9dw_in_buf_9_9_load|        scalar|
|p_ZL9dw_in_buf_9_10_load       |   in|    8|     ap_none|                        p_ZL9dw_in_buf_9_10_load|        scalar|
|p_ZL9dw_in_buf_9_11_load       |   in|    8|     ap_none|                        p_ZL9dw_in_buf_9_11_load|        scalar|
|p_ZL9dw_in_buf_9_12_load       |   in|    8|     ap_none|                        p_ZL9dw_in_buf_9_12_load|        scalar|
|p_ZL9dw_in_buf_10_0_load       |   in|    8|     ap_none|                        p_ZL9dw_in_buf_10_0_load|        scalar|
|p_ZL9dw_in_buf_10_1_load       |   in|    8|     ap_none|                        p_ZL9dw_in_buf_10_1_load|        scalar|
|p_ZL9dw_in_buf_10_2_load       |   in|    8|     ap_none|                        p_ZL9dw_in_buf_10_2_load|        scalar|
|p_ZL9dw_in_buf_10_3_load       |   in|    8|     ap_none|                        p_ZL9dw_in_buf_10_3_load|        scalar|
|p_ZL9dw_in_buf_10_4_load       |   in|    8|     ap_none|                        p_ZL9dw_in_buf_10_4_load|        scalar|
|p_ZL9dw_in_buf_10_5_load       |   in|    8|     ap_none|                        p_ZL9dw_in_buf_10_5_load|        scalar|
|p_ZL9dw_in_buf_10_6_load       |   in|    8|     ap_none|                        p_ZL9dw_in_buf_10_6_load|        scalar|
|p_ZL9dw_in_buf_10_7_load       |   in|    8|     ap_none|                        p_ZL9dw_in_buf_10_7_load|        scalar|
|p_ZL9dw_in_buf_10_8_load       |   in|    8|     ap_none|                        p_ZL9dw_in_buf_10_8_load|        scalar|
|p_ZL9dw_in_buf_10_9_load       |   in|    8|     ap_none|                        p_ZL9dw_in_buf_10_9_load|        scalar|
|p_ZL9dw_in_buf_10_10_load      |   in|    8|     ap_none|                       p_ZL9dw_in_buf_10_10_load|        scalar|
|p_ZL9dw_in_buf_10_11_load      |   in|    8|     ap_none|                       p_ZL9dw_in_buf_10_11_load|        scalar|
|p_ZL9dw_in_buf_10_12_load      |   in|    8|     ap_none|                       p_ZL9dw_in_buf_10_12_load|        scalar|
|p_ZL9dw_in_buf_11_0_load       |   in|    8|     ap_none|                        p_ZL9dw_in_buf_11_0_load|        scalar|
|p_ZL9dw_in_buf_11_1_load       |   in|    8|     ap_none|                        p_ZL9dw_in_buf_11_1_load|        scalar|
|p_ZL9dw_in_buf_11_2_load       |   in|    8|     ap_none|                        p_ZL9dw_in_buf_11_2_load|        scalar|
|p_ZL9dw_in_buf_11_3_load       |   in|    8|     ap_none|                        p_ZL9dw_in_buf_11_3_load|        scalar|
|p_ZL9dw_in_buf_11_4_load       |   in|    8|     ap_none|                        p_ZL9dw_in_buf_11_4_load|        scalar|
|p_ZL9dw_in_buf_11_5_load       |   in|    8|     ap_none|                        p_ZL9dw_in_buf_11_5_load|        scalar|
|p_ZL9dw_in_buf_11_6_load       |   in|    8|     ap_none|                        p_ZL9dw_in_buf_11_6_load|        scalar|
|p_ZL9dw_in_buf_11_7_load       |   in|    8|     ap_none|                        p_ZL9dw_in_buf_11_7_load|        scalar|
|p_ZL9dw_in_buf_11_8_load       |   in|    8|     ap_none|                        p_ZL9dw_in_buf_11_8_load|        scalar|
|p_ZL9dw_in_buf_11_9_load       |   in|    8|     ap_none|                        p_ZL9dw_in_buf_11_9_load|        scalar|
|p_ZL9dw_in_buf_11_10_load      |   in|    8|     ap_none|                       p_ZL9dw_in_buf_11_10_load|        scalar|
|p_ZL9dw_in_buf_11_11_load      |   in|    8|     ap_none|                       p_ZL9dw_in_buf_11_11_load|        scalar|
|p_ZL9dw_in_buf_11_12_load      |   in|    8|     ap_none|                       p_ZL9dw_in_buf_11_12_load|        scalar|
|p_ZL9dw_in_buf_12_0_load       |   in|    8|     ap_none|                        p_ZL9dw_in_buf_12_0_load|        scalar|
|p_ZL9dw_in_buf_12_1_load       |   in|    8|     ap_none|                        p_ZL9dw_in_buf_12_1_load|        scalar|
|p_ZL9dw_in_buf_12_2_load       |   in|    8|     ap_none|                        p_ZL9dw_in_buf_12_2_load|        scalar|
|p_ZL9dw_in_buf_12_3_load       |   in|    8|     ap_none|                        p_ZL9dw_in_buf_12_3_load|        scalar|
|p_ZL9dw_in_buf_12_4_load       |   in|    8|     ap_none|                        p_ZL9dw_in_buf_12_4_load|        scalar|
|p_ZL9dw_in_buf_12_5_load       |   in|    8|     ap_none|                        p_ZL9dw_in_buf_12_5_load|        scalar|
|p_ZL9dw_in_buf_12_6_load       |   in|    8|     ap_none|                        p_ZL9dw_in_buf_12_6_load|        scalar|
|p_ZL9dw_in_buf_12_7_load       |   in|    8|     ap_none|                        p_ZL9dw_in_buf_12_7_load|        scalar|
|p_ZL9dw_in_buf_12_8_load       |   in|    8|     ap_none|                        p_ZL9dw_in_buf_12_8_load|        scalar|
|p_ZL9dw_in_buf_12_9_load       |   in|    8|     ap_none|                        p_ZL9dw_in_buf_12_9_load|        scalar|
|p_ZL9dw_in_buf_12_10_load      |   in|    8|     ap_none|                       p_ZL9dw_in_buf_12_10_load|        scalar|
|p_ZL9dw_in_buf_12_11_load      |   in|    8|     ap_none|                       p_ZL9dw_in_buf_12_11_load|        scalar|
|p_ZL9dw_in_buf_12_12_load      |   in|    8|     ap_none|                       p_ZL9dw_in_buf_12_12_load|        scalar|
|mul195_1                       |   in|    4|     ap_none|                                        mul195_1|        scalar|
|mul_ln151_1                    |   in|    4|     ap_none|                                     mul_ln151_1|        scalar|
|p_ZL10dw_out_buf_0_0_i         |   in|   32|     ap_ovld|                            p_ZL10dw_out_buf_0_0|       pointer|
|p_ZL10dw_out_buf_0_0_o         |  out|   32|     ap_ovld|                            p_ZL10dw_out_buf_0_0|       pointer|
|p_ZL10dw_out_buf_0_0_o_ap_vld  |  out|    1|     ap_ovld|                            p_ZL10dw_out_buf_0_0|       pointer|
|p_ZL10dw_out_buf_0_1_i         |   in|   32|     ap_ovld|                            p_ZL10dw_out_buf_0_1|       pointer|
|p_ZL10dw_out_buf_0_1_o         |  out|   32|     ap_ovld|                            p_ZL10dw_out_buf_0_1|       pointer|
|p_ZL10dw_out_buf_0_1_o_ap_vld  |  out|    1|     ap_ovld|                            p_ZL10dw_out_buf_0_1|       pointer|
|p_ZL10dw_out_buf_0_2_i         |   in|   32|     ap_ovld|                            p_ZL10dw_out_buf_0_2|       pointer|
|p_ZL10dw_out_buf_0_2_o         |  out|   32|     ap_ovld|                            p_ZL10dw_out_buf_0_2|       pointer|
|p_ZL10dw_out_buf_0_2_o_ap_vld  |  out|    1|     ap_ovld|                            p_ZL10dw_out_buf_0_2|       pointer|
|p_ZL10dw_out_buf_0_3_i         |   in|   32|     ap_ovld|                            p_ZL10dw_out_buf_0_3|       pointer|
|p_ZL10dw_out_buf_0_3_o         |  out|   32|     ap_ovld|                            p_ZL10dw_out_buf_0_3|       pointer|
|p_ZL10dw_out_buf_0_3_o_ap_vld  |  out|    1|     ap_ovld|                            p_ZL10dw_out_buf_0_3|       pointer|
|p_ZL10dw_out_buf_1_0_i         |   in|   32|     ap_ovld|                            p_ZL10dw_out_buf_1_0|       pointer|
|p_ZL10dw_out_buf_1_0_o         |  out|   32|     ap_ovld|                            p_ZL10dw_out_buf_1_0|       pointer|
|p_ZL10dw_out_buf_1_0_o_ap_vld  |  out|    1|     ap_ovld|                            p_ZL10dw_out_buf_1_0|       pointer|
|p_ZL10dw_out_buf_1_1_i         |   in|   32|     ap_ovld|                            p_ZL10dw_out_buf_1_1|       pointer|
|p_ZL10dw_out_buf_1_1_o         |  out|   32|     ap_ovld|                            p_ZL10dw_out_buf_1_1|       pointer|
|p_ZL10dw_out_buf_1_1_o_ap_vld  |  out|    1|     ap_ovld|                            p_ZL10dw_out_buf_1_1|       pointer|
|p_ZL10dw_out_buf_1_2_i         |   in|   32|     ap_ovld|                            p_ZL10dw_out_buf_1_2|       pointer|
|p_ZL10dw_out_buf_1_2_o         |  out|   32|     ap_ovld|                            p_ZL10dw_out_buf_1_2|       pointer|
|p_ZL10dw_out_buf_1_2_o_ap_vld  |  out|    1|     ap_ovld|                            p_ZL10dw_out_buf_1_2|       pointer|
|p_ZL10dw_out_buf_1_3_i         |   in|   32|     ap_ovld|                            p_ZL10dw_out_buf_1_3|       pointer|
|p_ZL10dw_out_buf_1_3_o         |  out|   32|     ap_ovld|                            p_ZL10dw_out_buf_1_3|       pointer|
|p_ZL10dw_out_buf_1_3_o_ap_vld  |  out|    1|     ap_ovld|                            p_ZL10dw_out_buf_1_3|       pointer|
|p_ZL10dw_out_buf_2_0_i         |   in|   32|     ap_ovld|                            p_ZL10dw_out_buf_2_0|       pointer|
|p_ZL10dw_out_buf_2_0_o         |  out|   32|     ap_ovld|                            p_ZL10dw_out_buf_2_0|       pointer|
|p_ZL10dw_out_buf_2_0_o_ap_vld  |  out|    1|     ap_ovld|                            p_ZL10dw_out_buf_2_0|       pointer|
|p_ZL10dw_out_buf_2_1_i         |   in|   32|     ap_ovld|                            p_ZL10dw_out_buf_2_1|       pointer|
|p_ZL10dw_out_buf_2_1_o         |  out|   32|     ap_ovld|                            p_ZL10dw_out_buf_2_1|       pointer|
|p_ZL10dw_out_buf_2_1_o_ap_vld  |  out|    1|     ap_ovld|                            p_ZL10dw_out_buf_2_1|       pointer|
|p_ZL10dw_out_buf_2_2_i         |   in|   32|     ap_ovld|                            p_ZL10dw_out_buf_2_2|       pointer|
|p_ZL10dw_out_buf_2_2_o         |  out|   32|     ap_ovld|                            p_ZL10dw_out_buf_2_2|       pointer|
|p_ZL10dw_out_buf_2_2_o_ap_vld  |  out|    1|     ap_ovld|                            p_ZL10dw_out_buf_2_2|       pointer|
|p_ZL10dw_out_buf_2_3_i         |   in|   32|     ap_ovld|                            p_ZL10dw_out_buf_2_3|       pointer|
|p_ZL10dw_out_buf_2_3_o         |  out|   32|     ap_ovld|                            p_ZL10dw_out_buf_2_3|       pointer|
|p_ZL10dw_out_buf_2_3_o_ap_vld  |  out|    1|     ap_ovld|                            p_ZL10dw_out_buf_2_3|       pointer|
|p_ZL10dw_out_buf_3_0_i         |   in|   32|     ap_ovld|                            p_ZL10dw_out_buf_3_0|       pointer|
|p_ZL10dw_out_buf_3_0_o         |  out|   32|     ap_ovld|                            p_ZL10dw_out_buf_3_0|       pointer|
|p_ZL10dw_out_buf_3_0_o_ap_vld  |  out|    1|     ap_ovld|                            p_ZL10dw_out_buf_3_0|       pointer|
|p_ZL10dw_out_buf_3_1_i         |   in|   32|     ap_ovld|                            p_ZL10dw_out_buf_3_1|       pointer|
|p_ZL10dw_out_buf_3_1_o         |  out|   32|     ap_ovld|                            p_ZL10dw_out_buf_3_1|       pointer|
|p_ZL10dw_out_buf_3_1_o_ap_vld  |  out|    1|     ap_ovld|                            p_ZL10dw_out_buf_3_1|       pointer|
|p_ZL10dw_out_buf_3_2_i         |   in|   32|     ap_ovld|                            p_ZL10dw_out_buf_3_2|       pointer|
|p_ZL10dw_out_buf_3_2_o         |  out|   32|     ap_ovld|                            p_ZL10dw_out_buf_3_2|       pointer|
|p_ZL10dw_out_buf_3_2_o_ap_vld  |  out|    1|     ap_ovld|                            p_ZL10dw_out_buf_3_2|       pointer|
|p_ZL10dw_out_buf_3_3_i         |   in|   32|     ap_ovld|                            p_ZL10dw_out_buf_3_3|       pointer|
|p_ZL10dw_out_buf_3_3_o         |  out|   32|     ap_ovld|                            p_ZL10dw_out_buf_3_3|       pointer|
|p_ZL10dw_out_buf_3_3_o_ap_vld  |  out|    1|     ap_ovld|                            p_ZL10dw_out_buf_3_3|       pointer|
+-------------------------------+-----+-----+------------+------------------------------------------------+--------------+

