
****** Vitis HLS - High-Level Synthesis from C, C++ and OpenCL v2024.2 (64-bit)
  **** SW Build 5238294 on Nov  8 2024
  **** IP Build 5239520 on Sun Nov 10 16:12:51 MST 2024
  **** SharedData Build 5239561 on Fri Nov 08 14:39:27 MST 2024
  **** Start of session at: Sun Aug  2 03:58:02 2026
    ** Copyright 1986-2022 Xilinx, Inc. All Rights Reserved.
    ** Copyright 2022-2024 Advanced Micro Devices, Inc. All Rights Reserved.

source E:/Xilinx/Vitis/2024.2/scripts/vitis_hls/hls.tcl -notrace
INFO: [HLS 200-10] For user 'zhren' on host 'desktop-gblh5mp' (Windows NT_amd64 version 10.0) on Sun Aug 02 03:58:04 -0400 2026
INFO: [HLS 200-10] In directory 'E:/codes/microzed/fastvit_hls/fastvit_ip_w8a4'
WARNING: [HLS 200-2053] The vitis_hls executable is deprecated. Consider using vitis-run --mode hls --tcl
Sourcing Tcl script 'run_csim_only.tcl'
INFO: [HLS 200-1510] Running: open_project fastvit_ip_w8a4_proj 
INFO: [HLS 200-10] Opening project 'E:/codes/microzed/fastvit_hls/fastvit_ip_w8a4/fastvit_ip_w8a4_proj'.
INFO: [HLS 200-1510] Running: open_solution solution1 
INFO: [HLS 200-10] Opening solution 'E:/codes/microzed/fastvit_hls/fastvit_ip_w8a4/fastvit_ip_w8a4_proj/solution1'.
INFO: [SYN 201-201] Setting up clock 'default' with a period of 7ns.
INFO: [HLS 200-1611] Setting target device to 'xc7z020-clg400-1'
INFO: [HLS 200-1505] Using flow_target 'vivado'
Resolution: For help on HLS 200-1505 see docs.xilinx.com/access/sources/dita/topic?Doc_Version=2024.2%20English&url=ug1448-hls-guidance&resourceid=200-1505.html
INFO: [HLS 200-1464] Running solution command: config_export -description {Unified conv/dwconv/pwconv/add/gelu accelerator, W8A4 quantization, op_code dispatched, xc7z020}
INFO: [HLS 200-1464] Running solution command: config_export -display_name=FastVIT_W8A4_IP
INFO: [HLS 200-1464] Running solution command: config_export -format=ip_catalog
INFO: [HLS 200-1464] Running solution command: config_export -vendor=user.org
INFO: [HLS 200-1464] Running solution command: config_export -version=2.0
>>> Running C Simulation (golden vector dump only)...
INFO: [HLS 200-1510] Running: csim_design 
INFO: [SIM 211-2] *************** CSIM start ***************
INFO: [SIM 211-4] CSIM will launch CLANG as the compiler.
INFO: [HLS 200-2036] Building debug C Simulation binaries
   Compiling ../../../../fastvit_ip_tb.cpp in debug mode
   Generating csim.exe
In file included from ../../../../fastvit_ip_tb.cpp:13:
In file included from ../../../../fastvit_ip.h:65:
In file included from E:/Xilinx/Vitis/2024.2/include/ap_int.h:10:
In file included from E:/Xilinx/Vitis/2024.2/include/etc/ap_common.h:658:
In file included from E:/Xilinx/Vitis/2024.2/include/etc/ap_private.h:68:
In file included from E:/Xilinx/Vitis/2024.2/include/hls_half.h:26:
In file included from E:/Xilinx/Vitis/2024.2/include/etc/hls_half_fpo.h:19:
In file included from E:/Xilinx/Vitis/2024.2/include/hls_fpo.h:140:
In file included from E:/Xilinx/Vitis/2024.2/include/floating_point_v7_1_bitacc_cmodel.h:150:
E:/Xilinx/Vitis/2024.2/include/gmp.h:58:9: warning: '__GMP_LIBGMP_DLL' macro redefined [-Wmacro-redefined]
#define __GMP_LIBGMP_DLL  0
        ^
E:/Xilinx/Vitis/2024.2/include/floating_point_v7_1_bitacc_cmodel.h:142:9: note: previous definition is here
#define __GMP_LIBGMP_DLL 1
        ^
1 warning generated.
=== fastvit_ip unified testbench ===

--- Tier B Phase B3 golden vector dump ---
[golden] conv: CHin=2 Hin=4 Win=4 CHout=2 Hout=4 Wout=4 n_in=32 n_out=32 n_wt=36 shift=4 relu=1 sh=1 sw=1 ph=1 pw=1
[golden] dwconv: CH=2 H=4 W=4 Kh=3 Kw=3 pad=1 n=32 n_wt=18 shift=2 act_mode=0
[golden] pwconv: CHin=4 H=2 W=2 CHout=4 n_in=16 n_out=16 n_wt=16 shift=2 act_mode=1
[golden] add: CH=1 H=4 W=4 n=16
[golden] gelu: CHin=8 H=1 W=1 n=8

--- OP_CONV ---
[PASS] 3x3 s1 CHin=4 CHout=8 ReLU (512 points)
[PASS] 3x3 s2 CHin=8 CHout=16 NoReLU (1024 points)
[PASS] 3x3 s1 CHin=16 CHout=32 ReLU (8192 points)

--- OP_DWCONV ---
[PASS] DW3_s1_CH32 (100352 points)
[PASS] DW3_FastVIT_S1 (196608 points)
[PASS] DW7_s1_CH16 (12544 points)
[PASS] DW7_FastVIT_S3 (12288 points)
[PASS] DW3_small (128 points)
[PASS] DW3_CH3_odd (192 points)
[PASS] DW7_CH5_odd (320 points)

--- OP_PWCONV ---
[PASS] PW_32to64_56x56 (200704 points)
[PASS] PW_64to128_28x28 (100352 points)
[PASS] PW_128to256_16x16 (65536 points)
[PASS] PW_small (512 points)
[PASS] Stem_PW48to48 (196608 points)
[PASS] Stage2_expand_96to288 (294912 points)
[PASS] Stage4_expand_384to1152_sp64 (73728 points)
[PASS] Stage1_project_144to48 (196608 points)
[PASS] Stage2_project_288to96 (98304 points)

--- OP_ADD ---
[PASS] Normal Addition (200704 points)
[PASS] Positive Overflow (200704 points)
[PASS] Negative Overflow (200704 points)
[PASS] Non-divisible Tile Size (4199 points)
[PASS] Single Channel (100 points)

--- OP_GELU ---
[PASS] Stem_DW3_48_64x64 (196608 points)
[PASS] S1_expand_144_64x64 (589824 points)
[PASS] Trans1_96_32x32 (98304 points)
[PASS] S2_expand_288_32x32 (294912 points)
[PASS] Trans2_192_16x16 (49152 points)
[PASS] S3_expand_576_16x16 (147456 points)
[PASS] Trans3_384_8x8 (24576 points)
[PASS] S4_expand_1152_8x8 (73728 points)
[PASS] Non-divisible Tile Size (4199 points)
[PASS] Boundary values (5 points)

=====================================
ALL TESTS PASSED
INFO: [SIM 211-1] CSim done with 0 errors.
INFO: [SIM 211-3] *************** CSIM finish ***************
INFO: [HLS 200-2161] Finished Command csim_design Elapsed time: 00:00:38; Allocated memory: 1.176 MB.
>>> Done.
INFO: [HLS 200-1510] Running: close_project 
INFO: [HLS 200-112] Total CPU user time: 1 seconds. Total CPU system time: 0 seconds. Total elapsed time: 41.457 seconds; peak allocated memory: 151.480 MB.
