

================================================================
== Vitis HLS Report for 'run_dwconv_Pipeline_WRITEOUT'
================================================================
* Date:           Wed Aug 19 17:14:53 2026

* Version:        2024.2 (Build 5238294 on Nov  8 2024)
* Project:        mac_array_poc_r9
* Solution:       solution1 (Vivado IP Flow Target)
* Product family: zynq
* Target device:  xc7z020-clg400-1


================================================================
== Performance Estimates
================================================================
+ Timing: 
    * Summary: 
    +--------+----------+----------+------------+
    |  Clock |  Target  | Estimated| Uncertainty|
    +--------+----------+----------+------------+
    |ap_clk  |  10.00 ns|  6.842 ns|     2.70 ns|
    +--------+----------+----------+------------+

+ Latency: 
    * Summary: 
    +---------+---------+----------+----------+-----+-----+------------------------------------------------+
    |  Latency (cycles) |  Latency (absolute) |  Interval |                    Pipeline                    |
    |   min   |   max   |    min   |    max   | min | max |                      Type                      |
    +---------+---------+----------+----------+-----+-----+------------------------------------------------+
    |      516|      516|  5.160 us|  5.160 us|  513|  513|  loop auto-rewind stp (delay=0 clock cycles(s))|
    +---------+---------+----------+----------+-----+-----+------------------------------------------------+

    + Detail: 
        * Instance: 
        N/A

        * Loop: 
        +------------+---------+---------+----------+-----------+-----------+------+----------+
        |            |  Latency (cycles) | Iteration|  Initiation Interval  | Trip |          |
        |  Loop Name |   min   |   max   |  Latency |  achieved |   target  | Count| Pipelined|
        +------------+---------+---------+----------+-----------+-----------+------+----------+
        |- WRITEOUT  |      514|      514|         4|          1|          1|   512|       yes|
        +------------+---------+---------+----------+-----------+-----------+------+----------+



================================================================
== Utilization Estimates
================================================================
* Summary: 
+-----------------+---------+-----+--------+-------+-----+
|       Name      | BRAM_18K| DSP |   FF   |  LUT  | URAM|
+-----------------+---------+-----+--------+-------+-----+
|DSP              |        -|    -|       -|      -|    -|
|Expression       |        -|    -|       0|    537|    -|
|FIFO             |        -|    -|       -|      -|    -|
|Instance         |        -|    -|       0|   3108|    -|
|Memory           |        -|    -|       -|      -|    -|
|Multiplexer      |        -|    -|       0|     36|    -|
|Register         |        -|    -|     462|     32|    -|
+-----------------+---------+-----+--------+-------+-----+
|Total            |        0|    0|     462|   3713|    0|
+-----------------+---------+-----+--------+-------+-----+
|Available        |      280|  220|  106400|  53200|    0|
+-----------------+---------+-----+--------+-------+-----+
|Utilization (%)  |        0|    0|      ~0|      6|    0|
+-----------------+---------+-----+--------+-------+-----+

+ Detail: 
    * Instance: 
    +------------------------------+-----------------------+---------+----+---+----+-----+
    |           Instance           |         Module        | BRAM_18K| DSP| FF| LUT| URAM|
    +------------------------------+-----------------------+---------+----+---+----+-----+
    |sparsemux_17_3_32_1_1_U14582  |sparsemux_17_3_32_1_1  |        0|   0|  0|  42|    0|
    |sparsemux_17_3_32_1_1_U14583  |sparsemux_17_3_32_1_1  |        0|   0|  0|  42|    0|
    |sparsemux_17_3_32_1_1_U14584  |sparsemux_17_3_32_1_1  |        0|   0|  0|  42|    0|
    |sparsemux_17_3_32_1_1_U14585  |sparsemux_17_3_32_1_1  |        0|   0|  0|  42|    0|
    |sparsemux_17_3_32_1_1_U14586  |sparsemux_17_3_32_1_1  |        0|   0|  0|  42|    0|
    |sparsemux_17_3_32_1_1_U14587  |sparsemux_17_3_32_1_1  |        0|   0|  0|  42|    0|
    |sparsemux_17_3_32_1_1_U14588  |sparsemux_17_3_32_1_1  |        0|   0|  0|  42|    0|
    |sparsemux_17_3_32_1_1_U14589  |sparsemux_17_3_32_1_1  |        0|   0|  0|  42|    0|
    |sparsemux_17_3_32_1_1_U14590  |sparsemux_17_3_32_1_1  |        0|   0|  0|  42|    0|
    |sparsemux_17_3_32_1_1_U14591  |sparsemux_17_3_32_1_1  |        0|   0|  0|  42|    0|
    |sparsemux_17_3_32_1_1_U14592  |sparsemux_17_3_32_1_1  |        0|   0|  0|  42|    0|
    |sparsemux_17_3_32_1_1_U14593  |sparsemux_17_3_32_1_1  |        0|   0|  0|  42|    0|
    |sparsemux_17_3_32_1_1_U14594  |sparsemux_17_3_32_1_1  |        0|   0|  0|  42|    0|
    |sparsemux_17_3_32_1_1_U14595  |sparsemux_17_3_32_1_1  |        0|   0|  0|  42|    0|
    |sparsemux_17_3_32_1_1_U14596  |sparsemux_17_3_32_1_1  |        0|   0|  0|  42|    0|
    |sparsemux_17_3_32_1_1_U14597  |sparsemux_17_3_32_1_1  |        0|   0|  0|  42|    0|
    |sparsemux_17_3_32_1_1_U14598  |sparsemux_17_3_32_1_1  |        0|   0|  0|  42|    0|
    |sparsemux_17_3_32_1_1_U14599  |sparsemux_17_3_32_1_1  |        0|   0|  0|  42|    0|
    |sparsemux_17_3_32_1_1_U14600  |sparsemux_17_3_32_1_1  |        0|   0|  0|  42|    0|
    |sparsemux_17_3_32_1_1_U14601  |sparsemux_17_3_32_1_1  |        0|   0|  0|  42|    0|
    |sparsemux_17_3_32_1_1_U14602  |sparsemux_17_3_32_1_1  |        0|   0|  0|  42|    0|
    |sparsemux_17_3_32_1_1_U14603  |sparsemux_17_3_32_1_1  |        0|   0|  0|  42|    0|
    |sparsemux_17_3_32_1_1_U14604  |sparsemux_17_3_32_1_1  |        0|   0|  0|  42|    0|
    |sparsemux_17_3_32_1_1_U14605  |sparsemux_17_3_32_1_1  |        0|   0|  0|  42|    0|
    |sparsemux_17_3_32_1_1_U14606  |sparsemux_17_3_32_1_1  |        0|   0|  0|  42|    0|
    |sparsemux_17_3_32_1_1_U14607  |sparsemux_17_3_32_1_1  |        0|   0|  0|  42|    0|
    |sparsemux_17_3_32_1_1_U14608  |sparsemux_17_3_32_1_1  |        0|   0|  0|  42|    0|
    |sparsemux_17_3_32_1_1_U14609  |sparsemux_17_3_32_1_1  |        0|   0|  0|  42|    0|
    |sparsemux_17_3_32_1_1_U14610  |sparsemux_17_3_32_1_1  |        0|   0|  0|  42|    0|
    |sparsemux_17_3_32_1_1_U14611  |sparsemux_17_3_32_1_1  |        0|   0|  0|  42|    0|
    |sparsemux_17_3_32_1_1_U14612  |sparsemux_17_3_32_1_1  |        0|   0|  0|  42|    0|
    |sparsemux_17_3_32_1_1_U14613  |sparsemux_17_3_32_1_1  |        0|   0|  0|  42|    0|
    |sparsemux_17_3_32_1_1_U14614  |sparsemux_17_3_32_1_1  |        0|   0|  0|  42|    0|
    |sparsemux_17_3_32_1_1_U14615  |sparsemux_17_3_32_1_1  |        0|   0|  0|  42|    0|
    |sparsemux_17_3_32_1_1_U14616  |sparsemux_17_3_32_1_1  |        0|   0|  0|  42|    0|
    |sparsemux_17_3_32_1_1_U14617  |sparsemux_17_3_32_1_1  |        0|   0|  0|  42|    0|
    |sparsemux_17_3_32_1_1_U14618  |sparsemux_17_3_32_1_1  |        0|   0|  0|  42|    0|
    |sparsemux_17_3_32_1_1_U14619  |sparsemux_17_3_32_1_1  |        0|   0|  0|  42|    0|
    |sparsemux_17_3_32_1_1_U14620  |sparsemux_17_3_32_1_1  |        0|   0|  0|  42|    0|
    |sparsemux_17_3_32_1_1_U14621  |sparsemux_17_3_32_1_1  |        0|   0|  0|  42|    0|
    |sparsemux_17_3_32_1_1_U14622  |sparsemux_17_3_32_1_1  |        0|   0|  0|  42|    0|
    |sparsemux_17_3_32_1_1_U14623  |sparsemux_17_3_32_1_1  |        0|   0|  0|  42|    0|
    |sparsemux_17_3_32_1_1_U14624  |sparsemux_17_3_32_1_1  |        0|   0|  0|  42|    0|
    |sparsemux_17_3_32_1_1_U14625  |sparsemux_17_3_32_1_1  |        0|   0|  0|  42|    0|
    |sparsemux_17_3_32_1_1_U14626  |sparsemux_17_3_32_1_1  |        0|   0|  0|  42|    0|
    |sparsemux_17_3_32_1_1_U14627  |sparsemux_17_3_32_1_1  |        0|   0|  0|  42|    0|
    |sparsemux_17_3_32_1_1_U14628  |sparsemux_17_3_32_1_1  |        0|   0|  0|  42|    0|
    |sparsemux_17_3_32_1_1_U14629  |sparsemux_17_3_32_1_1  |        0|   0|  0|  42|    0|
    |sparsemux_17_3_32_1_1_U14630  |sparsemux_17_3_32_1_1  |        0|   0|  0|  42|    0|
    |sparsemux_17_3_32_1_1_U14631  |sparsemux_17_3_32_1_1  |        0|   0|  0|  42|    0|
    |sparsemux_17_3_32_1_1_U14632  |sparsemux_17_3_32_1_1  |        0|   0|  0|  42|    0|
    |sparsemux_17_3_32_1_1_U14633  |sparsemux_17_3_32_1_1  |        0|   0|  0|  42|    0|
    |sparsemux_17_3_32_1_1_U14634  |sparsemux_17_3_32_1_1  |        0|   0|  0|  42|    0|
    |sparsemux_17_3_32_1_1_U14635  |sparsemux_17_3_32_1_1  |        0|   0|  0|  42|    0|
    |sparsemux_17_3_32_1_1_U14636  |sparsemux_17_3_32_1_1  |        0|   0|  0|  42|    0|
    |sparsemux_17_3_32_1_1_U14637  |sparsemux_17_3_32_1_1  |        0|   0|  0|  42|    0|
    |sparsemux_17_3_32_1_1_U14638  |sparsemux_17_3_32_1_1  |        0|   0|  0|  42|    0|
    |sparsemux_17_3_32_1_1_U14639  |sparsemux_17_3_32_1_1  |        0|   0|  0|  42|    0|
    |sparsemux_17_3_32_1_1_U14640  |sparsemux_17_3_32_1_1  |        0|   0|  0|  42|    0|
    |sparsemux_17_3_32_1_1_U14641  |sparsemux_17_3_32_1_1  |        0|   0|  0|  42|    0|
    |sparsemux_17_3_32_1_1_U14642  |sparsemux_17_3_32_1_1  |        0|   0|  0|  42|    0|
    |sparsemux_17_3_32_1_1_U14643  |sparsemux_17_3_32_1_1  |        0|   0|  0|  42|    0|
    |sparsemux_17_3_32_1_1_U14644  |sparsemux_17_3_32_1_1  |        0|   0|  0|  42|    0|
    |sparsemux_17_3_32_1_1_U14645  |sparsemux_17_3_32_1_1  |        0|   0|  0|  42|    0|
    |sparsemux_17_3_32_1_1_U14646  |sparsemux_17_3_32_1_1  |        0|   0|  0|  42|    0|
    |sparsemux_17_3_32_1_1_U14647  |sparsemux_17_3_32_1_1  |        0|   0|  0|  42|    0|
    |sparsemux_17_3_32_1_1_U14648  |sparsemux_17_3_32_1_1  |        0|   0|  0|  42|    0|
    |sparsemux_17_3_32_1_1_U14649  |sparsemux_17_3_32_1_1  |        0|   0|  0|  42|    0|
    |sparsemux_17_3_32_1_1_U14650  |sparsemux_17_3_32_1_1  |        0|   0|  0|  42|    0|
    |sparsemux_17_3_32_1_1_U14651  |sparsemux_17_3_32_1_1  |        0|   0|  0|  42|    0|
    |sparsemux_17_3_32_1_1_U14652  |sparsemux_17_3_32_1_1  |        0|   0|  0|  42|    0|
    |sparsemux_17_3_32_1_1_U14653  |sparsemux_17_3_32_1_1  |        0|   0|  0|  42|    0|
    |sparsemux_17_3_32_1_1_U14654  |sparsemux_17_3_32_1_1  |        0|   0|  0|  42|    0|
    |sparsemux_17_3_32_1_1_U14655  |sparsemux_17_3_32_1_1  |        0|   0|  0|  42|    0|
    +------------------------------+-----------------------+---------+----+---+----+-----+
    |Total                         |                       |        0|   0|  0|3108|    0|
    +------------------------------+-----------------------+---------+----+---+----+-----+

    * DSP: 
    N/A

    * Memory: 
    N/A

    * FIFO: 
    N/A

    * Expression: 
    +-------------------------+----------+----+---+-----+------------+------------+
    |      Variable Name      | Operation| DSP| FF| LUT | Bitwidth P0| Bitwidth P1|
    +-------------------------+----------+----+---+-----+------------+------------+
    |acc_fu_7355_p2           |         +|   0|  0|   39|          32|          32|
    |idx_4_fu_4309_p2         |         +|   0|  0|   13|          10|           1|
    |ashr_ln27_fu_7360_p2     |      ashr|   0|  0|  100|          32|          32|
    |icmp_ln158_fu_4303_p2    |      icmp|   0|  0|   12|          10|          11|
    |icmp_ln163_1_fu_4363_p2  |      icmp|   0|  0|   39|          32|          32|
    |icmp_ln163_2_fu_4375_p2  |      icmp|   0|  0|   39|          32|          32|
    |icmp_ln163_fu_4351_p2    |      icmp|   0|  0|   39|          32|          32|
    |icmp_ln28_fu_7385_p2     |      icmp|   0|  0|   32|          25|           1|
    |icmp_ln29_fu_7397_p2     |      icmp|   0|  0|   39|          32|           9|
    |or_ln163_1_fu_4393_p2    |        or|   0|  0|    2|           1|           1|
    |or_ln163_fu_4387_p2      |        or|   0|  0|    2|           1|           1|
    |out_base                 |    select|   0|  0|    9|           1|           9|
    |select_ln27_fu_7368_p3   |    select|   0|  0|   32|           1|          32|
    |select_ln28_fu_7390_p3   |    select|   0|  0|   32|           1|           7|
    |shl_ln27_fu_7364_p2      |       shl|   0|  0|  100|          32|          32|
    |ap_enable_pp0            |       xor|   0|  0|    2|           1|           2|
    |xor_ln163_1_fu_4369_p2   |       xor|   0|  0|    2|           1|           2|
    |xor_ln163_2_fu_4381_p2   |       xor|   0|  0|    2|           1|           2|
    |xor_ln163_fu_4357_p2     |       xor|   0|  0|    2|           1|           2|
    +-------------------------+----------+----+---+-----+------------+------------+
    |Total                    |          |   0|  0|  537|         278|         272|
    +-------------------------+----------+----+---+-----+------------+------------+

    * Multiplexer: 
    +-------------------------+----+-----------+-----+-----------+
    |           Name          | LUT| Input Size| Bits| Total Bits|
    +-------------------------+----+-----------+-----+-----------+
    |ap_done_int              |   9|          2|    1|          2|
    |ap_enable_reg_pp0_iter1  |   9|          2|    1|          2|
    |ap_sig_allocacmp_idx_3   |   9|          2|   10|         20|
    |idx_fu_1128              |   9|          2|   10|         20|
    +-------------------------+----+-----------+-----+-----------+
    |Total                    |  36|          8|   22|         44|
    +-------------------------+----+-----------+-----+-----------+

    * Register: 
    +----------------------------------+----+----+-----+-----------+
    |               Name               | FF | LUT| Bits| Const Bits|
    +----------------------------------+----+----+-----+-----------+
    |acc_reg_7496                      |  32|   0|   32|          0|
    |ap_CS_fsm                         |   1|   0|    1|          0|
    |ap_done_reg                       |   1|   0|    1|          0|
    |ap_enable_reg_pp0_iter1           |   1|   0|    1|          0|
    |ap_enable_reg_pp0_iter2           |   1|   0|    1|          0|
    |ap_enable_reg_pp0_iter3           |   1|   0|    1|          0|
    |ap_loop_exit_ready_pp0_iter1_reg  |   1|   0|    1|          0|
    |ap_loop_exit_ready_pp0_iter2_reg  |   1|   0|    1|          0|
    |dd_reg_7442                       |   3|   0|    3|          0|
    |idx_fu_1128                       |  10|   0|   10|          0|
    |or_ln163_1_reg_7447               |   1|   0|    1|          0|
    |select_ln27_reg_7502              |  32|   0|   32|          0|
    |tmp_104_reg_7466                  |  32|   0|   32|          0|
    |tmp_113_reg_7471                  |  32|   0|   32|          0|
    |tmp_122_reg_7476                  |  32|   0|   32|          0|
    |tmp_131_reg_7481                  |  32|   0|   32|          0|
    |tmp_140_reg_7486                  |  32|   0|   32|          0|
    |tmp_142_reg_7491                  |  32|   0|   32|          0|
    |tmp_144_reg_7507                  |  25|   0|   25|          0|
    |tmp_77_reg_7451                   |  32|   0|   32|          0|
    |tmp_86_reg_7456                   |  32|   0|   32|          0|
    |tmp_95_reg_7461                   |  32|   0|   32|          0|
    |or_ln163_1_reg_7447               |  64|  32|    1|          0|
    +----------------------------------+----+----+-----+-----------+
    |Total                             | 462|  32|  399|          0|
    +----------------------------------+----+----+-----+-----------+



================================================================
== Interface
================================================================
* Summary: 
+-------------------+-----+-----+------------+------------------------------+--------------+
|     RTL Ports     | Dir | Bits|  Protocol  |         Source Object        |    C Type    |
+-------------------+-----+-----+------------+------------------------------+--------------+
|ap_clk             |   in|    1|  ap_ctrl_hs|  run_dwconv_Pipeline_WRITEOUT|  return value|
|ap_rst             |   in|    1|  ap_ctrl_hs|  run_dwconv_Pipeline_WRITEOUT|  return value|
|ap_start           |   in|    1|  ap_ctrl_hs|  run_dwconv_Pipeline_WRITEOUT|  return value|
|ap_done            |  out|    1|  ap_ctrl_hs|  run_dwconv_Pipeline_WRITEOUT|  return value|
|ap_idle            |  out|    1|  ap_ctrl_hs|  run_dwconv_Pipeline_WRITEOUT|  return value|
|ap_ready           |  out|    1|  ap_ctrl_hs|  run_dwconv_Pipeline_WRITEOUT|  return value|
|c_sz               |   in|   32|     ap_none|                          c_sz|        scalar|
|r_sz               |   in|   32|     ap_none|                          r_sz|        scalar|
|col_sz             |   in|   32|     ap_none|                        col_sz|        scalar|
|acc_4_reload       |   in|   32|     ap_none|                  acc_4_reload|        scalar|
|acc_513_4_reload   |   in|   32|     ap_none|              acc_513_4_reload|        scalar|
|acc_514_4_reload   |   in|   32|     ap_none|              acc_514_4_reload|        scalar|
|acc_515_4_reload   |   in|   32|     ap_none|              acc_515_4_reload|        scalar|
|acc_516_4_reload   |   in|   32|     ap_none|              acc_516_4_reload|        scalar|
|acc_517_4_reload   |   in|   32|     ap_none|              acc_517_4_reload|        scalar|
|acc_518_4_reload   |   in|   32|     ap_none|              acc_518_4_reload|        scalar|
|acc_519_4_reload   |   in|   32|     ap_none|              acc_519_4_reload|        scalar|
|acc_520_4_reload   |   in|   32|     ap_none|              acc_520_4_reload|        scalar|
|acc_521_4_reload   |   in|   32|     ap_none|              acc_521_4_reload|        scalar|
|acc_522_4_reload   |   in|   32|     ap_none|              acc_522_4_reload|        scalar|
|acc_523_4_reload   |   in|   32|     ap_none|              acc_523_4_reload|        scalar|
|acc_524_4_reload   |   in|   32|     ap_none|              acc_524_4_reload|        scalar|
|acc_525_4_reload   |   in|   32|     ap_none|              acc_525_4_reload|        scalar|
|acc_526_4_reload   |   in|   32|     ap_none|              acc_526_4_reload|        scalar|
|acc_527_4_reload   |   in|   32|     ap_none|              acc_527_4_reload|        scalar|
|acc_528_4_reload   |   in|   32|     ap_none|              acc_528_4_reload|        scalar|
|acc_529_4_reload   |   in|   32|     ap_none|              acc_529_4_reload|        scalar|
|acc_530_4_reload   |   in|   32|     ap_none|              acc_530_4_reload|        scalar|
|acc_531_4_reload   |   in|   32|     ap_none|              acc_531_4_reload|        scalar|
|acc_532_4_reload   |   in|   32|     ap_none|              acc_532_4_reload|        scalar|
|acc_533_4_reload   |   in|   32|     ap_none|              acc_533_4_reload|        scalar|
|acc_534_4_reload   |   in|   32|     ap_none|              acc_534_4_reload|        scalar|
|acc_535_4_reload   |   in|   32|     ap_none|              acc_535_4_reload|        scalar|
|acc_536_4_reload   |   in|   32|     ap_none|              acc_536_4_reload|        scalar|
|acc_537_4_reload   |   in|   32|     ap_none|              acc_537_4_reload|        scalar|
|acc_538_4_reload   |   in|   32|     ap_none|              acc_538_4_reload|        scalar|
|acc_539_4_reload   |   in|   32|     ap_none|              acc_539_4_reload|        scalar|
|acc_540_4_reload   |   in|   32|     ap_none|              acc_540_4_reload|        scalar|
|acc_541_4_reload   |   in|   32|     ap_none|              acc_541_4_reload|        scalar|
|acc_542_4_reload   |   in|   32|     ap_none|              acc_542_4_reload|        scalar|
|acc_543_4_reload   |   in|   32|     ap_none|              acc_543_4_reload|        scalar|
|acc_544_4_reload   |   in|   32|     ap_none|              acc_544_4_reload|        scalar|
|acc_545_4_reload   |   in|   32|     ap_none|              acc_545_4_reload|        scalar|
|acc_546_4_reload   |   in|   32|     ap_none|              acc_546_4_reload|        scalar|
|acc_547_4_reload   |   in|   32|     ap_none|              acc_547_4_reload|        scalar|
|acc_548_4_reload   |   in|   32|     ap_none|              acc_548_4_reload|        scalar|
|acc_549_4_reload   |   in|   32|     ap_none|              acc_549_4_reload|        scalar|
|acc_550_4_reload   |   in|   32|     ap_none|              acc_550_4_reload|        scalar|
|acc_551_4_reload   |   in|   32|     ap_none|              acc_551_4_reload|        scalar|
|acc_552_4_reload   |   in|   32|     ap_none|              acc_552_4_reload|        scalar|
|acc_553_4_reload   |   in|   32|     ap_none|              acc_553_4_reload|        scalar|
|acc_554_4_reload   |   in|   32|     ap_none|              acc_554_4_reload|        scalar|
|acc_555_4_reload   |   in|   32|     ap_none|              acc_555_4_reload|        scalar|
|acc_556_4_reload   |   in|   32|     ap_none|              acc_556_4_reload|        scalar|
|acc_557_4_reload   |   in|   32|     ap_none|              acc_557_4_reload|        scalar|
|acc_558_4_reload   |   in|   32|     ap_none|              acc_558_4_reload|        scalar|
|acc_559_4_reload   |   in|   32|     ap_none|              acc_559_4_reload|        scalar|
|acc_560_4_reload   |   in|   32|     ap_none|              acc_560_4_reload|        scalar|
|acc_561_4_reload   |   in|   32|     ap_none|              acc_561_4_reload|        scalar|
|acc_562_4_reload   |   in|   32|     ap_none|              acc_562_4_reload|        scalar|
|acc_563_4_reload   |   in|   32|     ap_none|              acc_563_4_reload|        scalar|
|acc_564_4_reload   |   in|   32|     ap_none|              acc_564_4_reload|        scalar|
|acc_565_4_reload   |   in|   32|     ap_none|              acc_565_4_reload|        scalar|
|acc_566_4_reload   |   in|   32|     ap_none|              acc_566_4_reload|        scalar|
|acc_567_4_reload   |   in|   32|     ap_none|              acc_567_4_reload|        scalar|
|acc_568_4_reload   |   in|   32|     ap_none|              acc_568_4_reload|        scalar|
|acc_569_4_reload   |   in|   32|     ap_none|              acc_569_4_reload|        scalar|
|acc_570_4_reload   |   in|   32|     ap_none|              acc_570_4_reload|        scalar|
|acc_571_4_reload   |   in|   32|     ap_none|              acc_571_4_reload|        scalar|
|acc_572_4_reload   |   in|   32|     ap_none|              acc_572_4_reload|        scalar|
|acc_573_4_reload   |   in|   32|     ap_none|              acc_573_4_reload|        scalar|
|acc_574_4_reload   |   in|   32|     ap_none|              acc_574_4_reload|        scalar|
|acc_575_4_reload   |   in|   32|     ap_none|              acc_575_4_reload|        scalar|
|acc_576_4_reload   |   in|   32|     ap_none|              acc_576_4_reload|        scalar|
|acc_577_4_reload   |   in|   32|     ap_none|              acc_577_4_reload|        scalar|
|acc_578_4_reload   |   in|   32|     ap_none|              acc_578_4_reload|        scalar|
|acc_579_4_reload   |   in|   32|     ap_none|              acc_579_4_reload|        scalar|
|acc_580_4_reload   |   in|   32|     ap_none|              acc_580_4_reload|        scalar|
|acc_581_4_reload   |   in|   32|     ap_none|              acc_581_4_reload|        scalar|
|acc_582_4_reload   |   in|   32|     ap_none|              acc_582_4_reload|        scalar|
|acc_583_4_reload   |   in|   32|     ap_none|              acc_583_4_reload|        scalar|
|acc_584_4_reload   |   in|   32|     ap_none|              acc_584_4_reload|        scalar|
|acc_585_4_reload   |   in|   32|     ap_none|              acc_585_4_reload|        scalar|
|acc_586_4_reload   |   in|   32|     ap_none|              acc_586_4_reload|        scalar|
|acc_587_4_reload   |   in|   32|     ap_none|              acc_587_4_reload|        scalar|
|acc_588_4_reload   |   in|   32|     ap_none|              acc_588_4_reload|        scalar|
|acc_589_4_reload   |   in|   32|     ap_none|              acc_589_4_reload|        scalar|
|acc_590_4_reload   |   in|   32|     ap_none|              acc_590_4_reload|        scalar|
|acc_591_4_reload   |   in|   32|     ap_none|              acc_591_4_reload|        scalar|
|acc_592_4_reload   |   in|   32|     ap_none|              acc_592_4_reload|        scalar|
|acc_593_4_reload   |   in|   32|     ap_none|              acc_593_4_reload|        scalar|
|acc_594_4_reload   |   in|   32|     ap_none|              acc_594_4_reload|        scalar|
|acc_595_4_reload   |   in|   32|     ap_none|              acc_595_4_reload|        scalar|
|acc_596_4_reload   |   in|   32|     ap_none|              acc_596_4_reload|        scalar|
|acc_597_4_reload   |   in|   32|     ap_none|              acc_597_4_reload|        scalar|
|acc_598_4_reload   |   in|   32|     ap_none|              acc_598_4_reload|        scalar|
|acc_599_4_reload   |   in|   32|     ap_none|              acc_599_4_reload|        scalar|
|acc_600_4_reload   |   in|   32|     ap_none|              acc_600_4_reload|        scalar|
|acc_601_4_reload   |   in|   32|     ap_none|              acc_601_4_reload|        scalar|
|acc_602_4_reload   |   in|   32|     ap_none|              acc_602_4_reload|        scalar|
|acc_603_4_reload   |   in|   32|     ap_none|              acc_603_4_reload|        scalar|
|acc_604_4_reload   |   in|   32|     ap_none|              acc_604_4_reload|        scalar|
|acc_605_4_reload   |   in|   32|     ap_none|              acc_605_4_reload|        scalar|
|acc_606_4_reload   |   in|   32|     ap_none|              acc_606_4_reload|        scalar|
|acc_607_4_reload   |   in|   32|     ap_none|              acc_607_4_reload|        scalar|
|acc_608_4_reload   |   in|   32|     ap_none|              acc_608_4_reload|        scalar|
|acc_609_4_reload   |   in|   32|     ap_none|              acc_609_4_reload|        scalar|
|acc_610_4_reload   |   in|   32|     ap_none|              acc_610_4_reload|        scalar|
|acc_611_4_reload   |   in|   32|     ap_none|              acc_611_4_reload|        scalar|
|acc_612_4_reload   |   in|   32|     ap_none|              acc_612_4_reload|        scalar|
|acc_613_4_reload   |   in|   32|     ap_none|              acc_613_4_reload|        scalar|
|acc_614_4_reload   |   in|   32|     ap_none|              acc_614_4_reload|        scalar|
|acc_615_4_reload   |   in|   32|     ap_none|              acc_615_4_reload|        scalar|
|acc_616_4_reload   |   in|   32|     ap_none|              acc_616_4_reload|        scalar|
|acc_617_4_reload   |   in|   32|     ap_none|              acc_617_4_reload|        scalar|
|acc_618_4_reload   |   in|   32|     ap_none|              acc_618_4_reload|        scalar|
|acc_619_4_reload   |   in|   32|     ap_none|              acc_619_4_reload|        scalar|
|acc_620_4_reload   |   in|   32|     ap_none|              acc_620_4_reload|        scalar|
|acc_621_4_reload   |   in|   32|     ap_none|              acc_621_4_reload|        scalar|
|acc_622_4_reload   |   in|   32|     ap_none|              acc_622_4_reload|        scalar|
|acc_623_4_reload   |   in|   32|     ap_none|              acc_623_4_reload|        scalar|
|acc_624_4_reload   |   in|   32|     ap_none|              acc_624_4_reload|        scalar|
|acc_625_4_reload   |   in|   32|     ap_none|              acc_625_4_reload|        scalar|
|acc_626_4_reload   |   in|   32|     ap_none|              acc_626_4_reload|        scalar|
|acc_627_4_reload   |   in|   32|     ap_none|              acc_627_4_reload|        scalar|
|acc_628_4_reload   |   in|   32|     ap_none|              acc_628_4_reload|        scalar|
|acc_629_4_reload   |   in|   32|     ap_none|              acc_629_4_reload|        scalar|
|acc_630_4_reload   |   in|   32|     ap_none|              acc_630_4_reload|        scalar|
|acc_631_4_reload   |   in|   32|     ap_none|              acc_631_4_reload|        scalar|
|acc_632_4_reload   |   in|   32|     ap_none|              acc_632_4_reload|        scalar|
|acc_633_4_reload   |   in|   32|     ap_none|              acc_633_4_reload|        scalar|
|acc_634_4_reload   |   in|   32|     ap_none|              acc_634_4_reload|        scalar|
|acc_635_4_reload   |   in|   32|     ap_none|              acc_635_4_reload|        scalar|
|acc_636_4_reload   |   in|   32|     ap_none|              acc_636_4_reload|        scalar|
|acc_637_4_reload   |   in|   32|     ap_none|              acc_637_4_reload|        scalar|
|acc_638_4_reload   |   in|   32|     ap_none|              acc_638_4_reload|        scalar|
|acc_639_4_reload   |   in|   32|     ap_none|              acc_639_4_reload|        scalar|
|acc_640_4_reload   |   in|   32|     ap_none|              acc_640_4_reload|        scalar|
|acc_641_4_reload   |   in|   32|     ap_none|              acc_641_4_reload|        scalar|
|acc_642_4_reload   |   in|   32|     ap_none|              acc_642_4_reload|        scalar|
|acc_643_4_reload   |   in|   32|     ap_none|              acc_643_4_reload|        scalar|
|acc_644_4_reload   |   in|   32|     ap_none|              acc_644_4_reload|        scalar|
|acc_645_4_reload   |   in|   32|     ap_none|              acc_645_4_reload|        scalar|
|acc_646_4_reload   |   in|   32|     ap_none|              acc_646_4_reload|        scalar|
|acc_647_4_reload   |   in|   32|     ap_none|              acc_647_4_reload|        scalar|
|acc_648_4_reload   |   in|   32|     ap_none|              acc_648_4_reload|        scalar|
|acc_649_4_reload   |   in|   32|     ap_none|              acc_649_4_reload|        scalar|
|acc_650_4_reload   |   in|   32|     ap_none|              acc_650_4_reload|        scalar|
|acc_651_4_reload   |   in|   32|     ap_none|              acc_651_4_reload|        scalar|
|acc_652_4_reload   |   in|   32|     ap_none|              acc_652_4_reload|        scalar|
|acc_653_4_reload   |   in|   32|     ap_none|              acc_653_4_reload|        scalar|
|acc_654_4_reload   |   in|   32|     ap_none|              acc_654_4_reload|        scalar|
|acc_655_4_reload   |   in|   32|     ap_none|              acc_655_4_reload|        scalar|
|acc_656_4_reload   |   in|   32|     ap_none|              acc_656_4_reload|        scalar|
|acc_657_4_reload   |   in|   32|     ap_none|              acc_657_4_reload|        scalar|
|acc_658_4_reload   |   in|   32|     ap_none|              acc_658_4_reload|        scalar|
|acc_659_4_reload   |   in|   32|     ap_none|              acc_659_4_reload|        scalar|
|acc_660_4_reload   |   in|   32|     ap_none|              acc_660_4_reload|        scalar|
|acc_661_4_reload   |   in|   32|     ap_none|              acc_661_4_reload|        scalar|
|acc_662_4_reload   |   in|   32|     ap_none|              acc_662_4_reload|        scalar|
|acc_663_4_reload   |   in|   32|     ap_none|              acc_663_4_reload|        scalar|
|acc_664_4_reload   |   in|   32|     ap_none|              acc_664_4_reload|        scalar|
|acc_665_4_reload   |   in|   32|     ap_none|              acc_665_4_reload|        scalar|
|acc_666_4_reload   |   in|   32|     ap_none|              acc_666_4_reload|        scalar|
|acc_667_4_reload   |   in|   32|     ap_none|              acc_667_4_reload|        scalar|
|acc_668_4_reload   |   in|   32|     ap_none|              acc_668_4_reload|        scalar|
|acc_669_4_reload   |   in|   32|     ap_none|              acc_669_4_reload|        scalar|
|acc_670_4_reload   |   in|   32|     ap_none|              acc_670_4_reload|        scalar|
|acc_671_4_reload   |   in|   32|     ap_none|              acc_671_4_reload|        scalar|
|acc_672_4_reload   |   in|   32|     ap_none|              acc_672_4_reload|        scalar|
|acc_673_4_reload   |   in|   32|     ap_none|              acc_673_4_reload|        scalar|
|acc_674_4_reload   |   in|   32|     ap_none|              acc_674_4_reload|        scalar|
|acc_675_4_reload   |   in|   32|     ap_none|              acc_675_4_reload|        scalar|
|acc_676_4_reload   |   in|   32|     ap_none|              acc_676_4_reload|        scalar|
|acc_677_4_reload   |   in|   32|     ap_none|              acc_677_4_reload|        scalar|
|acc_678_4_reload   |   in|   32|     ap_none|              acc_678_4_reload|        scalar|
|acc_679_4_reload   |   in|   32|     ap_none|              acc_679_4_reload|        scalar|
|acc_680_4_reload   |   in|   32|     ap_none|              acc_680_4_reload|        scalar|
|acc_681_4_reload   |   in|   32|     ap_none|              acc_681_4_reload|        scalar|
|acc_682_4_reload   |   in|   32|     ap_none|              acc_682_4_reload|        scalar|
|acc_683_4_reload   |   in|   32|     ap_none|              acc_683_4_reload|        scalar|
|acc_684_4_reload   |   in|   32|     ap_none|              acc_684_4_reload|        scalar|
|acc_685_4_reload   |   in|   32|     ap_none|              acc_685_4_reload|        scalar|
|acc_686_4_reload   |   in|   32|     ap_none|              acc_686_4_reload|        scalar|
|acc_687_4_reload   |   in|   32|     ap_none|              acc_687_4_reload|        scalar|
|acc_688_4_reload   |   in|   32|     ap_none|              acc_688_4_reload|        scalar|
|acc_689_4_reload   |   in|   32|     ap_none|              acc_689_4_reload|        scalar|
|acc_690_4_reload   |   in|   32|     ap_none|              acc_690_4_reload|        scalar|
|acc_691_4_reload   |   in|   32|     ap_none|              acc_691_4_reload|        scalar|
|acc_692_4_reload   |   in|   32|     ap_none|              acc_692_4_reload|        scalar|
|acc_693_4_reload   |   in|   32|     ap_none|              acc_693_4_reload|        scalar|
|acc_694_4_reload   |   in|   32|     ap_none|              acc_694_4_reload|        scalar|
|acc_695_4_reload   |   in|   32|     ap_none|              acc_695_4_reload|        scalar|
|acc_696_4_reload   |   in|   32|     ap_none|              acc_696_4_reload|        scalar|
|acc_697_4_reload   |   in|   32|     ap_none|              acc_697_4_reload|        scalar|
|acc_698_4_reload   |   in|   32|     ap_none|              acc_698_4_reload|        scalar|
|acc_699_4_reload   |   in|   32|     ap_none|              acc_699_4_reload|        scalar|
|acc_700_4_reload   |   in|   32|     ap_none|              acc_700_4_reload|        scalar|
|acc_701_4_reload   |   in|   32|     ap_none|              acc_701_4_reload|        scalar|
|acc_702_4_reload   |   in|   32|     ap_none|              acc_702_4_reload|        scalar|
|acc_703_4_reload   |   in|   32|     ap_none|              acc_703_4_reload|        scalar|
|acc_704_4_reload   |   in|   32|     ap_none|              acc_704_4_reload|        scalar|
|acc_705_4_reload   |   in|   32|     ap_none|              acc_705_4_reload|        scalar|
|acc_706_4_reload   |   in|   32|     ap_none|              acc_706_4_reload|        scalar|
|acc_707_4_reload   |   in|   32|     ap_none|              acc_707_4_reload|        scalar|
|acc_708_4_reload   |   in|   32|     ap_none|              acc_708_4_reload|        scalar|
|acc_709_4_reload   |   in|   32|     ap_none|              acc_709_4_reload|        scalar|
|acc_710_4_reload   |   in|   32|     ap_none|              acc_710_4_reload|        scalar|
|acc_711_4_reload   |   in|   32|     ap_none|              acc_711_4_reload|        scalar|
|acc_712_4_reload   |   in|   32|     ap_none|              acc_712_4_reload|        scalar|
|acc_713_4_reload   |   in|   32|     ap_none|              acc_713_4_reload|        scalar|
|acc_714_4_reload   |   in|   32|     ap_none|              acc_714_4_reload|        scalar|
|acc_715_4_reload   |   in|   32|     ap_none|              acc_715_4_reload|        scalar|
|acc_716_4_reload   |   in|   32|     ap_none|              acc_716_4_reload|        scalar|
|acc_717_4_reload   |   in|   32|     ap_none|              acc_717_4_reload|        scalar|
|acc_718_4_reload   |   in|   32|     ap_none|              acc_718_4_reload|        scalar|
|acc_719_4_reload   |   in|   32|     ap_none|              acc_719_4_reload|        scalar|
|acc_720_4_reload   |   in|   32|     ap_none|              acc_720_4_reload|        scalar|
|acc_721_4_reload   |   in|   32|     ap_none|              acc_721_4_reload|        scalar|
|acc_722_4_reload   |   in|   32|     ap_none|              acc_722_4_reload|        scalar|
|acc_723_4_reload   |   in|   32|     ap_none|              acc_723_4_reload|        scalar|
|acc_724_4_reload   |   in|   32|     ap_none|              acc_724_4_reload|        scalar|
|acc_725_4_reload   |   in|   32|     ap_none|              acc_725_4_reload|        scalar|
|acc_726_4_reload   |   in|   32|     ap_none|              acc_726_4_reload|        scalar|
|acc_727_4_reload   |   in|   32|     ap_none|              acc_727_4_reload|        scalar|
|acc_728_4_reload   |   in|   32|     ap_none|              acc_728_4_reload|        scalar|
|acc_729_4_reload   |   in|   32|     ap_none|              acc_729_4_reload|        scalar|
|acc_730_4_reload   |   in|   32|     ap_none|              acc_730_4_reload|        scalar|
|acc_731_4_reload   |   in|   32|     ap_none|              acc_731_4_reload|        scalar|
|acc_732_4_reload   |   in|   32|     ap_none|              acc_732_4_reload|        scalar|
|acc_733_4_reload   |   in|   32|     ap_none|              acc_733_4_reload|        scalar|
|acc_734_4_reload   |   in|   32|     ap_none|              acc_734_4_reload|        scalar|
|acc_735_4_reload   |   in|   32|     ap_none|              acc_735_4_reload|        scalar|
|acc_736_4_reload   |   in|   32|     ap_none|              acc_736_4_reload|        scalar|
|acc_737_4_reload   |   in|   32|     ap_none|              acc_737_4_reload|        scalar|
|acc_738_4_reload   |   in|   32|     ap_none|              acc_738_4_reload|        scalar|
|acc_739_4_reload   |   in|   32|     ap_none|              acc_739_4_reload|        scalar|
|acc_740_4_reload   |   in|   32|     ap_none|              acc_740_4_reload|        scalar|
|acc_741_4_reload   |   in|   32|     ap_none|              acc_741_4_reload|        scalar|
|acc_742_4_reload   |   in|   32|     ap_none|              acc_742_4_reload|        scalar|
|acc_743_4_reload   |   in|   32|     ap_none|              acc_743_4_reload|        scalar|
|acc_744_4_reload   |   in|   32|     ap_none|              acc_744_4_reload|        scalar|
|acc_745_4_reload   |   in|   32|     ap_none|              acc_745_4_reload|        scalar|
|acc_746_4_reload   |   in|   32|     ap_none|              acc_746_4_reload|        scalar|
|acc_747_4_reload   |   in|   32|     ap_none|              acc_747_4_reload|        scalar|
|acc_748_4_reload   |   in|   32|     ap_none|              acc_748_4_reload|        scalar|
|acc_749_4_reload   |   in|   32|     ap_none|              acc_749_4_reload|        scalar|
|acc_750_4_reload   |   in|   32|     ap_none|              acc_750_4_reload|        scalar|
|acc_751_4_reload   |   in|   32|     ap_none|              acc_751_4_reload|        scalar|
|acc_752_4_reload   |   in|   32|     ap_none|              acc_752_4_reload|        scalar|
|acc_753_4_reload   |   in|   32|     ap_none|              acc_753_4_reload|        scalar|
|acc_754_4_reload   |   in|   32|     ap_none|              acc_754_4_reload|        scalar|
|acc_755_4_reload   |   in|   32|     ap_none|              acc_755_4_reload|        scalar|
|acc_756_4_reload   |   in|   32|     ap_none|              acc_756_4_reload|        scalar|
|acc_757_4_reload   |   in|   32|     ap_none|              acc_757_4_reload|        scalar|
|acc_758_4_reload   |   in|   32|     ap_none|              acc_758_4_reload|        scalar|
|acc_759_4_reload   |   in|   32|     ap_none|              acc_759_4_reload|        scalar|
|acc_760_4_reload   |   in|   32|     ap_none|              acc_760_4_reload|        scalar|
|acc_761_4_reload   |   in|   32|     ap_none|              acc_761_4_reload|        scalar|
|acc_762_4_reload   |   in|   32|     ap_none|              acc_762_4_reload|        scalar|
|acc_763_4_reload   |   in|   32|     ap_none|              acc_763_4_reload|        scalar|
|acc_764_4_reload   |   in|   32|     ap_none|              acc_764_4_reload|        scalar|
|acc_765_4_reload   |   in|   32|     ap_none|              acc_765_4_reload|        scalar|
|acc_766_4_reload   |   in|   32|     ap_none|              acc_766_4_reload|        scalar|
|acc_767_4_reload   |   in|   32|     ap_none|              acc_767_4_reload|        scalar|
|acc_768_4_reload   |   in|   32|     ap_none|              acc_768_4_reload|        scalar|
|acc_769_4_reload   |   in|   32|     ap_none|              acc_769_4_reload|        scalar|
|acc_770_4_reload   |   in|   32|     ap_none|              acc_770_4_reload|        scalar|
|acc_771_4_reload   |   in|   32|     ap_none|              acc_771_4_reload|        scalar|
|acc_772_4_reload   |   in|   32|     ap_none|              acc_772_4_reload|        scalar|
|acc_773_4_reload   |   in|   32|     ap_none|              acc_773_4_reload|        scalar|
|acc_774_4_reload   |   in|   32|     ap_none|              acc_774_4_reload|        scalar|
|acc_775_4_reload   |   in|   32|     ap_none|              acc_775_4_reload|        scalar|
|acc_776_4_reload   |   in|   32|     ap_none|              acc_776_4_reload|        scalar|
|acc_777_4_reload   |   in|   32|     ap_none|              acc_777_4_reload|        scalar|
|acc_778_4_reload   |   in|   32|     ap_none|              acc_778_4_reload|        scalar|
|acc_779_4_reload   |   in|   32|     ap_none|              acc_779_4_reload|        scalar|
|acc_780_4_reload   |   in|   32|     ap_none|              acc_780_4_reload|        scalar|
|acc_781_4_reload   |   in|   32|     ap_none|              acc_781_4_reload|        scalar|
|acc_782_4_reload   |   in|   32|     ap_none|              acc_782_4_reload|        scalar|
|acc_783_4_reload   |   in|   32|     ap_none|              acc_783_4_reload|        scalar|
|acc_784_4_reload   |   in|   32|     ap_none|              acc_784_4_reload|        scalar|
|acc_785_4_reload   |   in|   32|     ap_none|              acc_785_4_reload|        scalar|
|acc_786_4_reload   |   in|   32|     ap_none|              acc_786_4_reload|        scalar|
|acc_787_4_reload   |   in|   32|     ap_none|              acc_787_4_reload|        scalar|
|acc_788_4_reload   |   in|   32|     ap_none|              acc_788_4_reload|        scalar|
|acc_789_4_reload   |   in|   32|     ap_none|              acc_789_4_reload|        scalar|
|acc_790_4_reload   |   in|   32|     ap_none|              acc_790_4_reload|        scalar|
|acc_791_4_reload   |   in|   32|     ap_none|              acc_791_4_reload|        scalar|
|acc_792_4_reload   |   in|   32|     ap_none|              acc_792_4_reload|        scalar|
|acc_793_4_reload   |   in|   32|     ap_none|              acc_793_4_reload|        scalar|
|acc_794_4_reload   |   in|   32|     ap_none|              acc_794_4_reload|        scalar|
|acc_795_4_reload   |   in|   32|     ap_none|              acc_795_4_reload|        scalar|
|acc_796_4_reload   |   in|   32|     ap_none|              acc_796_4_reload|        scalar|
|acc_797_4_reload   |   in|   32|     ap_none|              acc_797_4_reload|        scalar|
|acc_798_4_reload   |   in|   32|     ap_none|              acc_798_4_reload|        scalar|
|acc_799_4_reload   |   in|   32|     ap_none|              acc_799_4_reload|        scalar|
|acc_800_4_reload   |   in|   32|     ap_none|              acc_800_4_reload|        scalar|
|acc_801_4_reload   |   in|   32|     ap_none|              acc_801_4_reload|        scalar|
|acc_802_4_reload   |   in|   32|     ap_none|              acc_802_4_reload|        scalar|
|acc_803_4_reload   |   in|   32|     ap_none|              acc_803_4_reload|        scalar|
|acc_804_4_reload   |   in|   32|     ap_none|              acc_804_4_reload|        scalar|
|acc_805_4_reload   |   in|   32|     ap_none|              acc_805_4_reload|        scalar|
|acc_806_4_reload   |   in|   32|     ap_none|              acc_806_4_reload|        scalar|
|acc_807_4_reload   |   in|   32|     ap_none|              acc_807_4_reload|        scalar|
|acc_808_4_reload   |   in|   32|     ap_none|              acc_808_4_reload|        scalar|
|acc_809_4_reload   |   in|   32|     ap_none|              acc_809_4_reload|        scalar|
|acc_810_4_reload   |   in|   32|     ap_none|              acc_810_4_reload|        scalar|
|acc_811_4_reload   |   in|   32|     ap_none|              acc_811_4_reload|        scalar|
|acc_812_4_reload   |   in|   32|     ap_none|              acc_812_4_reload|        scalar|
|acc_813_4_reload   |   in|   32|     ap_none|              acc_813_4_reload|        scalar|
|acc_814_4_reload   |   in|   32|     ap_none|              acc_814_4_reload|        scalar|
|acc_815_4_reload   |   in|   32|     ap_none|              acc_815_4_reload|        scalar|
|acc_816_4_reload   |   in|   32|     ap_none|              acc_816_4_reload|        scalar|
|acc_817_4_reload   |   in|   32|     ap_none|              acc_817_4_reload|        scalar|
|acc_818_4_reload   |   in|   32|     ap_none|              acc_818_4_reload|        scalar|
|acc_819_4_reload   |   in|   32|     ap_none|              acc_819_4_reload|        scalar|
|acc_820_4_reload   |   in|   32|     ap_none|              acc_820_4_reload|        scalar|
|acc_821_4_reload   |   in|   32|     ap_none|              acc_821_4_reload|        scalar|
|acc_822_4_reload   |   in|   32|     ap_none|              acc_822_4_reload|        scalar|
|acc_823_4_reload   |   in|   32|     ap_none|              acc_823_4_reload|        scalar|
|acc_824_4_reload   |   in|   32|     ap_none|              acc_824_4_reload|        scalar|
|acc_825_4_reload   |   in|   32|     ap_none|              acc_825_4_reload|        scalar|
|acc_826_4_reload   |   in|   32|     ap_none|              acc_826_4_reload|        scalar|
|acc_827_4_reload   |   in|   32|     ap_none|              acc_827_4_reload|        scalar|
|acc_828_4_reload   |   in|   32|     ap_none|              acc_828_4_reload|        scalar|
|acc_829_4_reload   |   in|   32|     ap_none|              acc_829_4_reload|        scalar|
|acc_830_4_reload   |   in|   32|     ap_none|              acc_830_4_reload|        scalar|
|acc_831_4_reload   |   in|   32|     ap_none|              acc_831_4_reload|        scalar|
|acc_832_4_reload   |   in|   32|     ap_none|              acc_832_4_reload|        scalar|
|acc_833_4_reload   |   in|   32|     ap_none|              acc_833_4_reload|        scalar|
|acc_834_4_reload   |   in|   32|     ap_none|              acc_834_4_reload|        scalar|
|acc_835_4_reload   |   in|   32|     ap_none|              acc_835_4_reload|        scalar|
|acc_836_4_reload   |   in|   32|     ap_none|              acc_836_4_reload|        scalar|
|acc_837_4_reload   |   in|   32|     ap_none|              acc_837_4_reload|        scalar|
|acc_838_4_reload   |   in|   32|     ap_none|              acc_838_4_reload|        scalar|
|acc_839_4_reload   |   in|   32|     ap_none|              acc_839_4_reload|        scalar|
|acc_840_4_reload   |   in|   32|     ap_none|              acc_840_4_reload|        scalar|
|acc_841_4_reload   |   in|   32|     ap_none|              acc_841_4_reload|        scalar|
|acc_842_4_reload   |   in|   32|     ap_none|              acc_842_4_reload|        scalar|
|acc_843_4_reload   |   in|   32|     ap_none|              acc_843_4_reload|        scalar|
|acc_844_4_reload   |   in|   32|     ap_none|              acc_844_4_reload|        scalar|
|acc_845_4_reload   |   in|   32|     ap_none|              acc_845_4_reload|        scalar|
|acc_846_4_reload   |   in|   32|     ap_none|              acc_846_4_reload|        scalar|
|acc_847_4_reload   |   in|   32|     ap_none|              acc_847_4_reload|        scalar|
|acc_848_4_reload   |   in|   32|     ap_none|              acc_848_4_reload|        scalar|
|acc_849_4_reload   |   in|   32|     ap_none|              acc_849_4_reload|        scalar|
|acc_850_4_reload   |   in|   32|     ap_none|              acc_850_4_reload|        scalar|
|acc_851_4_reload   |   in|   32|     ap_none|              acc_851_4_reload|        scalar|
|acc_852_4_reload   |   in|   32|     ap_none|              acc_852_4_reload|        scalar|
|acc_853_4_reload   |   in|   32|     ap_none|              acc_853_4_reload|        scalar|
|acc_854_4_reload   |   in|   32|     ap_none|              acc_854_4_reload|        scalar|
|acc_855_4_reload   |   in|   32|     ap_none|              acc_855_4_reload|        scalar|
|acc_856_4_reload   |   in|   32|     ap_none|              acc_856_4_reload|        scalar|
|acc_857_4_reload   |   in|   32|     ap_none|              acc_857_4_reload|        scalar|
|acc_858_4_reload   |   in|   32|     ap_none|              acc_858_4_reload|        scalar|
|acc_859_4_reload   |   in|   32|     ap_none|              acc_859_4_reload|        scalar|
|acc_860_4_reload   |   in|   32|     ap_none|              acc_860_4_reload|        scalar|
|acc_861_4_reload   |   in|   32|     ap_none|              acc_861_4_reload|        scalar|
|acc_862_4_reload   |   in|   32|     ap_none|              acc_862_4_reload|        scalar|
|acc_863_4_reload   |   in|   32|     ap_none|              acc_863_4_reload|        scalar|
|acc_864_4_reload   |   in|   32|     ap_none|              acc_864_4_reload|        scalar|
|acc_865_4_reload   |   in|   32|     ap_none|              acc_865_4_reload|        scalar|
|acc_866_4_reload   |   in|   32|     ap_none|              acc_866_4_reload|        scalar|
|acc_867_4_reload   |   in|   32|     ap_none|              acc_867_4_reload|        scalar|
|acc_868_4_reload   |   in|   32|     ap_none|              acc_868_4_reload|        scalar|
|acc_869_4_reload   |   in|   32|     ap_none|              acc_869_4_reload|        scalar|
|acc_870_4_reload   |   in|   32|     ap_none|              acc_870_4_reload|        scalar|
|acc_871_4_reload   |   in|   32|     ap_none|              acc_871_4_reload|        scalar|
|acc_872_4_reload   |   in|   32|     ap_none|              acc_872_4_reload|        scalar|
|acc_873_4_reload   |   in|   32|     ap_none|              acc_873_4_reload|        scalar|
|acc_874_4_reload   |   in|   32|     ap_none|              acc_874_4_reload|        scalar|
|acc_875_4_reload   |   in|   32|     ap_none|              acc_875_4_reload|        scalar|
|acc_876_4_reload   |   in|   32|     ap_none|              acc_876_4_reload|        scalar|
|acc_877_4_reload   |   in|   32|     ap_none|              acc_877_4_reload|        scalar|
|acc_878_4_reload   |   in|   32|     ap_none|              acc_878_4_reload|        scalar|
|acc_879_4_reload   |   in|   32|     ap_none|              acc_879_4_reload|        scalar|
|acc_880_4_reload   |   in|   32|     ap_none|              acc_880_4_reload|        scalar|
|acc_881_4_reload   |   in|   32|     ap_none|              acc_881_4_reload|        scalar|
|acc_882_4_reload   |   in|   32|     ap_none|              acc_882_4_reload|        scalar|
|acc_883_4_reload   |   in|   32|     ap_none|              acc_883_4_reload|        scalar|
|acc_884_4_reload   |   in|   32|     ap_none|              acc_884_4_reload|        scalar|
|acc_885_4_reload   |   in|   32|     ap_none|              acc_885_4_reload|        scalar|
|acc_886_4_reload   |   in|   32|     ap_none|              acc_886_4_reload|        scalar|
|acc_887_4_reload   |   in|   32|     ap_none|              acc_887_4_reload|        scalar|
|acc_888_4_reload   |   in|   32|     ap_none|              acc_888_4_reload|        scalar|
|acc_889_4_reload   |   in|   32|     ap_none|              acc_889_4_reload|        scalar|
|acc_890_4_reload   |   in|   32|     ap_none|              acc_890_4_reload|        scalar|
|acc_891_4_reload   |   in|   32|     ap_none|              acc_891_4_reload|        scalar|
|acc_892_4_reload   |   in|   32|     ap_none|              acc_892_4_reload|        scalar|
|acc_893_4_reload   |   in|   32|     ap_none|              acc_893_4_reload|        scalar|
|acc_894_4_reload   |   in|   32|     ap_none|              acc_894_4_reload|        scalar|
|acc_895_4_reload   |   in|   32|     ap_none|              acc_895_4_reload|        scalar|
|acc_896_4_reload   |   in|   32|     ap_none|              acc_896_4_reload|        scalar|
|acc_897_4_reload   |   in|   32|     ap_none|              acc_897_4_reload|        scalar|
|acc_898_4_reload   |   in|   32|     ap_none|              acc_898_4_reload|        scalar|
|acc_899_4_reload   |   in|   32|     ap_none|              acc_899_4_reload|        scalar|
|acc_900_4_reload   |   in|   32|     ap_none|              acc_900_4_reload|        scalar|
|acc_901_4_reload   |   in|   32|     ap_none|              acc_901_4_reload|        scalar|
|acc_902_4_reload   |   in|   32|     ap_none|              acc_902_4_reload|        scalar|
|acc_903_4_reload   |   in|   32|     ap_none|              acc_903_4_reload|        scalar|
|acc_904_4_reload   |   in|   32|     ap_none|              acc_904_4_reload|        scalar|
|acc_905_4_reload   |   in|   32|     ap_none|              acc_905_4_reload|        scalar|
|acc_906_4_reload   |   in|   32|     ap_none|              acc_906_4_reload|        scalar|
|acc_907_4_reload   |   in|   32|     ap_none|              acc_907_4_reload|        scalar|
|acc_908_4_reload   |   in|   32|     ap_none|              acc_908_4_reload|        scalar|
|acc_909_4_reload   |   in|   32|     ap_none|              acc_909_4_reload|        scalar|
|acc_910_4_reload   |   in|   32|     ap_none|              acc_910_4_reload|        scalar|
|acc_911_4_reload   |   in|   32|     ap_none|              acc_911_4_reload|        scalar|
|acc_912_4_reload   |   in|   32|     ap_none|              acc_912_4_reload|        scalar|
|acc_913_4_reload   |   in|   32|     ap_none|              acc_913_4_reload|        scalar|
|acc_914_4_reload   |   in|   32|     ap_none|              acc_914_4_reload|        scalar|
|acc_915_4_reload   |   in|   32|     ap_none|              acc_915_4_reload|        scalar|
|acc_916_4_reload   |   in|   32|     ap_none|              acc_916_4_reload|        scalar|
|acc_917_4_reload   |   in|   32|     ap_none|              acc_917_4_reload|        scalar|
|acc_918_4_reload   |   in|   32|     ap_none|              acc_918_4_reload|        scalar|
|acc_919_4_reload   |   in|   32|     ap_none|              acc_919_4_reload|        scalar|
|acc_920_4_reload   |   in|   32|     ap_none|              acc_920_4_reload|        scalar|
|acc_921_4_reload   |   in|   32|     ap_none|              acc_921_4_reload|        scalar|
|acc_922_4_reload   |   in|   32|     ap_none|              acc_922_4_reload|        scalar|
|acc_923_4_reload   |   in|   32|     ap_none|              acc_923_4_reload|        scalar|
|acc_924_4_reload   |   in|   32|     ap_none|              acc_924_4_reload|        scalar|
|acc_925_4_reload   |   in|   32|     ap_none|              acc_925_4_reload|        scalar|
|acc_926_4_reload   |   in|   32|     ap_none|              acc_926_4_reload|        scalar|
|acc_927_4_reload   |   in|   32|     ap_none|              acc_927_4_reload|        scalar|
|acc_928_4_reload   |   in|   32|     ap_none|              acc_928_4_reload|        scalar|
|acc_929_4_reload   |   in|   32|     ap_none|              acc_929_4_reload|        scalar|
|acc_930_4_reload   |   in|   32|     ap_none|              acc_930_4_reload|        scalar|
|acc_931_4_reload   |   in|   32|     ap_none|              acc_931_4_reload|        scalar|
|acc_932_4_reload   |   in|   32|     ap_none|              acc_932_4_reload|        scalar|
|acc_933_4_reload   |   in|   32|     ap_none|              acc_933_4_reload|        scalar|
|acc_934_4_reload   |   in|   32|     ap_none|              acc_934_4_reload|        scalar|
|acc_935_4_reload   |   in|   32|     ap_none|              acc_935_4_reload|        scalar|
|acc_936_4_reload   |   in|   32|     ap_none|              acc_936_4_reload|        scalar|
|acc_937_4_reload   |   in|   32|     ap_none|              acc_937_4_reload|        scalar|
|acc_938_4_reload   |   in|   32|     ap_none|              acc_938_4_reload|        scalar|
|acc_939_4_reload   |   in|   32|     ap_none|              acc_939_4_reload|        scalar|
|acc_940_4_reload   |   in|   32|     ap_none|              acc_940_4_reload|        scalar|
|acc_941_4_reload   |   in|   32|     ap_none|              acc_941_4_reload|        scalar|
|acc_942_4_reload   |   in|   32|     ap_none|              acc_942_4_reload|        scalar|
|acc_943_4_reload   |   in|   32|     ap_none|              acc_943_4_reload|        scalar|
|acc_944_4_reload   |   in|   32|     ap_none|              acc_944_4_reload|        scalar|
|acc_945_4_reload   |   in|   32|     ap_none|              acc_945_4_reload|        scalar|
|acc_946_4_reload   |   in|   32|     ap_none|              acc_946_4_reload|        scalar|
|acc_947_4_reload   |   in|   32|     ap_none|              acc_947_4_reload|        scalar|
|acc_948_4_reload   |   in|   32|     ap_none|              acc_948_4_reload|        scalar|
|acc_949_4_reload   |   in|   32|     ap_none|              acc_949_4_reload|        scalar|
|acc_950_4_reload   |   in|   32|     ap_none|              acc_950_4_reload|        scalar|
|acc_951_4_reload   |   in|   32|     ap_none|              acc_951_4_reload|        scalar|
|acc_952_4_reload   |   in|   32|     ap_none|              acc_952_4_reload|        scalar|
|acc_953_4_reload   |   in|   32|     ap_none|              acc_953_4_reload|        scalar|
|acc_954_4_reload   |   in|   32|     ap_none|              acc_954_4_reload|        scalar|
|acc_955_4_reload   |   in|   32|     ap_none|              acc_955_4_reload|        scalar|
|acc_956_4_reload   |   in|   32|     ap_none|              acc_956_4_reload|        scalar|
|acc_957_4_reload   |   in|   32|     ap_none|              acc_957_4_reload|        scalar|
|acc_958_4_reload   |   in|   32|     ap_none|              acc_958_4_reload|        scalar|
|acc_959_4_reload   |   in|   32|     ap_none|              acc_959_4_reload|        scalar|
|acc_960_4_reload   |   in|   32|     ap_none|              acc_960_4_reload|        scalar|
|acc_961_4_reload   |   in|   32|     ap_none|              acc_961_4_reload|        scalar|
|acc_962_4_reload   |   in|   32|     ap_none|              acc_962_4_reload|        scalar|
|acc_963_4_reload   |   in|   32|     ap_none|              acc_963_4_reload|        scalar|
|acc_964_4_reload   |   in|   32|     ap_none|              acc_964_4_reload|        scalar|
|acc_965_4_reload   |   in|   32|     ap_none|              acc_965_4_reload|        scalar|
|acc_966_4_reload   |   in|   32|     ap_none|              acc_966_4_reload|        scalar|
|acc_967_4_reload   |   in|   32|     ap_none|              acc_967_4_reload|        scalar|
|acc_968_4_reload   |   in|   32|     ap_none|              acc_968_4_reload|        scalar|
|acc_969_4_reload   |   in|   32|     ap_none|              acc_969_4_reload|        scalar|
|acc_970_4_reload   |   in|   32|     ap_none|              acc_970_4_reload|        scalar|
|acc_971_4_reload   |   in|   32|     ap_none|              acc_971_4_reload|        scalar|
|acc_972_4_reload   |   in|   32|     ap_none|              acc_972_4_reload|        scalar|
|acc_973_4_reload   |   in|   32|     ap_none|              acc_973_4_reload|        scalar|
|acc_974_4_reload   |   in|   32|     ap_none|              acc_974_4_reload|        scalar|
|acc_975_4_reload   |   in|   32|     ap_none|              acc_975_4_reload|        scalar|
|acc_976_4_reload   |   in|   32|     ap_none|              acc_976_4_reload|        scalar|
|acc_977_4_reload   |   in|   32|     ap_none|              acc_977_4_reload|        scalar|
|acc_978_4_reload   |   in|   32|     ap_none|              acc_978_4_reload|        scalar|
|acc_979_4_reload   |   in|   32|     ap_none|              acc_979_4_reload|        scalar|
|acc_980_4_reload   |   in|   32|     ap_none|              acc_980_4_reload|        scalar|
|acc_981_4_reload   |   in|   32|     ap_none|              acc_981_4_reload|        scalar|
|acc_982_4_reload   |   in|   32|     ap_none|              acc_982_4_reload|        scalar|
|acc_983_4_reload   |   in|   32|     ap_none|              acc_983_4_reload|        scalar|
|acc_984_4_reload   |   in|   32|     ap_none|              acc_984_4_reload|        scalar|
|acc_985_4_reload   |   in|   32|     ap_none|              acc_985_4_reload|        scalar|
|acc_986_4_reload   |   in|   32|     ap_none|              acc_986_4_reload|        scalar|
|acc_987_4_reload   |   in|   32|     ap_none|              acc_987_4_reload|        scalar|
|acc_988_4_reload   |   in|   32|     ap_none|              acc_988_4_reload|        scalar|
|acc_989_4_reload   |   in|   32|     ap_none|              acc_989_4_reload|        scalar|
|acc_990_4_reload   |   in|   32|     ap_none|              acc_990_4_reload|        scalar|
|acc_991_4_reload   |   in|   32|     ap_none|              acc_991_4_reload|        scalar|
|acc_992_4_reload   |   in|   32|     ap_none|              acc_992_4_reload|        scalar|
|acc_993_4_reload   |   in|   32|     ap_none|              acc_993_4_reload|        scalar|
|acc_994_4_reload   |   in|   32|     ap_none|              acc_994_4_reload|        scalar|
|acc_995_4_reload   |   in|   32|     ap_none|              acc_995_4_reload|        scalar|
|acc_996_4_reload   |   in|   32|     ap_none|              acc_996_4_reload|        scalar|
|acc_997_4_reload   |   in|   32|     ap_none|              acc_997_4_reload|        scalar|
|acc_998_4_reload   |   in|   32|     ap_none|              acc_998_4_reload|        scalar|
|acc_999_4_reload   |   in|   32|     ap_none|              acc_999_4_reload|        scalar|
|acc_1000_4_reload  |   in|   32|     ap_none|             acc_1000_4_reload|        scalar|
|acc_1001_4_reload  |   in|   32|     ap_none|             acc_1001_4_reload|        scalar|
|acc_1002_4_reload  |   in|   32|     ap_none|             acc_1002_4_reload|        scalar|
|acc_1003_4_reload  |   in|   32|     ap_none|             acc_1003_4_reload|        scalar|
|acc_1004_4_reload  |   in|   32|     ap_none|             acc_1004_4_reload|        scalar|
|acc_1005_4_reload  |   in|   32|     ap_none|             acc_1005_4_reload|        scalar|
|acc_1006_4_reload  |   in|   32|     ap_none|             acc_1006_4_reload|        scalar|
|acc_1007_4_reload  |   in|   32|     ap_none|             acc_1007_4_reload|        scalar|
|acc_1008_4_reload  |   in|   32|     ap_none|             acc_1008_4_reload|        scalar|
|acc_1009_4_reload  |   in|   32|     ap_none|             acc_1009_4_reload|        scalar|
|acc_1010_4_reload  |   in|   32|     ap_none|             acc_1010_4_reload|        scalar|
|acc_1011_4_reload  |   in|   32|     ap_none|             acc_1011_4_reload|        scalar|
|acc_1012_4_reload  |   in|   32|     ap_none|             acc_1012_4_reload|        scalar|
|acc_1013_4_reload  |   in|   32|     ap_none|             acc_1013_4_reload|        scalar|
|acc_1014_4_reload  |   in|   32|     ap_none|             acc_1014_4_reload|        scalar|
|acc_1015_4_reload  |   in|   32|     ap_none|             acc_1015_4_reload|        scalar|
|acc_1016_4_reload  |   in|   32|     ap_none|             acc_1016_4_reload|        scalar|
|acc_1017_4_reload  |   in|   32|     ap_none|             acc_1017_4_reload|        scalar|
|acc_1018_4_reload  |   in|   32|     ap_none|             acc_1018_4_reload|        scalar|
|acc_1019_4_reload  |   in|   32|     ap_none|             acc_1019_4_reload|        scalar|
|acc_1020_4_reload  |   in|   32|     ap_none|             acc_1020_4_reload|        scalar|
|acc_1021_4_reload  |   in|   32|     ap_none|             acc_1021_4_reload|        scalar|
|acc_1022_4_reload  |   in|   32|     ap_none|             acc_1022_4_reload|        scalar|
|acc_1023_4_reload  |   in|   32|     ap_none|             acc_1023_4_reload|        scalar|
|btile_reload       |   in|   32|     ap_none|                  btile_reload|        scalar|
|btile_1_reload     |   in|   32|     ap_none|                btile_1_reload|        scalar|
|btile_2_reload     |   in|   32|     ap_none|                btile_2_reload|        scalar|
|btile_3_reload     |   in|   32|     ap_none|                btile_3_reload|        scalar|
|btile_4_reload     |   in|   32|     ap_none|                btile_4_reload|        scalar|
|btile_5_reload     |   in|   32|     ap_none|                btile_5_reload|        scalar|
|btile_6_reload     |   in|   32|     ap_none|                btile_6_reload|        scalar|
|btile_7_reload     |   in|   32|     ap_none|                btile_7_reload|        scalar|
|shift              |   in|   32|     ap_none|                         shift|        scalar|
|sub_i_i            |   in|   32|     ap_none|                       sub_i_i|        scalar|
|empty              |   in|    1|     ap_none|                         empty|        scalar|
|out_base           |  out|    8|      ap_vld|                      out_base|       pointer|
|out_base_ap_vld    |  out|    1|      ap_vld|                      out_base|       pointer|
+-------------------+-----+-----+------------+------------------------------+--------------+

